[2.907s] Invoking command in '/home/babangida/ros_ws/build/onecim': PYTHONPATH=/home/babangida/ros_ws/build/onecim/prefix_override:/home/babangida/ros_ws/install/onecim/lib/python3.8/site-packages:/home/babangida/ros_ws/install/trafficrecord/lib/python3.8/site-packages:/home/babangida/ros_ws/install/dsrcmsg/lib/python3.8/site-packages:/home/babangida/ros_ws/build/onecim:/home/babangida/ros_ws/install/onecim/lib/python3.8/site-packages:/home/babangida/ros_ws/install/cim/lib/python3.8/site-packages:/home/babangida/ros_ws/install/reactivemethods/lib/python3.8/site-packages:/opt/ros/foxy/lib/python3.8/site-packages /usr/bin/python3 setup.py develop --editable --build-directory /home/babangida/ros_ws/build/onecim/build --no-deps install_data
[3.222s] running develop
[3.411s] running egg_info
[3.411s] writing onecim.egg-info/PKG-INFO
[3.412s] writing dependency_links to onecim.egg-info/dependency_links.txt
[3.412s] writing entry points to onecim.egg-info/entry_points.txt
[3.412s] writing requirements to onecim.egg-info/requires.txt
[3.413s] writing top-level names to onecim.egg-info/top_level.txt
[3.456s] reading manifest file 'onecim.egg-info/SOURCES.txt'
[3.457s] writing manifest file 'onecim.egg-info/SOURCES.txt'
[3.503s] running build_ext
[3.503s] Creating /home/babangida/ros_ws/install/onecim/lib/python3.8/site-packages/onecim.egg-link (link to .)
[3.505s] Installing fisonecimtls script to /home/babangida/ros_ws/install/onecim/lib/onecim
[3.505s] Installing onecimew script to /home/babangida/ros_ws/install/onecim/lib/onecim
[3.505s] Installing onecimsn script to /home/babangida/ros_ws/install/onecim/lib/onecim
[3.506s] Installing onecimtls script to /home/babangida/ros_ws/install/onecim/lib/onecim
[3.506s] Installing playde script to /home/babangida/ros_ws/install/onecim/lib/onecim
[3.506s] Installing playpp script to /home/babangida/ros_ws/install/onecim/lib/onecim
[3.506s] Installing simspeed script to /home/babangida/ros_ws/install/onecim/lib/onecim
[3.507s] 
[3.507s] Installed /home/babangida/ros_ws/build/onecim
[3.507s] running install_data
[3.540s] Invoked command in '/home/babangida/ros_ws/build/onecim' returned '0': PYTHONPATH=/home/babangida/ros_ws/build/onecim/prefix_override:/home/babangida/ros_ws/install/onecim/lib/python3.8/site-packages:/home/babangida/ros_ws/install/trafficrecord/lib/python3.8/site-packages:/home/babangida/ros_ws/install/dsrcmsg/lib/python3.8/site-packages:/home/babangida/ros_ws/build/onecim:/home/babangida/ros_ws/install/onecim/lib/python3.8/site-packages:/home/babangida/ros_ws/install/cim/lib/python3.8/site-packages:/home/babangida/ros_ws/install/reactivemethods/lib/python3.8/site-packages:/opt/ros/foxy/lib/python3.8/site-packages /usr/bin/python3 setup.py develop --editable --build-directory /home/babangida/ros_ws/build/onecim/build --no-deps install_data
