-- Found ament_cmake: 0.9.12 (/opt/ros/foxy/share/ament_cmake/cmake)
-- Found PythonInterp: /usr/bin/python3 (found suitable version "3.8.10", minimum required is "3") 
-- Using PYTHON_EXECUTABLE: /usr/bin/python3
-- Override CMake install command with custom implementation using symlinks instead of copying resources
-- Found builtin_interfaces: 1.0.0 (/opt/ros/foxy/share/builtin_interfaces/cmake)
-- Using all available rosidl_typesupport_c: rosidl_typesupport_fastrtps_c;rosidl_typesupport_introspection_c
-- Found rosidl_adapter: 1.3.1 (/opt/ros/foxy/share/rosidl_adapter/cmake)
-- Using all available rosidl_typesupport_cpp: rosidl_typesupport_fastrtps_cpp;rosidl_typesupport_introspection_cpp
-- Found rosidl_default_generators: 1.0.1 (/opt/ros/foxy/share/rosidl_default_generators/cmake)
-- Found PythonInterp: /usr/bin/python3 (found version "3.8.10") 
-- Found ament_cmake_ros: 0.9.2 (/opt/ros/foxy/share/ament_cmake_ros/cmake)
-- Using all available rosidl_typesupport_c: rosidl_typesupport_fastrtps_c;rosidl_typesupport_introspection_c
-- Using all available rosidl_typesupport_cpp: rosidl_typesupport_fastrtps_cpp;rosidl_typesupport_introspection_cpp
-- Found PythonInterp: /usr/bin/python3 (found suitable version "3.8.10", minimum required is "3.5") 
-- Found python_cmake_module: 0.8.1 (/opt/ros/foxy/share/python_cmake_module/cmake)
-- Using PYTHON_EXECUTABLE: /usr/bin/python3
-- Using PYTHON_INCLUDE_DIRS: /usr/include/python3.8
-- Using PYTHON_LIBRARIES: /usr/lib/x86_64-linux-gnu/libpython3.8.so
-- Found ament_lint_auto: 0.9.8 (/opt/ros/foxy/share/ament_lint_auto/cmake)
-- Added test 'copyright' to check source files copyright and LICENSE
-- Added test 'lint_cmake' to check CMake code style
-- Added test 'xmllint' to check XML markup files
-- Configuring done
-- Generating done
-- Build files have been written to: /home/babangida/ros_ws/build/dsrcmsg
[  1%] [34m[1mGenerating C code for ROS interfaces[0m
[  3%] [34m[1mGenerating C++ code for ROS interfaces[0m
[  3%] Built target dsrcmsg__cpp
[  4%] [34m[1mGenerating C++ type support dispatch for ROS interfaces[0m
[  6%] [34m[1mGenerating C++ introspection for ROS interfaces[0m
[  7%] [34m[1mGenerating C++ type support for eProsima Fast-RTPS[0m
[35m[1mScanning dependencies of target dsrcmsg__rosidl_generator_c[0m
[  9%] [32mBuilding C object CMakeFiles/dsrcmsg__rosidl_generator_c.dir/rosidl_generator_c/dsrcmsg/msg/detail/intersection_bsm__functions.c.o[0m
[ 11%] [32mBuilding C object CMakeFiles/dsrcmsg__rosidl_generator_c.dir/rosidl_generator_c/dsrcmsg/msg/detail/one_cim_tls_msg__functions.c.o[0m
[ 12%] [32mBuilding C object CMakeFiles/dsrcmsg__rosidl_generator_c.dir/rosidl_generator_c/dsrcmsg/msg/detail/dsrc_message__functions.c.o[0m
[ 15%] [32mBuilding C object CMakeFiles/dsrcmsg__rosidl_generator_c.dir/rosidl_generator_c/dsrcmsg/msg/detail/traffic_lights_message__functions.c.o[0m
[ 15%] [32mBuilding C object CMakeFiles/dsrcmsg__rosidl_generator_c.dir/rosidl_generator_c/dsrcmsg/msg/detail/one_cim_keypoints__functions.c.o[0m
[35m[1mScanning dependencies of target dsrcmsg__rosidl_typesupport_cpp[0m
[ 17%] [32mBuilding CXX object CMakeFiles/dsrcmsg__rosidl_typesupport_cpp.dir/rosidl_typesupport_cpp/dsrcmsg/msg/dsrc_message__type_support.cpp.o[0m
[35m[1mScanning dependencies of target dsrcmsg__rosidl_typesupport_introspection_cpp[0m
[35m[1mScanning dependencies of target dsrcmsg__rosidl_typesupport_fastrtps_cpp[0m
[ 19%] [32mBuilding CXX object CMakeFiles/dsrcmsg__rosidl_typesupport_fastrtps_cpp.dir/rosidl_typesupport_fastrtps_cpp/dsrcmsg/msg/detail/dds_fastrtps/dsrc_message__type_support.cpp.o[0m
[ 20%] [32mBuilding CXX object CMakeFiles/dsrcmsg__rosidl_typesupport_introspection_cpp.dir/rosidl_typesupport_introspection_cpp/dsrcmsg/msg/detail/dsrc_message__type_support.cpp.o[0m
[ 22%] [32mBuilding CXX object CMakeFiles/dsrcmsg__rosidl_typesupport_introspection_cpp.dir/rosidl_typesupport_introspection_cpp/dsrcmsg/msg/detail/intersection_bsm__type_support.cpp.o[0m
[ 25%] [32mBuilding CXX object CMakeFiles/dsrcmsg__rosidl_typesupport_introspection_cpp.dir/rosidl_typesupport_introspection_cpp/dsrcmsg/msg/detail/traffic_lights_message__type_support.cpp.o[0m
[ 25%] [32mBuilding CXX object CMakeFiles/dsrcmsg__rosidl_typesupport_cpp.dir/rosidl_typesupport_cpp/dsrcmsg/msg/intersection_bsm__type_support.cpp.o[0m
[ 26%] [32mBuilding CXX object CMakeFiles/dsrcmsg__rosidl_typesupport_fastrtps_cpp.dir/rosidl_typesupport_fastrtps_cpp/dsrcmsg/msg/detail/dds_fastrtps/intersection_bsm__type_support.cpp.o[0m
[ 28%] [32m[1mLinking C shared library libdsrcmsg__rosidl_generator_c.so[0m
[ 28%] Built target dsrcmsg__rosidl_generator_c
[ 30%] [32mBuilding CXX object CMakeFiles/dsrcmsg__rosidl_typesupport_fastrtps_cpp.dir/rosidl_typesupport_fastrtps_cpp/dsrcmsg/msg/detail/dds_fastrtps/traffic_lights_message__type_support.cpp.o[0m
[ 31%] [32mBuilding CXX object CMakeFiles/dsrcmsg__rosidl_typesupport_cpp.dir/rosidl_typesupport_cpp/dsrcmsg/msg/traffic_lights_message__type_support.cpp.o[0m
[ 33%] [34m[1mGenerating C introspection for ROS interfaces[0m
[ 34%] [32mBuilding CXX object CMakeFiles/dsrcmsg__rosidl_typesupport_cpp.dir/rosidl_typesupport_cpp/dsrcmsg/msg/one_cim_keypoints__type_support.cpp.o[0m
[ 36%] [32mBuilding CXX object CMakeFiles/dsrcmsg__rosidl_typesupport_cpp.dir/rosidl_typesupport_cpp/dsrcmsg/msg/one_cim_tls_msg__type_support.cpp.o[0m
[ 38%] [32mBuilding CXX object CMakeFiles/dsrcmsg__rosidl_typesupport_introspection_cpp.dir/rosidl_typesupport_introspection_cpp/dsrcmsg/msg/detail/one_cim_keypoints__type_support.cpp.o[0m
[ 39%] [32mBuilding CXX object CMakeFiles/dsrcmsg__rosidl_typesupport_fastrtps_cpp.dir/rosidl_typesupport_fastrtps_cpp/dsrcmsg/msg/detail/dds_fastrtps/one_cim_keypoints__type_support.cpp.o[0m
[ 41%] [32mBuilding CXX object CMakeFiles/dsrcmsg__rosidl_typesupport_fastrtps_cpp.dir/rosidl_typesupport_fastrtps_cpp/dsrcmsg/msg/detail/dds_fastrtps/one_cim_tls_msg__type_support.cpp.o[0m
[ 42%] [32mBuilding CXX object CMakeFiles/dsrcmsg__rosidl_typesupport_introspection_cpp.dir/rosidl_typesupport_introspection_cpp/dsrcmsg/msg/detail/one_cim_tls_msg__type_support.cpp.o[0m
[ 44%] [34m[1mGenerating C type support dispatch for ROS interfaces[0m
[ 46%] [32m[1mLinking CXX shared library libdsrcmsg__rosidl_typesupport_cpp.so[0m
[ 46%] Built target dsrcmsg__rosidl_typesupport_cpp
[ 47%] [32m[1mLinking CXX shared library libdsrcmsg__rosidl_typesupport_fastrtps_cpp.so[0m
[ 49%] [32m[1mLinking CXX shared library libdsrcmsg__rosidl_typesupport_introspection_cpp.so[0m
[35m[1mScanning dependencies of target dsrcmsg__rosidl_typesupport_introspection_c[0m
[ 50%] [32mBuilding C object CMakeFiles/dsrcmsg__rosidl_typesupport_introspection_c.dir/rosidl_typesupport_introspection_c/dsrcmsg/msg/detail/intersection_bsm__type_support.c.o[0m
[ 53%] [32mBuilding C object CMakeFiles/dsrcmsg__rosidl_typesupport_introspection_c.dir/rosidl_typesupport_introspection_c/dsrcmsg/msg/detail/one_cim_tls_msg__type_support.c.o[0m
[ 53%] [32mBuilding C object CMakeFiles/dsrcmsg__rosidl_typesupport_introspection_c.dir/rosidl_typesupport_introspection_c/dsrcmsg/msg/detail/traffic_lights_message__type_support.c.o[0m
[ 55%] [32mBuilding C object CMakeFiles/dsrcmsg__rosidl_typesupport_introspection_c.dir/rosidl_typesupport_introspection_c/dsrcmsg/msg/detail/one_cim_keypoints__type_support.c.o[0m
[ 57%] [32mBuilding C object CMakeFiles/dsrcmsg__rosidl_typesupport_introspection_c.dir/rosidl_typesupport_introspection_c/dsrcmsg/msg/detail/dsrc_message__type_support.c.o[0m
[ 57%] Built target dsrcmsg__rosidl_typesupport_introspection_cpp
[ 58%] [32m[1mLinking C shared library libdsrcmsg__rosidl_typesupport_introspection_c.so[0m
[ 58%] Built target dsrcmsg__rosidl_typesupport_fastrtps_cpp
[35m[1mScanning dependencies of target dsrcmsg__rosidl_typesupport_c[0m
[ 60%] [34m[1mGenerating C type support for eProsima Fast-RTPS[0m
[ 61%] [32mBuilding CXX object CMakeFiles/dsrcmsg__rosidl_typesupport_c.dir/rosidl_typesupport_c/dsrcmsg/msg/traffic_lights_message__type_support.cpp.o[0m
[ 63%] [32mBuilding CXX object CMakeFiles/dsrcmsg__rosidl_typesupport_c.dir/rosidl_typesupport_c/dsrcmsg/msg/dsrc_message__type_support.cpp.o[0m
[ 65%] [32mBuilding CXX object CMakeFiles/dsrcmsg__rosidl_typesupport_c.dir/rosidl_typesupport_c/dsrcmsg/msg/one_cim_keypoints__type_support.cpp.o[0m
[ 66%] [32mBuilding CXX object CMakeFiles/dsrcmsg__rosidl_typesupport_c.dir/rosidl_typesupport_c/dsrcmsg/msg/one_cim_tls_msg__type_support.cpp.o[0m
[ 68%] [32mBuilding CXX object CMakeFiles/dsrcmsg__rosidl_typesupport_c.dir/rosidl_typesupport_c/dsrcmsg/msg/intersection_bsm__type_support.cpp.o[0m
[ 68%] Built target dsrcmsg__rosidl_typesupport_introspection_c
[ 69%] [32m[1mLinking CXX shared library libdsrcmsg__rosidl_typesupport_c.so[0m
[ 69%] Built target dsrcmsg__rosidl_typesupport_c
[35m[1mScanning dependencies of target dsrcmsg__rosidl_typesupport_fastrtps_c[0m
[ 71%] [32mBuilding CXX object CMakeFiles/dsrcmsg__rosidl_typesupport_fastrtps_c.dir/rosidl_typesupport_fastrtps_c/dsrcmsg/msg/detail/intersection_bsm__type_support_c.cpp.o[0m
[ 73%] [32mBuilding CXX object CMakeFiles/dsrcmsg__rosidl_typesupport_fastrtps_c.dir/rosidl_typesupport_fastrtps_c/dsrcmsg/msg/detail/traffic_lights_message__type_support_c.cpp.o[0m
[ 74%] [32mBuilding CXX object CMakeFiles/dsrcmsg__rosidl_typesupport_fastrtps_c.dir/rosidl_typesupport_fastrtps_c/dsrcmsg/msg/detail/dsrc_message__type_support_c.cpp.o[0m
[ 76%] [32mBuilding CXX object CMakeFiles/dsrcmsg__rosidl_typesupport_fastrtps_c.dir/rosidl_typesupport_fastrtps_c/dsrcmsg/msg/detail/one_cim_keypoints__type_support_c.cpp.o[0m
[ 77%] [32mBuilding CXX object CMakeFiles/dsrcmsg__rosidl_typesupport_fastrtps_c.dir/rosidl_typesupport_fastrtps_c/dsrcmsg/msg/detail/one_cim_tls_msg__type_support_c.cpp.o[0m
[ 79%] [32m[1mLinking CXX shared library libdsrcmsg__rosidl_typesupport_fastrtps_c.so[0m
[ 79%] Built target dsrcmsg__rosidl_typesupport_fastrtps_c
[ 79%] Built target dsrcmsg
[ 80%] [34m[1mGenerating Python code for ROS interfaces[0m
[ 80%] Built target dsrcmsg__py
[35m[1mScanning dependencies of target dsrcmsg__python[0m
[ 82%] [32mBuilding C object CMakeFiles/dsrcmsg__python.dir/rosidl_generator_py/dsrcmsg/msg/_dsrc_message_s.c.o[0m
[ 84%] [32mBuilding C object CMakeFiles/dsrcmsg__python.dir/rosidl_generator_py/dsrcmsg/msg/_traffic_lights_message_s.c.o[0m
[ 85%] [32mBuilding C object CMakeFiles/dsrcmsg__python.dir/rosidl_generator_py/dsrcmsg/msg/_intersection_bsm_s.c.o[0m
[ 87%] [32mBuilding C object CMakeFiles/dsrcmsg__python.dir/rosidl_generator_py/dsrcmsg/msg/_one_cim_keypoints_s.c.o[0m
[ 88%] [32mBuilding C object CMakeFiles/dsrcmsg__python.dir/rosidl_generator_py/dsrcmsg/msg/_one_cim_tls_msg_s.c.o[0m
[ 90%] [32m[1mLinking C shared library rosidl_generator_py/dsrcmsg/libdsrcmsg__python.so[0m
[ 90%] Built target dsrcmsg__python
[35m[1mScanning dependencies of target dsrcmsg__rosidl_typesupport_introspection_c__pyext[0m
[35m[1mScanning dependencies of target dsrcmsg__rosidl_typesupport_c__pyext[0m
[35m[1mScanning dependencies of target dsrcmsg__rosidl_typesupport_fastrtps_c__pyext[0m
[ 92%] [32mBuilding C object CMakeFiles/dsrcmsg__rosidl_typesupport_introspection_c__pyext.dir/rosidl_generator_py/dsrcmsg/_dsrcmsg_s.ep.rosidl_typesupport_introspection_c.c.o[0m
[ 93%] [32mBuilding C object CMakeFiles/dsrcmsg__rosidl_typesupport_fastrtps_c__pyext.dir/rosidl_generator_py/dsrcmsg/_dsrcmsg_s.ep.rosidl_typesupport_fastrtps_c.c.o[0m
[ 95%] [32mBuilding C object CMakeFiles/dsrcmsg__rosidl_typesupport_c__pyext.dir/rosidl_generator_py/dsrcmsg/_dsrcmsg_s.ep.rosidl_typesupport_c.c.o[0m
[ 96%] [32m[1mLinking C shared library rosidl_generator_py/dsrcmsg/dsrcmsg_s__rosidl_typesupport_introspection_c.cpython-38-x86_64-linux-gnu.so[0m
[ 98%] [32m[1mLinking CXX shared library rosidl_generator_py/dsrcmsg/dsrcmsg_s__rosidl_typesupport_fastrtps_c.cpython-38-x86_64-linux-gnu.so[0m
[100%] [32m[1mLinking C shared library rosidl_generator_py/dsrcmsg/dsrcmsg_s__rosidl_typesupport_c.cpython-38-x86_64-linux-gnu.so[0m
[100%] Built target dsrcmsg__rosidl_typesupport_introspection_c__pyext
[100%] Built target dsrcmsg__rosidl_typesupport_c__pyext
[100%] Built target dsrcmsg__rosidl_typesupport_fastrtps_c__pyext
-- Install configuration: ""
-- Execute custom install script
-- Up-to-date symlink: /home/babangida/ros_ws/install/dsrcmsg/share/ament_index/resource_index/rosidl_interfaces/dsrcmsg
-- Up-to-date symlink: /home/babangida/ros_ws/install/dsrcmsg/include/dsrcmsg/msg/detail/dsrc_message__functions.h
-- Up-to-date symlink: /home/babangida/ros_ws/install/dsrcmsg/include/dsrcmsg/msg/detail/dsrc_message__struct.h
-- Up-to-date symlink: /home/babangida/ros_ws/install/dsrcmsg/include/dsrcmsg/msg/detail/dsrc_message__type_support.h
-- Up-to-date symlink: /home/babangida/ros_ws/install/dsrcmsg/include/dsrcmsg/msg/detail/intersection_bsm__functions.h
-- Up-to-date symlink: /home/babangida/ros_ws/install/dsrcmsg/include/dsrcmsg/msg/detail/intersection_bsm__struct.h
-- Up-to-date symlink: /home/babangida/ros_ws/install/dsrcmsg/include/dsrcmsg/msg/detail/intersection_bsm__type_support.h
-- Up-to-date symlink: /home/babangida/ros_ws/install/dsrcmsg/include/dsrcmsg/msg/detail/one_cim_keypoints__functions.h
-- Up-to-date symlink: /home/babangida/ros_ws/install/dsrcmsg/include/dsrcmsg/msg/detail/one_cim_keypoints__struct.h
-- Up-to-date symlink: /home/babangida/ros_ws/install/dsrcmsg/include/dsrcmsg/msg/detail/one_cim_keypoints__type_support.h
-- Up-to-date symlink: /home/babangida/ros_ws/install/dsrcmsg/include/dsrcmsg/msg/detail/one_cim_tls_msg__functions.h
-- Up-to-date symlink: /home/babangida/ros_ws/install/dsrcmsg/include/dsrcmsg/msg/detail/one_cim_tls_msg__struct.h
-- Up-to-date symlink: /home/babangida/ros_ws/install/dsrcmsg/include/dsrcmsg/msg/detail/one_cim_tls_msg__type_support.h
-- Up-to-date symlink: /home/babangida/ros_ws/install/dsrcmsg/include/dsrcmsg/msg/detail/traffic_lights_message__functions.h
-- Up-to-date symlink: /home/babangida/ros_ws/install/dsrcmsg/include/dsrcmsg/msg/detail/traffic_lights_message__struct.h
-- Up-to-date symlink: /home/babangida/ros_ws/install/dsrcmsg/include/dsrcmsg/msg/detail/traffic_lights_message__type_support.h
-- Up-to-date symlink: /home/babangida/ros_ws/install/dsrcmsg/include/dsrcmsg/msg/dsrc_message.h
-- Up-to-date symlink: /home/babangida/ros_ws/install/dsrcmsg/include/dsrcmsg/msg/intersection_bsm.h
-- Up-to-date symlink: /home/babangida/ros_ws/install/dsrcmsg/include/dsrcmsg/msg/one_cim_keypoints.h
-- Up-to-date symlink: /home/babangida/ros_ws/install/dsrcmsg/include/dsrcmsg/msg/one_cim_tls_msg.h
-- Up-to-date symlink: /home/babangida/ros_ws/install/dsrcmsg/include/dsrcmsg/msg/rosidl_generator_c__visibility_control.h
-- Up-to-date symlink: /home/babangida/ros_ws/install/dsrcmsg/include/dsrcmsg/msg/traffic_lights_message.h
-- Up-to-date symlink: /home/babangida/ros_ws/install/dsrcmsg/share/dsrcmsg/environment/library_path.sh
-- Up-to-date symlink: /home/babangida/ros_ws/install/dsrcmsg/share/dsrcmsg/environment/library_path.dsv
-- Up-to-date symlink: /home/babangida/ros_ws/install/dsrcmsg/include/dsrcmsg/msg/detail/dsrc_message__rosidl_typesupport_fastrtps_c.h
-- Up-to-date symlink: /home/babangida/ros_ws/install/dsrcmsg/include/dsrcmsg/msg/detail/intersection_bsm__rosidl_typesupport_fastrtps_c.h
-- Up-to-date symlink: /home/babangida/ros_ws/install/dsrcmsg/include/dsrcmsg/msg/detail/one_cim_keypoints__rosidl_typesupport_fastrtps_c.h
-- Up-to-date symlink: /home/babangida/ros_ws/install/dsrcmsg/include/dsrcmsg/msg/detail/one_cim_tls_msg__rosidl_typesupport_fastrtps_c.h
-- Up-to-date symlink: /home/babangida/ros_ws/install/dsrcmsg/include/dsrcmsg/msg/detail/traffic_lights_message__rosidl_typesupport_fastrtps_c.h
-- Up-to-date symlink: /home/babangida/ros_ws/install/dsrcmsg/include/dsrcmsg/msg/rosidl_typesupport_fastrtps_c__visibility_control.h
-- Up-to-date symlink: /home/babangida/ros_ws/install/dsrcmsg/lib/libdsrcmsg__rosidl_typesupport_fastrtps_c.so
-- Up-to-date symlink: /home/babangida/ros_ws/install/dsrcmsg/include/dsrcmsg/msg/detail/dsrc_message__rosidl_typesupport_fastrtps_cpp.hpp
-- Up-to-date symlink: /home/babangida/ros_ws/install/dsrcmsg/include/dsrcmsg/msg/detail/intersection_bsm__rosidl_typesupport_fastrtps_cpp.hpp
-- Up-to-date symlink: /home/babangida/ros_ws/install/dsrcmsg/include/dsrcmsg/msg/detail/one_cim_keypoints__rosidl_typesupport_fastrtps_cpp.hpp
-- Up-to-date symlink: /home/babangida/ros_ws/install/dsrcmsg/include/dsrcmsg/msg/detail/one_cim_tls_msg__rosidl_typesupport_fastrtps_cpp.hpp
-- Up-to-date symlink: /home/babangida/ros_ws/install/dsrcmsg/include/dsrcmsg/msg/detail/traffic_lights_message__rosidl_typesupport_fastrtps_cpp.hpp
-- Up-to-date symlink: /home/babangida/ros_ws/install/dsrcmsg/include/dsrcmsg/msg/rosidl_typesupport_fastrtps_cpp__visibility_control.h
-- Up-to-date symlink: /home/babangida/ros_ws/install/dsrcmsg/lib/libdsrcmsg__rosidl_typesupport_fastrtps_cpp.so
-- Up-to-date symlink: /home/babangida/ros_ws/install/dsrcmsg/include/dsrcmsg/msg/detail/dsrc_message__rosidl_typesupport_introspection_c.h
-- Up-to-date symlink: /home/babangida/ros_ws/install/dsrcmsg/include/dsrcmsg/msg/detail/intersection_bsm__rosidl_typesupport_introspection_c.h
-- Up-to-date symlink: /home/babangida/ros_ws/install/dsrcmsg/include/dsrcmsg/msg/detail/one_cim_keypoints__rosidl_typesupport_introspection_c.h
-- Up-to-date symlink: /home/babangida/ros_ws/install/dsrcmsg/include/dsrcmsg/msg/detail/one_cim_tls_msg__rosidl_typesupport_introspection_c.h
-- Up-to-date symlink: /home/babangida/ros_ws/install/dsrcmsg/include/dsrcmsg/msg/detail/traffic_lights_message__rosidl_typesupport_introspection_c.h
-- Up-to-date symlink: /home/babangida/ros_ws/install/dsrcmsg/include/dsrcmsg/msg/rosidl_typesupport_introspection_c__visibility_control.h
-- Up-to-date symlink: /home/babangida/ros_ws/install/dsrcmsg/include/dsrcmsg/msg/detail/dsrc_message__builder.hpp
-- Up-to-date symlink: /home/babangida/ros_ws/install/dsrcmsg/include/dsrcmsg/msg/detail/dsrc_message__struct.hpp
-- Up-to-date symlink: /home/babangida/ros_ws/install/dsrcmsg/include/dsrcmsg/msg/detail/dsrc_message__traits.hpp
-- Up-to-date symlink: /home/babangida/ros_ws/install/dsrcmsg/include/dsrcmsg/msg/detail/dsrc_message__type_support.hpp
-- Up-to-date symlink: /home/babangida/ros_ws/install/dsrcmsg/include/dsrcmsg/msg/detail/intersection_bsm__builder.hpp
-- Up-to-date symlink: /home/babangida/ros_ws/install/dsrcmsg/include/dsrcmsg/msg/detail/intersection_bsm__struct.hpp
-- Up-to-date symlink: /home/babangida/ros_ws/install/dsrcmsg/include/dsrcmsg/msg/detail/intersection_bsm__traits.hpp
-- Up-to-date symlink: /home/babangida/ros_ws/install/dsrcmsg/include/dsrcmsg/msg/detail/intersection_bsm__type_support.hpp
-- Up-to-date symlink: /home/babangida/ros_ws/install/dsrcmsg/include/dsrcmsg/msg/detail/one_cim_keypoints__builder.hpp
-- Up-to-date symlink: /home/babangida/ros_ws/install/dsrcmsg/include/dsrcmsg/msg/detail/one_cim_keypoints__struct.hpp
-- Up-to-date symlink: /home/babangida/ros_ws/install/dsrcmsg/include/dsrcmsg/msg/detail/one_cim_keypoints__traits.hpp
-- Up-to-date symlink: /home/babangida/ros_ws/install/dsrcmsg/include/dsrcmsg/msg/detail/one_cim_keypoints__type_support.hpp
-- Up-to-date symlink: /home/babangida/ros_ws/install/dsrcmsg/include/dsrcmsg/msg/detail/one_cim_tls_msg__builder.hpp
-- Up-to-date symlink: /home/babangida/ros_ws/install/dsrcmsg/include/dsrcmsg/msg/detail/one_cim_tls_msg__struct.hpp
-- Up-to-date symlink: /home/babangida/ros_ws/install/dsrcmsg/include/dsrcmsg/msg/detail/one_cim_tls_msg__traits.hpp
-- Up-to-date symlink: /home/babangida/ros_ws/install/dsrcmsg/include/dsrcmsg/msg/detail/one_cim_tls_msg__type_support.hpp
-- Up-to-date symlink: /home/babangida/ros_ws/install/dsrcmsg/include/dsrcmsg/msg/detail/traffic_lights_message__builder.hpp
-- Up-to-date symlink: /home/babangida/ros_ws/install/dsrcmsg/include/dsrcmsg/msg/detail/traffic_lights_message__struct.hpp
-- Up-to-date symlink: /home/babangida/ros_ws/install/dsrcmsg/include/dsrcmsg/msg/detail/traffic_lights_message__traits.hpp
-- Up-to-date symlink: /home/babangida/ros_ws/install/dsrcmsg/include/dsrcmsg/msg/detail/traffic_lights_message__type_support.hpp
-- Up-to-date symlink: /home/babangida/ros_ws/install/dsrcmsg/include/dsrcmsg/msg/dsrc_message.hpp
-- Up-to-date symlink: /home/babangida/ros_ws/install/dsrcmsg/include/dsrcmsg/msg/intersection_bsm.hpp
-- Up-to-date symlink: /home/babangida/ros_ws/install/dsrcmsg/include/dsrcmsg/msg/one_cim_keypoints.hpp
-- Up-to-date symlink: /home/babangida/ros_ws/install/dsrcmsg/include/dsrcmsg/msg/one_cim_tls_msg.hpp
-- Up-to-date symlink: /home/babangida/ros_ws/install/dsrcmsg/include/dsrcmsg/msg/rosidl_generator_cpp__visibility_control.hpp
-- Up-to-date symlink: /home/babangida/ros_ws/install/dsrcmsg/include/dsrcmsg/msg/traffic_lights_message.hpp
-- Up-to-date symlink: /home/babangida/ros_ws/install/dsrcmsg/include/dsrcmsg/msg/detail/dsrc_message__rosidl_typesupport_introspection_cpp.hpp
-- Up-to-date symlink: /home/babangida/ros_ws/install/dsrcmsg/include/dsrcmsg/msg/detail/intersection_bsm__rosidl_typesupport_introspection_cpp.hpp
-- Up-to-date symlink: /home/babangida/ros_ws/install/dsrcmsg/include/dsrcmsg/msg/detail/one_cim_keypoints__rosidl_typesupport_introspection_cpp.hpp
-- Up-to-date symlink: /home/babangida/ros_ws/install/dsrcmsg/include/dsrcmsg/msg/detail/one_cim_tls_msg__rosidl_typesupport_introspection_cpp.hpp
-- Up-to-date symlink: /home/babangida/ros_ws/install/dsrcmsg/include/dsrcmsg/msg/detail/traffic_lights_message__rosidl_typesupport_introspection_cpp.hpp
-- Up-to-date symlink: /home/babangida/ros_ws/install/dsrcmsg/share/dsrcmsg/environment/pythonpath.sh
-- Up-to-date symlink: /home/babangida/ros_ws/install/dsrcmsg/share/dsrcmsg/environment/pythonpath.dsv
-- Up-to-date symlink: /home/babangida/ros_ws/install/dsrcmsg/lib/python3.8/site-packages/dsrcmsg/__init__.py
-- Up-to-date symlink: /home/babangida/ros_ws/install/dsrcmsg/lib/python3.8/site-packages/dsrcmsg/msg/__init__.py
-- Up-to-date symlink: /home/babangida/ros_ws/install/dsrcmsg/lib/python3.8/site-packages/dsrcmsg/msg/_dsrc_message.py
-- Up-to-date symlink: /home/babangida/ros_ws/install/dsrcmsg/lib/python3.8/site-packages/dsrcmsg/msg/_intersection_bsm.py
-- Up-to-date symlink: /home/babangida/ros_ws/install/dsrcmsg/lib/python3.8/site-packages/dsrcmsg/msg/_one_cim_keypoints.py
-- Up-to-date symlink: /home/babangida/ros_ws/install/dsrcmsg/lib/python3.8/site-packages/dsrcmsg/msg/_one_cim_tls_msg.py
-- Up-to-date symlink: /home/babangida/ros_ws/install/dsrcmsg/lib/python3.8/site-packages/dsrcmsg/msg/_traffic_lights_message.py
-- Up-to-date symlink: /home/babangida/ros_ws/install/dsrcmsg/lib/python3.8/site-packages/dsrcmsg/dsrcmsg_s__rosidl_typesupport_fastrtps_c.cpython-38-x86_64-linux-gnu.so
-- Up-to-date symlink: /home/babangida/ros_ws/install/dsrcmsg/lib/python3.8/site-packages/dsrcmsg/dsrcmsg_s__rosidl_typesupport_introspection_c.cpython-38-x86_64-linux-gnu.so
-- Up-to-date symlink: /home/babangida/ros_ws/install/dsrcmsg/lib/python3.8/site-packages/dsrcmsg/dsrcmsg_s__rosidl_typesupport_c.cpython-38-x86_64-linux-gnu.so
-- Up-to-date symlink: /home/babangida/ros_ws/install/dsrcmsg/lib/libdsrcmsg__python.so
-- Up-to-date symlink: /home/babangida/ros_ws/install/dsrcmsg/share/dsrcmsg/msg/DSRCMessage.idl
-- Up-to-date symlink: /home/babangida/ros_ws/install/dsrcmsg/share/dsrcmsg/msg/IntersectionBSM.idl
-- Up-to-date symlink: /home/babangida/ros_ws/install/dsrcmsg/share/dsrcmsg/msg/TrafficLightsMessage.idl
-- Up-to-date symlink: /home/babangida/ros_ws/install/dsrcmsg/share/dsrcmsg/msg/OneCIMKeypoints.idl
-- Up-to-date symlink: /home/babangida/ros_ws/install/dsrcmsg/share/dsrcmsg/msg/OneCIMTlsMsg.idl
-- Up-to-date symlink: /home/babangida/ros_ws/install/dsrcmsg/share/dsrcmsg/msg/DSRCMessage.msg
-- Up-to-date symlink: /home/babangida/ros_ws/install/dsrcmsg/share/dsrcmsg/msg/IntersectionBSM.msg
-- Up-to-date symlink: /home/babangida/ros_ws/install/dsrcmsg/share/dsrcmsg/msg/TrafficLightsMessage.msg
-- Up-to-date symlink: /home/babangida/ros_ws/install/dsrcmsg/share/dsrcmsg/msg/OneCIMKeypoints.msg
-- Up-to-date symlink: /home/babangida/ros_ws/install/dsrcmsg/share/dsrcmsg/msg/OneCIMTlsMsg.msg
-- Up-to-date symlink: /home/babangida/ros_ws/install/dsrcmsg/share/ament_index/resource_index/package_run_dependencies/dsrcmsg
-- Up-to-date symlink: /home/babangida/ros_ws/install/dsrcmsg/share/ament_index/resource_index/parent_prefix_path/dsrcmsg
-- Up-to-date symlink: /home/babangida/ros_ws/install/dsrcmsg/share/dsrcmsg/environment/ament_prefix_path.sh
-- Up-to-date symlink: /home/babangida/ros_ws/install/dsrcmsg/share/dsrcmsg/environment/ament_prefix_path.dsv
-- Up-to-date symlink: /home/babangida/ros_ws/install/dsrcmsg/share/dsrcmsg/environment/path.sh
-- Up-to-date symlink: /home/babangida/ros_ws/install/dsrcmsg/share/dsrcmsg/environment/path.dsv
-- Up-to-date symlink: /home/babangida/ros_ws/install/dsrcmsg/share/dsrcmsg/local_setup.bash
-- Up-to-date symlink: /home/babangida/ros_ws/install/dsrcmsg/share/dsrcmsg/local_setup.sh
-- Up-to-date symlink: /home/babangida/ros_ws/install/dsrcmsg/share/dsrcmsg/local_setup.zsh
-- Up-to-date symlink: /home/babangida/ros_ws/install/dsrcmsg/share/dsrcmsg/local_setup.dsv
-- Symlinking: /home/babangida/ros_ws/install/dsrcmsg/share/dsrcmsg/package.dsv
-- Up-to-date symlink: /home/babangida/ros_ws/install/dsrcmsg/share/ament_index/resource_index/packages/dsrcmsg
-- Up-to-date symlink: /home/babangida/ros_ws/install/dsrcmsg/share/dsrcmsg/cmake/rosidl_cmake-extras.cmake
-- Up-to-date symlink: /home/babangida/ros_ws/install/dsrcmsg/share/dsrcmsg/cmake/ament_cmake_export_dependencies-extras.cmake
-- Up-to-date symlink: /home/babangida/ros_ws/install/dsrcmsg/share/dsrcmsg/cmake/ament_cmake_export_libraries-extras.cmake
-- Up-to-date symlink: /home/babangida/ros_ws/install/dsrcmsg/share/dsrcmsg/cmake/ament_cmake_export_targets-extras.cmake
-- Up-to-date symlink: /home/babangida/ros_ws/install/dsrcmsg/share/dsrcmsg/cmake/ament_cmake_export_include_directories-extras.cmake
-- Up-to-date symlink: /home/babangida/ros_ws/install/dsrcmsg/share/dsrcmsg/cmake/rosidl_cmake_export_typesupport_libraries-extras.cmake
-- Up-to-date symlink: /home/babangida/ros_ws/install/dsrcmsg/share/dsrcmsg/cmake/rosidl_cmake_export_typesupport_targets-extras.cmake
-- Up-to-date symlink: /home/babangida/ros_ws/install/dsrcmsg/share/dsrcmsg/cmake/dsrcmsgConfig.cmake
-- Up-to-date symlink: /home/babangida/ros_ws/install/dsrcmsg/share/dsrcmsg/cmake/dsrcmsgConfig-version.cmake
-- Up-to-date symlink: /home/babangida/ros_ws/install/dsrcmsg/share/dsrcmsg/package.xml
-- Installing: /home/babangida/ros_ws/install/dsrcmsg/lib/libdsrcmsg__rosidl_generator_c.so
-- Set runtime path of "/home/babangida/ros_ws/install/dsrcmsg/lib/libdsrcmsg__rosidl_generator_c.so" to ""
-- Installing: /home/babangida/ros_ws/install/dsrcmsg/lib/libdsrcmsg__rosidl_typesupport_introspection_c.so
-- Set runtime path of "/home/babangida/ros_ws/install/dsrcmsg/lib/libdsrcmsg__rosidl_typesupport_introspection_c.so" to ""
-- Installing: /home/babangida/ros_ws/install/dsrcmsg/lib/libdsrcmsg__rosidl_typesupport_c.so
-- Set runtime path of "/home/babangida/ros_ws/install/dsrcmsg/lib/libdsrcmsg__rosidl_typesupport_c.so" to ""
-- Installing: /home/babangida/ros_ws/install/dsrcmsg/lib/libdsrcmsg__rosidl_typesupport_introspection_cpp.so
-- Set runtime path of "/home/babangida/ros_ws/install/dsrcmsg/lib/libdsrcmsg__rosidl_typesupport_introspection_cpp.so" to ""
-- Installing: /home/babangida/ros_ws/install/dsrcmsg/lib/libdsrcmsg__rosidl_typesupport_cpp.so
-- Set runtime path of "/home/babangida/ros_ws/install/dsrcmsg/lib/libdsrcmsg__rosidl_typesupport_cpp.so" to ""
Compiling '/home/babangida/ros_ws/install/dsrcmsg/lib/python3.8/site-packages/dsrcmsg/__init__.py'...
-- Up-to-date: /home/babangida/ros_ws/install/dsrcmsg/share/dsrcmsg/cmake/dsrcmsg__rosidl_generator_cExport.cmake
-- Installing: /home/babangida/ros_ws/install/dsrcmsg/share/dsrcmsg/cmake/dsrcmsg__rosidl_generator_cExport-noconfig.cmake
-- Up-to-date: /home/babangida/ros_ws/install/dsrcmsg/share/dsrcmsg/cmake/dsrcmsg__rosidl_typesupport_introspection_cExport.cmake
-- Installing: /home/babangida/ros_ws/install/dsrcmsg/share/dsrcmsg/cmake/dsrcmsg__rosidl_typesupport_introspection_cExport-noconfig.cmake
-- Up-to-date: /home/babangida/ros_ws/install/dsrcmsg/share/dsrcmsg/cmake/dsrcmsg__rosidl_typesupport_cExport.cmake
-- Installing: /home/babangida/ros_ws/install/dsrcmsg/share/dsrcmsg/cmake/dsrcmsg__rosidl_typesupport_cExport-noconfig.cmake
-- Up-to-date: /home/babangida/ros_ws/install/dsrcmsg/share/dsrcmsg/cmake/dsrcmsg__rosidl_generator_cppExport.cmake
-- Up-to-date: /home/babangida/ros_ws/install/dsrcmsg/share/dsrcmsg/cmake/dsrcmsg__rosidl_typesupport_introspection_cppExport.cmake
-- Installing: /home/babangida/ros_ws/install/dsrcmsg/share/dsrcmsg/cmake/dsrcmsg__rosidl_typesupport_introspection_cppExport-noconfig.cmake
-- Up-to-date: /home/babangida/ros_ws/install/dsrcmsg/share/dsrcmsg/cmake/dsrcmsg__rosidl_typesupport_cppExport.cmake
-- Installing: /home/babangida/ros_ws/install/dsrcmsg/share/dsrcmsg/cmake/dsrcmsg__rosidl_typesupport_cppExport-noconfig.cmake
