[0.364s] Invoking command in '/home/babangida/ros_ws/build/dsrcmsg': CMAKE_PREFIX_PATH=${CMAKE_PREFIX_PATH}:/home/babangida/ros_ws/install/onecim:/home/babangida/ros_ws/install/cim:/home/babangida/ros_ws/install/reactivemethods:/opt/ros/foxy /usr/bin/cmake /home/babangida/ros_ws/src/dsrcmsg -DAMENT_CMAKE_SYMLINK_INSTALL=1 -DCMAKE_INSTALL_PREFIX=/home/babangida/ros_ws/install/dsrcmsg
[1.311s] -- Found ament_cmake: 0.9.12 (/opt/ros/foxy/share/ament_cmake/cmake)
[1.390s] -- Found PythonInterp: /usr/bin/python3 (found suitable version "3.8.10", minimum required is "3") 
[1.390s] -- Using PYTHON_EXECUTABLE: /usr/bin/python3
[1.745s] -- Override CMake install command with custom implementation using symlinks instead of copying resources
[1.899s] -- Found builtin_interfaces: 1.0.0 (/opt/ros/foxy/share/builtin_interfaces/cmake)
[13.159s] -- Using all available rosidl_typesupport_c: rosidl_typesupport_fastrtps_c;rosidl_typesupport_introspection_c
[13.190s] -- Found rosidl_adapter: 1.3.1 (/opt/ros/foxy/share/rosidl_adapter/cmake)
[27.244s] -- Using all available rosidl_typesupport_cpp: rosidl_typesupport_fastrtps_cpp;rosidl_typesupport_introspection_cpp
[27.364s] -- Found rosidl_default_generators: 1.0.1 (/opt/ros/foxy/share/rosidl_default_generators/cmake)
[27.580s] -- Found PythonInterp: /usr/bin/python3 (found version "3.8.10") 
[27.957s] -- Found ament_cmake_ros: 0.9.2 (/opt/ros/foxy/share/ament_cmake_ros/cmake)
[41.147s] -- Using all available rosidl_typesupport_c: rosidl_typesupport_fastrtps_c;rosidl_typesupport_introspection_c
[41.314s] -- Using all available rosidl_typesupport_cpp: rosidl_typesupport_fastrtps_cpp;rosidl_typesupport_introspection_cpp
[41.387s] -- Found PythonInterp: /usr/bin/python3 (found suitable version "3.8.10", minimum required is "3.5") 
[41.408s] -- Found python_cmake_module: 0.8.1 (/opt/ros/foxy/share/python_cmake_module/cmake)
[41.523s] -- Using PYTHON_EXECUTABLE: /usr/bin/python3
[41.523s] -- Using PYTHON_INCLUDE_DIRS: /usr/include/python3.8
[41.523s] -- Using PYTHON_LIBRARIES: /usr/lib/x86_64-linux-gnu/libpython3.8.so
[41.652s] -- Found ament_lint_auto: 0.9.8 (/opt/ros/foxy/share/ament_lint_auto/cmake)
[41.923s] -- Added test 'copyright' to check source files copyright and LICENSE
[41.978s] -- Added test 'lint_cmake' to check CMake code style
[41.980s] -- Added test 'xmllint' to check XML markup files
[42.007s] -- Configuring done
[43.006s] -- Generating done
[43.009s] -- Build files have been written to: /home/babangida/ros_ws/build/dsrcmsg
[43.099s] Invoked command in '/home/babangida/ros_ws/build/dsrcmsg' returned '0': CMAKE_PREFIX_PATH=${CMAKE_PREFIX_PATH}:/home/babangida/ros_ws/install/onecim:/home/babangida/ros_ws/install/cim:/home/babangida/ros_ws/install/reactivemethods:/opt/ros/foxy /usr/bin/cmake /home/babangida/ros_ws/src/dsrcmsg -DAMENT_CMAKE_SYMLINK_INSTALL=1 -DCMAKE_INSTALL_PREFIX=/home/babangida/ros_ws/install/dsrcmsg
[43.102s] Invoking command in '/home/babangida/ros_ws/build/dsrcmsg': CMAKE_PREFIX_PATH=${CMAKE_PREFIX_PATH}:/home/babangida/ros_ws/install/onecim:/home/babangida/ros_ws/install/cim:/home/babangida/ros_ws/install/reactivemethods:/opt/ros/foxy /usr/bin/cmake --build /home/babangida/ros_ws/build/dsrcmsg -- -j8 -l8
[43.184s] [  1%] [34m[1mGenerating C code for ROS interfaces[0m
[43.187s] [  3%] [34m[1mGenerating C++ code for ROS interfaces[0m
[44.427s] [  3%] Built target dsrcmsg__cpp
[44.474s] [  4%] [34m[1mGenerating C++ type support dispatch for ROS interfaces[0m
[44.495s] [  6%] [34m[1mGenerating C++ introspection for ROS interfaces[0m
[44.517s] [  7%] [34m[1mGenerating C++ type support for eProsima Fast-RTPS[0m
[44.526s] [35m[1mScanning dependencies of target dsrcmsg__rosidl_generator_c[0m
[44.556s] [  9%] [32mBuilding C object CMakeFiles/dsrcmsg__rosidl_generator_c.dir/rosidl_generator_c/dsrcmsg/msg/detail/intersection_bsm__functions.c.o[0m
[44.559s] [ 11%] [32mBuilding C object CMakeFiles/dsrcmsg__rosidl_generator_c.dir/rosidl_generator_c/dsrcmsg/msg/detail/one_cim_tls_msg__functions.c.o[0m
[44.564s] [ 12%] [32mBuilding C object CMakeFiles/dsrcmsg__rosidl_generator_c.dir/rosidl_generator_c/dsrcmsg/msg/detail/dsrc_message__functions.c.o[0m
[44.577s] [ 15%] [32mBuilding C object CMakeFiles/dsrcmsg__rosidl_generator_c.dir/rosidl_generator_c/dsrcmsg/msg/detail/traffic_lights_message__functions.c.o[0m
[44.577s] [ 15%] [32mBuilding C object CMakeFiles/dsrcmsg__rosidl_generator_c.dir/rosidl_generator_c/dsrcmsg/msg/detail/one_cim_keypoints__functions.c.o[0m
[45.955s] [35m[1mScanning dependencies of target dsrcmsg__rosidl_typesupport_cpp[0m
[45.980s] [ 17%] [32mBuilding CXX object CMakeFiles/dsrcmsg__rosidl_typesupport_cpp.dir/rosidl_typesupport_cpp/dsrcmsg/msg/dsrc_message__type_support.cpp.o[0m
[46.390s] [35m[1mScanning dependencies of target dsrcmsg__rosidl_typesupport_introspection_cpp[0m
[46.401s] [35m[1mScanning dependencies of target dsrcmsg__rosidl_typesupport_fastrtps_cpp[0m
[46.438s] [ 19%] [32mBuilding CXX object CMakeFiles/dsrcmsg__rosidl_typesupport_fastrtps_cpp.dir/rosidl_typesupport_fastrtps_cpp/dsrcmsg/msg/detail/dds_fastrtps/dsrc_message__type_support.cpp.o[0m
[46.455s] [ 20%] [32mBuilding CXX object CMakeFiles/dsrcmsg__rosidl_typesupport_introspection_cpp.dir/rosidl_typesupport_introspection_cpp/dsrcmsg/msg/detail/dsrc_message__type_support.cpp.o[0m
[49.447s] [ 22%] [32mBuilding CXX object CMakeFiles/dsrcmsg__rosidl_typesupport_introspection_cpp.dir/rosidl_typesupport_introspection_cpp/dsrcmsg/msg/detail/intersection_bsm__type_support.cpp.o[0m
[49.450s] [ 25%] [32mBuilding CXX object CMakeFiles/dsrcmsg__rosidl_typesupport_introspection_cpp.dir/rosidl_typesupport_introspection_cpp/dsrcmsg/msg/detail/traffic_lights_message__type_support.cpp.o[0m
[49.450s] [ 25%] [32mBuilding CXX object CMakeFiles/dsrcmsg__rosidl_typesupport_cpp.dir/rosidl_typesupport_cpp/dsrcmsg/msg/intersection_bsm__type_support.cpp.o[0m
[49.450s] [ 26%] [32mBuilding CXX object CMakeFiles/dsrcmsg__rosidl_typesupport_fastrtps_cpp.dir/rosidl_typesupport_fastrtps_cpp/dsrcmsg/msg/detail/dds_fastrtps/intersection_bsm__type_support.cpp.o[0m
[49.457s] [ 28%] [32m[1mLinking C shared library libdsrcmsg__rosidl_generator_c.so[0m
[50.623s] [ 28%] Built target dsrcmsg__rosidl_generator_c
[50.635s] [ 30%] [32mBuilding CXX object CMakeFiles/dsrcmsg__rosidl_typesupport_fastrtps_cpp.dir/rosidl_typesupport_fastrtps_cpp/dsrcmsg/msg/detail/dds_fastrtps/traffic_lights_message__type_support.cpp.o[0m
[50.703s] [ 31%] [32mBuilding CXX object CMakeFiles/dsrcmsg__rosidl_typesupport_cpp.dir/rosidl_typesupport_cpp/dsrcmsg/msg/traffic_lights_message__type_support.cpp.o[0m
[50.719s] [ 33%] [34m[1mGenerating C introspection for ROS interfaces[0m
[50.723s] [ 34%] [32mBuilding CXX object CMakeFiles/dsrcmsg__rosidl_typesupport_cpp.dir/rosidl_typesupport_cpp/dsrcmsg/msg/one_cim_keypoints__type_support.cpp.o[0m
[50.733s] [ 36%] [32mBuilding CXX object CMakeFiles/dsrcmsg__rosidl_typesupport_cpp.dir/rosidl_typesupport_cpp/dsrcmsg/msg/one_cim_tls_msg__type_support.cpp.o[0m
[50.736s] [ 38%] [32mBuilding CXX object CMakeFiles/dsrcmsg__rosidl_typesupport_introspection_cpp.dir/rosidl_typesupport_introspection_cpp/dsrcmsg/msg/detail/one_cim_keypoints__type_support.cpp.o[0m
[50.767s] [ 39%] [32mBuilding CXX object CMakeFiles/dsrcmsg__rosidl_typesupport_fastrtps_cpp.dir/rosidl_typesupport_fastrtps_cpp/dsrcmsg/msg/detail/dds_fastrtps/one_cim_keypoints__type_support.cpp.o[0m
[50.800s] [ 41%] [32mBuilding CXX object CMakeFiles/dsrcmsg__rosidl_typesupport_fastrtps_cpp.dir/rosidl_typesupport_fastrtps_cpp/dsrcmsg/msg/detail/dds_fastrtps/one_cim_tls_msg__type_support.cpp.o[0m
[51.304s] [ 42%] [32mBuilding CXX object CMakeFiles/dsrcmsg__rosidl_typesupport_introspection_cpp.dir/rosidl_typesupport_introspection_cpp/dsrcmsg/msg/detail/one_cim_tls_msg__type_support.cpp.o[0m
[51.391s] [ 44%] [34m[1mGenerating C type support dispatch for ROS interfaces[0m
[51.561s] [ 46%] [32m[1mLinking CXX shared library libdsrcmsg__rosidl_typesupport_cpp.so[0m
[51.998s] [ 46%] Built target dsrcmsg__rosidl_typesupport_cpp
[52.126s] [ 47%] [32m[1mLinking CXX shared library libdsrcmsg__rosidl_typesupport_fastrtps_cpp.so[0m
[52.197s] [ 49%] [32m[1mLinking CXX shared library libdsrcmsg__rosidl_typesupport_introspection_cpp.so[0m
[52.585s] [35m[1mScanning dependencies of target dsrcmsg__rosidl_typesupport_introspection_c[0m
[52.625s] [ 50%] [32mBuilding C object CMakeFiles/dsrcmsg__rosidl_typesupport_introspection_c.dir/rosidl_typesupport_introspection_c/dsrcmsg/msg/detail/intersection_bsm__type_support.c.o[0m
[52.626s] [ 53%] [32mBuilding C object CMakeFiles/dsrcmsg__rosidl_typesupport_introspection_c.dir/rosidl_typesupport_introspection_c/dsrcmsg/msg/detail/one_cim_tls_msg__type_support.c.o[0m
[52.626s] [ 53%] [32mBuilding C object CMakeFiles/dsrcmsg__rosidl_typesupport_introspection_c.dir/rosidl_typesupport_introspection_c/dsrcmsg/msg/detail/traffic_lights_message__type_support.c.o[0m
[52.633s] [ 55%] [32mBuilding C object CMakeFiles/dsrcmsg__rosidl_typesupport_introspection_c.dir/rosidl_typesupport_introspection_c/dsrcmsg/msg/detail/one_cim_keypoints__type_support.c.o[0m
[52.634s] [ 57%] [32mBuilding C object CMakeFiles/dsrcmsg__rosidl_typesupport_introspection_c.dir/rosidl_typesupport_introspection_c/dsrcmsg/msg/detail/dsrc_message__type_support.c.o[0m
[52.649s] [ 57%] Built target dsrcmsg__rosidl_typesupport_introspection_cpp
[52.720s] [ 58%] [32m[1mLinking C shared library libdsrcmsg__rosidl_typesupport_introspection_c.so[0m
[52.759s] [ 58%] Built target dsrcmsg__rosidl_typesupport_fastrtps_cpp
[52.862s] [35m[1mScanning dependencies of target dsrcmsg__rosidl_typesupport_c[0m
[52.902s] [ 60%] [34m[1mGenerating C type support for eProsima Fast-RTPS[0m
[52.917s] [ 61%] [32mBuilding CXX object CMakeFiles/dsrcmsg__rosidl_typesupport_c.dir/rosidl_typesupport_c/dsrcmsg/msg/traffic_lights_message__type_support.cpp.o[0m
[52.918s] [ 63%] [32mBuilding CXX object CMakeFiles/dsrcmsg__rosidl_typesupport_c.dir/rosidl_typesupport_c/dsrcmsg/msg/dsrc_message__type_support.cpp.o[0m
[52.927s] [ 65%] [32mBuilding CXX object CMakeFiles/dsrcmsg__rosidl_typesupport_c.dir/rosidl_typesupport_c/dsrcmsg/msg/one_cim_keypoints__type_support.cpp.o[0m
[52.929s] [ 66%] [32mBuilding CXX object CMakeFiles/dsrcmsg__rosidl_typesupport_c.dir/rosidl_typesupport_c/dsrcmsg/msg/one_cim_tls_msg__type_support.cpp.o[0m
[52.931s] [ 68%] [32mBuilding CXX object CMakeFiles/dsrcmsg__rosidl_typesupport_c.dir/rosidl_typesupport_c/dsrcmsg/msg/intersection_bsm__type_support.cpp.o[0m
[53.007s] [ 68%] Built target dsrcmsg__rosidl_typesupport_introspection_c
[53.008s] [ 69%] [32m[1mLinking CXX shared library libdsrcmsg__rosidl_typesupport_c.so[0m
[53.290s] [ 69%] Built target dsrcmsg__rosidl_typesupport_c
[54.069s] [35m[1mScanning dependencies of target dsrcmsg__rosidl_typesupport_fastrtps_c[0m
[54.088s] [ 71%] [32mBuilding CXX object CMakeFiles/dsrcmsg__rosidl_typesupport_fastrtps_c.dir/rosidl_typesupport_fastrtps_c/dsrcmsg/msg/detail/intersection_bsm__type_support_c.cpp.o[0m
[54.088s] [ 73%] [32mBuilding CXX object CMakeFiles/dsrcmsg__rosidl_typesupport_fastrtps_c.dir/rosidl_typesupport_fastrtps_c/dsrcmsg/msg/detail/traffic_lights_message__type_support_c.cpp.o[0m
[54.088s] [ 74%] [32mBuilding CXX object CMakeFiles/dsrcmsg__rosidl_typesupport_fastrtps_c.dir/rosidl_typesupport_fastrtps_c/dsrcmsg/msg/detail/dsrc_message__type_support_c.cpp.o[0m
[54.090s] [ 76%] [32mBuilding CXX object CMakeFiles/dsrcmsg__rosidl_typesupport_fastrtps_c.dir/rosidl_typesupport_fastrtps_c/dsrcmsg/msg/detail/one_cim_keypoints__type_support_c.cpp.o[0m
[54.090s] [ 77%] [32mBuilding CXX object CMakeFiles/dsrcmsg__rosidl_typesupport_fastrtps_c.dir/rosidl_typesupport_fastrtps_c/dsrcmsg/msg/detail/one_cim_tls_msg__type_support_c.cpp.o[0m
[55.010s] [ 79%] [32m[1mLinking CXX shared library libdsrcmsg__rosidl_typesupport_fastrtps_c.so[0m
[55.451s] [ 79%] Built target dsrcmsg__rosidl_typesupport_fastrtps_c
[55.710s] [ 79%] Built target dsrcmsg
[55.744s] [ 80%] [34m[1mGenerating Python code for ROS interfaces[0m
[59.008s] [ 80%] Built target dsrcmsg__py
[59.138s] [35m[1mScanning dependencies of target dsrcmsg__python[0m
[59.179s] [ 82%] [32mBuilding C object CMakeFiles/dsrcmsg__python.dir/rosidl_generator_py/dsrcmsg/msg/_dsrc_message_s.c.o[0m
[59.179s] [ 84%] [32mBuilding C object CMakeFiles/dsrcmsg__python.dir/rosidl_generator_py/dsrcmsg/msg/_traffic_lights_message_s.c.o[0m
[59.180s] [ 85%] [32mBuilding C object CMakeFiles/dsrcmsg__python.dir/rosidl_generator_py/dsrcmsg/msg/_intersection_bsm_s.c.o[0m
[59.180s] [ 87%] [32mBuilding C object CMakeFiles/dsrcmsg__python.dir/rosidl_generator_py/dsrcmsg/msg/_one_cim_keypoints_s.c.o[0m
[59.185s] [ 88%] [32mBuilding C object CMakeFiles/dsrcmsg__python.dir/rosidl_generator_py/dsrcmsg/msg/_one_cim_tls_msg_s.c.o[0m
[59.870s] [ 90%] [32m[1mLinking C shared library rosidl_generator_py/dsrcmsg/libdsrcmsg__python.so[0m
[60.343s] [ 90%] Built target dsrcmsg__python
[60.404s] [35m[1mScanning dependencies of target dsrcmsg__rosidl_typesupport_introspection_c__pyext[0m
[60.412s] [35m[1mScanning dependencies of target dsrcmsg__rosidl_typesupport_c__pyext[0m
[60.417s] [35m[1mScanning dependencies of target dsrcmsg__rosidl_typesupport_fastrtps_c__pyext[0m
[60.551s] [ 92%] [32mBuilding C object CMakeFiles/dsrcmsg__rosidl_typesupport_introspection_c__pyext.dir/rosidl_generator_py/dsrcmsg/_dsrcmsg_s.ep.rosidl_typesupport_introspection_c.c.o[0m
[60.632s] [ 93%] [32mBuilding C object CMakeFiles/dsrcmsg__rosidl_typesupport_fastrtps_c__pyext.dir/rosidl_generator_py/dsrcmsg/_dsrcmsg_s.ep.rosidl_typesupport_fastrtps_c.c.o[0m
[60.632s] [ 95%] [32mBuilding C object CMakeFiles/dsrcmsg__rosidl_typesupport_c__pyext.dir/rosidl_generator_py/dsrcmsg/_dsrcmsg_s.ep.rosidl_typesupport_c.c.o[0m
[60.665s] [ 96%] [32m[1mLinking C shared library rosidl_generator_py/dsrcmsg/dsrcmsg_s__rosidl_typesupport_introspection_c.cpython-38-x86_64-linux-gnu.so[0m
[60.773s] [ 98%] [32m[1mLinking CXX shared library rosidl_generator_py/dsrcmsg/dsrcmsg_s__rosidl_typesupport_fastrtps_c.cpython-38-x86_64-linux-gnu.so[0m
[60.774s] [100%] [32m[1mLinking C shared library rosidl_generator_py/dsrcmsg/dsrcmsg_s__rosidl_typesupport_c.cpython-38-x86_64-linux-gnu.so[0m
[60.970s] [100%] Built target dsrcmsg__rosidl_typesupport_introspection_c__pyext
[60.998s] [100%] Built target dsrcmsg__rosidl_typesupport_c__pyext
[61.034s] [100%] Built target dsrcmsg__rosidl_typesupport_fastrtps_c__pyext
[61.055s] Invoked command in '/home/babangida/ros_ws/build/dsrcmsg' returned '0': CMAKE_PREFIX_PATH=${CMAKE_PREFIX_PATH}:/home/babangida/ros_ws/install/onecim:/home/babangida/ros_ws/install/cim:/home/babangida/ros_ws/install/reactivemethods:/opt/ros/foxy /usr/bin/cmake --build /home/babangida/ros_ws/build/dsrcmsg -- -j8 -l8
[61.212s] Invoking command in '/home/babangida/ros_ws/build/dsrcmsg': CMAKE_PREFIX_PATH=${CMAKE_PREFIX_PATH}:/home/babangida/ros_ws/install/onecim:/home/babangida/ros_ws/install/cim:/home/babangida/ros_ws/install/reactivemethods:/opt/ros/foxy /usr/bin/cmake --install /home/babangida/ros_ws/build/dsrcmsg
[61.221s] -- Install configuration: ""
[61.222s] -- Execute custom install script
[61.237s] -- Up-to-date symlink: /home/babangida/ros_ws/install/dsrcmsg/share/ament_index/resource_index/rosidl_interfaces/dsrcmsg
[61.317s] -- Up-to-date symlink: /home/babangida/ros_ws/install/dsrcmsg/include/dsrcmsg/msg/detail/dsrc_message__functions.h
[61.354s] -- Up-to-date symlink: /home/babangida/ros_ws/install/dsrcmsg/include/dsrcmsg/msg/detail/dsrc_message__struct.h
[61.367s] -- Up-to-date symlink: /home/babangida/ros_ws/install/dsrcmsg/include/dsrcmsg/msg/detail/dsrc_message__type_support.h
[61.369s] -- Up-to-date symlink: /home/babangida/ros_ws/install/dsrcmsg/include/dsrcmsg/msg/detail/intersection_bsm__functions.h
[61.370s] -- Up-to-date symlink: /home/babangida/ros_ws/install/dsrcmsg/include/dsrcmsg/msg/detail/intersection_bsm__struct.h
[61.371s] -- Up-to-date symlink: /home/babangida/ros_ws/install/dsrcmsg/include/dsrcmsg/msg/detail/intersection_bsm__type_support.h
[61.380s] -- Up-to-date symlink: /home/babangida/ros_ws/install/dsrcmsg/include/dsrcmsg/msg/detail/one_cim_keypoints__functions.h
[61.395s] -- Up-to-date symlink: /home/babangida/ros_ws/install/dsrcmsg/include/dsrcmsg/msg/detail/one_cim_keypoints__struct.h
[61.396s] -- Up-to-date symlink: /home/babangida/ros_ws/install/dsrcmsg/include/dsrcmsg/msg/detail/one_cim_keypoints__type_support.h
[61.405s] -- Up-to-date symlink: /home/babangida/ros_ws/install/dsrcmsg/include/dsrcmsg/msg/detail/one_cim_tls_msg__functions.h
[61.432s] -- Up-to-date symlink: /home/babangida/ros_ws/install/dsrcmsg/include/dsrcmsg/msg/detail/one_cim_tls_msg__struct.h
[61.433s] -- Up-to-date symlink: /home/babangida/ros_ws/install/dsrcmsg/include/dsrcmsg/msg/detail/one_cim_tls_msg__type_support.h
[61.433s] -- Up-to-date symlink: /home/babangida/ros_ws/install/dsrcmsg/include/dsrcmsg/msg/detail/traffic_lights_message__functions.h
[61.434s] -- Up-to-date symlink: /home/babangida/ros_ws/install/dsrcmsg/include/dsrcmsg/msg/detail/traffic_lights_message__struct.h
[61.434s] -- Up-to-date symlink: /home/babangida/ros_ws/install/dsrcmsg/include/dsrcmsg/msg/detail/traffic_lights_message__type_support.h
[61.435s] -- Up-to-date symlink: /home/babangida/ros_ws/install/dsrcmsg/include/dsrcmsg/msg/dsrc_message.h
[61.456s] -- Up-to-date symlink: /home/babangida/ros_ws/install/dsrcmsg/include/dsrcmsg/msg/intersection_bsm.h
[61.467s] -- Up-to-date symlink: /home/babangida/ros_ws/install/dsrcmsg/include/dsrcmsg/msg/one_cim_keypoints.h
[61.485s] -- Up-to-date symlink: /home/babangida/ros_ws/install/dsrcmsg/include/dsrcmsg/msg/one_cim_tls_msg.h
[61.486s] -- Up-to-date symlink: /home/babangida/ros_ws/install/dsrcmsg/include/dsrcmsg/msg/rosidl_generator_c__visibility_control.h
[61.514s] -- Up-to-date symlink: /home/babangida/ros_ws/install/dsrcmsg/include/dsrcmsg/msg/traffic_lights_message.h
[61.515s] -- Up-to-date symlink: /home/babangida/ros_ws/install/dsrcmsg/share/dsrcmsg/environment/library_path.sh
[61.515s] -- Up-to-date symlink: /home/babangida/ros_ws/install/dsrcmsg/share/dsrcmsg/environment/library_path.dsv
[61.534s] -- Up-to-date symlink: /home/babangida/ros_ws/install/dsrcmsg/include/dsrcmsg/msg/detail/dsrc_message__rosidl_typesupport_fastrtps_c.h
[61.539s] -- Up-to-date symlink: /home/babangida/ros_ws/install/dsrcmsg/include/dsrcmsg/msg/detail/intersection_bsm__rosidl_typesupport_fastrtps_c.h
[61.540s] -- Up-to-date symlink: /home/babangida/ros_ws/install/dsrcmsg/include/dsrcmsg/msg/detail/one_cim_keypoints__rosidl_typesupport_fastrtps_c.h
[61.555s] -- Up-to-date symlink: /home/babangida/ros_ws/install/dsrcmsg/include/dsrcmsg/msg/detail/one_cim_tls_msg__rosidl_typesupport_fastrtps_c.h
[61.566s] -- Up-to-date symlink: /home/babangida/ros_ws/install/dsrcmsg/include/dsrcmsg/msg/detail/traffic_lights_message__rosidl_typesupport_fastrtps_c.h
[61.580s] -- Up-to-date symlink: /home/babangida/ros_ws/install/dsrcmsg/include/dsrcmsg/msg/rosidl_typesupport_fastrtps_c__visibility_control.h
[61.596s] -- Up-to-date symlink: /home/babangida/ros_ws/install/dsrcmsg/lib/libdsrcmsg__rosidl_typesupport_fastrtps_c.so
[61.612s] -- Up-to-date symlink: /home/babangida/ros_ws/install/dsrcmsg/include/dsrcmsg/msg/detail/dsrc_message__rosidl_typesupport_fastrtps_cpp.hpp
[61.627s] -- Up-to-date symlink: /home/babangida/ros_ws/install/dsrcmsg/include/dsrcmsg/msg/detail/intersection_bsm__rosidl_typesupport_fastrtps_cpp.hpp
[61.628s] -- Up-to-date symlink: /home/babangida/ros_ws/install/dsrcmsg/include/dsrcmsg/msg/detail/one_cim_keypoints__rosidl_typesupport_fastrtps_cpp.hpp
[61.650s] -- Up-to-date symlink: /home/babangida/ros_ws/install/dsrcmsg/include/dsrcmsg/msg/detail/one_cim_tls_msg__rosidl_typesupport_fastrtps_cpp.hpp
[61.651s] -- Up-to-date symlink: /home/babangida/ros_ws/install/dsrcmsg/include/dsrcmsg/msg/detail/traffic_lights_message__rosidl_typesupport_fastrtps_cpp.hpp
[61.652s] -- Up-to-date symlink: /home/babangida/ros_ws/install/dsrcmsg/include/dsrcmsg/msg/rosidl_typesupport_fastrtps_cpp__visibility_control.h
[61.653s] -- Up-to-date symlink: /home/babangida/ros_ws/install/dsrcmsg/lib/libdsrcmsg__rosidl_typesupport_fastrtps_cpp.so
[61.654s] -- Up-to-date symlink: /home/babangida/ros_ws/install/dsrcmsg/include/dsrcmsg/msg/detail/dsrc_message__rosidl_typesupport_introspection_c.h
[61.655s] -- Up-to-date symlink: /home/babangida/ros_ws/install/dsrcmsg/include/dsrcmsg/msg/detail/intersection_bsm__rosidl_typesupport_introspection_c.h
[61.656s] -- Up-to-date symlink: /home/babangida/ros_ws/install/dsrcmsg/include/dsrcmsg/msg/detail/one_cim_keypoints__rosidl_typesupport_introspection_c.h
[61.665s] -- Up-to-date symlink: /home/babangida/ros_ws/install/dsrcmsg/include/dsrcmsg/msg/detail/one_cim_tls_msg__rosidl_typesupport_introspection_c.h
[61.683s] -- Up-to-date symlink: /home/babangida/ros_ws/install/dsrcmsg/include/dsrcmsg/msg/detail/traffic_lights_message__rosidl_typesupport_introspection_c.h
[61.705s] -- Up-to-date symlink: /home/babangida/ros_ws/install/dsrcmsg/include/dsrcmsg/msg/rosidl_typesupport_introspection_c__visibility_control.h
[61.706s] -- Up-to-date symlink: /home/babangida/ros_ws/install/dsrcmsg/include/dsrcmsg/msg/detail/dsrc_message__builder.hpp
[61.706s] -- Up-to-date symlink: /home/babangida/ros_ws/install/dsrcmsg/include/dsrcmsg/msg/detail/dsrc_message__struct.hpp
[61.707s] -- Up-to-date symlink: /home/babangida/ros_ws/install/dsrcmsg/include/dsrcmsg/msg/detail/dsrc_message__traits.hpp
[61.707s] -- Up-to-date symlink: /home/babangida/ros_ws/install/dsrcmsg/include/dsrcmsg/msg/detail/dsrc_message__type_support.hpp
[61.708s] -- Up-to-date symlink: /home/babangida/ros_ws/install/dsrcmsg/include/dsrcmsg/msg/detail/intersection_bsm__builder.hpp
[61.708s] -- Up-to-date symlink: /home/babangida/ros_ws/install/dsrcmsg/include/dsrcmsg/msg/detail/intersection_bsm__struct.hpp
[61.709s] -- Up-to-date symlink: /home/babangida/ros_ws/install/dsrcmsg/include/dsrcmsg/msg/detail/intersection_bsm__traits.hpp
[61.723s] -- Up-to-date symlink: /home/babangida/ros_ws/install/dsrcmsg/include/dsrcmsg/msg/detail/intersection_bsm__type_support.hpp
[61.724s] -- Up-to-date symlink: /home/babangida/ros_ws/install/dsrcmsg/include/dsrcmsg/msg/detail/one_cim_keypoints__builder.hpp
[61.724s] -- Up-to-date symlink: /home/babangida/ros_ws/install/dsrcmsg/include/dsrcmsg/msg/detail/one_cim_keypoints__struct.hpp
[61.737s] -- Up-to-date symlink: /home/babangida/ros_ws/install/dsrcmsg/include/dsrcmsg/msg/detail/one_cim_keypoints__traits.hpp
[61.738s] -- Up-to-date symlink: /home/babangida/ros_ws/install/dsrcmsg/include/dsrcmsg/msg/detail/one_cim_keypoints__type_support.hpp
[61.738s] -- Up-to-date symlink: /home/babangida/ros_ws/install/dsrcmsg/include/dsrcmsg/msg/detail/one_cim_tls_msg__builder.hpp
[61.739s] -- Up-to-date symlink: /home/babangida/ros_ws/install/dsrcmsg/include/dsrcmsg/msg/detail/one_cim_tls_msg__struct.hpp
[61.760s] -- Up-to-date symlink: /home/babangida/ros_ws/install/dsrcmsg/include/dsrcmsg/msg/detail/one_cim_tls_msg__traits.hpp
[61.778s] -- Up-to-date symlink: /home/babangida/ros_ws/install/dsrcmsg/include/dsrcmsg/msg/detail/one_cim_tls_msg__type_support.hpp
[61.779s] -- Up-to-date symlink: /home/babangida/ros_ws/install/dsrcmsg/include/dsrcmsg/msg/detail/traffic_lights_message__builder.hpp
[61.798s] -- Up-to-date symlink: /home/babangida/ros_ws/install/dsrcmsg/include/dsrcmsg/msg/detail/traffic_lights_message__struct.hpp
[61.798s] -- Up-to-date symlink: /home/babangida/ros_ws/install/dsrcmsg/include/dsrcmsg/msg/detail/traffic_lights_message__traits.hpp
[61.799s] -- Up-to-date symlink: /home/babangida/ros_ws/install/dsrcmsg/include/dsrcmsg/msg/detail/traffic_lights_message__type_support.hpp
[61.811s] -- Up-to-date symlink: /home/babangida/ros_ws/install/dsrcmsg/include/dsrcmsg/msg/dsrc_message.hpp
[61.812s] -- Up-to-date symlink: /home/babangida/ros_ws/install/dsrcmsg/include/dsrcmsg/msg/intersection_bsm.hpp
[61.813s] -- Up-to-date symlink: /home/babangida/ros_ws/install/dsrcmsg/include/dsrcmsg/msg/one_cim_keypoints.hpp
[61.814s] -- Up-to-date symlink: /home/babangida/ros_ws/install/dsrcmsg/include/dsrcmsg/msg/one_cim_tls_msg.hpp
[61.815s] -- Up-to-date symlink: /home/babangida/ros_ws/install/dsrcmsg/include/dsrcmsg/msg/rosidl_generator_cpp__visibility_control.hpp
[61.816s] -- Up-to-date symlink: /home/babangida/ros_ws/install/dsrcmsg/include/dsrcmsg/msg/traffic_lights_message.hpp
[61.817s] -- Up-to-date symlink: /home/babangida/ros_ws/install/dsrcmsg/include/dsrcmsg/msg/detail/dsrc_message__rosidl_typesupport_introspection_cpp.hpp
[61.830s] -- Up-to-date symlink: /home/babangida/ros_ws/install/dsrcmsg/include/dsrcmsg/msg/detail/intersection_bsm__rosidl_typesupport_introspection_cpp.hpp
[61.831s] -- Up-to-date symlink: /home/babangida/ros_ws/install/dsrcmsg/include/dsrcmsg/msg/detail/one_cim_keypoints__rosidl_typesupport_introspection_cpp.hpp
[61.831s] -- Up-to-date symlink: /home/babangida/ros_ws/install/dsrcmsg/include/dsrcmsg/msg/detail/one_cim_tls_msg__rosidl_typesupport_introspection_cpp.hpp
[61.832s] -- Up-to-date symlink: /home/babangida/ros_ws/install/dsrcmsg/include/dsrcmsg/msg/detail/traffic_lights_message__rosidl_typesupport_introspection_cpp.hpp
[61.832s] -- Up-to-date symlink: /home/babangida/ros_ws/install/dsrcmsg/share/dsrcmsg/environment/pythonpath.sh
[61.833s] -- Up-to-date symlink: /home/babangida/ros_ws/install/dsrcmsg/share/dsrcmsg/environment/pythonpath.dsv
[61.864s] -- Up-to-date symlink: /home/babangida/ros_ws/install/dsrcmsg/lib/python3.8/site-packages/dsrcmsg/__init__.py
[61.866s] -- Up-to-date symlink: /home/babangida/ros_ws/install/dsrcmsg/lib/python3.8/site-packages/dsrcmsg/msg/__init__.py
[61.884s] -- Up-to-date symlink: /home/babangida/ros_ws/install/dsrcmsg/lib/python3.8/site-packages/dsrcmsg/msg/_dsrc_message.py
[61.884s] -- Up-to-date symlink: /home/babangida/ros_ws/install/dsrcmsg/lib/python3.8/site-packages/dsrcmsg/msg/_intersection_bsm.py
[61.917s] -- Up-to-date symlink: /home/babangida/ros_ws/install/dsrcmsg/lib/python3.8/site-packages/dsrcmsg/msg/_one_cim_keypoints.py
[61.918s] -- Up-to-date symlink: /home/babangida/ros_ws/install/dsrcmsg/lib/python3.8/site-packages/dsrcmsg/msg/_one_cim_tls_msg.py
[61.934s] -- Up-to-date symlink: /home/babangida/ros_ws/install/dsrcmsg/lib/python3.8/site-packages/dsrcmsg/msg/_traffic_lights_message.py
[61.956s] -- Up-to-date symlink: /home/babangida/ros_ws/install/dsrcmsg/lib/python3.8/site-packages/dsrcmsg/dsrcmsg_s__rosidl_typesupport_fastrtps_c.cpython-38-x86_64-linux-gnu.so
[61.968s] -- Up-to-date symlink: /home/babangida/ros_ws/install/dsrcmsg/lib/python3.8/site-packages/dsrcmsg/dsrcmsg_s__rosidl_typesupport_introspection_c.cpython-38-x86_64-linux-gnu.so
[61.971s] -- Up-to-date symlink: /home/babangida/ros_ws/install/dsrcmsg/lib/python3.8/site-packages/dsrcmsg/dsrcmsg_s__rosidl_typesupport_c.cpython-38-x86_64-linux-gnu.so
[61.972s] -- Up-to-date symlink: /home/babangida/ros_ws/install/dsrcmsg/lib/libdsrcmsg__python.so
[61.978s] -- Up-to-date symlink: /home/babangida/ros_ws/install/dsrcmsg/share/dsrcmsg/msg/DSRCMessage.idl
[61.979s] -- Up-to-date symlink: /home/babangida/ros_ws/install/dsrcmsg/share/dsrcmsg/msg/IntersectionBSM.idl
[61.990s] -- Up-to-date symlink: /home/babangida/ros_ws/install/dsrcmsg/share/dsrcmsg/msg/TrafficLightsMessage.idl
[61.990s] -- Up-to-date symlink: /home/babangida/ros_ws/install/dsrcmsg/share/dsrcmsg/msg/OneCIMKeypoints.idl
[61.991s] -- Up-to-date symlink: /home/babangida/ros_ws/install/dsrcmsg/share/dsrcmsg/msg/OneCIMTlsMsg.idl
[61.991s] -- Up-to-date symlink: /home/babangida/ros_ws/install/dsrcmsg/share/dsrcmsg/msg/DSRCMessage.msg
[61.991s] -- Up-to-date symlink: /home/babangida/ros_ws/install/dsrcmsg/share/dsrcmsg/msg/IntersectionBSM.msg
[61.992s] -- Up-to-date symlink: /home/babangida/ros_ws/install/dsrcmsg/share/dsrcmsg/msg/TrafficLightsMessage.msg
[61.992s] -- Up-to-date symlink: /home/babangida/ros_ws/install/dsrcmsg/share/dsrcmsg/msg/OneCIMKeypoints.msg
[61.993s] -- Up-to-date symlink: /home/babangida/ros_ws/install/dsrcmsg/share/dsrcmsg/msg/OneCIMTlsMsg.msg
[61.993s] -- Up-to-date symlink: /home/babangida/ros_ws/install/dsrcmsg/share/ament_index/resource_index/package_run_dependencies/dsrcmsg
[61.994s] -- Up-to-date symlink: /home/babangida/ros_ws/install/dsrcmsg/share/ament_index/resource_index/parent_prefix_path/dsrcmsg
[61.994s] -- Up-to-date symlink: /home/babangida/ros_ws/install/dsrcmsg/share/dsrcmsg/environment/ament_prefix_path.sh
[61.994s] -- Up-to-date symlink: /home/babangida/ros_ws/install/dsrcmsg/share/dsrcmsg/environment/ament_prefix_path.dsv
[61.995s] -- Up-to-date symlink: /home/babangida/ros_ws/install/dsrcmsg/share/dsrcmsg/environment/path.sh
[61.995s] -- Up-to-date symlink: /home/babangida/ros_ws/install/dsrcmsg/share/dsrcmsg/environment/path.dsv
[61.995s] -- Up-to-date symlink: /home/babangida/ros_ws/install/dsrcmsg/share/dsrcmsg/local_setup.bash
[61.996s] -- Up-to-date symlink: /home/babangida/ros_ws/install/dsrcmsg/share/dsrcmsg/local_setup.sh
[61.996s] -- Up-to-date symlink: /home/babangida/ros_ws/install/dsrcmsg/share/dsrcmsg/local_setup.zsh
[61.997s] -- Up-to-date symlink: /home/babangida/ros_ws/install/dsrcmsg/share/dsrcmsg/local_setup.dsv
[61.997s] -- Symlinking: /home/babangida/ros_ws/install/dsrcmsg/share/dsrcmsg/package.dsv
[62.021s] -- Up-to-date symlink: /home/babangida/ros_ws/install/dsrcmsg/share/ament_index/resource_index/packages/dsrcmsg
[62.026s] -- Up-to-date symlink: /home/babangida/ros_ws/install/dsrcmsg/share/dsrcmsg/cmake/rosidl_cmake-extras.cmake
[62.045s] -- Up-to-date symlink: /home/babangida/ros_ws/install/dsrcmsg/share/dsrcmsg/cmake/ament_cmake_export_dependencies-extras.cmake
[62.045s] -- Up-to-date symlink: /home/babangida/ros_ws/install/dsrcmsg/share/dsrcmsg/cmake/ament_cmake_export_libraries-extras.cmake
[62.046s] -- Up-to-date symlink: /home/babangida/ros_ws/install/dsrcmsg/share/dsrcmsg/cmake/ament_cmake_export_targets-extras.cmake
[62.047s] -- Up-to-date symlink: /home/babangida/ros_ws/install/dsrcmsg/share/dsrcmsg/cmake/ament_cmake_export_include_directories-extras.cmake
[62.047s] -- Up-to-date symlink: /home/babangida/ros_ws/install/dsrcmsg/share/dsrcmsg/cmake/rosidl_cmake_export_typesupport_libraries-extras.cmake
[62.048s] -- Up-to-date symlink: /home/babangida/ros_ws/install/dsrcmsg/share/dsrcmsg/cmake/rosidl_cmake_export_typesupport_targets-extras.cmake
[62.055s] -- Up-to-date symlink: /home/babangida/ros_ws/install/dsrcmsg/share/dsrcmsg/cmake/dsrcmsgConfig.cmake
[62.055s] -- Up-to-date symlink: /home/babangida/ros_ws/install/dsrcmsg/share/dsrcmsg/cmake/dsrcmsgConfig-version.cmake
[62.056s] -- Up-to-date symlink: /home/babangida/ros_ws/install/dsrcmsg/share/dsrcmsg/package.xml
[62.069s] -- Installing: /home/babangida/ros_ws/install/dsrcmsg/lib/libdsrcmsg__rosidl_generator_c.so
[62.070s] -- Set runtime path of "/home/babangida/ros_ws/install/dsrcmsg/lib/libdsrcmsg__rosidl_generator_c.so" to ""
[62.071s] -- Installing: /home/babangida/ros_ws/install/dsrcmsg/lib/libdsrcmsg__rosidl_typesupport_introspection_c.so
[62.072s] -- Set runtime path of "/home/babangida/ros_ws/install/dsrcmsg/lib/libdsrcmsg__rosidl_typesupport_introspection_c.so" to ""
[62.073s] -- Installing: /home/babangida/ros_ws/install/dsrcmsg/lib/libdsrcmsg__rosidl_typesupport_c.so
[62.073s] -- Set runtime path of "/home/babangida/ros_ws/install/dsrcmsg/lib/libdsrcmsg__rosidl_typesupport_c.so" to ""
[62.208s] -- Installing: /home/babangida/ros_ws/install/dsrcmsg/lib/libdsrcmsg__rosidl_typesupport_introspection_cpp.so
[62.209s] -- Set runtime path of "/home/babangida/ros_ws/install/dsrcmsg/lib/libdsrcmsg__rosidl_typesupport_introspection_cpp.so" to ""
[62.210s] -- Installing: /home/babangida/ros_ws/install/dsrcmsg/lib/libdsrcmsg__rosidl_typesupport_cpp.so
[62.210s] -- Set runtime path of "/home/babangida/ros_ws/install/dsrcmsg/lib/libdsrcmsg__rosidl_typesupport_cpp.so" to ""
[62.301s] Compiling '/home/babangida/ros_ws/install/dsrcmsg/lib/python3.8/site-packages/dsrcmsg/__init__.py'...
[62.326s] -- Up-to-date: /home/babangida/ros_ws/install/dsrcmsg/share/dsrcmsg/cmake/dsrcmsg__rosidl_generator_cExport.cmake
[62.326s] -- Installing: /home/babangida/ros_ws/install/dsrcmsg/share/dsrcmsg/cmake/dsrcmsg__rosidl_generator_cExport-noconfig.cmake
[62.327s] -- Up-to-date: /home/babangida/ros_ws/install/dsrcmsg/share/dsrcmsg/cmake/dsrcmsg__rosidl_typesupport_introspection_cExport.cmake
[62.327s] -- Installing: /home/babangida/ros_ws/install/dsrcmsg/share/dsrcmsg/cmake/dsrcmsg__rosidl_typesupport_introspection_cExport-noconfig.cmake
[62.328s] -- Up-to-date: /home/babangida/ros_ws/install/dsrcmsg/share/dsrcmsg/cmake/dsrcmsg__rosidl_typesupport_cExport.cmake
[62.328s] -- Installing: /home/babangida/ros_ws/install/dsrcmsg/share/dsrcmsg/cmake/dsrcmsg__rosidl_typesupport_cExport-noconfig.cmake
[62.329s] -- Up-to-date: /home/babangida/ros_ws/install/dsrcmsg/share/dsrcmsg/cmake/dsrcmsg__rosidl_generator_cppExport.cmake
[62.329s] -- Up-to-date: /home/babangida/ros_ws/install/dsrcmsg/share/dsrcmsg/cmake/dsrcmsg__rosidl_typesupport_introspection_cppExport.cmake
[62.330s] -- Installing: /home/babangida/ros_ws/install/dsrcmsg/share/dsrcmsg/cmake/dsrcmsg__rosidl_typesupport_introspection_cppExport-noconfig.cmake
[62.330s] -- Up-to-date: /home/babangida/ros_ws/install/dsrcmsg/share/dsrcmsg/cmake/dsrcmsg__rosidl_typesupport_cppExport.cmake
[62.330s] -- Installing: /home/babangida/ros_ws/install/dsrcmsg/share/dsrcmsg/cmake/dsrcmsg__rosidl_typesupport_cppExport-noconfig.cmake
[62.333s] Invoked command in '/home/babangida/ros_ws/build/dsrcmsg' returned '0': CMAKE_PREFIX_PATH=${CMAKE_PREFIX_PATH}:/home/babangida/ros_ws/install/onecim:/home/babangida/ros_ws/install/cim:/home/babangida/ros_ws/install/reactivemethods:/opt/ros/foxy /usr/bin/cmake --install /home/babangida/ros_ws/build/dsrcmsg
