[  2%] Built target trafficrecord__cpp
[ 12%] Built target trafficrecord__rosidl_generator_c
[ 23%] Built target trafficrecord__rosidl_typesupport_introspection_cpp
[ 33%] Built target trafficrecord__rosidl_typesupport_fastrtps_cpp
[ 43%] Built target trafficrecord__rosidl_typesupport_introspection_c
[ 53%] Built target trafficrecord__rosidl_typesupport_cpp
[ 64%] Built target trafficrecord__rosidl_typesupport_c
[ 74%] Built target trafficrecord__rosidl_typesupport_fastrtps_c
[ 74%] Built target trafficrecord
[ 76%] Built target trafficrecord__py
[ 84%] Built target trafficrecord__python
[ 89%] Built target trafficrecord__rosidl_typesupport_introspection_c__pyext
[ 94%] Built target trafficrecord__rosidl_typesupport_c__pyext
[100%] Built target trafficrecord__rosidl_typesupport_fastrtps_c__pyext
-- Install configuration: ""
-- Up-to-date: /home/babangida/ros_ws/install/trafficrecord/share/ament_index/resource_index/rosidl_interfaces/trafficrecord
-- Up-to-date: /home/babangida/ros_ws/install/trafficrecord/include/trafficrecord
-- Up-to-date: /home/babangida/ros_ws/install/trafficrecord/include/trafficrecord/action
-- Up-to-date: /home/babangida/ros_ws/install/trafficrecord/include/trafficrecord/action/veh_wait_time.h
-- Up-to-date: /home/babangida/ros_ws/install/trafficrecord/include/trafficrecord/action/detail
-- Up-to-date: /home/babangida/ros_ws/install/trafficrecord/include/trafficrecord/action/detail/hybrid_cim__struct.h
-- Up-to-date: /home/babangida/ros_ws/install/trafficrecord/include/trafficrecord/action/detail/veh_wait_time__struct.h
-- Up-to-date: /home/babangida/ros_ws/install/trafficrecord/include/trafficrecord/action/detail/hybrid_cim__type_support.h
-- Up-to-date: /home/babangida/ros_ws/install/trafficrecord/include/trafficrecord/action/detail/hybrid_cim__functions.c
-- Up-to-date: /home/babangida/ros_ws/install/trafficrecord/include/trafficrecord/action/detail/veh_wait_time__type_support.h
-- Up-to-date: /home/babangida/ros_ws/install/trafficrecord/include/trafficrecord/action/detail/veh_wait_time__functions.c
-- Up-to-date: /home/babangida/ros_ws/install/trafficrecord/include/trafficrecord/action/detail/hybrid_cim__functions.h
-- Up-to-date: /home/babangida/ros_ws/install/trafficrecord/include/trafficrecord/action/detail/veh_wait_time__functions.h
-- Up-to-date: /home/babangida/ros_ws/install/trafficrecord/include/trafficrecord/action/hybrid_cim.h
-- Up-to-date: /home/babangida/ros_ws/install/trafficrecord/include/trafficrecord/msg
-- Up-to-date: /home/babangida/ros_ws/install/trafficrecord/include/trafficrecord/msg/rosidl_generator_c__visibility_control.h
-- Up-to-date: /home/babangida/ros_ws/install/trafficrecord/share/trafficrecord/environment/library_path.sh
-- Up-to-date: /home/babangida/ros_ws/install/trafficrecord/share/trafficrecord/environment/library_path.dsv
-- Up-to-date: /home/babangida/ros_ws/install/trafficrecord/lib/libtrafficrecord__rosidl_generator_c.so
-- Up-to-date: /home/babangida/ros_ws/install/trafficrecord/include/trafficrecord
-- Up-to-date: /home/babangida/ros_ws/install/trafficrecord/include/trafficrecord/action
-- Up-to-date: /home/babangida/ros_ws/install/trafficrecord/include/trafficrecord/action/detail
-- Up-to-date: /home/babangida/ros_ws/install/trafficrecord/include/trafficrecord/action/detail/hybrid_cim__rosidl_typesupport_fastrtps_c.h
-- Up-to-date: /home/babangida/ros_ws/install/trafficrecord/include/trafficrecord/action/detail/veh_wait_time__rosidl_typesupport_fastrtps_c.h
-- Up-to-date: /home/babangida/ros_ws/install/trafficrecord/include/trafficrecord/msg
-- Up-to-date: /home/babangida/ros_ws/install/trafficrecord/include/trafficrecord/msg/rosidl_typesupport_fastrtps_c__visibility_control.h
-- Up-to-date: /home/babangida/ros_ws/install/trafficrecord/lib/libtrafficrecord__rosidl_typesupport_fastrtps_c.so
-- Up-to-date: /home/babangida/ros_ws/install/trafficrecord/include/trafficrecord
-- Up-to-date: /home/babangida/ros_ws/install/trafficrecord/include/trafficrecord/action
-- Up-to-date: /home/babangida/ros_ws/install/trafficrecord/include/trafficrecord/action/detail
-- Up-to-date: /home/babangida/ros_ws/install/trafficrecord/include/trafficrecord/action/detail/dds_fastrtps
-- Up-to-date: /home/babangida/ros_ws/install/trafficrecord/include/trafficrecord/action/detail/veh_wait_time__rosidl_typesupport_fastrtps_cpp.hpp
-- Up-to-date: /home/babangida/ros_ws/install/trafficrecord/include/trafficrecord/action/detail/hybrid_cim__rosidl_typesupport_fastrtps_cpp.hpp
-- Up-to-date: /home/babangida/ros_ws/install/trafficrecord/include/trafficrecord/msg
-- Up-to-date: /home/babangida/ros_ws/install/trafficrecord/include/trafficrecord/msg/rosidl_typesupport_fastrtps_cpp__visibility_control.h
-- Up-to-date: /home/babangida/ros_ws/install/trafficrecord/lib/libtrafficrecord__rosidl_typesupport_fastrtps_cpp.so
-- Up-to-date: /home/babangida/ros_ws/install/trafficrecord/include/trafficrecord
-- Up-to-date: /home/babangida/ros_ws/install/trafficrecord/include/trafficrecord/action
-- Up-to-date: /home/babangida/ros_ws/install/trafficrecord/include/trafficrecord/action/detail
-- Up-to-date: /home/babangida/ros_ws/install/trafficrecord/include/trafficrecord/action/detail/veh_wait_time__rosidl_typesupport_introspection_c.h
-- Up-to-date: /home/babangida/ros_ws/install/trafficrecord/include/trafficrecord/action/detail/veh_wait_time__type_support.c
-- Up-to-date: /home/babangida/ros_ws/install/trafficrecord/include/trafficrecord/action/detail/hybrid_cim__type_support.c
-- Up-to-date: /home/babangida/ros_ws/install/trafficrecord/include/trafficrecord/action/detail/hybrid_cim__rosidl_typesupport_introspection_c.h
-- Up-to-date: /home/babangida/ros_ws/install/trafficrecord/include/trafficrecord/msg
-- Up-to-date: /home/babangida/ros_ws/install/trafficrecord/include/trafficrecord/msg/rosidl_typesupport_introspection_c__visibility_control.h
-- Up-to-date: /home/babangida/ros_ws/install/trafficrecord/lib/libtrafficrecord__rosidl_typesupport_introspection_c.so
-- Up-to-date: /home/babangida/ros_ws/install/trafficrecord/lib/libtrafficrecord__rosidl_typesupport_c.so
-- Up-to-date: /home/babangida/ros_ws/install/trafficrecord/include/trafficrecord
-- Up-to-date: /home/babangida/ros_ws/install/trafficrecord/include/trafficrecord/action
-- Up-to-date: /home/babangida/ros_ws/install/trafficrecord/include/trafficrecord/action/detail
-- Up-to-date: /home/babangida/ros_ws/install/trafficrecord/include/trafficrecord/action/detail/veh_wait_time__type_support.hpp
-- Up-to-date: /home/babangida/ros_ws/install/trafficrecord/include/trafficrecord/action/detail/veh_wait_time__struct.hpp
-- Up-to-date: /home/babangida/ros_ws/install/trafficrecord/include/trafficrecord/action/detail/veh_wait_time__builder.hpp
-- Up-to-date: /home/babangida/ros_ws/install/trafficrecord/include/trafficrecord/action/detail/veh_wait_time__traits.hpp
-- Up-to-date: /home/babangida/ros_ws/install/trafficrecord/include/trafficrecord/action/detail/hybrid_cim__struct.hpp
-- Up-to-date: /home/babangida/ros_ws/install/trafficrecord/include/trafficrecord/action/detail/hybrid_cim__builder.hpp
-- Up-to-date: /home/babangida/ros_ws/install/trafficrecord/include/trafficrecord/action/detail/hybrid_cim__traits.hpp
-- Up-to-date: /home/babangida/ros_ws/install/trafficrecord/include/trafficrecord/action/detail/hybrid_cim__type_support.hpp
-- Up-to-date: /home/babangida/ros_ws/install/trafficrecord/include/trafficrecord/action/hybrid_cim.hpp
-- Up-to-date: /home/babangida/ros_ws/install/trafficrecord/include/trafficrecord/action/veh_wait_time.hpp
-- Up-to-date: /home/babangida/ros_ws/install/trafficrecord/include/trafficrecord/msg
-- Up-to-date: /home/babangida/ros_ws/install/trafficrecord/include/trafficrecord/msg/rosidl_generator_cpp__visibility_control.hpp
-- Up-to-date: /home/babangida/ros_ws/install/trafficrecord/include/trafficrecord
-- Up-to-date: /home/babangida/ros_ws/install/trafficrecord/include/trafficrecord/action
-- Up-to-date: /home/babangida/ros_ws/install/trafficrecord/include/trafficrecord/action/detail
-- Up-to-date: /home/babangida/ros_ws/install/trafficrecord/include/trafficrecord/action/detail/veh_wait_time__type_support.cpp
-- Up-to-date: /home/babangida/ros_ws/install/trafficrecord/include/trafficrecord/action/detail/hybrid_cim__rosidl_typesupport_introspection_cpp.hpp
-- Up-to-date: /home/babangida/ros_ws/install/trafficrecord/include/trafficrecord/action/detail/hybrid_cim__type_support.cpp
-- Up-to-date: /home/babangida/ros_ws/install/trafficrecord/include/trafficrecord/action/detail/veh_wait_time__rosidl_typesupport_introspection_cpp.hpp
-- Up-to-date: /home/babangida/ros_ws/install/trafficrecord/lib/libtrafficrecord__rosidl_typesupport_introspection_cpp.so
-- Up-to-date: /home/babangida/ros_ws/install/trafficrecord/lib/libtrafficrecord__rosidl_typesupport_cpp.so
-- Up-to-date: /home/babangida/ros_ws/install/trafficrecord/share/trafficrecord/environment/pythonpath.sh
-- Up-to-date: /home/babangida/ros_ws/install/trafficrecord/share/trafficrecord/environment/pythonpath.dsv
-- Up-to-date: /home/babangida/ros_ws/install/trafficrecord/lib/python3.8/site-packages/trafficrecord/__init__.py
-- Up-to-date: /home/babangida/ros_ws/install/trafficrecord/lib/python3.8/site-packages/trafficrecord/action
-- Up-to-date: /home/babangida/ros_ws/install/trafficrecord/lib/python3.8/site-packages/trafficrecord/action/__init__.py
-- Up-to-date: /home/babangida/ros_ws/install/trafficrecord/lib/python3.8/site-packages/trafficrecord/action/_veh_wait_time.py
-- Up-to-date: /home/babangida/ros_ws/install/trafficrecord/lib/python3.8/site-packages/trafficrecord/action/_hybrid_cim.py
-- Up-to-date: /home/babangida/ros_ws/install/trafficrecord/lib/python3.8/site-packages/trafficrecord/action/_hybrid_cim_s.c
-- Up-to-date: /home/babangida/ros_ws/install/trafficrecord/lib/python3.8/site-packages/trafficrecord/action/_veh_wait_time_s.c
-- Up-to-date: /home/babangida/ros_ws/install/trafficrecord/lib/python3.8/site-packages/trafficrecord/trafficrecord_s__rosidl_typesupport_fastrtps_c.cpython-38-x86_64-linux-gnu.so
-- Up-to-date: /home/babangida/ros_ws/install/trafficrecord/lib/python3.8/site-packages/trafficrecord/trafficrecord_s__rosidl_typesupport_introspection_c.cpython-38-x86_64-linux-gnu.so
-- Up-to-date: /home/babangida/ros_ws/install/trafficrecord/lib/python3.8/site-packages/trafficrecord/trafficrecord_s__rosidl_typesupport_c.cpython-38-x86_64-linux-gnu.so
-- Up-to-date: /home/babangida/ros_ws/install/trafficrecord/lib/libtrafficrecord__python.so
-- Up-to-date: /home/babangida/ros_ws/install/trafficrecord/share/trafficrecord/action/VehWaitTime.idl
-- Up-to-date: /home/babangida/ros_ws/install/trafficrecord/share/trafficrecord/action/HybridCIM.idl
-- Up-to-date: /home/babangida/ros_ws/install/trafficrecord/share/trafficrecord/action/VehWaitTime.action
-- Up-to-date: /home/babangida/ros_ws/install/trafficrecord/share/trafficrecord/action/HybridCIM.action
-- Up-to-date: /home/babangida/ros_ws/install/trafficrecord/share/ament_index/resource_index/package_run_dependencies/trafficrecord
-- Up-to-date: /home/babangida/ros_ws/install/trafficrecord/share/ament_index/resource_index/parent_prefix_path/trafficrecord
-- Up-to-date: /home/babangida/ros_ws/install/trafficrecord/share/trafficrecord/environment/ament_prefix_path.sh
-- Up-to-date: /home/babangida/ros_ws/install/trafficrecord/share/trafficrecord/environment/ament_prefix_path.dsv
-- Up-to-date: /home/babangida/ros_ws/install/trafficrecord/share/trafficrecord/environment/path.sh
-- Up-to-date: /home/babangida/ros_ws/install/trafficrecord/share/trafficrecord/environment/path.dsv
-- Up-to-date: /home/babangida/ros_ws/install/trafficrecord/share/trafficrecord/local_setup.bash
-- Up-to-date: /home/babangida/ros_ws/install/trafficrecord/share/trafficrecord/local_setup.sh
-- Up-to-date: /home/babangida/ros_ws/install/trafficrecord/share/trafficrecord/local_setup.zsh
-- Up-to-date: /home/babangida/ros_ws/install/trafficrecord/share/trafficrecord/local_setup.dsv
-- Installing: /home/babangida/ros_ws/install/trafficrecord/share/trafficrecord/package.dsv
-- Up-to-date: /home/babangida/ros_ws/install/trafficrecord/share/ament_index/resource_index/packages/trafficrecord
-- Up-to-date: /home/babangida/ros_ws/install/trafficrecord/share/trafficrecord/cmake/trafficrecord__rosidl_generator_cExport.cmake
-- Up-to-date: /home/babangida/ros_ws/install/trafficrecord/share/trafficrecord/cmake/trafficrecord__rosidl_generator_cExport-noconfig.cmake
-- Up-to-date: /home/babangida/ros_ws/install/trafficrecord/share/trafficrecord/cmake/trafficrecord__rosidl_typesupport_introspection_cExport.cmake
-- Up-to-date: /home/babangida/ros_ws/install/trafficrecord/share/trafficrecord/cmake/trafficrecord__rosidl_typesupport_introspection_cExport-noconfig.cmake
-- Up-to-date: /home/babangida/ros_ws/install/trafficrecord/share/trafficrecord/cmake/trafficrecord__rosidl_typesupport_cExport.cmake
-- Up-to-date: /home/babangida/ros_ws/install/trafficrecord/share/trafficrecord/cmake/trafficrecord__rosidl_typesupport_cExport-noconfig.cmake
-- Up-to-date: /home/babangida/ros_ws/install/trafficrecord/share/trafficrecord/cmake/trafficrecord__rosidl_generator_cppExport.cmake
-- Up-to-date: /home/babangida/ros_ws/install/trafficrecord/share/trafficrecord/cmake/trafficrecord__rosidl_typesupport_introspection_cppExport.cmake
-- Up-to-date: /home/babangida/ros_ws/install/trafficrecord/share/trafficrecord/cmake/trafficrecord__rosidl_typesupport_introspection_cppExport-noconfig.cmake
-- Up-to-date: /home/babangida/ros_ws/install/trafficrecord/share/trafficrecord/cmake/trafficrecord__rosidl_typesupport_cppExport.cmake
-- Up-to-date: /home/babangida/ros_ws/install/trafficrecord/share/trafficrecord/cmake/trafficrecord__rosidl_typesupport_cppExport-noconfig.cmake
-- Up-to-date: /home/babangida/ros_ws/install/trafficrecord/share/trafficrecord/cmake/rosidl_cmake-extras.cmake
-- Up-to-date: /home/babangida/ros_ws/install/trafficrecord/share/trafficrecord/cmake/ament_cmake_export_dependencies-extras.cmake
-- Up-to-date: /home/babangida/ros_ws/install/trafficrecord/share/trafficrecord/cmake/ament_cmake_export_libraries-extras.cmake
-- Up-to-date: /home/babangida/ros_ws/install/trafficrecord/share/trafficrecord/cmake/ament_cmake_export_targets-extras.cmake
-- Up-to-date: /home/babangida/ros_ws/install/trafficrecord/share/trafficrecord/cmake/ament_cmake_export_include_directories-extras.cmake
-- Up-to-date: /home/babangida/ros_ws/install/trafficrecord/share/trafficrecord/cmake/rosidl_cmake_export_typesupport_libraries-extras.cmake
-- Up-to-date: /home/babangida/ros_ws/install/trafficrecord/share/trafficrecord/cmake/rosidl_cmake_export_typesupport_targets-extras.cmake
-- Up-to-date: /home/babangida/ros_ws/install/trafficrecord/share/trafficrecord/cmake/trafficrecordConfig.cmake
-- Up-to-date: /home/babangida/ros_ws/install/trafficrecord/share/trafficrecord/cmake/trafficrecordConfig-version.cmake
-- Up-to-date: /home/babangida/ros_ws/install/trafficrecord/share/trafficrecord/package.xml
