[0.196s] Invoking command in '/home/babangida/ros_ws/build/trafficrecord': CMAKE_PREFIX_PATH=${CMAKE_PREFIX_PATH}:/home/babangida/ros_ws/install/cim:/home/babangida/ros_ws/install/reactivemethods:/opt/ros/foxy /usr/bin/cmake --build /home/babangida/ros_ws/build/trafficrecord -- -j8 -l8
[0.250s] [  2%] Built target trafficrecord__cpp
[0.256s] [ 12%] Built target trafficrecord__rosidl_generator_c
[0.289s] [ 23%] Built target trafficrecord__rosidl_typesupport_introspection_cpp
[0.291s] [ 33%] Built target trafficrecord__rosidl_typesupport_fastrtps_cpp
[0.292s] [ 43%] Built target trafficrecord__rosidl_typesupport_introspection_c
[0.294s] [ 53%] Built target trafficrecord__rosidl_typesupport_cpp
[0.300s] [ 64%] Built target trafficrecord__rosidl_typesupport_c
[0.349s] [ 74%] Built target trafficrecord__rosidl_typesupport_fastrtps_c
[0.380s] [ 74%] Built target trafficrecord
[0.401s] [ 76%] Built target trafficrecord__py
[0.423s] [ 84%] Built target trafficrecord__python
[0.453s] [ 89%] Built target trafficrecord__rosidl_typesupport_introspection_c__pyext
[0.458s] [ 94%] Built target trafficrecord__rosidl_typesupport_c__pyext
[0.460s] [100%] Built target trafficrecord__rosidl_typesupport_fastrtps_c__pyext
[0.471s] Invoked command in '/home/babangida/ros_ws/build/trafficrecord' returned '0': CMAKE_PREFIX_PATH=${CMAKE_PREFIX_PATH}:/home/babangida/ros_ws/install/cim:/home/babangida/ros_ws/install/reactivemethods:/opt/ros/foxy /usr/bin/cmake --build /home/babangida/ros_ws/build/trafficrecord -- -j8 -l8
[0.542s] Invoking command in '/home/babangida/ros_ws/build/trafficrecord': CMAKE_PREFIX_PATH=${CMAKE_PREFIX_PATH}:/home/babangida/ros_ws/install/cim:/home/babangida/ros_ws/install/reactivemethods:/opt/ros/foxy /usr/bin/cmake --install /home/babangida/ros_ws/build/trafficrecord
[0.551s] -- Install configuration: ""
[0.551s] -- Up-to-date: /home/babangida/ros_ws/install/trafficrecord/share/ament_index/resource_index/rosidl_interfaces/trafficrecord
[0.551s] -- Up-to-date: /home/babangida/ros_ws/install/trafficrecord/include/trafficrecord
[0.552s] -- Up-to-date: /home/babangida/ros_ws/install/trafficrecord/include/trafficrecord/action
[0.552s] -- Up-to-date: /home/babangida/ros_ws/install/trafficrecord/include/trafficrecord/action/veh_wait_time.h
[0.552s] -- Up-to-date: /home/babangida/ros_ws/install/trafficrecord/include/trafficrecord/action/detail
[0.552s] -- Up-to-date: /home/babangida/ros_ws/install/trafficrecord/include/trafficrecord/action/detail/hybrid_cim__struct.h
[0.552s] -- Up-to-date: /home/babangida/ros_ws/install/trafficrecord/include/trafficrecord/action/detail/veh_wait_time__struct.h
[0.552s] -- Up-to-date: /home/babangida/ros_ws/install/trafficrecord/include/trafficrecord/action/detail/hybrid_cim__type_support.h
[0.552s] -- Up-to-date: /home/babangida/ros_ws/install/trafficrecord/include/trafficrecord/action/detail/hybrid_cim__functions.c
[0.552s] -- Up-to-date: /home/babangida/ros_ws/install/trafficrecord/include/trafficrecord/action/detail/veh_wait_time__type_support.h
[0.552s] -- Up-to-date: /home/babangida/ros_ws/install/trafficrecord/include/trafficrecord/action/detail/veh_wait_time__functions.c
[0.552s] -- Up-to-date: /home/babangida/ros_ws/install/trafficrecord/include/trafficrecord/action/detail/hybrid_cim__functions.h
[0.552s] -- Up-to-date: /home/babangida/ros_ws/install/trafficrecord/include/trafficrecord/action/detail/veh_wait_time__functions.h
[0.553s] -- Up-to-date: /home/babangida/ros_ws/install/trafficrecord/include/trafficrecord/action/hybrid_cim.h
[0.553s] -- Up-to-date: /home/babangida/ros_ws/install/trafficrecord/include/trafficrecord/msg
[0.553s] -- Up-to-date: /home/babangida/ros_ws/install/trafficrecord/include/trafficrecord/msg/rosidl_generator_c__visibility_control.h
[0.553s] -- Up-to-date: /home/babangida/ros_ws/install/trafficrecord/share/trafficrecord/environment/library_path.sh
[0.554s] -- Up-to-date: /home/babangida/ros_ws/install/trafficrecord/share/trafficrecord/environment/library_path.dsv
[0.554s] -- Up-to-date: /home/babangida/ros_ws/install/trafficrecord/lib/libtrafficrecord__rosidl_generator_c.so
[0.554s] -- Up-to-date: /home/babangida/ros_ws/install/trafficrecord/include/trafficrecord
[0.555s] -- Up-to-date: /home/babangida/ros_ws/install/trafficrecord/include/trafficrecord/action
[0.555s] -- Up-to-date: /home/babangida/ros_ws/install/trafficrecord/include/trafficrecord/action/detail
[0.555s] -- Up-to-date: /home/babangida/ros_ws/install/trafficrecord/include/trafficrecord/action/detail/hybrid_cim__rosidl_typesupport_fastrtps_c.h
[0.555s] -- Up-to-date: /home/babangida/ros_ws/install/trafficrecord/include/trafficrecord/action/detail/veh_wait_time__rosidl_typesupport_fastrtps_c.h
[0.555s] -- Up-to-date: /home/babangida/ros_ws/install/trafficrecord/include/trafficrecord/msg
[0.555s] -- Up-to-date: /home/babangida/ros_ws/install/trafficrecord/include/trafficrecord/msg/rosidl_typesupport_fastrtps_c__visibility_control.h
[0.555s] -- Up-to-date: /home/babangida/ros_ws/install/trafficrecord/lib/libtrafficrecord__rosidl_typesupport_fastrtps_c.so
[0.556s] -- Up-to-date: /home/babangida/ros_ws/install/trafficrecord/include/trafficrecord
[0.556s] -- Up-to-date: /home/babangida/ros_ws/install/trafficrecord/include/trafficrecord/action
[0.556s] -- Up-to-date: /home/babangida/ros_ws/install/trafficrecord/include/trafficrecord/action/detail
[0.556s] -- Up-to-date: /home/babangida/ros_ws/install/trafficrecord/include/trafficrecord/action/detail/dds_fastrtps
[0.556s] -- Up-to-date: /home/babangida/ros_ws/install/trafficrecord/include/trafficrecord/action/detail/veh_wait_time__rosidl_typesupport_fastrtps_cpp.hpp
[0.556s] -- Up-to-date: /home/babangida/ros_ws/install/trafficrecord/include/trafficrecord/action/detail/hybrid_cim__rosidl_typesupport_fastrtps_cpp.hpp
[0.556s] -- Up-to-date: /home/babangida/ros_ws/install/trafficrecord/include/trafficrecord/msg
[0.556s] -- Up-to-date: /home/babangida/ros_ws/install/trafficrecord/include/trafficrecord/msg/rosidl_typesupport_fastrtps_cpp__visibility_control.h
[0.557s] -- Up-to-date: /home/babangida/ros_ws/install/trafficrecord/lib/libtrafficrecord__rosidl_typesupport_fastrtps_cpp.so
[0.557s] -- Up-to-date: /home/babangida/ros_ws/install/trafficrecord/include/trafficrecord
[0.557s] -- Up-to-date: /home/babangida/ros_ws/install/trafficrecord/include/trafficrecord/action
[0.557s] -- Up-to-date: /home/babangida/ros_ws/install/trafficrecord/include/trafficrecord/action/detail
[0.557s] -- Up-to-date: /home/babangida/ros_ws/install/trafficrecord/include/trafficrecord/action/detail/veh_wait_time__rosidl_typesupport_introspection_c.h
[0.558s] -- Up-to-date: /home/babangida/ros_ws/install/trafficrecord/include/trafficrecord/action/detail/veh_wait_time__type_support.c
[0.558s] -- Up-to-date: /home/babangida/ros_ws/install/trafficrecord/include/trafficrecord/action/detail/hybrid_cim__type_support.c
[0.558s] -- Up-to-date: /home/babangida/ros_ws/install/trafficrecord/include/trafficrecord/action/detail/hybrid_cim__rosidl_typesupport_introspection_c.h
[0.559s] -- Up-to-date: /home/babangida/ros_ws/install/trafficrecord/include/trafficrecord/msg
[0.559s] -- Up-to-date: /home/babangida/ros_ws/install/trafficrecord/include/trafficrecord/msg/rosidl_typesupport_introspection_c__visibility_control.h
[0.559s] -- Up-to-date: /home/babangida/ros_ws/install/trafficrecord/lib/libtrafficrecord__rosidl_typesupport_introspection_c.so
[0.560s] -- Up-to-date: /home/babangida/ros_ws/install/trafficrecord/lib/libtrafficrecord__rosidl_typesupport_c.so
[0.560s] -- Up-to-date: /home/babangida/ros_ws/install/trafficrecord/include/trafficrecord
[0.560s] -- Up-to-date: /home/babangida/ros_ws/install/trafficrecord/include/trafficrecord/action
[0.560s] -- Up-to-date: /home/babangida/ros_ws/install/trafficrecord/include/trafficrecord/action/detail
[0.560s] -- Up-to-date: /home/babangida/ros_ws/install/trafficrecord/include/trafficrecord/action/detail/veh_wait_time__type_support.hpp
[0.560s] -- Up-to-date: /home/babangida/ros_ws/install/trafficrecord/include/trafficrecord/action/detail/veh_wait_time__struct.hpp
[0.561s] -- Up-to-date: /home/babangida/ros_ws/install/trafficrecord/include/trafficrecord/action/detail/veh_wait_time__builder.hpp
[0.561s] -- Up-to-date: /home/babangida/ros_ws/install/trafficrecord/include/trafficrecord/action/detail/veh_wait_time__traits.hpp
[0.561s] -- Up-to-date: /home/babangida/ros_ws/install/trafficrecord/include/trafficrecord/action/detail/hybrid_cim__struct.hpp
[0.561s] -- Up-to-date: /home/babangida/ros_ws/install/trafficrecord/include/trafficrecord/action/detail/hybrid_cim__builder.hpp
[0.561s] -- Up-to-date: /home/babangida/ros_ws/install/trafficrecord/include/trafficrecord/action/detail/hybrid_cim__traits.hpp
[0.561s] -- Up-to-date: /home/babangida/ros_ws/install/trafficrecord/include/trafficrecord/action/detail/hybrid_cim__type_support.hpp
[0.561s] -- Up-to-date: /home/babangida/ros_ws/install/trafficrecord/include/trafficrecord/action/hybrid_cim.hpp
[0.561s] -- Up-to-date: /home/babangida/ros_ws/install/trafficrecord/include/trafficrecord/action/veh_wait_time.hpp
[0.561s] -- Up-to-date: /home/babangida/ros_ws/install/trafficrecord/include/trafficrecord/msg
[0.561s] -- Up-to-date: /home/babangida/ros_ws/install/trafficrecord/include/trafficrecord/msg/rosidl_generator_cpp__visibility_control.hpp
[0.562s] -- Up-to-date: /home/babangida/ros_ws/install/trafficrecord/include/trafficrecord
[0.562s] -- Up-to-date: /home/babangida/ros_ws/install/trafficrecord/include/trafficrecord/action
[0.562s] -- Up-to-date: /home/babangida/ros_ws/install/trafficrecord/include/trafficrecord/action/detail
[0.562s] -- Up-to-date: /home/babangida/ros_ws/install/trafficrecord/include/trafficrecord/action/detail/veh_wait_time__type_support.cpp
[0.562s] -- Up-to-date: /home/babangida/ros_ws/install/trafficrecord/include/trafficrecord/action/detail/hybrid_cim__rosidl_typesupport_introspection_cpp.hpp
[0.562s] -- Up-to-date: /home/babangida/ros_ws/install/trafficrecord/include/trafficrecord/action/detail/hybrid_cim__type_support.cpp
[0.563s] -- Up-to-date: /home/babangida/ros_ws/install/trafficrecord/include/trafficrecord/action/detail/veh_wait_time__rosidl_typesupport_introspection_cpp.hpp
[0.563s] -- Up-to-date: /home/babangida/ros_ws/install/trafficrecord/lib/libtrafficrecord__rosidl_typesupport_introspection_cpp.so
[0.563s] -- Up-to-date: /home/babangida/ros_ws/install/trafficrecord/lib/libtrafficrecord__rosidl_typesupport_cpp.so
[0.563s] -- Up-to-date: /home/babangida/ros_ws/install/trafficrecord/share/trafficrecord/environment/pythonpath.sh
[0.563s] -- Up-to-date: /home/babangida/ros_ws/install/trafficrecord/share/trafficrecord/environment/pythonpath.dsv
[0.563s] -- Up-to-date: /home/babangida/ros_ws/install/trafficrecord/lib/python3.8/site-packages/trafficrecord/__init__.py
[0.595s] -- Up-to-date: /home/babangida/ros_ws/install/trafficrecord/lib/python3.8/site-packages/trafficrecord/action
[0.595s] -- Up-to-date: /home/babangida/ros_ws/install/trafficrecord/lib/python3.8/site-packages/trafficrecord/action/__init__.py
[0.595s] -- Up-to-date: /home/babangida/ros_ws/install/trafficrecord/lib/python3.8/site-packages/trafficrecord/action/_veh_wait_time.py
[0.595s] -- Up-to-date: /home/babangida/ros_ws/install/trafficrecord/lib/python3.8/site-packages/trafficrecord/action/_hybrid_cim.py
[0.595s] -- Up-to-date: /home/babangida/ros_ws/install/trafficrecord/lib/python3.8/site-packages/trafficrecord/action/_hybrid_cim_s.c
[0.595s] -- Up-to-date: /home/babangida/ros_ws/install/trafficrecord/lib/python3.8/site-packages/trafficrecord/action/_veh_wait_time_s.c
[0.595s] -- Up-to-date: /home/babangida/ros_ws/install/trafficrecord/lib/python3.8/site-packages/trafficrecord/trafficrecord_s__rosidl_typesupport_fastrtps_c.cpython-38-x86_64-linux-gnu.so
[0.596s] -- Up-to-date: /home/babangida/ros_ws/install/trafficrecord/lib/python3.8/site-packages/trafficrecord/trafficrecord_s__rosidl_typesupport_introspection_c.cpython-38-x86_64-linux-gnu.so
[0.596s] -- Up-to-date: /home/babangida/ros_ws/install/trafficrecord/lib/python3.8/site-packages/trafficrecord/trafficrecord_s__rosidl_typesupport_c.cpython-38-x86_64-linux-gnu.so
[0.597s] -- Up-to-date: /home/babangida/ros_ws/install/trafficrecord/lib/libtrafficrecord__python.so
[0.597s] -- Up-to-date: /home/babangida/ros_ws/install/trafficrecord/share/trafficrecord/action/VehWaitTime.idl
[0.597s] -- Up-to-date: /home/babangida/ros_ws/install/trafficrecord/share/trafficrecord/action/HybridCIM.idl
[0.597s] -- Up-to-date: /home/babangida/ros_ws/install/trafficrecord/share/trafficrecord/action/VehWaitTime.action
[0.598s] -- Up-to-date: /home/babangida/ros_ws/install/trafficrecord/share/trafficrecord/action/HybridCIM.action
[0.598s] -- Up-to-date: /home/babangida/ros_ws/install/trafficrecord/share/ament_index/resource_index/package_run_dependencies/trafficrecord
[0.598s] -- Up-to-date: /home/babangida/ros_ws/install/trafficrecord/share/ament_index/resource_index/parent_prefix_path/trafficrecord
[0.598s] -- Up-to-date: /home/babangida/ros_ws/install/trafficrecord/share/trafficrecord/environment/ament_prefix_path.sh
[0.598s] -- Up-to-date: /home/babangida/ros_ws/install/trafficrecord/share/trafficrecord/environment/ament_prefix_path.dsv
[0.598s] -- Up-to-date: /home/babangida/ros_ws/install/trafficrecord/share/trafficrecord/environment/path.sh
[0.599s] -- Up-to-date: /home/babangida/ros_ws/install/trafficrecord/share/trafficrecord/environment/path.dsv
[0.599s] -- Up-to-date: /home/babangida/ros_ws/install/trafficrecord/share/trafficrecord/local_setup.bash
[0.599s] -- Up-to-date: /home/babangida/ros_ws/install/trafficrecord/share/trafficrecord/local_setup.sh
[0.599s] -- Up-to-date: /home/babangida/ros_ws/install/trafficrecord/share/trafficrecord/local_setup.zsh
[0.599s] -- Up-to-date: /home/babangida/ros_ws/install/trafficrecord/share/trafficrecord/local_setup.dsv
[0.600s] -- Installing: /home/babangida/ros_ws/install/trafficrecord/share/trafficrecord/package.dsv
[0.600s] -- Up-to-date: /home/babangida/ros_ws/install/trafficrecord/share/ament_index/resource_index/packages/trafficrecord
[0.600s] -- Up-to-date: /home/babangida/ros_ws/install/trafficrecord/share/trafficrecord/cmake/trafficrecord__rosidl_generator_cExport.cmake
[0.600s] -- Up-to-date: /home/babangida/ros_ws/install/trafficrecord/share/trafficrecord/cmake/trafficrecord__rosidl_generator_cExport-noconfig.cmake
[0.600s] -- Up-to-date: /home/babangida/ros_ws/install/trafficrecord/share/trafficrecord/cmake/trafficrecord__rosidl_typesupport_introspection_cExport.cmake
[0.600s] -- Up-to-date: /home/babangida/ros_ws/install/trafficrecord/share/trafficrecord/cmake/trafficrecord__rosidl_typesupport_introspection_cExport-noconfig.cmake
[0.600s] -- Up-to-date: /home/babangida/ros_ws/install/trafficrecord/share/trafficrecord/cmake/trafficrecord__rosidl_typesupport_cExport.cmake
[0.601s] -- Up-to-date: /home/babangida/ros_ws/install/trafficrecord/share/trafficrecord/cmake/trafficrecord__rosidl_typesupport_cExport-noconfig.cmake
[0.601s] -- Up-to-date: /home/babangida/ros_ws/install/trafficrecord/share/trafficrecord/cmake/trafficrecord__rosidl_generator_cppExport.cmake
[0.601s] -- Up-to-date: /home/babangida/ros_ws/install/trafficrecord/share/trafficrecord/cmake/trafficrecord__rosidl_typesupport_introspection_cppExport.cmake
[0.601s] -- Up-to-date: /home/babangida/ros_ws/install/trafficrecord/share/trafficrecord/cmake/trafficrecord__rosidl_typesupport_introspection_cppExport-noconfig.cmake
[0.601s] -- Up-to-date: /home/babangida/ros_ws/install/trafficrecord/share/trafficrecord/cmake/trafficrecord__rosidl_typesupport_cppExport.cmake
[0.602s] -- Up-to-date: /home/babangida/ros_ws/install/trafficrecord/share/trafficrecord/cmake/trafficrecord__rosidl_typesupport_cppExport-noconfig.cmake
[0.602s] -- Up-to-date: /home/babangida/ros_ws/install/trafficrecord/share/trafficrecord/cmake/rosidl_cmake-extras.cmake
[0.602s] -- Up-to-date: /home/babangida/ros_ws/install/trafficrecord/share/trafficrecord/cmake/ament_cmake_export_dependencies-extras.cmake
[0.602s] -- Up-to-date: /home/babangida/ros_ws/install/trafficrecord/share/trafficrecord/cmake/ament_cmake_export_libraries-extras.cmake
[0.602s] -- Up-to-date: /home/babangida/ros_ws/install/trafficrecord/share/trafficrecord/cmake/ament_cmake_export_targets-extras.cmake
[0.603s] -- Up-to-date: /home/babangida/ros_ws/install/trafficrecord/share/trafficrecord/cmake/ament_cmake_export_include_directories-extras.cmake
[0.603s] -- Up-to-date: /home/babangida/ros_ws/install/trafficrecord/share/trafficrecord/cmake/rosidl_cmake_export_typesupport_libraries-extras.cmake
[0.603s] -- Up-to-date: /home/babangida/ros_ws/install/trafficrecord/share/trafficrecord/cmake/rosidl_cmake_export_typesupport_targets-extras.cmake
[0.603s] -- Up-to-date: /home/babangida/ros_ws/install/trafficrecord/share/trafficrecord/cmake/trafficrecordConfig.cmake
[0.604s] -- Up-to-date: /home/babangida/ros_ws/install/trafficrecord/share/trafficrecord/cmake/trafficrecordConfig-version.cmake
[0.604s] -- Up-to-date: /home/babangida/ros_ws/install/trafficrecord/share/trafficrecord/package.xml
[0.604s] Invoked command in '/home/babangida/ros_ws/build/trafficrecord' returned '0': CMAKE_PREFIX_PATH=${CMAKE_PREFIX_PATH}:/home/babangida/ros_ws/install/cim:/home/babangida/ros_ws/install/reactivemethods:/opt/ros/foxy /usr/bin/cmake --install /home/babangida/ros_ws/build/trafficrecord
