[4.018s] Invoking command in '/home/babangida/ros_ws/build/onecim': PYTHONPATH=/home/babangida/ros_ws/build/onecim/prefix_override:/home/babangida/ros_ws/install/onecim/lib/python3.8/site-packages:/home/babangida/ros_ws/install/trafficrecord/lib/python3.8/site-packages:/home/babangida/ros_ws/install/dsrcmsg/lib/python3.8/site-packages:/home/babangida/ros_ws/build/onecim:/home/babangida/ros_ws/install/onecim/lib/python3.8/site-packages:/home/babangida/ros_ws/install/cim/lib/python3.8/site-packages:/home/babangida/ros_ws/build/reactivemethods:/home/babangida/ros_ws/install/reactivemethods/lib/python3.8/site-packages:/opt/ros/foxy/lib/python3.8/site-packages /usr/bin/python3 setup.py develop --editable --build-directory /home/babangida/ros_ws/build/onecim/build --no-deps install_data
[4.583s] running develop
[4.908s] running egg_info
[4.909s] writing onecim.egg-info/PKG-INFO
[4.909s] writing dependency_links to onecim.egg-info/dependency_links.txt
[4.910s] writing entry points to onecim.egg-info/entry_points.txt
[4.911s] writing requirements to onecim.egg-info/requires.txt
[4.911s] writing top-level names to onecim.egg-info/top_level.txt
[4.993s] reading manifest file 'onecim.egg-info/SOURCES.txt'
[4.996s] writing manifest file 'onecim.egg-info/SOURCES.txt'
[5.069s] running build_ext
[5.070s] Creating /home/babangida/ros_ws/install/onecim/lib/python3.8/site-packages/onecim.egg-link (link to .)
[5.073s] Installing ewfiscim script to /home/babangida/ros_ws/install/onecim/lib/onecim
[5.073s] Installing fisonecimlooptls script to /home/babangida/ros_ws/install/onecim/lib/onecim
[5.074s] Installing fisonecimtls script to /home/babangida/ros_ws/install/onecim/lib/onecim
[5.075s] Installing genveh script to /home/babangida/ros_ws/install/onecim/lib/onecim
[5.075s] Installing onecimew script to /home/babangida/ros_ws/install/onecim/lib/onecim
[5.076s] Installing onecimloopew script to /home/babangida/ros_ws/install/onecim/lib/onecim
[5.076s] Installing onecimloopsn script to /home/babangida/ros_ws/install/onecim/lib/onecim
[5.077s] Installing onecimloopstatictls script to /home/babangida/ros_ws/install/onecim/lib/onecim
[5.078s] Installing onecimlooptls script to /home/babangida/ros_ws/install/onecim/lib/onecim
[5.079s] Installing onecimsn script to /home/babangida/ros_ws/install/onecim/lib/onecim
[5.079s] Installing onecimtls script to /home/babangida/ros_ws/install/onecim/lib/onecim
[5.080s] Installing playde script to /home/babangida/ros_ws/install/onecim/lib/onecim
[5.080s] Installing playpp script to /home/babangida/ros_ws/install/onecim/lib/onecim
[5.081s] Installing rectraffic script to /home/babangida/ros_ws/install/onecim/lib/onecim
[5.081s] Installing simspeed script to /home/babangida/ros_ws/install/onecim/lib/onecim
[5.082s] Installing snfiscim script to /home/babangida/ros_ws/install/onecim/lib/onecim
[5.082s] Installing veh script to /home/babangida/ros_ws/install/onecim/lib/onecim
[5.083s] Installing wypts script to /home/babangida/ros_ws/install/onecim/lib/onecim
[5.084s] 
[5.084s] Installed /home/babangida/ros_ws/build/onecim
[5.084s] running install_data
[5.156s] Invoked command in '/home/babangida/ros_ws/build/onecim' returned '0': PYTHONPATH=/home/babangida/ros_ws/build/onecim/prefix_override:/home/babangida/ros_ws/install/onecim/lib/python3.8/site-packages:/home/babangida/ros_ws/install/trafficrecord/lib/python3.8/site-packages:/home/babangida/ros_ws/install/dsrcmsg/lib/python3.8/site-packages:/home/babangida/ros_ws/build/onecim:/home/babangida/ros_ws/install/onecim/lib/python3.8/site-packages:/home/babangida/ros_ws/install/cim/lib/python3.8/site-packages:/home/babangida/ros_ws/build/reactivemethods:/home/babangida/ros_ws/install/reactivemethods/lib/python3.8/site-packages:/opt/ros/foxy/lib/python3.8/site-packages /usr/bin/python3 setup.py develop --editable --build-directory /home/babangida/ros_ws/build/onecim/build --no-deps install_data
