[2.990s] Invoking command in '/home/babangida/ros_ws/build/onecim': PYTHONPATH=/home/babangida/ros_ws/build/onecim/prefix_override:/home/babangida/ros_ws/install/onecim/lib/python3.8/site-packages:/home/babangida/ros_ws/install/trafficrecord/lib/python3.8/site-packages:/home/babangida/ros_ws/install/dsrcmsg/lib/python3.8/site-packages:/home/babangida/ros_ws/install/onecim/lib/python3.8/site-packages:/home/babangida/ros_ws/install/cim/lib/python3.8/site-packages:/home/babangida/ros_ws/install/reactivemethods/lib/python3.8/site-packages:/opt/ros/foxy/lib/python3.8/site-packages /usr/bin/python3 setup.py develop --editable --build-directory /home/babangida/ros_ws/build/onecim/build --no-deps install_data
[3.356s] running develop
[3.585s] running egg_info
[3.585s] writing onecim.egg-info/PKG-INFO
[3.586s] writing dependency_links to onecim.egg-info/dependency_links.txt
[3.586s] writing entry points to onecim.egg-info/entry_points.txt
[3.586s] writing requirements to onecim.egg-info/requires.txt
[3.586s] writing top-level names to onecim.egg-info/top_level.txt
[3.634s] reading manifest file 'onecim.egg-info/SOURCES.txt'
[3.636s] writing manifest file 'onecim.egg-info/SOURCES.txt'
[3.685s] running build_ext
[3.685s] Creating /home/babangida/ros_ws/install/onecim/lib/python3.8/site-packages/onecim.egg-link (link to .)
[3.687s] Installing onecimew script to /home/babangida/ros_ws/install/onecim/lib/onecim
[3.687s] Installing onecimsn script to /home/babangida/ros_ws/install/onecim/lib/onecim
[3.688s] Installing onecimtls script to /home/babangida/ros_ws/install/onecim/lib/onecim
[3.688s] Installing playde script to /home/babangida/ros_ws/install/onecim/lib/onecim
[3.688s] Installing playpp script to /home/babangida/ros_ws/install/onecim/lib/onecim
[3.689s] 
[3.689s] Installed /home/babangida/ros_ws/build/onecim
[3.689s] running install_data
[3.731s] Invoked command in '/home/babangida/ros_ws/build/onecim' returned '0': PYTHONPATH=/home/babangida/ros_ws/build/onecim/prefix_override:/home/babangida/ros_ws/install/onecim/lib/python3.8/site-packages:/home/babangida/ros_ws/install/trafficrecord/lib/python3.8/site-packages:/home/babangida/ros_ws/install/dsrcmsg/lib/python3.8/site-packages:/home/babangida/ros_ws/install/onecim/lib/python3.8/site-packages:/home/babangida/ros_ws/install/cim/lib/python3.8/site-packages:/home/babangida/ros_ws/install/reactivemethods/lib/python3.8/site-packages:/opt/ros/foxy/lib/python3.8/site-packages /usr/bin/python3 setup.py develop --editable --build-directory /home/babangida/ros_ws/build/onecim/build --no-deps install_data
