[2.036s] Invoking command in '/home/babangida/ros_ws/build/onecim': PYTHONPATH=/home/babangida/ros_ws/build/onecim/prefix_override:/home/babangida/ros_ws/install/onecim/lib/python3.8/site-packages:/home/babangida/ros_ws/install/trafficrecord/lib/python3.8/site-packages:/home/babangida/ros_ws/install/dsrcmsg/lib/python3.8/site-packages:/home/babangida/ros_ws/install/onecim/lib/python3.8/site-packages:/home/babangida/ros_ws/install/cim/lib/python3.8/site-packages:/home/babangida/ros_ws/install/reactivemethods/lib/python3.8/site-packages:/opt/ros/foxy/lib/python3.8/site-packages /usr/bin/python3 setup.py develop --editable --build-directory /home/babangida/ros_ws/build/onecim/build --no-deps install_data
[2.240s] running develop
[2.361s] running egg_info
[2.361s] writing onecim.egg-info/PKG-INFO
[2.361s] writing dependency_links to onecim.egg-info/dependency_links.txt
[2.362s] writing entry points to onecim.egg-info/entry_points.txt
[2.362s] writing requirements to onecim.egg-info/requires.txt
[2.362s] writing top-level names to onecim.egg-info/top_level.txt
[2.389s] reading manifest file 'onecim.egg-info/SOURCES.txt'
[2.390s] writing manifest file 'onecim.egg-info/SOURCES.txt'
[2.416s] running build_ext
[2.416s] Creating /home/babangida/ros_ws/install/onecim/lib/python3.8/site-packages/onecim.egg-link (link to .)
[2.417s] Installing onecimsn script to /home/babangida/ros_ws/install/onecim/lib/onecim
[2.417s] Installing onecimtls script to /home/babangida/ros_ws/install/onecim/lib/onecim
[2.418s] Installing playde script to /home/babangida/ros_ws/install/onecim/lib/onecim
[2.418s] Installing playpp script to /home/babangida/ros_ws/install/onecim/lib/onecim
[2.418s] 
[2.418s] Installed /home/babangida/ros_ws/build/onecim
[2.418s] running install_data
[2.438s] Invoked command in '/home/babangida/ros_ws/build/onecim' returned '0': PYTHONPATH=/home/babangida/ros_ws/build/onecim/prefix_override:/home/babangida/ros_ws/install/onecim/lib/python3.8/site-packages:/home/babangida/ros_ws/install/trafficrecord/lib/python3.8/site-packages:/home/babangida/ros_ws/install/dsrcmsg/lib/python3.8/site-packages:/home/babangida/ros_ws/install/onecim/lib/python3.8/site-packages:/home/babangida/ros_ws/install/cim/lib/python3.8/site-packages:/home/babangida/ros_ws/install/reactivemethods/lib/python3.8/site-packages:/opt/ros/foxy/lib/python3.8/site-packages /usr/bin/python3 setup.py develop --editable --build-directory /home/babangida/ros_ws/build/onecim/build --no-deps install_data
