[3.338s] Invoking command in '/home/babangida/ros_ws/build/onecim': PYTHONPATH=/home/babangida/ros_ws/build/onecim/prefix_override:/home/babangida/ros_ws/install/onecim/lib/python3.8/site-packages:/home/babangida/ros_ws/install/trafficrecord/lib/python3.8/site-packages:/home/babangida/ros_ws/install/dsrcmsg/lib/python3.8/site-packages:/home/babangida/ros_ws/build/onecim:/home/babangida/ros_ws/install/onecim/lib/python3.8/site-packages:/home/babangida/ros_ws/install/cim/lib/python3.8/site-packages:/home/babangida/ros_ws/build/reactivemethods:/home/babangida/ros_ws/install/reactivemethods/lib/python3.8/site-packages:/opt/ros/foxy/lib/python3.8/site-packages /usr/bin/python3 setup.py develop --editable --build-directory /home/babangida/ros_ws/build/onecim/build --no-deps install_data
[3.674s] running develop
[3.885s] running egg_info
[3.886s] writing onecim.egg-info/PKG-INFO
[3.886s] writing dependency_links to onecim.egg-info/dependency_links.txt
[3.886s] writing entry points to onecim.egg-info/entry_points.txt
[3.887s] writing requirements to onecim.egg-info/requires.txt
[3.887s] writing top-level names to onecim.egg-info/top_level.txt
[3.932s] reading manifest file 'onecim.egg-info/SOURCES.txt'
[3.933s] writing manifest file 'onecim.egg-info/SOURCES.txt'
[3.983s] running build_ext
[3.984s] Creating /home/babangida/ros_ws/install/onecim/lib/python3.8/site-packages/onecim.egg-link (link to .)
[3.985s] Installing ewfiscim script to /home/babangida/ros_ws/install/onecim/lib/onecim
[3.986s] Installing fisonecimlooptls script to /home/babangida/ros_ws/install/onecim/lib/onecim
[3.986s] Installing fisonecimtls script to /home/babangida/ros_ws/install/onecim/lib/onecim
[3.986s] Installing genveh script to /home/babangida/ros_ws/install/onecim/lib/onecim
[3.986s] Installing onecimew script to /home/babangida/ros_ws/install/onecim/lib/onecim
[3.987s] Installing onecimloopew script to /home/babangida/ros_ws/install/onecim/lib/onecim
[3.987s] Installing onecimloopsn script to /home/babangida/ros_ws/install/onecim/lib/onecim
[3.987s] Installing onecimloopstatictls script to /home/babangida/ros_ws/install/onecim/lib/onecim
[3.988s] Installing onecimlooptls script to /home/babangida/ros_ws/install/onecim/lib/onecim
[3.988s] Installing onecimsn script to /home/babangida/ros_ws/install/onecim/lib/onecim
[3.988s] Installing onecimtls script to /home/babangida/ros_ws/install/onecim/lib/onecim
[3.988s] Installing playde script to /home/babangida/ros_ws/install/onecim/lib/onecim
[3.989s] Installing playpp script to /home/babangida/ros_ws/install/onecim/lib/onecim
[3.989s] Installing simspeed script to /home/babangida/ros_ws/install/onecim/lib/onecim
[3.989s] Installing snfiscim script to /home/babangida/ros_ws/install/onecim/lib/onecim
[3.990s] Installing veh script to /home/babangida/ros_ws/install/onecim/lib/onecim
[3.990s] Installing wypts script to /home/babangida/ros_ws/install/onecim/lib/onecim
[3.990s] 
[3.990s] Installed /home/babangida/ros_ws/build/onecim
[3.990s] running install_data
[4.028s] Invoked command in '/home/babangida/ros_ws/build/onecim' returned '0': PYTHONPATH=/home/babangida/ros_ws/build/onecim/prefix_override:/home/babangida/ros_ws/install/onecim/lib/python3.8/site-packages:/home/babangida/ros_ws/install/trafficrecord/lib/python3.8/site-packages:/home/babangida/ros_ws/install/dsrcmsg/lib/python3.8/site-packages:/home/babangida/ros_ws/build/onecim:/home/babangida/ros_ws/install/onecim/lib/python3.8/site-packages:/home/babangida/ros_ws/install/cim/lib/python3.8/site-packages:/home/babangida/ros_ws/build/reactivemethods:/home/babangida/ros_ws/install/reactivemethods/lib/python3.8/site-packages:/opt/ros/foxy/lib/python3.8/site-packages /usr/bin/python3 setup.py develop --editable --build-directory /home/babangida/ros_ws/build/onecim/build --no-deps install_data
