[7.963s] Invoking command in '/home/babangida/ros_ws/build/onecim': PYTHONPATH=/home/babangida/ros_ws/build/onecim/prefix_override:/home/babangida/ros_ws/install/onecim/lib/python3.8/site-packages:/home/babangida/ros_ws/install/trafficrecord/lib/python3.8/site-packages:/home/babangida/ros_ws/install/dsrcmsg/lib/python3.8/site-packages:/home/babangida/ros_ws/build/onecim:/home/babangida/ros_ws/install/onecim/lib/python3.8/site-packages:/home/babangida/ros_ws/install/cim/lib/python3.8/site-packages:/home/babangida/ros_ws/build/reactivemethods:/home/babangida/ros_ws/install/reactivemethods/lib/python3.8/site-packages:/opt/ros/foxy/lib/python3.8/site-packages /usr/bin/python3 setup.py develop --editable --build-directory /home/babangida/ros_ws/build/onecim/build --no-deps install_data
[8.247s] running develop
[8.599s] running egg_info
[8.599s] writing onecim.egg-info/PKG-INFO
[8.599s] writing dependency_links to onecim.egg-info/dependency_links.txt
[8.600s] writing entry points to onecim.egg-info/entry_points.txt
[8.600s] writing requirements to onecim.egg-info/requires.txt
[8.600s] writing top-level names to onecim.egg-info/top_level.txt
[8.890s] reading manifest file 'onecim.egg-info/SOURCES.txt'
[8.907s] writing manifest file 'onecim.egg-info/SOURCES.txt'
[8.956s] running build_ext
[9.009s] Creating /home/babangida/ros_ws/install/onecim/lib/python3.8/site-packages/onecim.egg-link (link to .)
[9.011s] Installing ewfiscim script to /home/babangida/ros_ws/install/onecim/lib/onecim
[9.012s] Installing fisonecimlooptls script to /home/babangida/ros_ws/install/onecim/lib/onecim
[9.012s] Installing fisonecimtls script to /home/babangida/ros_ws/install/onecim/lib/onecim
[9.013s] Installing genveh script to /home/babangida/ros_ws/install/onecim/lib/onecim
[9.013s] Installing onecimew script to /home/babangida/ros_ws/install/onecim/lib/onecim
[9.013s] Installing onecimloopew script to /home/babangida/ros_ws/install/onecim/lib/onecim
[9.014s] Installing onecimloopsn script to /home/babangida/ros_ws/install/onecim/lib/onecim
[9.014s] Installing onecimloopstatictls script to /home/babangida/ros_ws/install/onecim/lib/onecim
[9.014s] Installing onecimlooptls script to /home/babangida/ros_ws/install/onecim/lib/onecim
[9.015s] Installing onecimsn script to /home/babangida/ros_ws/install/onecim/lib/onecim
[9.015s] Installing onecimtls script to /home/babangida/ros_ws/install/onecim/lib/onecim
[9.016s] Installing playde script to /home/babangida/ros_ws/install/onecim/lib/onecim
[9.016s] Installing playpp script to /home/babangida/ros_ws/install/onecim/lib/onecim
[9.016s] Installing simspeed script to /home/babangida/ros_ws/install/onecim/lib/onecim
[9.016s] Installing snfiscim script to /home/babangida/ros_ws/install/onecim/lib/onecim
[9.016s] Installing veh script to /home/babangida/ros_ws/install/onecim/lib/onecim
[9.016s] Installing wypts script to /home/babangida/ros_ws/install/onecim/lib/onecim
[9.017s] 
[9.017s] Installed /home/babangida/ros_ws/build/onecim
[9.017s] running install_data
[9.093s] Invoked command in '/home/babangida/ros_ws/build/onecim' returned '0': PYTHONPATH=/home/babangida/ros_ws/build/onecim/prefix_override:/home/babangida/ros_ws/install/onecim/lib/python3.8/site-packages:/home/babangida/ros_ws/install/trafficrecord/lib/python3.8/site-packages:/home/babangida/ros_ws/install/dsrcmsg/lib/python3.8/site-packages:/home/babangida/ros_ws/build/onecim:/home/babangida/ros_ws/install/onecim/lib/python3.8/site-packages:/home/babangida/ros_ws/install/cim/lib/python3.8/site-packages:/home/babangida/ros_ws/build/reactivemethods:/home/babangida/ros_ws/install/reactivemethods/lib/python3.8/site-packages:/opt/ros/foxy/lib/python3.8/site-packages /usr/bin/python3 setup.py develop --editable --build-directory /home/babangida/ros_ws/build/onecim/build --no-deps install_data
