[3.663s] DEBUG:colcon:Command line arguments: ['/usr/bin/colcon', 'build', '--packages-select', 'onecim', '--symlink-install']
[3.663s] DEBUG:colcon:Parsed command line arguments: Namespace(allow_overriding=[], ament_cmake_args=None, base_paths=['.'], build_base='build', catkin_cmake_args=None, catkin_skip_building_tests=False, cmake_args=None, cmake_clean_cache=False, cmake_clean_first=False, cmake_force_configure=False, cmake_target=None, cmake_target_skip_unavailable=False, continue_on_error=False, event_handlers=None, executor='parallel', ignore_user_meta=False, install_base='install', log_base=None, log_level=None, main=<bound method BuildVerb.main of <colcon_core.verb.build.BuildVerb object at 0x7f4514e0a7f0>>, merge_install=False, metas=['./colcon.meta'], packages_above=None, packages_above_and_dependencies=None, packages_above_depth=None, packages_end=None, packages_ignore=None, packages_ignore_regex=None, packages_select=['onecim'], packages_select_build_failed=False, packages_select_by_dep=None, packages_select_regex=None, packages_select_test_failures=False, packages_skip=None, packages_skip_build_finished=False, packages_skip_by_dep=None, packages_skip_regex=None, packages_skip_test_passed=False, packages_skip_up_to=None, packages_start=None, packages_up_to=None, packages_up_to_regex=None, parallel_workers=8, paths=None, symlink_install=True, test_result_base=None, verb_extension=<colcon_core.verb.build.BuildVerb object at 0x7f4514e0a7f0>, verb_name='build', verb_parser=<colcon_defaults.argument_parser.defaults.DefaultArgumentsDecorator object at 0x7f4514da9c10>)
[3.847s] Level 1:colcon.colcon_core.package_discovery:discover_packages(colcon_meta) check parameters
[3.848s] Level 1:colcon.colcon_core.package_discovery:discover_packages(recursive) check parameters
[3.848s] Level 1:colcon.colcon_core.package_discovery:discover_packages(ignore) check parameters
[3.848s] Level 1:colcon.colcon_core.package_discovery:discover_packages(path) check parameters
[3.848s] Level 1:colcon.colcon_core.package_discovery:discover_packages(colcon_meta) discover
[3.848s] Level 1:colcon.colcon_core.package_discovery:discover_packages(recursive) discover
[3.848s] INFO:colcon.colcon_core.package_discovery:Crawling recursively for packages in '/home/babangida/ros_ws'
[3.848s] Level 1:colcon.colcon_core.package_identification:_identify(.) by extensions ['ignore', 'ignore_ament_install']
[3.848s] Level 1:colcon.colcon_core.package_identification:_identify(.) by extension 'ignore'
[3.849s] Level 1:colcon.colcon_core.package_identification:_identify(.) by extension 'ignore_ament_install'
[3.849s] Level 1:colcon.colcon_core.package_identification:_identify(.) by extensions ['colcon_pkg']
[3.849s] Level 1:colcon.colcon_core.package_identification:_identify(.) by extension 'colcon_pkg'
[3.849s] Level 1:colcon.colcon_core.package_identification:_identify(.) by extensions ['colcon_meta']
[3.849s] Level 1:colcon.colcon_core.package_identification:_identify(.) by extension 'colcon_meta'
[3.849s] Level 1:colcon.colcon_core.package_identification:_identify(.) by extensions ['ros']
[3.849s] Level 1:colcon.colcon_core.package_identification:_identify(.) by extension 'ros'
[3.870s] Level 1:colcon.colcon_core.package_identification:_identify(.) by extensions ['cmake', 'python']
[3.870s] Level 1:colcon.colcon_core.package_identification:_identify(.) by extension 'cmake'
[3.870s] Level 1:colcon.colcon_core.package_identification:_identify(.) by extension 'python'
[3.870s] Level 1:colcon.colcon_core.package_identification:_identify(.) by extensions ['python_setup_py']
[3.870s] Level 1:colcon.colcon_core.package_identification:_identify(.) by extension 'python_setup_py'
[3.870s] Level 1:colcon.colcon_core.package_identification:_identify(New folder) by extensions ['ignore', 'ignore_ament_install']
[3.871s] Level 1:colcon.colcon_core.package_identification:_identify(New folder) by extension 'ignore'
[3.871s] Level 1:colcon.colcon_core.package_identification:_identify(New folder) by extension 'ignore_ament_install'
[3.871s] Level 1:colcon.colcon_core.package_identification:_identify(New folder) by extensions ['colcon_pkg']
[3.871s] Level 1:colcon.colcon_core.package_identification:_identify(New folder) by extension 'colcon_pkg'
[3.871s] Level 1:colcon.colcon_core.package_identification:_identify(New folder) by extensions ['colcon_meta']
[3.871s] Level 1:colcon.colcon_core.package_identification:_identify(New folder) by extension 'colcon_meta'
[3.871s] Level 1:colcon.colcon_core.package_identification:_identify(New folder) by extensions ['ros']
[3.871s] Level 1:colcon.colcon_core.package_identification:_identify(New folder) by extension 'ros'
[3.871s] Level 1:colcon.colcon_core.package_identification:_identify(New folder) by extensions ['cmake', 'python']
[3.871s] Level 1:colcon.colcon_core.package_identification:_identify(New folder) by extension 'cmake'
[3.871s] Level 1:colcon.colcon_core.package_identification:_identify(New folder) by extension 'python'
[3.871s] Level 1:colcon.colcon_core.package_identification:_identify(New folder) by extensions ['python_setup_py']
[3.871s] Level 1:colcon.colcon_core.package_identification:_identify(New folder) by extension 'python_setup_py'
[3.871s] Level 1:colcon.colcon_core.package_identification:_identify(Results) by extensions ['ignore', 'ignore_ament_install']
[3.871s] Level 1:colcon.colcon_core.package_identification:_identify(Results) by extension 'ignore'
[3.871s] Level 1:colcon.colcon_core.package_identification:_identify(Results) by extension 'ignore_ament_install'
[3.872s] Level 1:colcon.colcon_core.package_identification:_identify(Results) by extensions ['colcon_pkg']
[3.872s] Level 1:colcon.colcon_core.package_identification:_identify(Results) by extension 'colcon_pkg'
[3.872s] Level 1:colcon.colcon_core.package_identification:_identify(Results) by extensions ['colcon_meta']
[3.872s] Level 1:colcon.colcon_core.package_identification:_identify(Results) by extension 'colcon_meta'
[3.872s] Level 1:colcon.colcon_core.package_identification:_identify(Results) by extensions ['ros']
[3.872s] Level 1:colcon.colcon_core.package_identification:_identify(Results) by extension 'ros'
[3.872s] Level 1:colcon.colcon_core.package_identification:_identify(Results) by extensions ['cmake', 'python']
[3.872s] Level 1:colcon.colcon_core.package_identification:_identify(Results) by extension 'cmake'
[3.872s] Level 1:colcon.colcon_core.package_identification:_identify(Results) by extension 'python'
[3.872s] Level 1:colcon.colcon_core.package_identification:_identify(Results) by extensions ['python_setup_py']
[3.872s] Level 1:colcon.colcon_core.package_identification:_identify(Results) by extension 'python_setup_py'
[3.873s] Level 1:colcon.colcon_core.package_identification:_identify(build) by extensions ['ignore', 'ignore_ament_install']
[3.873s] Level 1:colcon.colcon_core.package_identification:_identify(build) by extension 'ignore'
[3.873s] Level 1:colcon.colcon_core.package_identification:_identify(build) ignored
[3.873s] Level 1:colcon.colcon_core.package_identification:_identify(fifteenVehs) by extensions ['ignore', 'ignore_ament_install']
[3.873s] Level 1:colcon.colcon_core.package_identification:_identify(fifteenVehs) by extension 'ignore'
[3.874s] Level 1:colcon.colcon_core.package_identification:_identify(fifteenVehs) by extension 'ignore_ament_install'
[3.874s] Level 1:colcon.colcon_core.package_identification:_identify(fifteenVehs) by extensions ['colcon_pkg']
[3.874s] Level 1:colcon.colcon_core.package_identification:_identify(fifteenVehs) by extension 'colcon_pkg'
[3.874s] Level 1:colcon.colcon_core.package_identification:_identify(fifteenVehs) by extensions ['colcon_meta']
[3.874s] Level 1:colcon.colcon_core.package_identification:_identify(fifteenVehs) by extension 'colcon_meta'
[3.874s] Level 1:colcon.colcon_core.package_identification:_identify(fifteenVehs) by extensions ['ros']
[3.874s] Level 1:colcon.colcon_core.package_identification:_identify(fifteenVehs) by extension 'ros'
[3.874s] Level 1:colcon.colcon_core.package_identification:_identify(fifteenVehs) by extensions ['cmake', 'python']
[3.874s] Level 1:colcon.colcon_core.package_identification:_identify(fifteenVehs) by extension 'cmake'
[3.874s] Level 1:colcon.colcon_core.package_identification:_identify(fifteenVehs) by extension 'python'
[3.874s] Level 1:colcon.colcon_core.package_identification:_identify(fifteenVehs) by extensions ['python_setup_py']
[3.874s] Level 1:colcon.colcon_core.package_identification:_identify(fifteenVehs) by extension 'python_setup_py'
[3.874s] Level 1:colcon.colcon_core.package_identification:_identify(fiftyVehs) by extensions ['ignore', 'ignore_ament_install']
[3.874s] Level 1:colcon.colcon_core.package_identification:_identify(fiftyVehs) by extension 'ignore'
[3.874s] Level 1:colcon.colcon_core.package_identification:_identify(fiftyVehs) by extension 'ignore_ament_install'
[3.875s] Level 1:colcon.colcon_core.package_identification:_identify(fiftyVehs) by extensions ['colcon_pkg']
[3.875s] Level 1:colcon.colcon_core.package_identification:_identify(fiftyVehs) by extension 'colcon_pkg'
[3.875s] Level 1:colcon.colcon_core.package_identification:_identify(fiftyVehs) by extensions ['colcon_meta']
[3.875s] Level 1:colcon.colcon_core.package_identification:_identify(fiftyVehs) by extension 'colcon_meta'
[3.875s] Level 1:colcon.colcon_core.package_identification:_identify(fiftyVehs) by extensions ['ros']
[3.875s] Level 1:colcon.colcon_core.package_identification:_identify(fiftyVehs) by extension 'ros'
[3.875s] Level 1:colcon.colcon_core.package_identification:_identify(fiftyVehs) by extensions ['cmake', 'python']
[3.875s] Level 1:colcon.colcon_core.package_identification:_identify(fiftyVehs) by extension 'cmake'
[3.875s] Level 1:colcon.colcon_core.package_identification:_identify(fiftyVehs) by extension 'python'
[3.875s] Level 1:colcon.colcon_core.package_identification:_identify(fiftyVehs) by extensions ['python_setup_py']
[3.875s] Level 1:colcon.colcon_core.package_identification:_identify(fiftyVehs) by extension 'python_setup_py'
[3.875s] Level 1:colcon.colcon_core.package_identification:_identify(fiftyVehs/fourWay) by extensions ['ignore', 'ignore_ament_install']
[3.875s] Level 1:colcon.colcon_core.package_identification:_identify(fiftyVehs/fourWay) by extension 'ignore'
[3.876s] Level 1:colcon.colcon_core.package_identification:_identify(fiftyVehs/fourWay) by extension 'ignore_ament_install'
[3.876s] Level 1:colcon.colcon_core.package_identification:_identify(fiftyVehs/fourWay) by extensions ['colcon_pkg']
[3.876s] Level 1:colcon.colcon_core.package_identification:_identify(fiftyVehs/fourWay) by extension 'colcon_pkg'
[3.876s] Level 1:colcon.colcon_core.package_identification:_identify(fiftyVehs/fourWay) by extensions ['colcon_meta']
[3.876s] Level 1:colcon.colcon_core.package_identification:_identify(fiftyVehs/fourWay) by extension 'colcon_meta'
[3.876s] Level 1:colcon.colcon_core.package_identification:_identify(fiftyVehs/fourWay) by extensions ['ros']
[3.876s] Level 1:colcon.colcon_core.package_identification:_identify(fiftyVehs/fourWay) by extension 'ros'
[3.876s] Level 1:colcon.colcon_core.package_identification:_identify(fiftyVehs/fourWay) by extensions ['cmake', 'python']
[3.876s] Level 1:colcon.colcon_core.package_identification:_identify(fiftyVehs/fourWay) by extension 'cmake'
[3.876s] Level 1:colcon.colcon_core.package_identification:_identify(fiftyVehs/fourWay) by extension 'python'
[3.876s] Level 1:colcon.colcon_core.package_identification:_identify(fiftyVehs/fourWay) by extensions ['python_setup_py']
[3.876s] Level 1:colcon.colcon_core.package_identification:_identify(fiftyVehs/fourWay) by extension 'python_setup_py'
[3.876s] Level 1:colcon.colcon_core.package_identification:_identify(fiftyVehs/twoWay) by extensions ['ignore', 'ignore_ament_install']
[3.876s] Level 1:colcon.colcon_core.package_identification:_identify(fiftyVehs/twoWay) by extension 'ignore'
[3.877s] Level 1:colcon.colcon_core.package_identification:_identify(fiftyVehs/twoWay) by extension 'ignore_ament_install'
[3.877s] Level 1:colcon.colcon_core.package_identification:_identify(fiftyVehs/twoWay) by extensions ['colcon_pkg']
[3.877s] Level 1:colcon.colcon_core.package_identification:_identify(fiftyVehs/twoWay) by extension 'colcon_pkg'
[3.877s] Level 1:colcon.colcon_core.package_identification:_identify(fiftyVehs/twoWay) by extensions ['colcon_meta']
[3.877s] Level 1:colcon.colcon_core.package_identification:_identify(fiftyVehs/twoWay) by extension 'colcon_meta'
[3.877s] Level 1:colcon.colcon_core.package_identification:_identify(fiftyVehs/twoWay) by extensions ['ros']
[3.877s] Level 1:colcon.colcon_core.package_identification:_identify(fiftyVehs/twoWay) by extension 'ros'
[3.877s] Level 1:colcon.colcon_core.package_identification:_identify(fiftyVehs/twoWay) by extensions ['cmake', 'python']
[3.877s] Level 1:colcon.colcon_core.package_identification:_identify(fiftyVehs/twoWay) by extension 'cmake'
[3.877s] Level 1:colcon.colcon_core.package_identification:_identify(fiftyVehs/twoWay) by extension 'python'
[3.877s] Level 1:colcon.colcon_core.package_identification:_identify(fiftyVehs/twoWay) by extensions ['python_setup_py']
[3.877s] Level 1:colcon.colcon_core.package_identification:_identify(fiftyVehs/twoWay) by extension 'python_setup_py'
[3.877s] Level 1:colcon.colcon_core.package_identification:_identify(fiftyVehs/twoWay/static) by extensions ['ignore', 'ignore_ament_install']
[3.877s] Level 1:colcon.colcon_core.package_identification:_identify(fiftyVehs/twoWay/static) by extension 'ignore'
[3.878s] Level 1:colcon.colcon_core.package_identification:_identify(fiftyVehs/twoWay/static) by extension 'ignore_ament_install'
[3.878s] Level 1:colcon.colcon_core.package_identification:_identify(fiftyVehs/twoWay/static) by extensions ['colcon_pkg']
[3.878s] Level 1:colcon.colcon_core.package_identification:_identify(fiftyVehs/twoWay/static) by extension 'colcon_pkg'
[3.878s] Level 1:colcon.colcon_core.package_identification:_identify(fiftyVehs/twoWay/static) by extensions ['colcon_meta']
[3.878s] Level 1:colcon.colcon_core.package_identification:_identify(fiftyVehs/twoWay/static) by extension 'colcon_meta'
[3.878s] Level 1:colcon.colcon_core.package_identification:_identify(fiftyVehs/twoWay/static) by extensions ['ros']
[3.878s] Level 1:colcon.colcon_core.package_identification:_identify(fiftyVehs/twoWay/static) by extension 'ros'
[3.878s] Level 1:colcon.colcon_core.package_identification:_identify(fiftyVehs/twoWay/static) by extensions ['cmake', 'python']
[3.878s] Level 1:colcon.colcon_core.package_identification:_identify(fiftyVehs/twoWay/static) by extension 'cmake'
[3.878s] Level 1:colcon.colcon_core.package_identification:_identify(fiftyVehs/twoWay/static) by extension 'python'
[3.878s] Level 1:colcon.colcon_core.package_identification:_identify(fiftyVehs/twoWay/static) by extensions ['python_setup_py']
[3.878s] Level 1:colcon.colcon_core.package_identification:_identify(fiftyVehs/twoWay/static) by extension 'python_setup_py'
[3.879s] Level 1:colcon.colcon_core.package_identification:_identify(install) by extensions ['ignore', 'ignore_ament_install']
[3.879s] Level 1:colcon.colcon_core.package_identification:_identify(install) by extension 'ignore'
[3.879s] Level 1:colcon.colcon_core.package_identification:_identify(install) ignored
[3.879s] Level 1:colcon.colcon_core.package_identification:_identify(log) by extensions ['ignore', 'ignore_ament_install']
[3.879s] Level 1:colcon.colcon_core.package_identification:_identify(log) by extension 'ignore'
[3.879s] Level 1:colcon.colcon_core.package_identification:_identify(log) ignored
[3.879s] Level 1:colcon.colcon_core.package_identification:_identify(src) by extensions ['ignore', 'ignore_ament_install']
[3.880s] Level 1:colcon.colcon_core.package_identification:_identify(src) by extension 'ignore'
[3.880s] Level 1:colcon.colcon_core.package_identification:_identify(src) by extension 'ignore_ament_install'
[3.880s] Level 1:colcon.colcon_core.package_identification:_identify(src) by extensions ['colcon_pkg']
[3.880s] Level 1:colcon.colcon_core.package_identification:_identify(src) by extension 'colcon_pkg'
[3.880s] Level 1:colcon.colcon_core.package_identification:_identify(src) by extensions ['colcon_meta']
[3.880s] Level 1:colcon.colcon_core.package_identification:_identify(src) by extension 'colcon_meta'
[3.880s] Level 1:colcon.colcon_core.package_identification:_identify(src) by extensions ['ros']
[3.880s] Level 1:colcon.colcon_core.package_identification:_identify(src) by extension 'ros'
[3.881s] Level 1:colcon.colcon_core.package_identification:_identify(src) by extensions ['cmake', 'python']
[3.881s] Level 1:colcon.colcon_core.package_identification:_identify(src) by extension 'cmake'
[3.881s] Level 1:colcon.colcon_core.package_identification:_identify(src) by extension 'python'
[3.881s] Level 1:colcon.colcon_core.package_identification:_identify(src) by extensions ['python_setup_py']
[3.881s] Level 1:colcon.colcon_core.package_identification:_identify(src) by extension 'python_setup_py'
[3.881s] Level 1:colcon.colcon_core.package_identification:_identify(src/cim) by extensions ['ignore', 'ignore_ament_install']
[3.881s] Level 1:colcon.colcon_core.package_identification:_identify(src/cim) by extension 'ignore'
[3.881s] Level 1:colcon.colcon_core.package_identification:_identify(src/cim) by extension 'ignore_ament_install'
[3.881s] Level 1:colcon.colcon_core.package_identification:_identify(src/cim) by extensions ['colcon_pkg']
[3.881s] Level 1:colcon.colcon_core.package_identification:_identify(src/cim) by extension 'colcon_pkg'
[3.881s] Level 1:colcon.colcon_core.package_identification:_identify(src/cim) by extensions ['colcon_meta']
[3.881s] Level 1:colcon.colcon_core.package_identification:_identify(src/cim) by extension 'colcon_meta'
[3.881s] Level 1:colcon.colcon_core.package_identification:_identify(src/cim) by extensions ['ros']
[3.881s] Level 1:colcon.colcon_core.package_identification:_identify(src/cim) by extension 'ros'
[3.888s] DEBUG:colcon.colcon_core.package_identification:Package 'src/cim' with type 'ros.ament_python' and name 'cim'
[3.888s] Level 1:colcon.colcon_core.package_identification:_identify(src/dsrcmsg) by extensions ['ignore', 'ignore_ament_install']
[3.888s] Level 1:colcon.colcon_core.package_identification:_identify(src/dsrcmsg) by extension 'ignore'
[3.888s] Level 1:colcon.colcon_core.package_identification:_identify(src/dsrcmsg) by extension 'ignore_ament_install'
[3.888s] Level 1:colcon.colcon_core.package_identification:_identify(src/dsrcmsg) by extensions ['colcon_pkg']
[3.889s] Level 1:colcon.colcon_core.package_identification:_identify(src/dsrcmsg) by extension 'colcon_pkg'
[3.889s] Level 1:colcon.colcon_core.package_identification:_identify(src/dsrcmsg) by extensions ['colcon_meta']
[3.889s] Level 1:colcon.colcon_core.package_identification:_identify(src/dsrcmsg) by extension 'colcon_meta'
[3.889s] Level 1:colcon.colcon_core.package_identification:_identify(src/dsrcmsg) by extensions ['ros']
[3.889s] Level 1:colcon.colcon_core.package_identification:_identify(src/dsrcmsg) by extension 'ros'
[3.890s] DEBUG:colcon.colcon_core.package_identification:Package 'src/dsrcmsg' with type 'ros.ament_cmake' and name 'dsrcmsg'
[3.890s] Level 1:colcon.colcon_core.package_identification:_identify(src/onecim) by extensions ['ignore', 'ignore_ament_install']
[3.890s] Level 1:colcon.colcon_core.package_identification:_identify(src/onecim) by extension 'ignore'
[3.890s] Level 1:colcon.colcon_core.package_identification:_identify(src/onecim) by extension 'ignore_ament_install'
[3.890s] Level 1:colcon.colcon_core.package_identification:_identify(src/onecim) by extensions ['colcon_pkg']
[3.890s] Level 1:colcon.colcon_core.package_identification:_identify(src/onecim) by extension 'colcon_pkg'
[3.891s] Level 1:colcon.colcon_core.package_identification:_identify(src/onecim) by extensions ['colcon_meta']
[3.891s] Level 1:colcon.colcon_core.package_identification:_identify(src/onecim) by extension 'colcon_meta'
[3.891s] Level 1:colcon.colcon_core.package_identification:_identify(src/onecim) by extensions ['ros']
[3.891s] Level 1:colcon.colcon_core.package_identification:_identify(src/onecim) by extension 'ros'
[3.892s] DEBUG:colcon.colcon_core.package_identification:Package 'src/onecim' with type 'ros.ament_python' and name 'onecim'
[3.893s] Level 1:colcon.colcon_core.package_identification:_identify(src/reactivemethods) by extensions ['ignore', 'ignore_ament_install']
[3.893s] Level 1:colcon.colcon_core.package_identification:_identify(src/reactivemethods) by extension 'ignore'
[3.893s] Level 1:colcon.colcon_core.package_identification:_identify(src/reactivemethods) by extension 'ignore_ament_install'
[3.893s] Level 1:colcon.colcon_core.package_identification:_identify(src/reactivemethods) by extensions ['colcon_pkg']
[3.893s] Level 1:colcon.colcon_core.package_identification:_identify(src/reactivemethods) by extension 'colcon_pkg'
[3.893s] Level 1:colcon.colcon_core.package_identification:_identify(src/reactivemethods) by extensions ['colcon_meta']
[3.893s] Level 1:colcon.colcon_core.package_identification:_identify(src/reactivemethods) by extension 'colcon_meta'
[3.894s] Level 1:colcon.colcon_core.package_identification:_identify(src/reactivemethods) by extensions ['ros']
[3.894s] Level 1:colcon.colcon_core.package_identification:_identify(src/reactivemethods) by extension 'ros'
[3.895s] DEBUG:colcon.colcon_core.package_identification:Package 'src/reactivemethods' with type 'ros.ament_python' and name 'reactivemethods'
[3.895s] Level 1:colcon.colcon_core.package_identification:_identify(src/trafficrecord) by extensions ['ignore', 'ignore_ament_install']
[3.895s] Level 1:colcon.colcon_core.package_identification:_identify(src/trafficrecord) by extension 'ignore'
[3.895s] Level 1:colcon.colcon_core.package_identification:_identify(src/trafficrecord) by extension 'ignore_ament_install'
[3.895s] Level 1:colcon.colcon_core.package_identification:_identify(src/trafficrecord) by extensions ['colcon_pkg']
[3.895s] Level 1:colcon.colcon_core.package_identification:_identify(src/trafficrecord) by extension 'colcon_pkg'
[3.895s] Level 1:colcon.colcon_core.package_identification:_identify(src/trafficrecord) by extensions ['colcon_meta']
[3.895s] Level 1:colcon.colcon_core.package_identification:_identify(src/trafficrecord) by extension 'colcon_meta'
[3.895s] Level 1:colcon.colcon_core.package_identification:_identify(src/trafficrecord) by extensions ['ros']
[3.895s] Level 1:colcon.colcon_core.package_identification:_identify(src/trafficrecord) by extension 'ros'
[3.897s] DEBUG:colcon.colcon_core.package_identification:Package 'src/trafficrecord' with type 'ros.ament_cmake' and name 'trafficrecord'
[3.897s] Level 1:colcon.colcon_core.package_identification:_identify(tenVehs) by extensions ['ignore', 'ignore_ament_install']
[3.897s] Level 1:colcon.colcon_core.package_identification:_identify(tenVehs) by extension 'ignore'
[3.897s] Level 1:colcon.colcon_core.package_identification:_identify(tenVehs) by extension 'ignore_ament_install'
[3.897s] Level 1:colcon.colcon_core.package_identification:_identify(tenVehs) by extensions ['colcon_pkg']
[3.897s] Level 1:colcon.colcon_core.package_identification:_identify(tenVehs) by extension 'colcon_pkg'
[3.897s] Level 1:colcon.colcon_core.package_identification:_identify(tenVehs) by extensions ['colcon_meta']
[3.897s] Level 1:colcon.colcon_core.package_identification:_identify(tenVehs) by extension 'colcon_meta'
[3.898s] Level 1:colcon.colcon_core.package_identification:_identify(tenVehs) by extensions ['ros']
[3.898s] Level 1:colcon.colcon_core.package_identification:_identify(tenVehs) by extension 'ros'
[3.898s] Level 1:colcon.colcon_core.package_identification:_identify(tenVehs) by extensions ['cmake', 'python']
[3.898s] Level 1:colcon.colcon_core.package_identification:_identify(tenVehs) by extension 'cmake'
[3.898s] Level 1:colcon.colcon_core.package_identification:_identify(tenVehs) by extension 'python'
[3.898s] Level 1:colcon.colcon_core.package_identification:_identify(tenVehs) by extensions ['python_setup_py']
[3.898s] Level 1:colcon.colcon_core.package_identification:_identify(tenVehs) by extension 'python_setup_py'
[3.898s] Level 1:colcon.colcon_core.package_identification:_identify(thirtyVehs) by extensions ['ignore', 'ignore_ament_install']
[3.898s] Level 1:colcon.colcon_core.package_identification:_identify(thirtyVehs) by extension 'ignore'
[3.899s] Level 1:colcon.colcon_core.package_identification:_identify(thirtyVehs) by extension 'ignore_ament_install'
[3.899s] Level 1:colcon.colcon_core.package_identification:_identify(thirtyVehs) by extensions ['colcon_pkg']
[3.899s] Level 1:colcon.colcon_core.package_identification:_identify(thirtyVehs) by extension 'colcon_pkg'
[3.899s] Level 1:colcon.colcon_core.package_identification:_identify(thirtyVehs) by extensions ['colcon_meta']
[3.899s] Level 1:colcon.colcon_core.package_identification:_identify(thirtyVehs) by extension 'colcon_meta'
[3.899s] Level 1:colcon.colcon_core.package_identification:_identify(thirtyVehs) by extensions ['ros']
[3.899s] Level 1:colcon.colcon_core.package_identification:_identify(thirtyVehs) by extension 'ros'
[3.899s] Level 1:colcon.colcon_core.package_identification:_identify(thirtyVehs) by extensions ['cmake', 'python']
[3.899s] Level 1:colcon.colcon_core.package_identification:_identify(thirtyVehs) by extension 'cmake'
[3.899s] Level 1:colcon.colcon_core.package_identification:_identify(thirtyVehs) by extension 'python'
[3.899s] Level 1:colcon.colcon_core.package_identification:_identify(thirtyVehs) by extensions ['python_setup_py']
[3.899s] Level 1:colcon.colcon_core.package_identification:_identify(thirtyVehs) by extension 'python_setup_py'
[3.900s] Level 1:colcon.colcon_core.package_identification:_identify(twoVehs) by extensions ['ignore', 'ignore_ament_install']
[3.900s] Level 1:colcon.colcon_core.package_identification:_identify(twoVehs) by extension 'ignore'
[3.900s] Level 1:colcon.colcon_core.package_identification:_identify(twoVehs) by extension 'ignore_ament_install'
[3.900s] Level 1:colcon.colcon_core.package_identification:_identify(twoVehs) by extensions ['colcon_pkg']
[3.900s] Level 1:colcon.colcon_core.package_identification:_identify(twoVehs) by extension 'colcon_pkg'
[3.900s] Level 1:colcon.colcon_core.package_identification:_identify(twoVehs) by extensions ['colcon_meta']
[3.900s] Level 1:colcon.colcon_core.package_identification:_identify(twoVehs) by extension 'colcon_meta'
[3.900s] Level 1:colcon.colcon_core.package_identification:_identify(twoVehs) by extensions ['ros']
[3.900s] Level 1:colcon.colcon_core.package_identification:_identify(twoVehs) by extension 'ros'
[3.900s] Level 1:colcon.colcon_core.package_identification:_identify(twoVehs) by extensions ['cmake', 'python']
[3.901s] Level 1:colcon.colcon_core.package_identification:_identify(twoVehs) by extension 'cmake'
[3.901s] Level 1:colcon.colcon_core.package_identification:_identify(twoVehs) by extension 'python'
[3.901s] Level 1:colcon.colcon_core.package_identification:_identify(twoVehs) by extensions ['python_setup_py']
[3.901s] Level 1:colcon.colcon_core.package_identification:_identify(twoVehs) by extension 'python_setup_py'
[3.901s] Level 1:colcon.colcon_core.package_discovery:discover_packages(recursive) using defaults
[3.901s] Level 1:colcon.colcon_core.package_discovery:discover_packages(ignore) discover
[3.901s] Level 1:colcon.colcon_core.package_discovery:discover_packages(ignore) using defaults
[3.901s] Level 1:colcon.colcon_core.package_discovery:discover_packages(path) discover
[3.901s] Level 1:colcon.colcon_core.package_discovery:discover_packages(path) using defaults
[4.136s] INFO:colcon.colcon_core.package_selection:Skipping not selected package 'dsrcmsg' in 'src/dsrcmsg'
[4.137s] INFO:colcon.colcon_core.package_selection:Skipping not selected package 'trafficrecord' in 'src/trafficrecord'
[4.137s] INFO:colcon.colcon_core.package_selection:Skipping not selected package 'cim' in 'src/cim'
[4.137s] INFO:colcon.colcon_core.package_selection:Skipping not selected package 'reactivemethods' in 'src/reactivemethods'
[4.283s] Level 1:colcon.colcon_core.package_discovery:discover_packages(prefix_path) check parameters
[4.283s] Level 1:colcon.colcon_core.package_discovery:discover_packages(prefix_path) discover
[4.432s] DEBUG:colcon.colcon_installed_package_information.package_discovery:Found 289 installed packages in /opt/ros/foxy
[4.435s] Level 1:colcon.colcon_core.package_discovery:discover_packages(prefix_path) using defaults
[4.739s] Level 5:colcon.colcon_core.verb:set package 'onecim' build argument 'cmake_args' from command line to 'None'
[4.739s] Level 5:colcon.colcon_core.verb:set package 'onecim' build argument 'cmake_target' from command line to 'None'
[4.739s] Level 5:colcon.colcon_core.verb:set package 'onecim' build argument 'cmake_target_skip_unavailable' from command line to 'False'
[4.739s] Level 5:colcon.colcon_core.verb:set package 'onecim' build argument 'cmake_clean_cache' from command line to 'False'
[4.739s] Level 5:colcon.colcon_core.verb:set package 'onecim' build argument 'cmake_clean_first' from command line to 'False'
[4.739s] Level 5:colcon.colcon_core.verb:set package 'onecim' build argument 'cmake_force_configure' from command line to 'False'
[4.739s] Level 5:colcon.colcon_core.verb:set package 'onecim' build argument 'ament_cmake_args' from command line to 'None'
[4.739s] Level 5:colcon.colcon_core.verb:set package 'onecim' build argument 'catkin_cmake_args' from command line to 'None'
[4.739s] Level 5:colcon.colcon_core.verb:set package 'onecim' build argument 'catkin_skip_building_tests' from command line to 'False'
[4.739s] DEBUG:colcon.colcon_core.verb:Building package 'onecim' with the following arguments: {'ament_cmake_args': None, 'build_base': '/home/babangida/ros_ws/build/onecim', 'catkin_cmake_args': None, 'catkin_skip_building_tests': False, 'cmake_args': None, 'cmake_clean_cache': False, 'cmake_clean_first': False, 'cmake_force_configure': False, 'cmake_target': None, 'cmake_target_skip_unavailable': False, 'install_base': '/home/babangida/ros_ws/install/onecim', 'merge_install': False, 'path': '/home/babangida/ros_ws/src/onecim', 'symlink_install': True, 'test_result_base': None}
[4.810s] INFO:colcon.colcon_core.executor:Executing jobs using 'parallel' executor
[4.888s] DEBUG:colcon.colcon_parallel_executor.executor.parallel:run_until_complete
[4.889s] INFO:colcon.colcon_ros.task.ament_python.build:Building ROS package in '/home/babangida/ros_ws/src/onecim' with build type 'ament_python'
[4.889s] Level 1:colcon.colcon_core.shell:create_environment_hook('onecim', 'ament_prefix_path')
[4.972s] INFO:colcon.colcon_core.plugin_system:Skipping extension 'colcon_core.shell.bat': Not used on non-Windows systems
[4.973s] INFO:colcon.colcon_core.shell:Creating environment hook '/home/babangida/ros_ws/install/onecim/share/onecim/hook/ament_prefix_path.ps1'
[4.974s] INFO:colcon.colcon_core.shell:Creating environment descriptor '/home/babangida/ros_ws/install/onecim/share/onecim/hook/ament_prefix_path.dsv'
[4.975s] INFO:colcon.colcon_core.shell:Creating environment hook '/home/babangida/ros_ws/install/onecim/share/onecim/hook/ament_prefix_path.sh'
[5.058s] INFO:colcon.colcon_core.shell:Skip shell extension 'powershell' for command environment: Not usable outside of PowerShell
[5.059s] DEBUG:colcon.colcon_core.shell:Skip shell extension 'dsv' for command environment
[6.222s] INFO:colcon.colcon_core.task.python.build:Building Python package in '/home/babangida/ros_ws/src/onecim'
[6.286s] INFO:colcon.colcon_core.shell:Skip shell extension 'powershell' for command environment: Not usable outside of PowerShell
[6.287s] DEBUG:colcon.colcon_core.shell:Skip shell extension 'dsv' for command environment
[7.646s] DEBUG:colcon.colcon_core.event_handler.log_command:Invoking command in '/home/babangida/ros_ws/build/onecim': AMENT_PREFIX_PATH=/home/babangida/ros_ws/install/trafficrecord:/home/babangida/ros_ws/install/dsrcmsg:${AMENT_PREFIX_PATH} CMAKE_PREFIX_PATH=/home/babangida/ros_ws/install/trafficrecord:/home/babangida/ros_ws/install/dsrcmsg LD_LIBRARY_PATH=/home/babangida/ros_ws/install/trafficrecord/lib:/home/babangida/ros_ws/install/dsrcmsg/lib:${LD_LIBRARY_PATH} PYTHONPATH=/home/babangida/ros_ws/build/onecim/prefix_override:/home/babangida/ros_ws/install/onecim/lib/python3.8/site-packages:/home/babangida/ros_ws/install/trafficrecord/lib/python3.8/site-packages:/home/babangida/ros_ws/install/dsrcmsg/lib/python3.8/site-packages:${PYTHONPATH} /usr/bin/python3 setup.py develop --editable --build-directory /home/babangida/ros_ws/build/onecim/build --no-deps install_data
[8.287s] Level 1:colcon.colcon_core.shell:create_environment_hook('onecim', 'pythonpath_develop')
[8.288s] DEBUG:colcon.colcon_core.event_handler.log_command:Invoked command in '/home/babangida/ros_ws/build/onecim' returned '0': AMENT_PREFIX_PATH=/home/babangida/ros_ws/install/trafficrecord:/home/babangida/ros_ws/install/dsrcmsg:${AMENT_PREFIX_PATH} CMAKE_PREFIX_PATH=/home/babangida/ros_ws/install/trafficrecord:/home/babangida/ros_ws/install/dsrcmsg LD_LIBRARY_PATH=/home/babangida/ros_ws/install/trafficrecord/lib:/home/babangida/ros_ws/install/dsrcmsg/lib:${LD_LIBRARY_PATH} PYTHONPATH=/home/babangida/ros_ws/build/onecim/prefix_override:/home/babangida/ros_ws/install/onecim/lib/python3.8/site-packages:/home/babangida/ros_ws/install/trafficrecord/lib/python3.8/site-packages:/home/babangida/ros_ws/install/dsrcmsg/lib/python3.8/site-packages:${PYTHONPATH} /usr/bin/python3 setup.py develop --editable --build-directory /home/babangida/ros_ws/build/onecim/build --no-deps install_data
[8.347s] INFO:colcon.colcon_core.shell:Creating environment hook '/home/babangida/ros_ws/build/onecim/share/onecim/hook/pythonpath_develop.ps1'
[8.348s] INFO:colcon.colcon_core.shell:Creating environment descriptor '/home/babangida/ros_ws/build/onecim/share/onecim/hook/pythonpath_develop.dsv'
[8.349s] INFO:colcon.colcon_core.shell:Creating environment hook '/home/babangida/ros_ws/build/onecim/share/onecim/hook/pythonpath_develop.sh'
[8.411s] Level 1:colcon.colcon_core.environment:checking '/home/babangida/ros_ws/install/onecim' for CMake module files
[8.412s] Level 1:colcon.colcon_core.environment:checking '/home/babangida/ros_ws/install/onecim' for CMake config files
[8.413s] Level 1:colcon.colcon_core.environment:checking '/home/babangida/ros_ws/install/onecim/lib'
[8.413s] Level 1:colcon.colcon_core.environment:checking '/home/babangida/ros_ws/install/onecim/bin'
[8.413s] Level 1:colcon.colcon_core.environment:checking '/home/babangida/ros_ws/install/onecim/lib/pkgconfig/onecim.pc'
[8.413s] Level 1:colcon.colcon_core.environment:checking '/home/babangida/ros_ws/install/onecim/lib/python3.8/site-packages'
[8.413s] Level 1:colcon.colcon_core.shell:create_environment_hook('onecim', 'pythonpath')
[8.475s] INFO:colcon.colcon_core.shell:Creating environment hook '/home/babangida/ros_ws/install/onecim/share/onecim/hook/pythonpath.ps1'
[8.475s] INFO:colcon.colcon_core.shell:Creating environment descriptor '/home/babangida/ros_ws/install/onecim/share/onecim/hook/pythonpath.dsv'
[8.476s] INFO:colcon.colcon_core.shell:Creating environment hook '/home/babangida/ros_ws/install/onecim/share/onecim/hook/pythonpath.sh'
[8.476s] Level 1:colcon.colcon_core.environment:checking '/home/babangida/ros_ws/install/onecim/bin'
[8.476s] Level 1:colcon.colcon_core.environment:create_environment_scripts_only(onecim)
[8.538s] INFO:colcon.colcon_core.shell:Creating package script '/home/babangida/ros_ws/install/onecim/share/onecim/package.ps1'
[8.539s] INFO:colcon.colcon_core.shell:Creating package descriptor '/home/babangida/ros_ws/install/onecim/share/onecim/package.dsv'
[8.540s] INFO:colcon.colcon_core.shell:Creating package script '/home/babangida/ros_ws/install/onecim/share/onecim/package.sh'
[8.541s] INFO:colcon.colcon_core.shell:Creating package script '/home/babangida/ros_ws/install/onecim/share/onecim/package.bash'
[8.541s] INFO:colcon.colcon_core.shell:Creating package script '/home/babangida/ros_ws/install/onecim/share/onecim/package.zsh'
[8.542s] Level 1:colcon.colcon_core.environment:create_file_with_runtime_dependencies(/home/babangida/ros_ws/install/onecim/share/colcon-core/packages/onecim)
[8.543s] DEBUG:colcon.colcon_parallel_executor.executor.parallel:closing loop
[8.543s] DEBUG:colcon.colcon_parallel_executor.executor.parallel:loop closed
[8.544s] DEBUG:colcon.colcon_parallel_executor.executor.parallel:run_until_complete finished with '0'
[8.544s] DEBUG:colcon.colcon_core.event_reactor:joining thread
[8.786s] INFO:colcon.colcon_core.plugin_system:Skipping extension 'colcon_notification.desktop_notification.notify_send': Could not find 'notify-send'
[8.786s] INFO:colcon.colcon_core.plugin_system:Skipping extension 'colcon_notification.desktop_notification.terminal_notifier': Not used on non-Darwin systems
[8.786s] INFO:colcon.colcon_core.plugin_system:Skipping extension 'colcon_notification.desktop_notification.win32': Not used on non-Windows systems
[8.786s] INFO:colcon.colcon_notification.desktop_notification:Sending desktop notification using 'notify2'
[8.790s] DEBUG:colcon.colcon_notification.desktop_notification.notify2:Failed to initialize notify2: org.freedesktop.DBus.Error.ServiceUnknown: The name org.freedesktop.Notifications was not provided by any .service files
[8.791s] DEBUG:colcon.colcon_core.event_reactor:joined thread
[8.865s] INFO:colcon.colcon_core.shell:Creating prefix script '/home/babangida/ros_ws/install/local_setup.ps1'
[8.866s] INFO:colcon.colcon_core.shell:Creating prefix util module '/home/babangida/ros_ws/install/_local_setup_util_ps1.py'
[8.868s] INFO:colcon.colcon_core.shell:Creating prefix chain script '/home/babangida/ros_ws/install/setup.ps1'
[8.939s] INFO:colcon.colcon_core.shell:Creating prefix script '/home/babangida/ros_ws/install/local_setup.sh'
[8.940s] INFO:colcon.colcon_core.shell:Creating prefix util module '/home/babangida/ros_ws/install/_local_setup_util_sh.py'
[8.941s] INFO:colcon.colcon_core.shell:Creating prefix chain script '/home/babangida/ros_ws/install/setup.sh'
[9.012s] INFO:colcon.colcon_core.shell:Creating prefix script '/home/babangida/ros_ws/install/local_setup.bash'
[9.013s] INFO:colcon.colcon_core.shell:Creating prefix chain script '/home/babangida/ros_ws/install/setup.bash'
[9.092s] INFO:colcon.colcon_core.shell:Creating prefix script '/home/babangida/ros_ws/install/local_setup.zsh'
[9.093s] INFO:colcon.colcon_core.shell:Creating prefix chain script '/home/babangida/ros_ws/install/setup.zsh'
