running egg_info
writing ../../build/onecim/onecim.egg-info/PKG-INFO
writing dependency_links to ../../build/onecim/onecim.egg-info/dependency_links.txt
writing entry points to ../../build/onecim/onecim.egg-info/entry_points.txt
writing requirements to ../../build/onecim/onecim.egg-info/requires.txt
writing top-level names to ../../build/onecim/onecim.egg-info/top_level.txt
reading manifest file '../../build/onecim/onecim.egg-info/SOURCES.txt'
writing manifest file '../../build/onecim/onecim.egg-info/SOURCES.txt'
running build
running build_py
copying onecim/FISBasedCIMLoopTls.py -> /home/babangida/ros_ws/build/onecim/build/lib/onecim
running install
running install_lib
copying /home/babangida/ros_ws/build/onecim/build/lib/onecim/FISBasedCIMLoopTls.py -> /home/babangida/ros_ws/install/onecim/lib/python3.8/site-packages/onecim
byte-compiling /home/babangida/ros_ws/install/onecim/lib/python3.8/site-packages/onecim/generateVehicles.py to generateVehicles.cpython-38.pyc
  File "/home/babangida/ros_ws/install/onecim/lib/python3.8/site-packages/onecim/generateVehicles.py", line 264
    if (((tlsmsg.duration - dur) > 2) and ((tlsmsg.duration - dur) <= 3):
                                                                        ^
SyntaxError: invalid syntax

byte-compiling /home/babangida/ros_ws/install/onecim/lib/python3.8/site-packages/onecim/FISBasedCIMLoopTls.py to FISBasedCIMLoopTls.cpython-38.pyc
running install_data
running install_egg_info
removing '/home/babangida/ros_ws/install/onecim/lib/python3.8/site-packages/onecim-0.0.0-py3.8.egg-info' (and everything under it)
Copying ../../build/onecim/onecim.egg-info to /home/babangida/ros_ws/install/onecim/lib/python3.8/site-packages/onecim-0.0.0-py3.8.egg-info
running install_scripts
Installing ewfiscim script to /home/babangida/ros_ws/install/onecim/lib/onecim
Installing fisonecimlooptls script to /home/babangida/ros_ws/install/onecim/lib/onecim
Installing fisonecimtls script to /home/babangida/ros_ws/install/onecim/lib/onecim
Installing genveh script to /home/babangida/ros_ws/install/onecim/lib/onecim
Installing onecimew script to /home/babangida/ros_ws/install/onecim/lib/onecim
Installing onecimloopew script to /home/babangida/ros_ws/install/onecim/lib/onecim
Installing onecimloopsn script to /home/babangida/ros_ws/install/onecim/lib/onecim
Installing onecimloopstatictls script to /home/babangida/ros_ws/install/onecim/lib/onecim
Installing onecimlooptls script to /home/babangida/ros_ws/install/onecim/lib/onecim
Installing onecimsn script to /home/babangida/ros_ws/install/onecim/lib/onecim
Installing onecimtls script to /home/babangida/ros_ws/install/onecim/lib/onecim
Installing playde script to /home/babangida/ros_ws/install/onecim/lib/onecim
Installing playpp script to /home/babangida/ros_ws/install/onecim/lib/onecim
Installing rectraffic script to /home/babangida/ros_ws/install/onecim/lib/onecim
Installing simspeed script to /home/babangida/ros_ws/install/onecim/lib/onecim
Installing snfiscim script to /home/babangida/ros_ws/install/onecim/lib/onecim
Installing veh script to /home/babangida/ros_ws/install/onecim/lib/onecim
Installing wypts script to /home/babangida/ros_ws/install/onecim/lib/onecim
writing list of installed files to '/home/babangida/ros_ws/build/onecim/install.log'
