[2.552s] Invoking command in '/home/babangida/ros_ws/src/onecim': PYTHONPATH=/home/babangida/ros_ws/build/onecim/prefix_override:/home/babangida/ros_ws/install/onecim/lib/python3.8/site-packages:/home/babangida/ros_ws/install/trafficrecord/lib/python3.8/site-packages:/home/babangida/ros_ws/install/dsrcmsg/lib/python3.8/site-packages:/home/babangida/ros_ws/install/onecim/lib/python3.8/site-packages:/home/babangida/ros_ws/install/cim/lib/python3.8/site-packages:/home/babangida/ros_ws/build/reactivemethods:/home/babangida/ros_ws/install/reactivemethods/lib/python3.8/site-packages:/opt/ros/foxy/lib/python3.8/site-packages /usr/bin/python3 setup.py egg_info --egg-base ../../build/onecim build --build-base /home/babangida/ros_ws/build/onecim/build install --record /home/babangida/ros_ws/build/onecim/install.log --install-scripts $base/lib/onecim --single-version-externally-managed
[2.875s] running egg_info
[2.876s] writing ../../build/onecim/onecim.egg-info/PKG-INFO
[2.877s] writing dependency_links to ../../build/onecim/onecim.egg-info/dependency_links.txt
[2.877s] writing entry points to ../../build/onecim/onecim.egg-info/entry_points.txt
[2.878s] writing requirements to ../../build/onecim/onecim.egg-info/requires.txt
[2.878s] writing top-level names to ../../build/onecim/onecim.egg-info/top_level.txt
[2.926s] reading manifest file '../../build/onecim/onecim.egg-info/SOURCES.txt'
[2.928s] writing manifest file '../../build/onecim/onecim.egg-info/SOURCES.txt'
[2.928s] running build
[2.929s] running build_py
[2.933s] copying onecim/FISBasedCIMLoopTls.py -> /home/babangida/ros_ws/build/onecim/build/lib/onecim
[2.934s] running install
[2.936s] running install_lib
[2.938s] copying /home/babangida/ros_ws/build/onecim/build/lib/onecim/FISBasedCIMLoopTls.py -> /home/babangida/ros_ws/install/onecim/lib/python3.8/site-packages/onecim
[2.940s] byte-compiling /home/babangida/ros_ws/install/onecim/lib/python3.8/site-packages/onecim/generateVehicles.py to generateVehicles.cpython-38.pyc
[2.944s]   File "/home/babangida/ros_ws/install/onecim/lib/python3.8/site-packages/onecim/generateVehicles.py", line 264
[2.944s]     if (((tlsmsg.duration - dur) > 2) and ((tlsmsg.duration - dur) <= 3):
[2.944s]                                                                         ^
[2.945s] SyntaxError: invalid syntax
[2.945s] 
[2.945s] byte-compiling /home/babangida/ros_ws/install/onecim/lib/python3.8/site-packages/onecim/FISBasedCIMLoopTls.py to FISBasedCIMLoopTls.cpython-38.pyc
[2.949s] running install_data
[2.950s] running install_egg_info
[2.953s] removing '/home/babangida/ros_ws/install/onecim/lib/python3.8/site-packages/onecim-0.0.0-py3.8.egg-info' (and everything under it)
[2.953s] Copying ../../build/onecim/onecim.egg-info to /home/babangida/ros_ws/install/onecim/lib/python3.8/site-packages/onecim-0.0.0-py3.8.egg-info
[2.956s] running install_scripts
[2.986s] Installing ewfiscim script to /home/babangida/ros_ws/install/onecim/lib/onecim
[2.987s] Installing fisonecimlooptls script to /home/babangida/ros_ws/install/onecim/lib/onecim
[2.987s] Installing fisonecimtls script to /home/babangida/ros_ws/install/onecim/lib/onecim
[2.988s] Installing genveh script to /home/babangida/ros_ws/install/onecim/lib/onecim
[2.988s] Installing onecimew script to /home/babangida/ros_ws/install/onecim/lib/onecim
[2.989s] Installing onecimloopew script to /home/babangida/ros_ws/install/onecim/lib/onecim
[2.989s] Installing onecimloopsn script to /home/babangida/ros_ws/install/onecim/lib/onecim
[2.990s] Installing onecimloopstatictls script to /home/babangida/ros_ws/install/onecim/lib/onecim
[2.990s] Installing onecimlooptls script to /home/babangida/ros_ws/install/onecim/lib/onecim
[2.990s] Installing onecimsn script to /home/babangida/ros_ws/install/onecim/lib/onecim
[2.991s] Installing onecimtls script to /home/babangida/ros_ws/install/onecim/lib/onecim
[2.991s] Installing playde script to /home/babangida/ros_ws/install/onecim/lib/onecim
[2.991s] Installing playpp script to /home/babangida/ros_ws/install/onecim/lib/onecim
[2.991s] Installing rectraffic script to /home/babangida/ros_ws/install/onecim/lib/onecim
[2.992s] Installing simspeed script to /home/babangida/ros_ws/install/onecim/lib/onecim
[2.992s] Installing snfiscim script to /home/babangida/ros_ws/install/onecim/lib/onecim
[2.992s] Installing veh script to /home/babangida/ros_ws/install/onecim/lib/onecim
[2.992s] Installing wypts script to /home/babangida/ros_ws/install/onecim/lib/onecim
[2.992s] writing list of installed files to '/home/babangida/ros_ws/build/onecim/install.log'
[3.025s] Invoked command in '/home/babangida/ros_ws/src/onecim' returned '0': PYTHONPATH=/home/babangida/ros_ws/build/onecim/prefix_override:/home/babangida/ros_ws/install/onecim/lib/python3.8/site-packages:/home/babangida/ros_ws/install/trafficrecord/lib/python3.8/site-packages:/home/babangida/ros_ws/install/dsrcmsg/lib/python3.8/site-packages:/home/babangida/ros_ws/install/onecim/lib/python3.8/site-packages:/home/babangida/ros_ws/install/cim/lib/python3.8/site-packages:/home/babangida/ros_ws/build/reactivemethods:/home/babangida/ros_ws/install/reactivemethods/lib/python3.8/site-packages:/opt/ros/foxy/lib/python3.8/site-packages /usr/bin/python3 setup.py egg_info --egg-base ../../build/onecim build --build-base /home/babangida/ros_ws/build/onecim/build install --record /home/babangida/ros_ws/build/onecim/install.log --install-scripts $base/lib/onecim --single-version-externally-managed
