[8.531s] Invoking command in '/home/babangida/ros_ws/build/onecim': PYTHONPATH=/home/babangida/ros_ws/build/onecim/prefix_override:/home/babangida/ros_ws/install/onecim/lib/python3.8/site-packages:/home/babangida/ros_ws/install/trafficrecord/lib/python3.8/site-packages:/home/babangida/ros_ws/install/dsrcmsg/lib/python3.8/site-packages:/home/babangida/ros_ws/install/onecim/lib/python3.8/site-packages:/home/babangida/ros_ws/install/cim/lib/python3.8/site-packages:/home/babangida/ros_ws/build/reactivemethods:/home/babangida/ros_ws/install/reactivemethods/lib/python3.8/site-packages:/opt/ros/foxy/lib/python3.8/site-packages /usr/bin/python3 setup.py develop --editable --build-directory /home/babangida/ros_ws/build/onecim/build --no-deps install_data
[8.744s] running develop
[8.871s] running egg_info
[8.871s] writing onecim.egg-info/PKG-INFO
[8.871s] writing dependency_links to onecim.egg-info/dependency_links.txt
[8.871s] writing entry points to onecim.egg-info/entry_points.txt
[8.872s] writing requirements to onecim.egg-info/requires.txt
[8.872s] writing top-level names to onecim.egg-info/top_level.txt
[9.066s] reading manifest file 'onecim.egg-info/SOURCES.txt'
[9.068s] writing manifest file 'onecim.egg-info/SOURCES.txt'
[9.192s] running build_ext
[9.192s] Creating /home/babangida/ros_ws/install/onecim/lib/python3.8/site-packages/onecim.egg-link (link to .)
[9.194s] Installing ewfiscim script to /home/babangida/ros_ws/install/onecim/lib/onecim
[9.194s] Installing fisonecimlooptls script to /home/babangida/ros_ws/install/onecim/lib/onecim
[9.195s] Installing fisonecimtls script to /home/babangida/ros_ws/install/onecim/lib/onecim
[9.195s] Installing genveh script to /home/babangida/ros_ws/install/onecim/lib/onecim
[9.195s] Installing onecimew script to /home/babangida/ros_ws/install/onecim/lib/onecim
[9.195s] Installing onecimloopew script to /home/babangida/ros_ws/install/onecim/lib/onecim
[9.196s] Installing onecimloopsn script to /home/babangida/ros_ws/install/onecim/lib/onecim
[9.196s] Installing onecimloopstatictls script to /home/babangida/ros_ws/install/onecim/lib/onecim
[9.196s] Installing onecimlooptls script to /home/babangida/ros_ws/install/onecim/lib/onecim
[9.197s] Installing onecimsn script to /home/babangida/ros_ws/install/onecim/lib/onecim
[9.197s] Installing onecimtls script to /home/babangida/ros_ws/install/onecim/lib/onecim
[9.197s] Installing playde script to /home/babangida/ros_ws/install/onecim/lib/onecim
[9.198s] Installing playpp script to /home/babangida/ros_ws/install/onecim/lib/onecim
[9.198s] Installing rectraffic script to /home/babangida/ros_ws/install/onecim/lib/onecim
[9.198s] Installing simspeed script to /home/babangida/ros_ws/install/onecim/lib/onecim
[9.199s] Installing snfiscim script to /home/babangida/ros_ws/install/onecim/lib/onecim
[9.199s] Installing veh script to /home/babangida/ros_ws/install/onecim/lib/onecim
[9.199s] Installing wypts script to /home/babangida/ros_ws/install/onecim/lib/onecim
[9.199s] 
[9.199s] Installed /home/babangida/ros_ws/build/onecim
[9.200s] running install_data
[9.227s] Invoked command in '/home/babangida/ros_ws/build/onecim' returned '0': PYTHONPATH=/home/babangida/ros_ws/build/onecim/prefix_override:/home/babangida/ros_ws/install/onecim/lib/python3.8/site-packages:/home/babangida/ros_ws/install/trafficrecord/lib/python3.8/site-packages:/home/babangida/ros_ws/install/dsrcmsg/lib/python3.8/site-packages:/home/babangida/ros_ws/install/onecim/lib/python3.8/site-packages:/home/babangida/ros_ws/install/cim/lib/python3.8/site-packages:/home/babangida/ros_ws/build/reactivemethods:/home/babangida/ros_ws/install/reactivemethods/lib/python3.8/site-packages:/opt/ros/foxy/lib/python3.8/site-packages /usr/bin/python3 setup.py develop --editable --build-directory /home/babangida/ros_ws/build/onecim/build --no-deps install_data
