[4.184s] DEBUG:colcon:Command line arguments: ['/usr/bin/colcon', 'build', '--packages-select', 'dsrcmsg', 'cim', '--symlink-install']
[4.184s] DEBUG:colcon:Parsed command line arguments: Namespace(allow_overriding=[], ament_cmake_args=None, base_paths=['.'], build_base='build', catkin_cmake_args=None, catkin_skip_building_tests=False, cmake_args=None, cmake_clean_cache=False, cmake_clean_first=False, cmake_force_configure=False, cmake_target=None, cmake_target_skip_unavailable=False, continue_on_error=False, event_handlers=None, executor='parallel', ignore_user_meta=False, install_base='install', log_base=None, log_level=None, main=<bound method BuildVerb.main of <colcon_core.verb.build.BuildVerb object at 0x7f4b58a45ac0>>, merge_install=False, metas=['./colcon.meta'], packages_above=None, packages_above_and_dependencies=None, packages_above_depth=None, packages_end=None, packages_ignore=None, packages_ignore_regex=None, packages_select=['dsrcmsg', 'cim'], packages_select_build_failed=False, packages_select_by_dep=None, packages_select_regex=None, packages_select_test_failures=False, packages_skip=None, packages_skip_build_finished=False, packages_skip_by_dep=None, packages_skip_regex=None, packages_skip_test_passed=False, packages_skip_up_to=None, packages_start=None, packages_up_to=None, packages_up_to_regex=None, parallel_workers=8, paths=None, symlink_install=True, test_result_base=None, verb_extension=<colcon_core.verb.build.BuildVerb object at 0x7f4b58a45ac0>, verb_name='build', verb_parser=<colcon_defaults.argument_parser.defaults.DefaultArgumentsDecorator object at 0x7f4b58a17ca0>)
[4.370s] Level 1:colcon.colcon_core.package_discovery:discover_packages(colcon_meta) check parameters
[4.370s] Level 1:colcon.colcon_core.package_discovery:discover_packages(recursive) check parameters
[4.370s] Level 1:colcon.colcon_core.package_discovery:discover_packages(ignore) check parameters
[4.370s] Level 1:colcon.colcon_core.package_discovery:discover_packages(path) check parameters
[4.370s] Level 1:colcon.colcon_core.package_discovery:discover_packages(colcon_meta) discover
[4.370s] Level 1:colcon.colcon_core.package_discovery:discover_packages(recursive) discover
[4.370s] INFO:colcon.colcon_core.package_discovery:Crawling recursively for packages in '/home/babangida/ros_ws'
[4.371s] Level 1:colcon.colcon_core.package_identification:_identify(.) by extensions ['ignore', 'ignore_ament_install']
[4.371s] Level 1:colcon.colcon_core.package_identification:_identify(.) by extension 'ignore'
[4.371s] Level 1:colcon.colcon_core.package_identification:_identify(.) by extension 'ignore_ament_install'
[4.371s] Level 1:colcon.colcon_core.package_identification:_identify(.) by extensions ['colcon_pkg']
[4.371s] Level 1:colcon.colcon_core.package_identification:_identify(.) by extension 'colcon_pkg'
[4.371s] Level 1:colcon.colcon_core.package_identification:_identify(.) by extensions ['colcon_meta']
[4.371s] Level 1:colcon.colcon_core.package_identification:_identify(.) by extension 'colcon_meta'
[4.371s] Level 1:colcon.colcon_core.package_identification:_identify(.) by extensions ['ros']
[4.371s] Level 1:colcon.colcon_core.package_identification:_identify(.) by extension 'ros'
[4.387s] Level 1:colcon.colcon_core.package_identification:_identify(.) by extensions ['cmake', 'python']
[4.387s] Level 1:colcon.colcon_core.package_identification:_identify(.) by extension 'cmake'
[4.387s] Level 1:colcon.colcon_core.package_identification:_identify(.) by extension 'python'
[4.387s] Level 1:colcon.colcon_core.package_identification:_identify(.) by extensions ['python_setup_py']
[4.387s] Level 1:colcon.colcon_core.package_identification:_identify(.) by extension 'python_setup_py'
[4.388s] Level 1:colcon.colcon_core.package_identification:_identify(build) by extensions ['ignore', 'ignore_ament_install']
[4.388s] Level 1:colcon.colcon_core.package_identification:_identify(build) by extension 'ignore'
[4.388s] Level 1:colcon.colcon_core.package_identification:_identify(build) ignored
[4.388s] Level 1:colcon.colcon_core.package_identification:_identify(install) by extensions ['ignore', 'ignore_ament_install']
[4.388s] Level 1:colcon.colcon_core.package_identification:_identify(install) by extension 'ignore'
[4.388s] Level 1:colcon.colcon_core.package_identification:_identify(install) ignored
[4.388s] Level 1:colcon.colcon_core.package_identification:_identify(log) by extensions ['ignore', 'ignore_ament_install']
[4.388s] Level 1:colcon.colcon_core.package_identification:_identify(log) by extension 'ignore'
[4.388s] Level 1:colcon.colcon_core.package_identification:_identify(log) ignored
[4.388s] Level 1:colcon.colcon_core.package_identification:_identify(src) by extensions ['ignore', 'ignore_ament_install']
[4.389s] Level 1:colcon.colcon_core.package_identification:_identify(src) by extension 'ignore'
[4.389s] Level 1:colcon.colcon_core.package_identification:_identify(src) by extension 'ignore_ament_install'
[4.389s] Level 1:colcon.colcon_core.package_identification:_identify(src) by extensions ['colcon_pkg']
[4.389s] Level 1:colcon.colcon_core.package_identification:_identify(src) by extension 'colcon_pkg'
[4.389s] Level 1:colcon.colcon_core.package_identification:_identify(src) by extensions ['colcon_meta']
[4.389s] Level 1:colcon.colcon_core.package_identification:_identify(src) by extension 'colcon_meta'
[4.389s] Level 1:colcon.colcon_core.package_identification:_identify(src) by extensions ['ros']
[4.389s] Level 1:colcon.colcon_core.package_identification:_identify(src) by extension 'ros'
[4.389s] Level 1:colcon.colcon_core.package_identification:_identify(src) by extensions ['cmake', 'python']
[4.389s] Level 1:colcon.colcon_core.package_identification:_identify(src) by extension 'cmake'
[4.389s] Level 1:colcon.colcon_core.package_identification:_identify(src) by extension 'python'
[4.389s] Level 1:colcon.colcon_core.package_identification:_identify(src) by extensions ['python_setup_py']
[4.390s] Level 1:colcon.colcon_core.package_identification:_identify(src) by extension 'python_setup_py'
[4.390s] Level 1:colcon.colcon_core.package_identification:_identify(src/cim) by extensions ['ignore', 'ignore_ament_install']
[4.390s] Level 1:colcon.colcon_core.package_identification:_identify(src/cim) by extension 'ignore'
[4.390s] Level 1:colcon.colcon_core.package_identification:_identify(src/cim) by extension 'ignore_ament_install'
[4.390s] Level 1:colcon.colcon_core.package_identification:_identify(src/cim) by extensions ['colcon_pkg']
[4.390s] Level 1:colcon.colcon_core.package_identification:_identify(src/cim) by extension 'colcon_pkg'
[4.390s] Level 1:colcon.colcon_core.package_identification:_identify(src/cim) by extensions ['colcon_meta']
[4.390s] Level 1:colcon.colcon_core.package_identification:_identify(src/cim) by extension 'colcon_meta'
[4.390s] Level 1:colcon.colcon_core.package_identification:_identify(src/cim) by extensions ['ros']
[4.390s] Level 1:colcon.colcon_core.package_identification:_identify(src/cim) by extension 'ros'
[4.397s] DEBUG:colcon.colcon_core.package_identification:Package 'src/cim' with type 'ros.ament_python' and name 'cim'
[4.397s] Level 1:colcon.colcon_core.package_identification:_identify(src/dsrcmsg) by extensions ['ignore', 'ignore_ament_install']
[4.397s] Level 1:colcon.colcon_core.package_identification:_identify(src/dsrcmsg) by extension 'ignore'
[4.397s] Level 1:colcon.colcon_core.package_identification:_identify(src/dsrcmsg) by extension 'ignore_ament_install'
[4.397s] Level 1:colcon.colcon_core.package_identification:_identify(src/dsrcmsg) by extensions ['colcon_pkg']
[4.397s] Level 1:colcon.colcon_core.package_identification:_identify(src/dsrcmsg) by extension 'colcon_pkg'
[4.398s] Level 1:colcon.colcon_core.package_identification:_identify(src/dsrcmsg) by extensions ['colcon_meta']
[4.398s] Level 1:colcon.colcon_core.package_identification:_identify(src/dsrcmsg) by extension 'colcon_meta'
[4.398s] Level 1:colcon.colcon_core.package_identification:_identify(src/dsrcmsg) by extensions ['ros']
[4.398s] Level 1:colcon.colcon_core.package_identification:_identify(src/dsrcmsg) by extension 'ros'
[4.399s] DEBUG:colcon.colcon_core.package_identification:Package 'src/dsrcmsg' with type 'ros.ament_cmake' and name 'dsrcmsg'
[4.399s] Level 1:colcon.colcon_core.package_identification:_identify(src/reactivemethods) by extensions ['ignore', 'ignore_ament_install']
[4.399s] Level 1:colcon.colcon_core.package_identification:_identify(src/reactivemethods) by extension 'ignore'
[4.399s] Level 1:colcon.colcon_core.package_identification:_identify(src/reactivemethods) by extension 'ignore_ament_install'
[4.399s] Level 1:colcon.colcon_core.package_identification:_identify(src/reactivemethods) by extensions ['colcon_pkg']
[4.400s] Level 1:colcon.colcon_core.package_identification:_identify(src/reactivemethods) by extension 'colcon_pkg'
[4.400s] Level 1:colcon.colcon_core.package_identification:_identify(src/reactivemethods) by extensions ['colcon_meta']
[4.400s] Level 1:colcon.colcon_core.package_identification:_identify(src/reactivemethods) by extension 'colcon_meta'
[4.400s] Level 1:colcon.colcon_core.package_identification:_identify(src/reactivemethods) by extensions ['ros']
[4.400s] Level 1:colcon.colcon_core.package_identification:_identify(src/reactivemethods) by extension 'ros'
[4.401s] DEBUG:colcon.colcon_core.package_identification:Package 'src/reactivemethods' with type 'ros.ament_python' and name 'reactivemethods'
[4.401s] Level 1:colcon.colcon_core.package_identification:_identify(src/trafficrecord) by extensions ['ignore', 'ignore_ament_install']
[4.402s] Level 1:colcon.colcon_core.package_identification:_identify(src/trafficrecord) by extension 'ignore'
[4.402s] Level 1:colcon.colcon_core.package_identification:_identify(src/trafficrecord) by extension 'ignore_ament_install'
[4.402s] Level 1:colcon.colcon_core.package_identification:_identify(src/trafficrecord) by extensions ['colcon_pkg']
[4.402s] Level 1:colcon.colcon_core.package_identification:_identify(src/trafficrecord) by extension 'colcon_pkg'
[4.402s] Level 1:colcon.colcon_core.package_identification:_identify(src/trafficrecord) by extensions ['colcon_meta']
[4.402s] Level 1:colcon.colcon_core.package_identification:_identify(src/trafficrecord) by extension 'colcon_meta'
[4.402s] Level 1:colcon.colcon_core.package_identification:_identify(src/trafficrecord) by extensions ['ros']
[4.402s] Level 1:colcon.colcon_core.package_identification:_identify(src/trafficrecord) by extension 'ros'
[4.403s] DEBUG:colcon.colcon_core.package_identification:Package 'src/trafficrecord' with type 'ros.ament_cmake' and name 'trafficrecord'
[4.404s] Level 1:colcon.colcon_core.package_discovery:discover_packages(recursive) using defaults
[4.404s] Level 1:colcon.colcon_core.package_discovery:discover_packages(ignore) discover
[4.404s] Level 1:colcon.colcon_core.package_discovery:discover_packages(ignore) using defaults
[4.404s] Level 1:colcon.colcon_core.package_discovery:discover_packages(path) discover
[4.404s] Level 1:colcon.colcon_core.package_discovery:discover_packages(path) using defaults
[4.626s] INFO:colcon.colcon_core.package_selection:Skipping not selected package 'trafficrecord' in 'src/trafficrecord'
[4.626s] INFO:colcon.colcon_core.package_selection:Skipping not selected package 'reactivemethods' in 'src/reactivemethods'
[4.764s] Level 1:colcon.colcon_core.package_discovery:discover_packages(prefix_path) check parameters
[4.764s] Level 1:colcon.colcon_core.package_discovery:discover_packages(prefix_path) discover
[4.856s] WARNING:colcon.colcon_ros.prefix_path.ament:The path '/home/babangida/ros_ws/install/trafficrecord' in the environment variable AMENT_PREFIX_PATH doesn't exist
[4.856s] WARNING:colcon.colcon_ros.prefix_path.ament:The path '/home/babangida/ros_ws/install/reactivemethods' in the environment variable AMENT_PREFIX_PATH doesn't exist
[4.857s] WARNING:colcon.colcon_ros.prefix_path.ament:The path '/home/babangida/ros_ws/install/action_tutorials_interfaces' in the environment variable AMENT_PREFIX_PATH doesn't exist
[4.857s] WARNING:colcon.colcon_ros.prefix_path.catkin:The path '/home/babangida/ros_ws/install/trafficrecord' in the environment variable CMAKE_PREFIX_PATH doesn't exist
[4.857s] WARNING:colcon.colcon_ros.prefix_path.catkin:The path '/home/babangida/ros_ws/install/action_tutorials_interfaces' in the environment variable CMAKE_PREFIX_PATH doesn't exist
[4.951s] DEBUG:colcon.colcon_installed_package_information.package_discovery:Found 1 installed packages in /home/babangida/ros_ws/install
[5.053s] DEBUG:colcon.colcon_installed_package_information.package_discovery:Found 289 installed packages in /opt/ros/foxy
[5.056s] Level 1:colcon.colcon_core.package_discovery:discover_packages(prefix_path) using defaults
[5.479s] Level 5:colcon.colcon_core.verb:set package 'dsrcmsg' build argument 'cmake_args' from command line to 'None'
[5.479s] Level 5:colcon.colcon_core.verb:set package 'dsrcmsg' build argument 'cmake_target' from command line to 'None'
[5.479s] Level 5:colcon.colcon_core.verb:set package 'dsrcmsg' build argument 'cmake_target_skip_unavailable' from command line to 'False'
[5.479s] Level 5:colcon.colcon_core.verb:set package 'dsrcmsg' build argument 'cmake_clean_cache' from command line to 'False'
[5.480s] Level 5:colcon.colcon_core.verb:set package 'dsrcmsg' build argument 'cmake_clean_first' from command line to 'False'
[5.480s] Level 5:colcon.colcon_core.verb:set package 'dsrcmsg' build argument 'cmake_force_configure' from command line to 'False'
[5.480s] Level 5:colcon.colcon_core.verb:set package 'dsrcmsg' build argument 'ament_cmake_args' from command line to 'None'
[5.480s] Level 5:colcon.colcon_core.verb:set package 'dsrcmsg' build argument 'catkin_cmake_args' from command line to 'None'
[5.480s] Level 5:colcon.colcon_core.verb:set package 'dsrcmsg' build argument 'catkin_skip_building_tests' from command line to 'False'
[5.480s] DEBUG:colcon.colcon_core.verb:Building package 'dsrcmsg' with the following arguments: {'ament_cmake_args': None, 'build_base': '/home/babangida/ros_ws/build/dsrcmsg', 'catkin_cmake_args': None, 'catkin_skip_building_tests': False, 'cmake_args': None, 'cmake_clean_cache': False, 'cmake_clean_first': False, 'cmake_force_configure': False, 'cmake_target': None, 'cmake_target_skip_unavailable': False, 'install_base': '/home/babangida/ros_ws/install/dsrcmsg', 'merge_install': False, 'path': '/home/babangida/ros_ws/src/dsrcmsg', 'symlink_install': True, 'test_result_base': None}
[5.598s] Level 5:colcon.colcon_core.verb:set package 'cim' build argument 'cmake_args' from command line to 'None'
[5.598s] Level 5:colcon.colcon_core.verb:set package 'cim' build argument 'cmake_target' from command line to 'None'
[5.598s] Level 5:colcon.colcon_core.verb:set package 'cim' build argument 'cmake_target_skip_unavailable' from command line to 'False'
[5.598s] Level 5:colcon.colcon_core.verb:set package 'cim' build argument 'cmake_clean_cache' from command line to 'False'
[5.598s] Level 5:colcon.colcon_core.verb:set package 'cim' build argument 'cmake_clean_first' from command line to 'False'
[5.598s] Level 5:colcon.colcon_core.verb:set package 'cim' build argument 'cmake_force_configure' from command line to 'False'
[5.598s] Level 5:colcon.colcon_core.verb:set package 'cim' build argument 'ament_cmake_args' from command line to 'None'
[5.598s] Level 5:colcon.colcon_core.verb:set package 'cim' build argument 'catkin_cmake_args' from command line to 'None'
[5.599s] Level 5:colcon.colcon_core.verb:set package 'cim' build argument 'catkin_skip_building_tests' from command line to 'False'
[5.599s] DEBUG:colcon.colcon_core.verb:Building package 'cim' with the following arguments: {'ament_cmake_args': None, 'build_base': '/home/babangida/ros_ws/build/cim', 'catkin_cmake_args': None, 'catkin_skip_building_tests': False, 'cmake_args': None, 'cmake_clean_cache': False, 'cmake_clean_first': False, 'cmake_force_configure': False, 'cmake_target': None, 'cmake_target_skip_unavailable': False, 'install_base': '/home/babangida/ros_ws/install/cim', 'merge_install': False, 'path': '/home/babangida/ros_ws/src/cim', 'symlink_install': True, 'test_result_base': None}
[5.701s] INFO:colcon.colcon_core.executor:Executing jobs using 'parallel' executor
[5.797s] DEBUG:colcon.colcon_parallel_executor.executor.parallel:run_until_complete
[5.798s] INFO:colcon.colcon_ros.task.ament_cmake.build:Building ROS package in '/home/babangida/ros_ws/src/dsrcmsg' with build type 'ament_cmake'
[5.798s] INFO:colcon.colcon_cmake.task.cmake.build:Building CMake package in '/home/babangida/ros_ws/src/dsrcmsg'
[5.907s] INFO:colcon.colcon_core.plugin_system:Skipping extension 'colcon_core.shell.bat': Not used on non-Windows systems
[5.907s] INFO:colcon.colcon_core.shell:Skip shell extension 'powershell' for command environment: Not usable outside of PowerShell
[5.907s] DEBUG:colcon.colcon_core.shell:Skip shell extension 'dsv' for command environment
[6.237s] DEBUG:colcon.colcon_core.event_handler.log_command:Invoking command in '/home/babangida/ros_ws/build/dsrcmsg': CMAKE_PREFIX_PATH=${CMAKE_PREFIX_PATH}:/home/babangida/ros_ws/install/cim:/home/babangida/ros_ws/install/reactivemethods:/opt/ros/foxy /usr/bin/cmake --build /home/babangida/ros_ws/build/dsrcmsg -- -j8 -l8
[6.636s] DEBUG:colcon.colcon_core.event_handler.log_command:Invoked command in '/home/babangida/ros_ws/build/dsrcmsg' returned '0': CMAKE_PREFIX_PATH=${CMAKE_PREFIX_PATH}:/home/babangida/ros_ws/install/cim:/home/babangida/ros_ws/install/reactivemethods:/opt/ros/foxy /usr/bin/cmake --build /home/babangida/ros_ws/build/dsrcmsg -- -j8 -l8
[6.798s] DEBUG:colcon.colcon_core.event_handler.log_command:Invoking command in '/home/babangida/ros_ws/build/dsrcmsg': CMAKE_PREFIX_PATH=${CMAKE_PREFIX_PATH}:/home/babangida/ros_ws/install/cim:/home/babangida/ros_ws/install/reactivemethods:/opt/ros/foxy /usr/bin/cmake --install /home/babangida/ros_ws/build/dsrcmsg
[6.952s] Level 1:colcon.colcon_core.environment:create_environment_scripts_only(dsrcmsg)
[6.954s] DEBUG:colcon.colcon_core.event_handler.log_command:Invoked command in '/home/babangida/ros_ws/build/dsrcmsg' returned '0': CMAKE_PREFIX_PATH=${CMAKE_PREFIX_PATH}:/home/babangida/ros_ws/install/cim:/home/babangida/ros_ws/install/reactivemethods:/opt/ros/foxy /usr/bin/cmake --install /home/babangida/ros_ws/build/dsrcmsg
[7.055s] Level 1:colcon.colcon_core.environment:checking '/home/babangida/ros_ws/install/dsrcmsg' for CMake module files
[7.056s] Level 1:colcon.colcon_core.environment:checking '/home/babangida/ros_ws/install/dsrcmsg' for CMake config files
[7.057s] Level 1:colcon.colcon_core.shell:create_environment_hook('dsrcmsg', 'cmake_prefix_path')
[7.174s] INFO:colcon.colcon_core.shell:Creating environment hook '/home/babangida/ros_ws/install/dsrcmsg/share/dsrcmsg/hook/cmake_prefix_path.ps1'
[7.176s] INFO:colcon.colcon_core.shell:Creating environment descriptor '/home/babangida/ros_ws/install/dsrcmsg/share/dsrcmsg/hook/cmake_prefix_path.dsv'
[7.177s] INFO:colcon.colcon_core.shell:Creating environment hook '/home/babangida/ros_ws/install/dsrcmsg/share/dsrcmsg/hook/cmake_prefix_path.sh'
[7.179s] Level 1:colcon.colcon_core.environment:checking '/home/babangida/ros_ws/install/dsrcmsg/lib'
[7.180s] Level 1:colcon.colcon_core.shell:create_environment_hook('dsrcmsg', 'ld_library_path_lib')
[7.310s] INFO:colcon.colcon_core.shell:Creating environment hook '/home/babangida/ros_ws/install/dsrcmsg/share/dsrcmsg/hook/ld_library_path_lib.ps1'
[7.311s] INFO:colcon.colcon_core.shell:Creating environment descriptor '/home/babangida/ros_ws/install/dsrcmsg/share/dsrcmsg/hook/ld_library_path_lib.dsv'
[7.312s] INFO:colcon.colcon_core.shell:Creating environment hook '/home/babangida/ros_ws/install/dsrcmsg/share/dsrcmsg/hook/ld_library_path_lib.sh'
[7.313s] Level 1:colcon.colcon_core.environment:checking '/home/babangida/ros_ws/install/dsrcmsg/bin'
[7.313s] Level 1:colcon.colcon_core.environment:checking '/home/babangida/ros_ws/install/dsrcmsg/lib/pkgconfig/dsrcmsg.pc'
[7.314s] Level 1:colcon.colcon_core.environment:checking '/home/babangida/ros_ws/install/dsrcmsg/lib/python3.8/site-packages'
[7.314s] Level 1:colcon.colcon_core.shell:create_environment_hook('dsrcmsg', 'pythonpath')
[7.455s] INFO:colcon.colcon_core.shell:Creating environment hook '/home/babangida/ros_ws/install/dsrcmsg/share/dsrcmsg/hook/pythonpath.ps1'
[7.455s] INFO:colcon.colcon_core.shell:Creating environment descriptor '/home/babangida/ros_ws/install/dsrcmsg/share/dsrcmsg/hook/pythonpath.dsv'
[7.456s] INFO:colcon.colcon_core.shell:Creating environment hook '/home/babangida/ros_ws/install/dsrcmsg/share/dsrcmsg/hook/pythonpath.sh'
[7.458s] Level 1:colcon.colcon_core.environment:checking '/home/babangida/ros_ws/install/dsrcmsg/bin'
[7.563s] INFO:colcon.colcon_core.shell:Creating package script '/home/babangida/ros_ws/install/dsrcmsg/share/dsrcmsg/package.ps1'
[7.565s] INFO:colcon.colcon_core.shell:Creating package descriptor '/home/babangida/ros_ws/install/dsrcmsg/share/dsrcmsg/package.dsv'
[7.566s] INFO:colcon.colcon_core.shell:Creating package script '/home/babangida/ros_ws/install/dsrcmsg/share/dsrcmsg/package.sh'
[7.567s] INFO:colcon.colcon_core.shell:Creating package script '/home/babangida/ros_ws/install/dsrcmsg/share/dsrcmsg/package.bash'
[7.569s] INFO:colcon.colcon_core.shell:Creating package script '/home/babangida/ros_ws/install/dsrcmsg/share/dsrcmsg/package.zsh'
[7.570s] Level 1:colcon.colcon_core.environment:create_file_with_runtime_dependencies(/home/babangida/ros_ws/install/dsrcmsg/share/colcon-core/packages/dsrcmsg)
[7.828s] Level 1:colcon.colcon_core.environment:create_environment_scripts_only(dsrcmsg)
[7.929s] Level 1:colcon.colcon_core.environment:checking '/home/babangida/ros_ws/install/dsrcmsg' for CMake module files
[7.929s] Level 1:colcon.colcon_core.environment:checking '/home/babangida/ros_ws/install/dsrcmsg' for CMake config files
[7.930s] Level 1:colcon.colcon_core.shell:create_environment_hook('dsrcmsg', 'cmake_prefix_path')
[8.013s] INFO:colcon.colcon_core.shell:Creating environment hook '/home/babangida/ros_ws/install/dsrcmsg/share/dsrcmsg/hook/cmake_prefix_path.ps1'
[8.014s] INFO:colcon.colcon_core.shell:Creating environment descriptor '/home/babangida/ros_ws/install/dsrcmsg/share/dsrcmsg/hook/cmake_prefix_path.dsv'
[8.015s] INFO:colcon.colcon_core.shell:Creating environment hook '/home/babangida/ros_ws/install/dsrcmsg/share/dsrcmsg/hook/cmake_prefix_path.sh'
[8.016s] Level 1:colcon.colcon_core.environment:checking '/home/babangida/ros_ws/install/dsrcmsg/lib'
[8.016s] Level 1:colcon.colcon_core.shell:create_environment_hook('dsrcmsg', 'ld_library_path_lib')
[8.091s] INFO:colcon.colcon_core.shell:Creating environment hook '/home/babangida/ros_ws/install/dsrcmsg/share/dsrcmsg/hook/ld_library_path_lib.ps1'
[8.091s] INFO:colcon.colcon_core.shell:Creating environment descriptor '/home/babangida/ros_ws/install/dsrcmsg/share/dsrcmsg/hook/ld_library_path_lib.dsv'
[8.092s] INFO:colcon.colcon_core.shell:Creating environment hook '/home/babangida/ros_ws/install/dsrcmsg/share/dsrcmsg/hook/ld_library_path_lib.sh'
[8.092s] Level 1:colcon.colcon_core.environment:checking '/home/babangida/ros_ws/install/dsrcmsg/bin'
[8.092s] Level 1:colcon.colcon_core.environment:checking '/home/babangida/ros_ws/install/dsrcmsg/lib/pkgconfig/dsrcmsg.pc'
[8.092s] Level 1:colcon.colcon_core.environment:checking '/home/babangida/ros_ws/install/dsrcmsg/lib/python3.8/site-packages'
[8.093s] Level 1:colcon.colcon_core.shell:create_environment_hook('dsrcmsg', 'pythonpath')
[8.167s] INFO:colcon.colcon_core.shell:Creating environment hook '/home/babangida/ros_ws/install/dsrcmsg/share/dsrcmsg/hook/pythonpath.ps1'
[8.168s] INFO:colcon.colcon_core.shell:Creating environment descriptor '/home/babangida/ros_ws/install/dsrcmsg/share/dsrcmsg/hook/pythonpath.dsv'
[8.168s] INFO:colcon.colcon_core.shell:Creating environment hook '/home/babangida/ros_ws/install/dsrcmsg/share/dsrcmsg/hook/pythonpath.sh'
[8.169s] Level 1:colcon.colcon_core.environment:checking '/home/babangida/ros_ws/install/dsrcmsg/bin'
[8.240s] INFO:colcon.colcon_core.shell:Creating package script '/home/babangida/ros_ws/install/dsrcmsg/share/dsrcmsg/package.ps1'
[8.242s] INFO:colcon.colcon_core.shell:Creating package descriptor '/home/babangida/ros_ws/install/dsrcmsg/share/dsrcmsg/package.dsv'
[8.243s] INFO:colcon.colcon_core.shell:Creating package script '/home/babangida/ros_ws/install/dsrcmsg/share/dsrcmsg/package.sh'
[8.244s] INFO:colcon.colcon_core.shell:Creating package script '/home/babangida/ros_ws/install/dsrcmsg/share/dsrcmsg/package.bash'
[8.244s] INFO:colcon.colcon_core.shell:Creating package script '/home/babangida/ros_ws/install/dsrcmsg/share/dsrcmsg/package.zsh'
[8.245s] Level 1:colcon.colcon_core.environment:create_file_with_runtime_dependencies(/home/babangida/ros_ws/install/dsrcmsg/share/colcon-core/packages/dsrcmsg)
[8.245s] INFO:colcon.colcon_ros.task.ament_python.build:Building ROS package in '/home/babangida/ros_ws/src/cim' with build type 'ament_python'
[8.246s] Level 1:colcon.colcon_core.shell:create_environment_hook('cim', 'ament_prefix_path')
[8.320s] INFO:colcon.colcon_core.shell:Creating environment hook '/home/babangida/ros_ws/install/cim/share/cim/hook/ament_prefix_path.ps1'
[8.320s] INFO:colcon.colcon_core.shell:Creating environment descriptor '/home/babangida/ros_ws/install/cim/share/cim/hook/ament_prefix_path.dsv'
[8.321s] INFO:colcon.colcon_core.shell:Creating environment hook '/home/babangida/ros_ws/install/cim/share/cim/hook/ament_prefix_path.sh'
[8.398s] INFO:colcon.colcon_core.shell:Skip shell extension 'powershell' for command environment: Not usable outside of PowerShell
[8.398s] DEBUG:colcon.colcon_core.shell:Skip shell extension 'dsv' for command environment
[8.631s] ERROR:colcon.colcon_ros.task.ament_python.build:Failed to find the following files:
- /home/babangida/ros_ws/install/trafficrecord/share/trafficrecord/package.sh
Check that the following packages have been built:
- trafficrecord
[8.642s] DEBUG:colcon.colcon_parallel_executor.executor.parallel:closing loop
[8.642s] DEBUG:colcon.colcon_parallel_executor.executor.parallel:loop closed
[8.642s] DEBUG:colcon.colcon_parallel_executor.executor.parallel:run_until_complete finished with '1'
[8.642s] DEBUG:colcon.colcon_core.event_reactor:joining thread
[8.885s] INFO:colcon.colcon_core.plugin_system:Skipping extension 'colcon_notification.desktop_notification.notify_send': Could not find 'notify-send'
[8.885s] INFO:colcon.colcon_core.plugin_system:Skipping extension 'colcon_notification.desktop_notification.terminal_notifier': Not used on non-Darwin systems
[8.886s] INFO:colcon.colcon_core.plugin_system:Skipping extension 'colcon_notification.desktop_notification.win32': Not used on non-Windows systems
[8.886s] INFO:colcon.colcon_notification.desktop_notification:Sending desktop notification using 'notify2'
[8.889s] DEBUG:colcon.colcon_notification.desktop_notification.notify2:Failed to initialize notify2: org.freedesktop.DBus.Error.ServiceUnknown: The name org.freedesktop.Notifications was not provided by any .service files
[8.889s] DEBUG:colcon.colcon_core.event_reactor:joined thread
[8.971s] INFO:colcon.colcon_core.shell:Creating prefix script '/home/babangida/ros_ws/install/local_setup.ps1'
[8.972s] INFO:colcon.colcon_core.shell:Creating prefix util module '/home/babangida/ros_ws/install/_local_setup_util_ps1.py'
[8.975s] INFO:colcon.colcon_core.shell:Creating prefix chain script '/home/babangida/ros_ws/install/setup.ps1'
[9.059s] INFO:colcon.colcon_core.shell:Creating prefix script '/home/babangida/ros_ws/install/local_setup.sh'
[9.060s] INFO:colcon.colcon_core.shell:Creating prefix util module '/home/babangida/ros_ws/install/_local_setup_util_sh.py'
[9.061s] INFO:colcon.colcon_core.shell:Creating prefix chain script '/home/babangida/ros_ws/install/setup.sh'
[9.160s] INFO:colcon.colcon_core.shell:Creating prefix script '/home/babangida/ros_ws/install/local_setup.bash'
[9.161s] INFO:colcon.colcon_core.shell:Creating prefix chain script '/home/babangida/ros_ws/install/setup.bash'
[9.274s] INFO:colcon.colcon_core.shell:Creating prefix script '/home/babangida/ros_ws/install/local_setup.zsh'
[9.277s] INFO:colcon.colcon_core.shell:Creating prefix chain script '/home/babangida/ros_ws/install/setup.zsh'
