[2.682s] Invoking command in '/home/babangida/ros_ws/build/onecim': PYTHONPATH=/home/babangida/ros_ws/build/onecim/prefix_override:/home/babangida/ros_ws/install/onecim/lib/python3.8/site-packages:/home/babangida/ros_ws/install/trafficrecord/lib/python3.8/site-packages:/home/babangida/ros_ws/install/dsrcmsg/lib/python3.8/site-packages:/home/babangida/ros_ws/install/onecim/lib/python3.8/site-packages:/home/babangida/ros_ws/install/cim/lib/python3.8/site-packages:/home/babangida/ros_ws/build/reactivemethods:/home/babangida/ros_ws/install/reactivemethods/lib/python3.8/site-packages:/opt/ros/foxy/lib/python3.8/site-packages /usr/bin/python3 setup.py develop --editable --build-directory /home/babangida/ros_ws/build/onecim/build --no-deps install_data
[3.028s] running develop
[3.229s] running egg_info
[3.229s] writing onecim.egg-info/PKG-INFO
[3.231s] writing dependency_links to onecim.egg-info/dependency_links.txt
[3.231s] writing entry points to onecim.egg-info/entry_points.txt
[3.232s] writing requirements to onecim.egg-info/requires.txt
[3.232s] writing top-level names to onecim.egg-info/top_level.txt
[3.275s] reading manifest file 'onecim.egg-info/SOURCES.txt'
[3.276s] writing manifest file 'onecim.egg-info/SOURCES.txt'
[3.324s] running build_ext
[3.324s] Creating /home/babangida/ros_ws/install/onecim/lib/python3.8/site-packages/onecim.egg-link (link to .)
[3.326s] Installing ewfiscim script to /home/babangida/ros_ws/install/onecim/lib/onecim
[3.326s] Installing fisonecimlooptls script to /home/babangida/ros_ws/install/onecim/lib/onecim
[3.326s] Installing fisonecimtls script to /home/babangida/ros_ws/install/onecim/lib/onecim
[3.327s] Installing genveh script to /home/babangida/ros_ws/install/onecim/lib/onecim
[3.327s] Installing onecimew script to /home/babangida/ros_ws/install/onecim/lib/onecim
[3.327s] Installing onecimloopew script to /home/babangida/ros_ws/install/onecim/lib/onecim
[3.327s] Installing onecimloopsn script to /home/babangida/ros_ws/install/onecim/lib/onecim
[3.328s] Installing onecimloopstatictls script to /home/babangida/ros_ws/install/onecim/lib/onecim
[3.328s] Installing onecimlooptls script to /home/babangida/ros_ws/install/onecim/lib/onecim
[3.328s] Installing onecimsn script to /home/babangida/ros_ws/install/onecim/lib/onecim
[3.328s] Installing onecimtls script to /home/babangida/ros_ws/install/onecim/lib/onecim
[3.329s] Installing playde script to /home/babangida/ros_ws/install/onecim/lib/onecim
[3.329s] Installing playpp script to /home/babangida/ros_ws/install/onecim/lib/onecim
[3.329s] Installing rectraffic script to /home/babangida/ros_ws/install/onecim/lib/onecim
[3.329s] Installing simspeed script to /home/babangida/ros_ws/install/onecim/lib/onecim
[3.330s] Installing snfiscim script to /home/babangida/ros_ws/install/onecim/lib/onecim
[3.330s] Installing veh script to /home/babangida/ros_ws/install/onecim/lib/onecim
[3.330s] Installing wypts script to /home/babangida/ros_ws/install/onecim/lib/onecim
[3.330s] 
[3.331s] Installed /home/babangida/ros_ws/build/onecim
[3.331s] running install_data
[3.369s] Invoked command in '/home/babangida/ros_ws/build/onecim' returned '0': PYTHONPATH=/home/babangida/ros_ws/build/onecim/prefix_override:/home/babangida/ros_ws/install/onecim/lib/python3.8/site-packages:/home/babangida/ros_ws/install/trafficrecord/lib/python3.8/site-packages:/home/babangida/ros_ws/install/dsrcmsg/lib/python3.8/site-packages:/home/babangida/ros_ws/install/onecim/lib/python3.8/site-packages:/home/babangida/ros_ws/install/cim/lib/python3.8/site-packages:/home/babangida/ros_ws/build/reactivemethods:/home/babangida/ros_ws/install/reactivemethods/lib/python3.8/site-packages:/opt/ros/foxy/lib/python3.8/site-packages /usr/bin/python3 setup.py develop --editable --build-directory /home/babangida/ros_ws/build/onecim/build --no-deps install_data
