[3.473s] Invoking command in '/home/babangida/ros_ws/build/onecim': PYTHONPATH=/home/babangida/ros_ws/build/onecim/prefix_override:/home/babangida/ros_ws/install/onecim/lib/python3.8/site-packages:/home/babangida/ros_ws/install/trafficrecord/lib/python3.8/site-packages:/home/babangida/ros_ws/install/dsrcmsg/lib/python3.8/site-packages:/home/babangida/ros_ws/build/onecim:/home/babangida/ros_ws/install/onecim/lib/python3.8/site-packages:/home/babangida/ros_ws/install/cim/lib/python3.8/site-packages:/home/babangida/ros_ws/build/reactivemethods:/home/babangida/ros_ws/install/reactivemethods/lib/python3.8/site-packages:/opt/ros/foxy/lib/python3.8/site-packages /usr/bin/python3 setup.py develop --editable --build-directory /home/babangida/ros_ws/build/onecim/build --no-deps install_data
[3.894s] running develop
[4.144s] running egg_info
[4.145s] writing onecim.egg-info/PKG-INFO
[4.146s] writing dependency_links to onecim.egg-info/dependency_links.txt
[4.146s] writing entry points to onecim.egg-info/entry_points.txt
[4.146s] writing requirements to onecim.egg-info/requires.txt
[4.147s] writing top-level names to onecim.egg-info/top_level.txt
[4.202s] reading manifest file 'onecim.egg-info/SOURCES.txt'
[4.204s] writing manifest file 'onecim.egg-info/SOURCES.txt'
[4.267s] running build_ext
[4.267s] Creating /home/babangida/ros_ws/install/onecim/lib/python3.8/site-packages/onecim.egg-link (link to .)
[4.269s] Installing ewfiscim script to /home/babangida/ros_ws/install/onecim/lib/onecim
[4.269s] Installing fisonecimlooptls script to /home/babangida/ros_ws/install/onecim/lib/onecim
[4.270s] Installing fisonecimtls script to /home/babangida/ros_ws/install/onecim/lib/onecim
[4.270s] Installing onecimew script to /home/babangida/ros_ws/install/onecim/lib/onecim
[4.270s] Installing onecimloopew script to /home/babangida/ros_ws/install/onecim/lib/onecim
[4.271s] Installing onecimloopsn script to /home/babangida/ros_ws/install/onecim/lib/onecim
[4.271s] Installing onecimloopstatictls script to /home/babangida/ros_ws/install/onecim/lib/onecim
[4.271s] Installing onecimlooptls script to /home/babangida/ros_ws/install/onecim/lib/onecim
[4.272s] Installing onecimsn script to /home/babangida/ros_ws/install/onecim/lib/onecim
[4.272s] Installing onecimtls script to /home/babangida/ros_ws/install/onecim/lib/onecim
[4.272s] Installing playde script to /home/babangida/ros_ws/install/onecim/lib/onecim
[4.273s] Installing playpp script to /home/babangida/ros_ws/install/onecim/lib/onecim
[4.273s] Installing simspeed script to /home/babangida/ros_ws/install/onecim/lib/onecim
[4.273s] Installing snfiscim script to /home/babangida/ros_ws/install/onecim/lib/onecim
[4.273s] Installing veh script to /home/babangida/ros_ws/install/onecim/lib/onecim
[4.273s] Installing wypts script to /home/babangida/ros_ws/install/onecim/lib/onecim
[4.273s] 
[4.273s] Installed /home/babangida/ros_ws/build/onecim
[4.274s] running install_data
[4.321s] Invoked command in '/home/babangida/ros_ws/build/onecim' returned '0': PYTHONPATH=/home/babangida/ros_ws/build/onecim/prefix_override:/home/babangida/ros_ws/install/onecim/lib/python3.8/site-packages:/home/babangida/ros_ws/install/trafficrecord/lib/python3.8/site-packages:/home/babangida/ros_ws/install/dsrcmsg/lib/python3.8/site-packages:/home/babangida/ros_ws/build/onecim:/home/babangida/ros_ws/install/onecim/lib/python3.8/site-packages:/home/babangida/ros_ws/install/cim/lib/python3.8/site-packages:/home/babangida/ros_ws/build/reactivemethods:/home/babangida/ros_ws/install/reactivemethods/lib/python3.8/site-packages:/opt/ros/foxy/lib/python3.8/site-packages /usr/bin/python3 setup.py develop --editable --build-directory /home/babangida/ros_ws/build/onecim/build --no-deps install_data
