[3.417s] Invoking command in '/home/babangida/ros_ws/build/onecim': PYTHONPATH=/home/babangida/ros_ws/build/onecim/prefix_override:/home/babangida/ros_ws/install/onecim/lib/python3.8/site-packages:/home/babangida/ros_ws/install/trafficrecord/lib/python3.8/site-packages:/home/babangida/ros_ws/install/dsrcmsg/lib/python3.8/site-packages:/home/babangida/ros_ws/build/onecim:/home/babangida/ros_ws/install/onecim/lib/python3.8/site-packages:/home/babangida/ros_ws/install/cim/lib/python3.8/site-packages:/home/babangida/ros_ws/build/reactivemethods:/home/babangida/ros_ws/install/reactivemethods/lib/python3.8/site-packages:/opt/ros/foxy/lib/python3.8/site-packages /usr/bin/python3 setup.py develop --editable --build-directory /home/babangida/ros_ws/build/onecim/build --no-deps install_data
[3.836s] running develop
[4.114s] running egg_info
[4.115s] writing onecim.egg-info/PKG-INFO
[4.115s] writing dependency_links to onecim.egg-info/dependency_links.txt
[4.115s] writing entry points to onecim.egg-info/entry_points.txt
[4.115s] writing requirements to onecim.egg-info/requires.txt
[4.115s] writing top-level names to onecim.egg-info/top_level.txt
[4.168s] reading manifest file 'onecim.egg-info/SOURCES.txt'
[4.170s] writing manifest file 'onecim.egg-info/SOURCES.txt'
[4.228s] running build_ext
[4.228s] Creating /home/babangida/ros_ws/install/onecim/lib/python3.8/site-packages/onecim.egg-link (link to .)
[4.230s] Installing benchmark script to /home/babangida/ros_ws/install/onecim/lib/onecim
[4.231s] Installing erectraffic script to /home/babangida/ros_ws/install/onecim/lib/onecim
[4.231s] Installing ewfiscim script to /home/babangida/ros_ws/install/onecim/lib/onecim
[4.231s] Installing fisonecimlooptls script to /home/babangida/ros_ws/install/onecim/lib/onecim
[4.232s] Installing fisonecimtls script to /home/babangida/ros_ws/install/onecim/lib/onecim
[4.232s] Installing genveh script to /home/babangida/ros_ws/install/onecim/lib/onecim
[4.232s] Installing nrectraffic script to /home/babangida/ros_ws/install/onecim/lib/onecim
[4.232s] Installing onecimew script to /home/babangida/ros_ws/install/onecim/lib/onecim
[4.233s] Installing onecimloopew script to /home/babangida/ros_ws/install/onecim/lib/onecim
[4.233s] Installing onecimloopsn script to /home/babangida/ros_ws/install/onecim/lib/onecim
[4.233s] Installing onecimloopstatictls script to /home/babangida/ros_ws/install/onecim/lib/onecim
[4.234s] Installing onecimlooptls script to /home/babangida/ros_ws/install/onecim/lib/onecim
[4.234s] Installing onecimsn script to /home/babangida/ros_ws/install/onecim/lib/onecim
[4.235s] Installing onecimtls script to /home/babangida/ros_ws/install/onecim/lib/onecim
[4.235s] Installing playde script to /home/babangida/ros_ws/install/onecim/lib/onecim
[4.235s] Installing playpp script to /home/babangida/ros_ws/install/onecim/lib/onecim
[4.236s] Installing rectraffic script to /home/babangida/ros_ws/install/onecim/lib/onecim
[4.236s] Installing rrfisonecimlooptls script to /home/babangida/ros_ws/install/onecim/lib/onecim
[4.237s] Installing rronecimlooptls script to /home/babangida/ros_ws/install/onecim/lib/onecim
[4.237s] Installing simspeed script to /home/babangida/ros_ws/install/onecim/lib/onecim
[4.237s] Installing snfiscim script to /home/babangida/ros_ws/install/onecim/lib/onecim
[4.238s] Installing speed script to /home/babangida/ros_ws/install/onecim/lib/onecim
[4.238s] Installing srectraffic script to /home/babangida/ros_ws/install/onecim/lib/onecim
[4.238s] Installing timegenveh script to /home/babangida/ros_ws/install/onecim/lib/onecim
[4.238s] Installing trafficrec script to /home/babangida/ros_ws/install/onecim/lib/onecim
[4.238s] Installing veh script to /home/babangida/ros_ws/install/onecim/lib/onecim
[4.238s] Installing wrectraffic script to /home/babangida/ros_ws/install/onecim/lib/onecim
[4.239s] Installing wypts script to /home/babangida/ros_ws/install/onecim/lib/onecim
[4.239s] 
[4.239s] Installed /home/babangida/ros_ws/build/onecim
[4.239s] running install_data
[4.287s] Invoked command in '/home/babangida/ros_ws/build/onecim' returned '0': PYTHONPATH=/home/babangida/ros_ws/build/onecim/prefix_override:/home/babangida/ros_ws/install/onecim/lib/python3.8/site-packages:/home/babangida/ros_ws/install/trafficrecord/lib/python3.8/site-packages:/home/babangida/ros_ws/install/dsrcmsg/lib/python3.8/site-packages:/home/babangida/ros_ws/build/onecim:/home/babangida/ros_ws/install/onecim/lib/python3.8/site-packages:/home/babangida/ros_ws/install/cim/lib/python3.8/site-packages:/home/babangida/ros_ws/build/reactivemethods:/home/babangida/ros_ws/install/reactivemethods/lib/python3.8/site-packages:/opt/ros/foxy/lib/python3.8/site-packages /usr/bin/python3 setup.py develop --editable --build-directory /home/babangida/ros_ws/build/onecim/build --no-deps install_data
