running develop
running egg_info
writing onecim.egg-info/PKG-INFO
writing dependency_links to onecim.egg-info/dependency_links.txt
writing entry points to onecim.egg-info/entry_points.txt
writing requirements to onecim.egg-info/requires.txt
writing top-level names to onecim.egg-info/top_level.txt
reading manifest file 'onecim.egg-info/SOURCES.txt'
writing manifest file 'onecim.egg-info/SOURCES.txt'
running build_ext
Creating /home/babangida/ros_ws/install/onecim/lib/python3.8/site-packages/onecim.egg-link (link to .)
Installing fisonecimtls script to /home/babangida/ros_ws/install/onecim/lib/onecim
Installing onecimew script to /home/babangida/ros_ws/install/onecim/lib/onecim
Installing onecimloopew script to /home/babangida/ros_ws/install/onecim/lib/onecim
Installing onecimloopsn script to /home/babangida/ros_ws/install/onecim/lib/onecim
Installing onecimloopstatictls script to /home/babangida/ros_ws/install/onecim/lib/onecim
Installing onecimlooptls script to /home/babangida/ros_ws/install/onecim/lib/onecim
Installing onecimsn script to /home/babangida/ros_ws/install/onecim/lib/onecim
Installing onecimtls script to /home/babangida/ros_ws/install/onecim/lib/onecim
Installing playde script to /home/babangida/ros_ws/install/onecim/lib/onecim
Installing playpp script to /home/babangida/ros_ws/install/onecim/lib/onecim
Installing simspeed script to /home/babangida/ros_ws/install/onecim/lib/onecim
Installing wypts script to /home/babangida/ros_ws/install/onecim/lib/onecim

Installed /home/babangida/ros_ws/build/onecim
running install_data
