[3.573s] Invoking command in '/home/babangida/ros_ws/build/onecim': PYTHONPATH=/home/babangida/ros_ws/build/onecim/prefix_override:/home/babangida/ros_ws/install/onecim/lib/python3.8/site-packages:/home/babangida/ros_ws/install/trafficrecord/lib/python3.8/site-packages:/home/babangida/ros_ws/install/dsrcmsg/lib/python3.8/site-packages:/home/babangida/ros_ws/build/onecim:/home/babangida/ros_ws/install/onecim/lib/python3.8/site-packages:/home/babangida/ros_ws/install/cim/lib/python3.8/site-packages:/home/babangida/ros_ws/build/reactivemethods:/home/babangida/ros_ws/install/reactivemethods/lib/python3.8/site-packages:/opt/ros/foxy/lib/python3.8/site-packages /usr/bin/python3 setup.py develop --editable --build-directory /home/babangida/ros_ws/build/onecim/build --no-deps install_data
[3.869s] running develop
[4.066s] running egg_info
[4.066s] writing onecim.egg-info/PKG-INFO
[4.067s] writing dependency_links to onecim.egg-info/dependency_links.txt
[4.068s] writing entry points to onecim.egg-info/entry_points.txt
[4.068s] writing requirements to onecim.egg-info/requires.txt
[4.069s] writing top-level names to onecim.egg-info/top_level.txt
[4.117s] reading manifest file 'onecim.egg-info/SOURCES.txt'
[4.118s] writing manifest file 'onecim.egg-info/SOURCES.txt'
[4.164s] running build_ext
[4.164s] Creating /home/babangida/ros_ws/install/onecim/lib/python3.8/site-packages/onecim.egg-link (link to .)
[4.166s] Installing fisonecimtls script to /home/babangida/ros_ws/install/onecim/lib/onecim
[4.167s] Installing onecimew script to /home/babangida/ros_ws/install/onecim/lib/onecim
[4.167s] Installing onecimloopew script to /home/babangida/ros_ws/install/onecim/lib/onecim
[4.168s] Installing onecimloopsn script to /home/babangida/ros_ws/install/onecim/lib/onecim
[4.168s] Installing onecimloopstatictls script to /home/babangida/ros_ws/install/onecim/lib/onecim
[4.168s] Installing onecimlooptls script to /home/babangida/ros_ws/install/onecim/lib/onecim
[4.169s] Installing onecimsn script to /home/babangida/ros_ws/install/onecim/lib/onecim
[4.169s] Installing onecimtls script to /home/babangida/ros_ws/install/onecim/lib/onecim
[4.170s] Installing playde script to /home/babangida/ros_ws/install/onecim/lib/onecim
[4.170s] Installing playpp script to /home/babangida/ros_ws/install/onecim/lib/onecim
[4.170s] Installing simspeed script to /home/babangida/ros_ws/install/onecim/lib/onecim
[4.171s] Installing wypts script to /home/babangida/ros_ws/install/onecim/lib/onecim
[4.172s] 
[4.172s] Installed /home/babangida/ros_ws/build/onecim
[4.172s] running install_data
[4.205s] Invoked command in '/home/babangida/ros_ws/build/onecim' returned '0': PYTHONPATH=/home/babangida/ros_ws/build/onecim/prefix_override:/home/babangida/ros_ws/install/onecim/lib/python3.8/site-packages:/home/babangida/ros_ws/install/trafficrecord/lib/python3.8/site-packages:/home/babangida/ros_ws/install/dsrcmsg/lib/python3.8/site-packages:/home/babangida/ros_ws/build/onecim:/home/babangida/ros_ws/install/onecim/lib/python3.8/site-packages:/home/babangida/ros_ws/install/cim/lib/python3.8/site-packages:/home/babangida/ros_ws/build/reactivemethods:/home/babangida/ros_ws/install/reactivemethods/lib/python3.8/site-packages:/opt/ros/foxy/lib/python3.8/site-packages /usr/bin/python3 setup.py develop --editable --build-directory /home/babangida/ros_ws/build/onecim/build --no-deps install_data
