[0.244s] Invoking command in '/home/babangida/ros_ws/build/trafficrecord': CMAKE_PREFIX_PATH=${CMAKE_PREFIX_PATH}:/home/babangida/ros_ws/install/cim:/home/babangida/ros_ws/install/reactivemethods:/opt/ros/foxy /usr/bin/cmake --build /home/babangida/ros_ws/build/trafficrecord -- -j8 -l8
[0.385s] [  2%] Built target trafficrecord__cpp
[0.392s] [ 12%] Built target trafficrecord__rosidl_generator_c
[0.416s] [ 23%] Built target trafficrecord__rosidl_typesupport_introspection_cpp
[0.422s] [ 41%] Built target trafficrecord__rosidl_typesupport_cpp
[0.422s] [ 43%] Built target trafficrecord__rosidl_typesupport_introspection_c
[0.428s] [ 53%] Built target trafficrecord__rosidl_typesupport_c
[0.432s] [ 64%] Built target trafficrecord__rosidl_typesupport_fastrtps_cpp
[0.458s] [ 74%] Built target trafficrecord__rosidl_typesupport_fastrtps_c
[0.478s] [ 74%] Built target trafficrecord
[0.498s] [ 76%] Built target trafficrecord__py
[0.525s] [ 84%] Built target trafficrecord__python
[0.557s] [ 89%] Built target trafficrecord__rosidl_typesupport_introspection_c__pyext
[0.558s] [ 94%] Built target trafficrecord__rosidl_typesupport_fastrtps_c__pyext
[0.560s] [100%] Built target trafficrecord__rosidl_typesupport_c__pyext
[0.575s] Invoked command in '/home/babangida/ros_ws/build/trafficrecord' returned '0': CMAKE_PREFIX_PATH=${CMAKE_PREFIX_PATH}:/home/babangida/ros_ws/install/cim:/home/babangida/ros_ws/install/reactivemethods:/opt/ros/foxy /usr/bin/cmake --build /home/babangida/ros_ws/build/trafficrecord -- -j8 -l8
[0.653s] Invoking command in '/home/babangida/ros_ws/build/trafficrecord': CMAKE_PREFIX_PATH=${CMAKE_PREFIX_PATH}:/home/babangida/ros_ws/install/cim:/home/babangida/ros_ws/install/reactivemethods:/opt/ros/foxy /usr/bin/cmake --install /home/babangida/ros_ws/build/trafficrecord
[0.663s] -- Install configuration: ""
[0.663s] -- Up-to-date: /home/babangida/ros_ws/install/trafficrecord/share/ament_index/resource_index/rosidl_interfaces/trafficrecord
[0.663s] -- Up-to-date: /home/babangida/ros_ws/install/trafficrecord/include/trafficrecord
[0.664s] -- Up-to-date: /home/babangida/ros_ws/install/trafficrecord/include/trafficrecord/action
[0.664s] -- Up-to-date: /home/babangida/ros_ws/install/trafficrecord/include/trafficrecord/action/veh_wait_time.h
[0.664s] -- Up-to-date: /home/babangida/ros_ws/install/trafficrecord/include/trafficrecord/action/detail
[0.664s] -- Up-to-date: /home/babangida/ros_ws/install/trafficrecord/include/trafficrecord/action/detail/hybrid_cim__struct.h
[0.664s] -- Up-to-date: /home/babangida/ros_ws/install/trafficrecord/include/trafficrecord/action/detail/veh_wait_time__struct.h
[0.665s] -- Up-to-date: /home/babangida/ros_ws/install/trafficrecord/include/trafficrecord/action/detail/hybrid_cim__type_support.h
[0.665s] -- Up-to-date: /home/babangida/ros_ws/install/trafficrecord/include/trafficrecord/action/detail/hybrid_cim__functions.c
[0.666s] -- Up-to-date: /home/babangida/ros_ws/install/trafficrecord/include/trafficrecord/action/detail/veh_wait_time__type_support.h
[0.667s] -- Up-to-date: /home/babangida/ros_ws/install/trafficrecord/include/trafficrecord/action/detail/veh_wait_time__functions.c
[0.667s] -- Up-to-date: /home/babangida/ros_ws/install/trafficrecord/include/trafficrecord/action/detail/hybrid_cim__functions.h
[0.667s] -- Up-to-date: /home/babangida/ros_ws/install/trafficrecord/include/trafficrecord/action/detail/veh_wait_time__functions.h
[0.667s] -- Up-to-date: /home/babangida/ros_ws/install/trafficrecord/include/trafficrecord/action/hybrid_cim.h
[0.668s] -- Up-to-date: /home/babangida/ros_ws/install/trafficrecord/include/trafficrecord/msg
[0.668s] -- Up-to-date: /home/babangida/ros_ws/install/trafficrecord/include/trafficrecord/msg/rosidl_generator_c__visibility_control.h
[0.669s] -- Up-to-date: /home/babangida/ros_ws/install/trafficrecord/share/trafficrecord/environment/library_path.sh
[0.669s] -- Up-to-date: /home/babangida/ros_ws/install/trafficrecord/share/trafficrecord/environment/library_path.dsv
[0.669s] -- Up-to-date: /home/babangida/ros_ws/install/trafficrecord/lib/libtrafficrecord__rosidl_generator_c.so
[0.669s] -- Up-to-date: /home/babangida/ros_ws/install/trafficrecord/include/trafficrecord
[0.670s] -- Up-to-date: /home/babangida/ros_ws/install/trafficrecord/include/trafficrecord/action
[0.670s] -- Up-to-date: /home/babangida/ros_ws/install/trafficrecord/include/trafficrecord/action/detail
[0.670s] -- Up-to-date: /home/babangida/ros_ws/install/trafficrecord/include/trafficrecord/action/detail/hybrid_cim__rosidl_typesupport_fastrtps_c.h
[0.670s] -- Up-to-date: /home/babangida/ros_ws/install/trafficrecord/include/trafficrecord/action/detail/veh_wait_time__rosidl_typesupport_fastrtps_c.h
[0.671s] -- Up-to-date: /home/babangida/ros_ws/install/trafficrecord/include/trafficrecord/msg
[0.673s] -- Up-to-date: /home/babangida/ros_ws/install/trafficrecord/include/trafficrecord/msg/rosidl_typesupport_fastrtps_c__visibility_control.h
[0.673s] -- Up-to-date: /home/babangida/ros_ws/install/trafficrecord/lib/libtrafficrecord__rosidl_typesupport_fastrtps_c.so
[0.673s] -- Up-to-date: /home/babangida/ros_ws/install/trafficrecord/include/trafficrecord
[0.674s] -- Up-to-date: /home/babangida/ros_ws/install/trafficrecord/include/trafficrecord/action
[0.675s] -- Up-to-date: /home/babangida/ros_ws/install/trafficrecord/include/trafficrecord/action/detail
[0.675s] -- Up-to-date: /home/babangida/ros_ws/install/trafficrecord/include/trafficrecord/action/detail/dds_fastrtps
[0.675s] -- Up-to-date: /home/babangida/ros_ws/install/trafficrecord/include/trafficrecord/action/detail/veh_wait_time__rosidl_typesupport_fastrtps_cpp.hpp
[0.675s] -- Up-to-date: /home/babangida/ros_ws/install/trafficrecord/include/trafficrecord/action/detail/hybrid_cim__rosidl_typesupport_fastrtps_cpp.hpp
[0.675s] -- Up-to-date: /home/babangida/ros_ws/install/trafficrecord/include/trafficrecord/msg
[0.675s] -- Up-to-date: /home/babangida/ros_ws/install/trafficrecord/include/trafficrecord/msg/rosidl_typesupport_fastrtps_cpp__visibility_control.h
[0.676s] -- Up-to-date: /home/babangida/ros_ws/install/trafficrecord/lib/libtrafficrecord__rosidl_typesupport_fastrtps_cpp.so
[0.676s] -- Up-to-date: /home/babangida/ros_ws/install/trafficrecord/include/trafficrecord
[0.676s] -- Up-to-date: /home/babangida/ros_ws/install/trafficrecord/include/trafficrecord/action
[0.676s] -- Up-to-date: /home/babangida/ros_ws/install/trafficrecord/include/trafficrecord/action/detail
[0.676s] -- Up-to-date: /home/babangida/ros_ws/install/trafficrecord/include/trafficrecord/action/detail/veh_wait_time__rosidl_typesupport_introspection_c.h
[0.676s] -- Up-to-date: /home/babangida/ros_ws/install/trafficrecord/include/trafficrecord/action/detail/veh_wait_time__type_support.c
[0.676s] -- Up-to-date: /home/babangida/ros_ws/install/trafficrecord/include/trafficrecord/action/detail/hybrid_cim__type_support.c
[0.676s] -- Up-to-date: /home/babangida/ros_ws/install/trafficrecord/include/trafficrecord/action/detail/hybrid_cim__rosidl_typesupport_introspection_c.h
[0.676s] -- Up-to-date: /home/babangida/ros_ws/install/trafficrecord/include/trafficrecord/msg
[0.676s] -- Up-to-date: /home/babangida/ros_ws/install/trafficrecord/include/trafficrecord/msg/rosidl_typesupport_introspection_c__visibility_control.h
[0.676s] -- Up-to-date: /home/babangida/ros_ws/install/trafficrecord/lib/libtrafficrecord__rosidl_typesupport_introspection_c.so
[0.676s] -- Up-to-date: /home/babangida/ros_ws/install/trafficrecord/lib/libtrafficrecord__rosidl_typesupport_c.so
[0.676s] -- Up-to-date: /home/babangida/ros_ws/install/trafficrecord/include/trafficrecord
[0.676s] -- Up-to-date: /home/babangida/ros_ws/install/trafficrecord/include/trafficrecord/action
[0.677s] -- Up-to-date: /home/babangida/ros_ws/install/trafficrecord/include/trafficrecord/action/detail
[0.677s] -- Up-to-date: /home/babangida/ros_ws/install/trafficrecord/include/trafficrecord/action/detail/veh_wait_time__type_support.hpp
[0.677s] -- Up-to-date: /home/babangida/ros_ws/install/trafficrecord/include/trafficrecord/action/detail/veh_wait_time__struct.hpp
[0.677s] -- Up-to-date: /home/babangida/ros_ws/install/trafficrecord/include/trafficrecord/action/detail/veh_wait_time__builder.hpp
[0.677s] -- Up-to-date: /home/babangida/ros_ws/install/trafficrecord/include/trafficrecord/action/detail/veh_wait_time__traits.hpp
[0.677s] -- Up-to-date: /home/babangida/ros_ws/install/trafficrecord/include/trafficrecord/action/detail/hybrid_cim__struct.hpp
[0.677s] -- Up-to-date: /home/babangida/ros_ws/install/trafficrecord/include/trafficrecord/action/detail/hybrid_cim__builder.hpp
[0.677s] -- Up-to-date: /home/babangida/ros_ws/install/trafficrecord/include/trafficrecord/action/detail/hybrid_cim__traits.hpp
[0.677s] -- Up-to-date: /home/babangida/ros_ws/install/trafficrecord/include/trafficrecord/action/detail/hybrid_cim__type_support.hpp
[0.677s] -- Up-to-date: /home/babangida/ros_ws/install/trafficrecord/include/trafficrecord/action/hybrid_cim.hpp
[0.677s] -- Up-to-date: /home/babangida/ros_ws/install/trafficrecord/include/trafficrecord/action/veh_wait_time.hpp
[0.677s] -- Up-to-date: /home/babangida/ros_ws/install/trafficrecord/include/trafficrecord/msg
[0.677s] -- Up-to-date: /home/babangida/ros_ws/install/trafficrecord/include/trafficrecord/msg/rosidl_generator_cpp__visibility_control.hpp
[0.677s] -- Up-to-date: /home/babangida/ros_ws/install/trafficrecord/include/trafficrecord
[0.678s] -- Up-to-date: /home/babangida/ros_ws/install/trafficrecord/include/trafficrecord/action
[0.678s] -- Up-to-date: /home/babangida/ros_ws/install/trafficrecord/include/trafficrecord/action/detail
[0.678s] -- Up-to-date: /home/babangida/ros_ws/install/trafficrecord/include/trafficrecord/action/detail/veh_wait_time__type_support.cpp
[0.678s] -- Up-to-date: /home/babangida/ros_ws/install/trafficrecord/include/trafficrecord/action/detail/hybrid_cim__rosidl_typesupport_introspection_cpp.hpp
[0.678s] -- Up-to-date: /home/babangida/ros_ws/install/trafficrecord/include/trafficrecord/action/detail/hybrid_cim__type_support.cpp
[0.678s] -- Up-to-date: /home/babangida/ros_ws/install/trafficrecord/include/trafficrecord/action/detail/veh_wait_time__rosidl_typesupport_introspection_cpp.hpp
[0.678s] -- Up-to-date: /home/babangida/ros_ws/install/trafficrecord/lib/libtrafficrecord__rosidl_typesupport_introspection_cpp.so
[0.678s] -- Up-to-date: /home/babangida/ros_ws/install/trafficrecord/lib/libtrafficrecord__rosidl_typesupport_cpp.so
[0.678s] -- Up-to-date: /home/babangida/ros_ws/install/trafficrecord/share/trafficrecord/environment/pythonpath.sh
[0.678s] -- Up-to-date: /home/babangida/ros_ws/install/trafficrecord/share/trafficrecord/environment/pythonpath.dsv
[0.678s] -- Up-to-date: /home/babangida/ros_ws/install/trafficrecord/lib/python3.8/site-packages/trafficrecord/__init__.py
[0.711s] -- Up-to-date: /home/babangida/ros_ws/install/trafficrecord/lib/python3.8/site-packages/trafficrecord/action
[0.711s] -- Up-to-date: /home/babangida/ros_ws/install/trafficrecord/lib/python3.8/site-packages/trafficrecord/action/__init__.py
[0.711s] -- Up-to-date: /home/babangida/ros_ws/install/trafficrecord/lib/python3.8/site-packages/trafficrecord/action/_veh_wait_time.py
[0.711s] -- Up-to-date: /home/babangida/ros_ws/install/trafficrecord/lib/python3.8/site-packages/trafficrecord/action/_hybrid_cim.py
[0.711s] -- Up-to-date: /home/babangida/ros_ws/install/trafficrecord/lib/python3.8/site-packages/trafficrecord/action/_hybrid_cim_s.c
[0.711s] -- Up-to-date: /home/babangida/ros_ws/install/trafficrecord/lib/python3.8/site-packages/trafficrecord/action/_veh_wait_time_s.c
[0.712s] -- Up-to-date: /home/babangida/ros_ws/install/trafficrecord/lib/python3.8/site-packages/trafficrecord/trafficrecord_s__rosidl_typesupport_fastrtps_c.cpython-38-x86_64-linux-gnu.so
[0.712s] -- Up-to-date: /home/babangida/ros_ws/install/trafficrecord/lib/python3.8/site-packages/trafficrecord/trafficrecord_s__rosidl_typesupport_introspection_c.cpython-38-x86_64-linux-gnu.so
[0.712s] -- Up-to-date: /home/babangida/ros_ws/install/trafficrecord/lib/python3.8/site-packages/trafficrecord/trafficrecord_s__rosidl_typesupport_c.cpython-38-x86_64-linux-gnu.so
[0.713s] -- Up-to-date: /home/babangida/ros_ws/install/trafficrecord/lib/libtrafficrecord__python.so
[0.713s] -- Up-to-date: /home/babangida/ros_ws/install/trafficrecord/share/trafficrecord/action/VehWaitTime.idl
[0.713s] -- Up-to-date: /home/babangida/ros_ws/install/trafficrecord/share/trafficrecord/action/HybridCIM.idl
[0.714s] -- Up-to-date: /home/babangida/ros_ws/install/trafficrecord/share/trafficrecord/action/VehWaitTime.action
[0.714s] -- Up-to-date: /home/babangida/ros_ws/install/trafficrecord/share/trafficrecord/action/HybridCIM.action
[0.714s] -- Up-to-date: /home/babangida/ros_ws/install/trafficrecord/share/ament_index/resource_index/package_run_dependencies/trafficrecord
[0.714s] -- Up-to-date: /home/babangida/ros_ws/install/trafficrecord/share/ament_index/resource_index/parent_prefix_path/trafficrecord
[0.715s] -- Up-to-date: /home/babangida/ros_ws/install/trafficrecord/share/trafficrecord/environment/ament_prefix_path.sh
[0.715s] -- Up-to-date: /home/babangida/ros_ws/install/trafficrecord/share/trafficrecord/environment/ament_prefix_path.dsv
[0.715s] -- Up-to-date: /home/babangida/ros_ws/install/trafficrecord/share/trafficrecord/environment/path.sh
[0.715s] -- Up-to-date: /home/babangida/ros_ws/install/trafficrecord/share/trafficrecord/environment/path.dsv
[0.715s] -- Up-to-date: /home/babangida/ros_ws/install/trafficrecord/share/trafficrecord/local_setup.bash
[0.716s] -- Up-to-date: /home/babangida/ros_ws/install/trafficrecord/share/trafficrecord/local_setup.sh
[0.716s] -- Up-to-date: /home/babangida/ros_ws/install/trafficrecord/share/trafficrecord/local_setup.zsh
[0.716s] -- Up-to-date: /home/babangida/ros_ws/install/trafficrecord/share/trafficrecord/local_setup.dsv
[0.716s] -- Installing: /home/babangida/ros_ws/install/trafficrecord/share/trafficrecord/package.dsv
[0.717s] -- Up-to-date: /home/babangida/ros_ws/install/trafficrecord/share/ament_index/resource_index/packages/trafficrecord
[0.717s] -- Up-to-date: /home/babangida/ros_ws/install/trafficrecord/share/trafficrecord/cmake/trafficrecord__rosidl_generator_cExport.cmake
[0.717s] -- Up-to-date: /home/babangida/ros_ws/install/trafficrecord/share/trafficrecord/cmake/trafficrecord__rosidl_generator_cExport-noconfig.cmake
[0.717s] -- Up-to-date: /home/babangida/ros_ws/install/trafficrecord/share/trafficrecord/cmake/trafficrecord__rosidl_typesupport_introspection_cExport.cmake
[0.717s] -- Up-to-date: /home/babangida/ros_ws/install/trafficrecord/share/trafficrecord/cmake/trafficrecord__rosidl_typesupport_introspection_cExport-noconfig.cmake
[0.717s] -- Up-to-date: /home/babangida/ros_ws/install/trafficrecord/share/trafficrecord/cmake/trafficrecord__rosidl_typesupport_cExport.cmake
[0.717s] -- Up-to-date: /home/babangida/ros_ws/install/trafficrecord/share/trafficrecord/cmake/trafficrecord__rosidl_typesupport_cExport-noconfig.cmake
[0.717s] -- Up-to-date: /home/babangida/ros_ws/install/trafficrecord/share/trafficrecord/cmake/trafficrecord__rosidl_generator_cppExport.cmake
[0.717s] -- Up-to-date: /home/babangida/ros_ws/install/trafficrecord/share/trafficrecord/cmake/trafficrecord__rosidl_typesupport_introspection_cppExport.cmake
[0.717s] -- Up-to-date: /home/babangida/ros_ws/install/trafficrecord/share/trafficrecord/cmake/trafficrecord__rosidl_typesupport_introspection_cppExport-noconfig.cmake
[0.717s] -- Up-to-date: /home/babangida/ros_ws/install/trafficrecord/share/trafficrecord/cmake/trafficrecord__rosidl_typesupport_cppExport.cmake
[0.718s] -- Up-to-date: /home/babangida/ros_ws/install/trafficrecord/share/trafficrecord/cmake/trafficrecord__rosidl_typesupport_cppExport-noconfig.cmake
[0.718s] -- Up-to-date: /home/babangida/ros_ws/install/trafficrecord/share/trafficrecord/cmake/rosidl_cmake-extras.cmake
[0.718s] -- Up-to-date: /home/babangida/ros_ws/install/trafficrecord/share/trafficrecord/cmake/ament_cmake_export_dependencies-extras.cmake
[0.718s] -- Up-to-date: /home/babangida/ros_ws/install/trafficrecord/share/trafficrecord/cmake/ament_cmake_export_libraries-extras.cmake
[0.718s] -- Up-to-date: /home/babangida/ros_ws/install/trafficrecord/share/trafficrecord/cmake/ament_cmake_export_targets-extras.cmake
[0.718s] -- Up-to-date: /home/babangida/ros_ws/install/trafficrecord/share/trafficrecord/cmake/ament_cmake_export_include_directories-extras.cmake
[0.718s] -- Up-to-date: /home/babangida/ros_ws/install/trafficrecord/share/trafficrecord/cmake/rosidl_cmake_export_typesupport_libraries-extras.cmake
[0.719s] -- Up-to-date: /home/babangida/ros_ws/install/trafficrecord/share/trafficrecord/cmake/rosidl_cmake_export_typesupport_targets-extras.cmake
[0.719s] -- Up-to-date: /home/babangida/ros_ws/install/trafficrecord/share/trafficrecord/cmake/trafficrecordConfig.cmake
[0.719s] -- Up-to-date: /home/babangida/ros_ws/install/trafficrecord/share/trafficrecord/cmake/trafficrecordConfig-version.cmake
[0.720s] -- Up-to-date: /home/babangida/ros_ws/install/trafficrecord/share/trafficrecord/package.xml
[0.721s] Invoked command in '/home/babangida/ros_ws/build/trafficrecord' returned '0': CMAKE_PREFIX_PATH=${CMAKE_PREFIX_PATH}:/home/babangida/ros_ws/install/cim:/home/babangida/ros_ws/install/reactivemethods:/opt/ros/foxy /usr/bin/cmake --install /home/babangida/ros_ws/build/trafficrecord
