[4.636s] DEBUG:colcon:Command line arguments: ['/usr/bin/colcon', 'build', '--packages-select', 'reactivemethods', '--symlink-install']
[4.636s] DEBUG:colcon:Parsed command line arguments: Namespace(allow_overriding=[], ament_cmake_args=None, base_paths=['.'], build_base='build', catkin_cmake_args=None, catkin_skip_building_tests=False, cmake_args=None, cmake_clean_cache=False, cmake_clean_first=False, cmake_force_configure=False, cmake_target=None, cmake_target_skip_unavailable=False, continue_on_error=False, event_handlers=None, executor='parallel', ignore_user_meta=False, install_base='install', log_base=None, log_level=None, main=<bound method BuildVerb.main of <colcon_core.verb.build.BuildVerb object at 0x7f384f6b06d0>>, merge_install=False, metas=['./colcon.meta'], packages_above=None, packages_above_and_dependencies=None, packages_above_depth=None, packages_end=None, packages_ignore=None, packages_ignore_regex=None, packages_select=['reactivemethods'], packages_select_build_failed=False, packages_select_by_dep=None, packages_select_regex=None, packages_select_test_failures=False, packages_skip=None, packages_skip_build_finished=False, packages_skip_by_dep=None, packages_skip_regex=None, packages_skip_test_passed=False, packages_skip_up_to=None, packages_start=None, packages_up_to=None, packages_up_to_regex=None, parallel_workers=8, paths=None, symlink_install=True, test_result_base=None, verb_extension=<colcon_core.verb.build.BuildVerb object at 0x7f384f6b06d0>, verb_name='build', verb_parser=<colcon_defaults.argument_parser.defaults.DefaultArgumentsDecorator object at 0x7f384f5bba00>)
[4.813s] Level 1:colcon.colcon_core.package_discovery:discover_packages(colcon_meta) check parameters
[4.813s] Level 1:colcon.colcon_core.package_discovery:discover_packages(recursive) check parameters
[4.813s] Level 1:colcon.colcon_core.package_discovery:discover_packages(ignore) check parameters
[4.813s] Level 1:colcon.colcon_core.package_discovery:discover_packages(path) check parameters
[4.813s] Level 1:colcon.colcon_core.package_discovery:discover_packages(colcon_meta) discover
[4.813s] Level 1:colcon.colcon_core.package_discovery:discover_packages(recursive) discover
[4.813s] INFO:colcon.colcon_core.package_discovery:Crawling recursively for packages in '/home/babangida/ros_ws'
[4.813s] Level 1:colcon.colcon_core.package_identification:_identify(.) by extensions ['ignore', 'ignore_ament_install']
[4.814s] Level 1:colcon.colcon_core.package_identification:_identify(.) by extension 'ignore'
[4.814s] Level 1:colcon.colcon_core.package_identification:_identify(.) by extension 'ignore_ament_install'
[4.814s] Level 1:colcon.colcon_core.package_identification:_identify(.) by extensions ['colcon_pkg']
[4.814s] Level 1:colcon.colcon_core.package_identification:_identify(.) by extension 'colcon_pkg'
[4.814s] Level 1:colcon.colcon_core.package_identification:_identify(.) by extensions ['colcon_meta']
[4.814s] Level 1:colcon.colcon_core.package_identification:_identify(.) by extension 'colcon_meta'
[4.814s] Level 1:colcon.colcon_core.package_identification:_identify(.) by extensions ['ros']
[4.814s] Level 1:colcon.colcon_core.package_identification:_identify(.) by extension 'ros'
[4.830s] Level 1:colcon.colcon_core.package_identification:_identify(.) by extensions ['cmake', 'python']
[4.830s] Level 1:colcon.colcon_core.package_identification:_identify(.) by extension 'cmake'
[4.830s] Level 1:colcon.colcon_core.package_identification:_identify(.) by extension 'python'
[4.830s] Level 1:colcon.colcon_core.package_identification:_identify(.) by extensions ['python_setup_py']
[4.830s] Level 1:colcon.colcon_core.package_identification:_identify(.) by extension 'python_setup_py'
[4.831s] Level 1:colcon.colcon_core.package_identification:_identify(build) by extensions ['ignore', 'ignore_ament_install']
[4.831s] Level 1:colcon.colcon_core.package_identification:_identify(build) by extension 'ignore'
[4.831s] Level 1:colcon.colcon_core.package_identification:_identify(build) ignored
[4.831s] Level 1:colcon.colcon_core.package_identification:_identify(install) by extensions ['ignore', 'ignore_ament_install']
[4.831s] Level 1:colcon.colcon_core.package_identification:_identify(install) by extension 'ignore'
[4.831s] Level 1:colcon.colcon_core.package_identification:_identify(install) ignored
[4.832s] Level 1:colcon.colcon_core.package_identification:_identify(log) by extensions ['ignore', 'ignore_ament_install']
[4.832s] Level 1:colcon.colcon_core.package_identification:_identify(log) by extension 'ignore'
[4.832s] Level 1:colcon.colcon_core.package_identification:_identify(log) ignored
[4.832s] Level 1:colcon.colcon_core.package_identification:_identify(src) by extensions ['ignore', 'ignore_ament_install']
[4.832s] Level 1:colcon.colcon_core.package_identification:_identify(src) by extension 'ignore'
[4.832s] Level 1:colcon.colcon_core.package_identification:_identify(src) by extension 'ignore_ament_install'
[4.832s] Level 1:colcon.colcon_core.package_identification:_identify(src) by extensions ['colcon_pkg']
[4.832s] Level 1:colcon.colcon_core.package_identification:_identify(src) by extension 'colcon_pkg'
[4.832s] Level 1:colcon.colcon_core.package_identification:_identify(src) by extensions ['colcon_meta']
[4.833s] Level 1:colcon.colcon_core.package_identification:_identify(src) by extension 'colcon_meta'
[4.833s] Level 1:colcon.colcon_core.package_identification:_identify(src) by extensions ['ros']
[4.833s] Level 1:colcon.colcon_core.package_identification:_identify(src) by extension 'ros'
[4.833s] Level 1:colcon.colcon_core.package_identification:_identify(src) by extensions ['cmake', 'python']
[4.833s] Level 1:colcon.colcon_core.package_identification:_identify(src) by extension 'cmake'
[4.833s] Level 1:colcon.colcon_core.package_identification:_identify(src) by extension 'python'
[4.833s] Level 1:colcon.colcon_core.package_identification:_identify(src) by extensions ['python_setup_py']
[4.833s] Level 1:colcon.colcon_core.package_identification:_identify(src) by extension 'python_setup_py'
[4.833s] Level 1:colcon.colcon_core.package_identification:_identify(src/cim) by extensions ['ignore', 'ignore_ament_install']
[4.833s] Level 1:colcon.colcon_core.package_identification:_identify(src/cim) by extension 'ignore'
[4.833s] Level 1:colcon.colcon_core.package_identification:_identify(src/cim) by extension 'ignore_ament_install'
[4.834s] Level 1:colcon.colcon_core.package_identification:_identify(src/cim) by extensions ['colcon_pkg']
[4.834s] Level 1:colcon.colcon_core.package_identification:_identify(src/cim) by extension 'colcon_pkg'
[4.834s] Level 1:colcon.colcon_core.package_identification:_identify(src/cim) by extensions ['colcon_meta']
[4.834s] Level 1:colcon.colcon_core.package_identification:_identify(src/cim) by extension 'colcon_meta'
[4.834s] Level 1:colcon.colcon_core.package_identification:_identify(src/cim) by extensions ['ros']
[4.834s] Level 1:colcon.colcon_core.package_identification:_identify(src/cim) by extension 'ros'
[4.839s] DEBUG:colcon.colcon_core.package_identification:Package 'src/cim' with type 'ros.ament_python' and name 'cim'
[4.839s] Level 1:colcon.colcon_core.package_identification:_identify(src/dsrcmsg) by extensions ['ignore', 'ignore_ament_install']
[4.839s] Level 1:colcon.colcon_core.package_identification:_identify(src/dsrcmsg) by extension 'ignore'
[4.839s] Level 1:colcon.colcon_core.package_identification:_identify(src/dsrcmsg) by extension 'ignore_ament_install'
[4.839s] Level 1:colcon.colcon_core.package_identification:_identify(src/dsrcmsg) by extensions ['colcon_pkg']
[4.840s] Level 1:colcon.colcon_core.package_identification:_identify(src/dsrcmsg) by extension 'colcon_pkg'
[4.840s] Level 1:colcon.colcon_core.package_identification:_identify(src/dsrcmsg) by extensions ['colcon_meta']
[4.840s] Level 1:colcon.colcon_core.package_identification:_identify(src/dsrcmsg) by extension 'colcon_meta'
[4.840s] Level 1:colcon.colcon_core.package_identification:_identify(src/dsrcmsg) by extensions ['ros']
[4.840s] Level 1:colcon.colcon_core.package_identification:_identify(src/dsrcmsg) by extension 'ros'
[4.841s] DEBUG:colcon.colcon_core.package_identification:Package 'src/dsrcmsg' with type 'ros.ament_cmake' and name 'dsrcmsg'
[4.841s] Level 1:colcon.colcon_core.package_identification:_identify(src/onecim) by extensions ['ignore', 'ignore_ament_install']
[4.841s] Level 1:colcon.colcon_core.package_identification:_identify(src/onecim) by extension 'ignore'
[4.841s] Level 1:colcon.colcon_core.package_identification:_identify(src/onecim) by extension 'ignore_ament_install'
[4.841s] Level 1:colcon.colcon_core.package_identification:_identify(src/onecim) by extensions ['colcon_pkg']
[4.842s] Level 1:colcon.colcon_core.package_identification:_identify(src/onecim) by extension 'colcon_pkg'
[4.842s] Level 1:colcon.colcon_core.package_identification:_identify(src/onecim) by extensions ['colcon_meta']
[4.842s] Level 1:colcon.colcon_core.package_identification:_identify(src/onecim) by extension 'colcon_meta'
[4.842s] Level 1:colcon.colcon_core.package_identification:_identify(src/onecim) by extensions ['ros']
[4.842s] Level 1:colcon.colcon_core.package_identification:_identify(src/onecim) by extension 'ros'
[4.843s] DEBUG:colcon.colcon_core.package_identification:Package 'src/onecim' with type 'ros.ament_python' and name 'onecim'
[4.843s] Level 1:colcon.colcon_core.package_identification:_identify(src/reactivemethods) by extensions ['ignore', 'ignore_ament_install']
[4.844s] Level 1:colcon.colcon_core.package_identification:_identify(src/reactivemethods) by extension 'ignore'
[4.844s] Level 1:colcon.colcon_core.package_identification:_identify(src/reactivemethods) by extension 'ignore_ament_install'
[4.844s] Level 1:colcon.colcon_core.package_identification:_identify(src/reactivemethods) by extensions ['colcon_pkg']
[4.844s] Level 1:colcon.colcon_core.package_identification:_identify(src/reactivemethods) by extension 'colcon_pkg'
[4.844s] Level 1:colcon.colcon_core.package_identification:_identify(src/reactivemethods) by extensions ['colcon_meta']
[4.844s] Level 1:colcon.colcon_core.package_identification:_identify(src/reactivemethods) by extension 'colcon_meta'
[4.844s] Level 1:colcon.colcon_core.package_identification:_identify(src/reactivemethods) by extensions ['ros']
[4.844s] Level 1:colcon.colcon_core.package_identification:_identify(src/reactivemethods) by extension 'ros'
[4.846s] DEBUG:colcon.colcon_core.package_identification:Package 'src/reactivemethods' with type 'ros.ament_python' and name 'reactivemethods'
[4.846s] Level 1:colcon.colcon_core.package_identification:_identify(src/trafficrecord) by extensions ['ignore', 'ignore_ament_install']
[4.846s] Level 1:colcon.colcon_core.package_identification:_identify(src/trafficrecord) by extension 'ignore'
[4.846s] Level 1:colcon.colcon_core.package_identification:_identify(src/trafficrecord) by extension 'ignore_ament_install'
[4.846s] Level 1:colcon.colcon_core.package_identification:_identify(src/trafficrecord) by extensions ['colcon_pkg']
[4.846s] Level 1:colcon.colcon_core.package_identification:_identify(src/trafficrecord) by extension 'colcon_pkg'
[4.846s] Level 1:colcon.colcon_core.package_identification:_identify(src/trafficrecord) by extensions ['colcon_meta']
[4.846s] Level 1:colcon.colcon_core.package_identification:_identify(src/trafficrecord) by extension 'colcon_meta'
[4.846s] Level 1:colcon.colcon_core.package_identification:_identify(src/trafficrecord) by extensions ['ros']
[4.846s] Level 1:colcon.colcon_core.package_identification:_identify(src/trafficrecord) by extension 'ros'
[4.847s] DEBUG:colcon.colcon_core.package_identification:Package 'src/trafficrecord' with type 'ros.ament_cmake' and name 'trafficrecord'
[4.847s] Level 1:colcon.colcon_core.package_discovery:discover_packages(recursive) using defaults
[4.847s] Level 1:colcon.colcon_core.package_discovery:discover_packages(ignore) discover
[4.847s] Level 1:colcon.colcon_core.package_discovery:discover_packages(ignore) using defaults
[4.847s] Level 1:colcon.colcon_core.package_discovery:discover_packages(path) discover
[4.847s] Level 1:colcon.colcon_core.package_discovery:discover_packages(path) using defaults
[5.062s] INFO:colcon.colcon_core.package_selection:Skipping not selected package 'dsrcmsg' in 'src/dsrcmsg'
[5.062s] INFO:colcon.colcon_core.package_selection:Skipping not selected package 'trafficrecord' in 'src/trafficrecord'
[5.062s] INFO:colcon.colcon_core.package_selection:Skipping not selected package 'cim' in 'src/cim'
[5.062s] INFO:colcon.colcon_core.package_selection:Skipping not selected package 'onecim' in 'src/onecim'
[5.199s] Level 1:colcon.colcon_core.package_discovery:discover_packages(prefix_path) check parameters
[5.199s] Level 1:colcon.colcon_core.package_discovery:discover_packages(prefix_path) discover
[5.335s] DEBUG:colcon.colcon_installed_package_information.package_discovery:Found 5 installed packages in /home/babangida/ros_ws/install
[5.399s] DEBUG:colcon.colcon_installed_package_information.package_discovery:Found 289 installed packages in /opt/ros/foxy
[5.401s] Level 1:colcon.colcon_core.package_discovery:discover_packages(prefix_path) using defaults
[5.666s] Level 5:colcon.colcon_core.verb:set package 'reactivemethods' build argument 'cmake_args' from command line to 'None'
[5.666s] Level 5:colcon.colcon_core.verb:set package 'reactivemethods' build argument 'cmake_target' from command line to 'None'
[5.666s] Level 5:colcon.colcon_core.verb:set package 'reactivemethods' build argument 'cmake_target_skip_unavailable' from command line to 'False'
[5.667s] Level 5:colcon.colcon_core.verb:set package 'reactivemethods' build argument 'cmake_clean_cache' from command line to 'False'
[5.667s] Level 5:colcon.colcon_core.verb:set package 'reactivemethods' build argument 'cmake_clean_first' from command line to 'False'
[5.667s] Level 5:colcon.colcon_core.verb:set package 'reactivemethods' build argument 'cmake_force_configure' from command line to 'False'
[5.667s] Level 5:colcon.colcon_core.verb:set package 'reactivemethods' build argument 'ament_cmake_args' from command line to 'None'
[5.667s] Level 5:colcon.colcon_core.verb:set package 'reactivemethods' build argument 'catkin_cmake_args' from command line to 'None'
[5.667s] Level 5:colcon.colcon_core.verb:set package 'reactivemethods' build argument 'catkin_skip_building_tests' from command line to 'False'
[5.667s] DEBUG:colcon.colcon_core.verb:Building package 'reactivemethods' with the following arguments: {'ament_cmake_args': None, 'build_base': '/home/babangida/ros_ws/build/reactivemethods', 'catkin_cmake_args': None, 'catkin_skip_building_tests': False, 'cmake_args': None, 'cmake_clean_cache': False, 'cmake_clean_first': False, 'cmake_force_configure': False, 'cmake_target': None, 'cmake_target_skip_unavailable': False, 'install_base': '/home/babangida/ros_ws/install/reactivemethods', 'merge_install': False, 'path': '/home/babangida/ros_ws/src/reactivemethods', 'symlink_install': True, 'test_result_base': None}
[5.742s] INFO:colcon.colcon_core.executor:Executing jobs using 'parallel' executor
[5.810s] DEBUG:colcon.colcon_parallel_executor.executor.parallel:run_until_complete
[5.811s] INFO:colcon.colcon_ros.task.ament_python.build:Building ROS package in '/home/babangida/ros_ws/src/reactivemethods' with build type 'ament_python'
[5.811s] Level 1:colcon.colcon_core.shell:create_environment_hook('reactivemethods', 'ament_prefix_path')
[5.889s] INFO:colcon.colcon_core.plugin_system:Skipping extension 'colcon_core.shell.bat': Not used on non-Windows systems
[5.890s] INFO:colcon.colcon_core.shell:Creating environment hook '/home/babangida/ros_ws/install/reactivemethods/share/reactivemethods/hook/ament_prefix_path.ps1'
[5.891s] INFO:colcon.colcon_core.shell:Creating environment descriptor '/home/babangida/ros_ws/install/reactivemethods/share/reactivemethods/hook/ament_prefix_path.dsv'
[5.891s] INFO:colcon.colcon_core.shell:Creating environment hook '/home/babangida/ros_ws/install/reactivemethods/share/reactivemethods/hook/ament_prefix_path.sh'
[5.986s] INFO:colcon.colcon_core.shell:Skip shell extension 'powershell' for command environment: Not usable outside of PowerShell
[5.986s] DEBUG:colcon.colcon_core.shell:Skip shell extension 'dsv' for command environment
[7.156s] INFO:colcon.colcon_core.task.python.build:Building Python package in '/home/babangida/ros_ws/src/reactivemethods'
[7.243s] INFO:colcon.colcon_core.shell:Skip shell extension 'powershell' for command environment: Not usable outside of PowerShell
[7.243s] DEBUG:colcon.colcon_core.shell:Skip shell extension 'dsv' for command environment
[8.548s] DEBUG:colcon.colcon_core.event_handler.log_command:Invoking command in '/home/babangida/ros_ws/build/reactivemethods': CMAKE_PREFIX_PATH=/home/babangida/ros_ws/install/dsrcmsg:/home/babangida/ros_ws/install/trafficrecord LD_LIBRARY_PATH=/home/babangida/ros_ws/install/dsrcmsg/lib:/home/babangida/ros_ws/install/trafficrecord/lib:/opt/ros/foxy/opt/yaml_cpp_vendor/lib:/opt/ros/foxy/opt/rviz_ogre_vendor/lib:/opt/ros/foxy/lib/x86_64-linux-gnu:/opt/ros/foxy/lib PYTHONPATH=/home/babangida/ros_ws/build/reactivemethods/prefix_override:/home/babangida/ros_ws/install/reactivemethods/lib/python3.8/site-packages:/home/babangida/ros_ws/install/dsrcmsg/lib/python3.8/site-packages:/home/babangida/ros_ws/build/onecim:/home/babangida/ros_ws/install/onecim/lib/python3.8/site-packages:/home/babangida/ros_ws/install/cim/lib/python3.8/site-packages:/home/babangida/ros_ws/install/trafficrecord/lib/python3.8/site-packages:/home/babangida/ros_ws/install/reactivemethods/lib/python3.8/site-packages:/opt/ros/foxy/lib/python3.8/site-packages /usr/bin/python3 setup.py develop --editable --build-directory /home/babangida/ros_ws/build/reactivemethods/build --no-deps install_data
[9.253s] Level 1:colcon.colcon_core.shell:create_environment_hook('reactivemethods', 'pythonpath_develop')
[9.254s] DEBUG:colcon.colcon_core.event_handler.log_command:Invoked command in '/home/babangida/ros_ws/build/reactivemethods' returned '0': CMAKE_PREFIX_PATH=/home/babangida/ros_ws/install/dsrcmsg:/home/babangida/ros_ws/install/trafficrecord LD_LIBRARY_PATH=/home/babangida/ros_ws/install/dsrcmsg/lib:/home/babangida/ros_ws/install/trafficrecord/lib:/opt/ros/foxy/opt/yaml_cpp_vendor/lib:/opt/ros/foxy/opt/rviz_ogre_vendor/lib:/opt/ros/foxy/lib/x86_64-linux-gnu:/opt/ros/foxy/lib PYTHONPATH=/home/babangida/ros_ws/build/reactivemethods/prefix_override:/home/babangida/ros_ws/install/reactivemethods/lib/python3.8/site-packages:/home/babangida/ros_ws/install/dsrcmsg/lib/python3.8/site-packages:/home/babangida/ros_ws/build/onecim:/home/babangida/ros_ws/install/onecim/lib/python3.8/site-packages:/home/babangida/ros_ws/install/cim/lib/python3.8/site-packages:/home/babangida/ros_ws/install/trafficrecord/lib/python3.8/site-packages:/home/babangida/ros_ws/install/reactivemethods/lib/python3.8/site-packages:/opt/ros/foxy/lib/python3.8/site-packages /usr/bin/python3 setup.py develop --editable --build-directory /home/babangida/ros_ws/build/reactivemethods/build --no-deps install_data
[9.324s] INFO:colcon.colcon_core.shell:Creating environment hook '/home/babangida/ros_ws/build/reactivemethods/share/reactivemethods/hook/pythonpath_develop.ps1'
[9.324s] INFO:colcon.colcon_core.shell:Creating environment descriptor '/home/babangida/ros_ws/build/reactivemethods/share/reactivemethods/hook/pythonpath_develop.dsv'
[9.324s] INFO:colcon.colcon_core.shell:Creating environment hook '/home/babangida/ros_ws/build/reactivemethods/share/reactivemethods/hook/pythonpath_develop.sh'
[9.401s] Level 1:colcon.colcon_core.environment:checking '/home/babangida/ros_ws/install/reactivemethods' for CMake module files
[9.402s] Level 1:colcon.colcon_core.environment:checking '/home/babangida/ros_ws/install/reactivemethods' for CMake config files
[9.403s] Level 1:colcon.colcon_core.environment:checking '/home/babangida/ros_ws/install/reactivemethods/lib'
[9.404s] Level 1:colcon.colcon_core.environment:checking '/home/babangida/ros_ws/install/reactivemethods/bin'
[9.404s] Level 1:colcon.colcon_core.environment:checking '/home/babangida/ros_ws/install/reactivemethods/lib/pkgconfig/reactivemethods.pc'
[9.404s] Level 1:colcon.colcon_core.environment:checking '/home/babangida/ros_ws/install/reactivemethods/lib/python3.8/site-packages'
[9.404s] Level 1:colcon.colcon_core.shell:create_environment_hook('reactivemethods', 'pythonpath')
[9.492s] INFO:colcon.colcon_core.shell:Creating environment hook '/home/babangida/ros_ws/install/reactivemethods/share/reactivemethods/hook/pythonpath.ps1'
[9.492s] INFO:colcon.colcon_core.shell:Creating environment descriptor '/home/babangida/ros_ws/install/reactivemethods/share/reactivemethods/hook/pythonpath.dsv'
[9.493s] INFO:colcon.colcon_core.shell:Creating environment hook '/home/babangida/ros_ws/install/reactivemethods/share/reactivemethods/hook/pythonpath.sh'
[9.494s] Level 1:colcon.colcon_core.environment:checking '/home/babangida/ros_ws/install/reactivemethods/bin'
[9.494s] Level 1:colcon.colcon_core.environment:create_environment_scripts_only(reactivemethods)
[9.578s] INFO:colcon.colcon_core.shell:Creating package script '/home/babangida/ros_ws/install/reactivemethods/share/reactivemethods/package.ps1'
[9.579s] INFO:colcon.colcon_core.shell:Creating package descriptor '/home/babangida/ros_ws/install/reactivemethods/share/reactivemethods/package.dsv'
[9.580s] INFO:colcon.colcon_core.shell:Creating package script '/home/babangida/ros_ws/install/reactivemethods/share/reactivemethods/package.sh'
[9.581s] INFO:colcon.colcon_core.shell:Creating package script '/home/babangida/ros_ws/install/reactivemethods/share/reactivemethods/package.bash'
[9.582s] INFO:colcon.colcon_core.shell:Creating package script '/home/babangida/ros_ws/install/reactivemethods/share/reactivemethods/package.zsh'
[9.583s] Level 1:colcon.colcon_core.environment:create_file_with_runtime_dependencies(/home/babangida/ros_ws/install/reactivemethods/share/colcon-core/packages/reactivemethods)
[9.583s] DEBUG:colcon.colcon_parallel_executor.executor.parallel:closing loop
[9.583s] DEBUG:colcon.colcon_parallel_executor.executor.parallel:loop closed
[9.583s] DEBUG:colcon.colcon_parallel_executor.executor.parallel:run_until_complete finished with '0'
[9.584s] DEBUG:colcon.colcon_core.event_reactor:joining thread
[9.842s] INFO:colcon.colcon_core.plugin_system:Skipping extension 'colcon_notification.desktop_notification.notify_send': Could not find 'notify-send'
[9.843s] INFO:colcon.colcon_core.plugin_system:Skipping extension 'colcon_notification.desktop_notification.terminal_notifier': Not used on non-Darwin systems
[9.844s] INFO:colcon.colcon_core.plugin_system:Skipping extension 'colcon_notification.desktop_notification.win32': Not used on non-Windows systems
[9.844s] INFO:colcon.colcon_notification.desktop_notification:Sending desktop notification using 'notify2'
[9.844s] DEBUG:colcon.colcon_notification.desktop_notification.notify2:Failed to initialize notify2: org.freedesktop.DBus.Error.FileNotFound: Failed to connect to socket /run/user/1000/bus: No such file or directory
[9.844s] DEBUG:colcon.colcon_core.event_reactor:joined thread
[9.912s] INFO:colcon.colcon_core.shell:Creating prefix script '/home/babangida/ros_ws/install/local_setup.ps1'
[9.913s] INFO:colcon.colcon_core.shell:Creating prefix util module '/home/babangida/ros_ws/install/_local_setup_util_ps1.py'
[9.916s] INFO:colcon.colcon_core.shell:Creating prefix chain script '/home/babangida/ros_ws/install/setup.ps1'
[9.997s] INFO:colcon.colcon_core.shell:Creating prefix script '/home/babangida/ros_ws/install/local_setup.sh'
[9.998s] INFO:colcon.colcon_core.shell:Creating prefix util module '/home/babangida/ros_ws/install/_local_setup_util_sh.py'
[9.999s] INFO:colcon.colcon_core.shell:Creating prefix chain script '/home/babangida/ros_ws/install/setup.sh'
[10.071s] INFO:colcon.colcon_core.shell:Creating prefix script '/home/babangida/ros_ws/install/local_setup.bash'
[10.071s] INFO:colcon.colcon_core.shell:Creating prefix chain script '/home/babangida/ros_ws/install/setup.bash'
[10.151s] INFO:colcon.colcon_core.shell:Creating prefix script '/home/babangida/ros_ws/install/local_setup.zsh'
[10.152s] INFO:colcon.colcon_core.shell:Creating prefix chain script '/home/babangida/ros_ws/install/setup.zsh'
