[3.005s] Invoking command in '/home/babangida/ros_ws/build/cim': AMENT_PREFIX_PATH=/home/babangida/ros_ws/install/trafficrecord:/home/babangida/ros_ws/install/dsrcmsg CMAKE_PREFIX_PATH=/home/babangida/ros_ws/install/trafficrecord:/home/babangida/ros_ws/install/dsrcmsg LD_LIBRARY_PATH=/home/babangida/ros_ws/install/trafficrecord/lib:/home/babangida/ros_ws/install/dsrcmsg/lib PYTHONPATH=/home/babangida/ros_ws/build/cim/prefix_override:/home/babangida/ros_ws/install/cim/lib/python3.8/site-packages:/home/babangida/ros_ws/install/trafficrecord/lib/python3.8/site-packages:/home/babangida/ros_ws/install/dsrcmsg/lib/python3.8/site-packages /usr/bin/python3 setup.py develop --uninstall --editable --build-directory /home/babangida/ros_ws/build/cim/build
[3.379s] running develop
[3.653s] Removing /home/babangida/ros_ws/install/cim/lib/python3.8/site-packages/cim.egg-link (link to .)
[3.851s] Invoked command in '/home/babangida/ros_ws/build/cim' returned '0': AMENT_PREFIX_PATH=/home/babangida/ros_ws/install/trafficrecord:/home/babangida/ros_ws/install/dsrcmsg CMAKE_PREFIX_PATH=/home/babangida/ros_ws/install/trafficrecord:/home/babangida/ros_ws/install/dsrcmsg LD_LIBRARY_PATH=/home/babangida/ros_ws/install/trafficrecord/lib:/home/babangida/ros_ws/install/dsrcmsg/lib PYTHONPATH=/home/babangida/ros_ws/build/cim/prefix_override:/home/babangida/ros_ws/install/cim/lib/python3.8/site-packages:/home/babangida/ros_ws/install/trafficrecord/lib/python3.8/site-packages:/home/babangida/ros_ws/install/dsrcmsg/lib/python3.8/site-packages /usr/bin/python3 setup.py develop --uninstall --editable --build-directory /home/babangida/ros_ws/build/cim/build
[3.856s] Invoking command in '/home/babangida/ros_ws/src/cim': AMENT_PREFIX_PATH=/home/babangida/ros_ws/install/trafficrecord:/home/babangida/ros_ws/install/dsrcmsg CMAKE_PREFIX_PATH=/home/babangida/ros_ws/install/trafficrecord:/home/babangida/ros_ws/install/dsrcmsg LD_LIBRARY_PATH=/home/babangida/ros_ws/install/trafficrecord/lib:/home/babangida/ros_ws/install/dsrcmsg/lib PYTHONPATH=/home/babangida/ros_ws/build/cim/prefix_override:/home/babangida/ros_ws/install/cim/lib/python3.8/site-packages:/home/babangida/ros_ws/install/trafficrecord/lib/python3.8/site-packages:/home/babangida/ros_ws/install/dsrcmsg/lib/python3.8/site-packages /usr/bin/python3 setup.py egg_info --egg-base ../../build/cim build --build-base /home/babangida/ros_ws/build/cim/build install --record /home/babangida/ros_ws/build/cim/install.log --install-scripts $base/lib/cim --single-version-externally-managed
[4.128s] running egg_info
[4.128s] writing ../../build/cim/cim.egg-info/PKG-INFO
[4.129s] writing dependency_links to ../../build/cim/cim.egg-info/dependency_links.txt
[4.129s] writing entry points to ../../build/cim/cim.egg-info/entry_points.txt
[4.129s] writing requirements to ../../build/cim/cim.egg-info/requires.txt
[4.129s] writing top-level names to ../../build/cim/cim.egg-info/top_level.txt
[4.385s] reading manifest file '../../build/cim/cim.egg-info/SOURCES.txt'
[4.387s] writing manifest file '../../build/cim/cim.egg-info/SOURCES.txt'
[4.387s] running build
[4.387s] running build_py
[4.427s] copying cim/FISTrafficSignalOptimizer.py -> /home/babangida/ros_ws/build/cim/build/lib/cim
[4.427s] copying cim/FISBasedDecentralizedCIM.py -> /home/babangida/ros_ws/build/cim/build/lib/cim
[4.427s] copying cim/tlsewagent.py -> /home/babangida/ros_ws/build/cim/build/lib/cim
[4.427s] copying cim/fisewagent.py -> /home/babangida/ros_ws/build/cim/build/lib/cim
[4.428s] copying cim/FISBasedCIM.py -> /home/babangida/ros_ws/build/cim/build/lib/cim
[4.428s] copying cim/debugdsrcmsg.py -> /home/babangida/ros_ws/build/cim/build/lib/cim
[4.428s] copying cim/ResultAnalysis.py -> /home/babangida/ros_ws/build/cim/build/lib/cim
[4.428s] copying cim/StaticTrafficLights.py -> /home/babangida/ros_ws/build/cim/build/lib/cim
[4.429s] copying cim/tlssnagent.py -> /home/babangida/ros_ws/build/cim/build/lib/cim
[4.429s] copying cim/FISCentralizedIntersectionController.py -> /home/babangida/ros_ws/build/cim/build/lib/cim
[4.452s] running install
[4.452s] running install_lib
[4.453s] creating /home/babangida/ros_ws/install/cim/lib/python3.8/site-packages/cim
[4.453s] copying /home/babangida/ros_ws/build/cim/build/lib/cim/FISTrafficSignalOptimizer.py -> /home/babangida/ros_ws/install/cim/lib/python3.8/site-packages/cim
[4.454s] copying /home/babangida/ros_ws/build/cim/build/lib/cim/cimnode.py -> /home/babangida/ros_ws/install/cim/lib/python3.8/site-packages/cim
[4.492s] copying /home/babangida/ros_ws/build/cim/build/lib/cim/GlpkTrafficSignalOptimizer.py -> /home/babangida/ros_ws/install/cim/lib/python3.8/site-packages/cim
[4.494s] copying /home/babangida/ros_ws/build/cim/build/lib/cim/debugewagent.py -> /home/babangida/ros_ws/install/cim/lib/python3.8/site-packages/cim
[4.494s] copying /home/babangida/ros_ws/build/cim/build/lib/cim/FISBasedDecentralizedCIM.py -> /home/babangida/ros_ws/install/cim/lib/python3.8/site-packages/cim
[4.494s] copying /home/babangida/ros_ws/build/cim/build/lib/cim/stlssnagent.py -> /home/babangida/ros_ws/install/cim/lib/python3.8/site-packages/cim
[4.495s] copying /home/babangida/ros_ws/build/cim/build/lib/cim/tlsewagent.py -> /home/babangida/ros_ws/install/cim/lib/python3.8/site-packages/cim
[4.495s] copying /home/babangida/ros_ws/build/cim/build/lib/cim/__init__.py -> /home/babangida/ros_ws/install/cim/lib/python3.8/site-packages/cim
[4.495s] copying /home/babangida/ros_ws/build/cim/build/lib/cim/TrafficRecordingAnalysisServer.py -> /home/babangida/ros_ws/install/cim/lib/python3.8/site-packages/cim
[4.496s] copying /home/babangida/ros_ws/build/cim/build/lib/cim/fisewagent.py -> /home/babangida/ros_ws/install/cim/lib/python3.8/site-packages/cim
[4.496s] copying /home/babangida/ros_ws/build/cim/build/lib/cim/plotPoint.py -> /home/babangida/ros_ws/install/cim/lib/python3.8/site-packages/cim
[4.496s] copying /home/babangida/ros_ws/build/cim/build/lib/cim/fisnsagent.py -> /home/babangida/ros_ws/install/cim/lib/python3.8/site-packages/cim
[4.497s] copying /home/babangida/ros_ws/build/cim/build/lib/cim/fibonacci_action_client.py -> /home/babangida/ros_ws/install/cim/lib/python3.8/site-packages/cim
[4.497s] copying /home/babangida/ros_ws/build/cim/build/lib/cim/WePurePursuit.py -> /home/babangida/ros_ws/install/cim/lib/python3.8/site-packages/cim
[4.498s] copying /home/babangida/ros_ws/build/cim/build/lib/cim/ewagent.py -> /home/babangida/ros_ws/install/cim/lib/python3.8/site-packages/cim
[4.499s] copying /home/babangida/ros_ws/build/cim/build/lib/cim/snagent.py -> /home/babangida/ros_ws/install/cim/lib/python3.8/site-packages/cim
[4.499s] copying /home/babangida/ros_ws/build/cim/build/lib/cim/simplemodel.py -> /home/babangida/ros_ws/install/cim/lib/python3.8/site-packages/cim
[4.500s] copying /home/babangida/ros_ws/build/cim/build/lib/cim/GeneralFunctions.py -> /home/babangida/ros_ws/install/cim/lib/python3.8/site-packages/cim
[4.500s] copying /home/babangida/ros_ws/build/cim/build/lib/cim/TrafficRecordingAnalysis.py -> /home/babangida/ros_ws/install/cim/lib/python3.8/site-packages/cim
[4.501s] copying /home/babangida/ros_ws/build/cim/build/lib/cim/PurePursuit.py -> /home/babangida/ros_ws/install/cim/lib/python3.8/site-packages/cim
[4.501s] copying /home/babangida/ros_ws/build/cim/build/lib/cim/HybridCentralizedTLSController.py -> /home/babangida/ros_ws/install/cim/lib/python3.8/site-packages/cim
[4.502s] copying /home/babangida/ros_ws/build/cim/build/lib/cim/stlsewagent.py -> /home/babangida/ros_ws/install/cim/lib/python3.8/site-packages/cim
[4.502s] copying /home/babangida/ros_ws/build/cim/build/lib/cim/fibonacci_action_server.py -> /home/babangida/ros_ws/install/cim/lib/python3.8/site-packages/cim
[4.503s] copying /home/babangida/ros_ws/build/cim/build/lib/cim/FISBasedCIM.py -> /home/babangida/ros_ws/install/cim/lib/python3.8/site-packages/cim
[4.503s] copying /home/babangida/ros_ws/build/cim/build/lib/cim/gen.py -> /home/babangida/ros_ws/install/cim/lib/python3.8/site-packages/cim
[4.504s] copying /home/babangida/ros_ws/build/cim/build/lib/cim/GurobiTrafficSignalOptimizer.py -> /home/babangida/ros_ws/install/cim/lib/python3.8/site-packages/cim
[4.504s] copying /home/babangida/ros_ws/build/cim/build/lib/cim/DsrcBasedSimpleCIM.py -> /home/babangida/ros_ws/install/cim/lib/python3.8/site-packages/cim
[4.505s] copying /home/babangida/ros_ws/build/cim/build/lib/cim/testStop.py -> /home/babangida/ros_ws/install/cim/lib/python3.8/site-packages/cim
[4.505s] copying /home/babangida/ros_ws/build/cim/build/lib/cim/debugdsrcmsg.py -> /home/babangida/ros_ws/install/cim/lib/python3.8/site-packages/cim
[4.506s] copying /home/babangida/ros_ws/build/cim/build/lib/cim/ResultAnalysis.py -> /home/babangida/ros_ws/install/cim/lib/python3.8/site-packages/cim
[4.506s] copying /home/babangida/ros_ws/build/cim/build/lib/cim/CplexTrafficSignalOptimizer.py -> /home/babangida/ros_ws/install/cim/lib/python3.8/site-packages/cim
[4.506s] copying /home/babangida/ros_ws/build/cim/build/lib/cim/StaticTrafficLights.py -> /home/babangida/ros_ws/install/cim/lib/python3.8/site-packages/cim
[4.506s] copying /home/babangida/ros_ws/build/cim/build/lib/cim/tlssnagent.py -> /home/babangida/ros_ws/install/cim/lib/python3.8/site-packages/cim
[4.506s] copying /home/babangida/ros_ws/build/cim/build/lib/cim/DisparityExtenderObstacleAvoidance.py -> /home/babangida/ros_ws/install/cim/lib/python3.8/site-packages/cim
[4.507s] copying /home/babangida/ros_ws/build/cim/build/lib/cim/FISOptimizer.py -> /home/babangida/ros_ws/install/cim/lib/python3.8/site-packages/cim
[4.507s] copying /home/babangida/ros_ws/build/cim/build/lib/cim/FISCentralizedIntersectionController.py -> /home/babangida/ros_ws/install/cim/lib/python3.8/site-packages/cim
[4.508s] byte-compiling /home/babangida/ros_ws/install/cim/lib/python3.8/site-packages/cim/FISTrafficSignalOptimizer.py to FISTrafficSignalOptimizer.cpython-38.pyc
[4.512s] byte-compiling /home/babangida/ros_ws/install/cim/lib/python3.8/site-packages/cim/cimnode.py to cimnode.cpython-38.pyc
[4.514s] byte-compiling /home/babangida/ros_ws/install/cim/lib/python3.8/site-packages/cim/GlpkTrafficSignalOptimizer.py to GlpkTrafficSignalOptimizer.cpython-38.pyc
[4.515s] byte-compiling /home/babangida/ros_ws/install/cim/lib/python3.8/site-packages/cim/debugewagent.py to debugewagent.cpython-38.pyc
[4.517s] byte-compiling /home/babangida/ros_ws/install/cim/lib/python3.8/site-packages/cim/FISBasedDecentralizedCIM.py to FISBasedDecentralizedCIM.cpython-38.pyc
[4.517s] byte-compiling /home/babangida/ros_ws/install/cim/lib/python3.8/site-packages/cim/stlssnagent.py to stlssnagent.cpython-38.pyc
[4.519s] byte-compiling /home/babangida/ros_ws/install/cim/lib/python3.8/site-packages/cim/tlsewagent.py to tlsewagent.cpython-38.pyc
[4.521s] byte-compiling /home/babangida/ros_ws/install/cim/lib/python3.8/site-packages/cim/__init__.py to __init__.cpython-38.pyc
[4.521s] byte-compiling /home/babangida/ros_ws/install/cim/lib/python3.8/site-packages/cim/TrafficRecordingAnalysisServer.py to TrafficRecordingAnalysisServer.cpython-38.pyc
[4.522s] byte-compiling /home/babangida/ros_ws/install/cim/lib/python3.8/site-packages/cim/fisewagent.py to fisewagent.cpython-38.pyc
[4.524s] byte-compiling /home/babangida/ros_ws/install/cim/lib/python3.8/site-packages/cim/plotPoint.py to plotPoint.cpython-38.pyc
[4.525s] byte-compiling /home/babangida/ros_ws/install/cim/lib/python3.8/site-packages/cim/fisnsagent.py to fisnsagent.cpython-38.pyc
[4.528s] byte-compiling /home/babangida/ros_ws/install/cim/lib/python3.8/site-packages/cim/fibonacci_action_client.py to fibonacci_action_client.cpython-38.pyc
[4.529s] byte-compiling /home/babangida/ros_ws/install/cim/lib/python3.8/site-packages/cim/WePurePursuit.py to WePurePursuit.cpython-38.pyc
[4.532s] byte-compiling /home/babangida/ros_ws/install/cim/lib/python3.8/site-packages/cim/ewagent.py to ewagent.cpython-38.pyc
[4.534s] byte-compiling /home/babangida/ros_ws/install/cim/lib/python3.8/site-packages/cim/snagent.py to snagent.cpython-38.pyc
[4.535s] byte-compiling /home/babangida/ros_ws/install/cim/lib/python3.8/site-packages/cim/simplemodel.py to simplemodel.cpython-38.pyc
[4.536s] byte-compiling /home/babangida/ros_ws/install/cim/lib/python3.8/site-packages/cim/GeneralFunctions.py to GeneralFunctions.cpython-38.pyc
[4.537s] byte-compiling /home/babangida/ros_ws/install/cim/lib/python3.8/site-packages/cim/TrafficRecordingAnalysis.py to TrafficRecordingAnalysis.cpython-38.pyc
[4.538s] byte-compiling /home/babangida/ros_ws/install/cim/lib/python3.8/site-packages/cim/PurePursuit.py to PurePursuit.cpython-38.pyc
[4.539s] byte-compiling /home/babangida/ros_ws/install/cim/lib/python3.8/site-packages/cim/HybridCentralizedTLSController.py to HybridCentralizedTLSController.cpython-38.pyc
[4.541s] byte-compiling /home/babangida/ros_ws/install/cim/lib/python3.8/site-packages/cim/stlsewagent.py to stlsewagent.cpython-38.pyc
[4.542s] byte-compiling /home/babangida/ros_ws/install/cim/lib/python3.8/site-packages/cim/fibonacci_action_server.py to fibonacci_action_server.cpython-38.pyc
[4.543s] byte-compiling /home/babangida/ros_ws/install/cim/lib/python3.8/site-packages/cim/FISBasedCIM.py to FISBasedCIM.cpython-38.pyc
[4.545s] byte-compiling /home/babangida/ros_ws/install/cim/lib/python3.8/site-packages/cim/gen.py to gen.cpython-38.pyc
[4.545s] byte-compiling /home/babangida/ros_ws/install/cim/lib/python3.8/site-packages/cim/GurobiTrafficSignalOptimizer.py to GurobiTrafficSignalOptimizer.cpython-38.pyc
[4.546s] byte-compiling /home/babangida/ros_ws/install/cim/lib/python3.8/site-packages/cim/DsrcBasedSimpleCIM.py to DsrcBasedSimpleCIM.cpython-38.pyc
[4.546s] byte-compiling /home/babangida/ros_ws/install/cim/lib/python3.8/site-packages/cim/testStop.py to testStop.cpython-38.pyc
[4.548s] byte-compiling /home/babangida/ros_ws/install/cim/lib/python3.8/site-packages/cim/debugdsrcmsg.py to debugdsrcmsg.cpython-38.pyc
[4.549s] byte-compiling /home/babangida/ros_ws/install/cim/lib/python3.8/site-packages/cim/ResultAnalysis.py to ResultAnalysis.cpython-38.pyc
[4.549s] byte-compiling /home/babangida/ros_ws/install/cim/lib/python3.8/site-packages/cim/CplexTrafficSignalOptimizer.py to CplexTrafficSignalOptimizer.cpython-38.pyc
[4.551s] byte-compiling /home/babangida/ros_ws/install/cim/lib/python3.8/site-packages/cim/StaticTrafficLights.py to StaticTrafficLights.cpython-38.pyc
[4.552s] byte-compiling /home/babangida/ros_ws/install/cim/lib/python3.8/site-packages/cim/tlssnagent.py to tlssnagent.cpython-38.pyc
[4.554s] byte-compiling /home/babangida/ros_ws/install/cim/lib/python3.8/site-packages/cim/DisparityExtenderObstacleAvoidance.py to DisparityExtenderObstacleAvoidance.cpython-38.pyc
[4.555s] byte-compiling /home/babangida/ros_ws/install/cim/lib/python3.8/site-packages/cim/FISOptimizer.py to FISOptimizer.cpython-38.pyc
[4.556s] byte-compiling /home/babangida/ros_ws/install/cim/lib/python3.8/site-packages/cim/FISCentralizedIntersectionController.py to FISCentralizedIntersectionController.cpython-38.pyc
[4.559s] running install_data
[4.605s] running install_egg_info
[4.606s] Copying ../../build/cim/cim.egg-info to /home/babangida/ros_ws/install/cim/lib/python3.8/site-packages/cim-0.0.0-py3.8.egg-info
[4.607s] running install_scripts
[4.625s] Installing cimnode script to /home/babangida/ros_ws/install/cim/lib/cim
[4.625s] Installing debugdsrcmsg script to /home/babangida/ros_ws/install/cim/lib/cim
[4.625s] Installing debugewagent script to /home/babangida/ros_ws/install/cim/lib/cim
[4.626s] Installing dsrcsimplecim script to /home/babangida/ros_ws/install/cim/lib/cim
[4.626s] Installing ewagent script to /home/babangida/ros_ws/install/cim/lib/cim
[4.626s] Installing fhcim script to /home/babangida/ros_ws/install/cim/lib/cim
[4.626s] Installing fiscim script to /home/babangida/ros_ws/install/cim/lib/cim
[4.626s] Installing fisewagent script to /home/babangida/ros_ws/install/cim/lib/cim
[4.627s] Installing fissnagent script to /home/babangida/ros_ws/install/cim/lib/cim
[4.627s] Installing playde script to /home/babangida/ros_ws/install/cim/lib/cim
[4.627s] Installing playpp script to /home/babangida/ros_ws/install/cim/lib/cim
[4.627s] Installing plotpoint script to /home/babangida/ros_ws/install/cim/lib/cim
[4.627s] Installing recanalysis script to /home/babangida/ros_ws/install/cim/lib/cim
[4.627s] Installing recanalysisserver script to /home/babangida/ros_ws/install/cim/lib/cim
[4.628s] Installing snagent script to /home/babangida/ros_ws/install/cim/lib/cim
[4.628s] Installing statictls script to /home/babangida/ros_ws/install/cim/lib/cim
[4.628s] Installing stlsewagent script to /home/babangida/ros_ws/install/cim/lib/cim
[4.628s] Installing stlssnagent script to /home/babangida/ros_ws/install/cim/lib/cim
[4.628s] Installing test script to /home/babangida/ros_ws/install/cim/lib/cim
[4.629s] Installing tlsewagent script to /home/babangida/ros_ws/install/cim/lib/cim
[4.629s] Installing tlssnagent script to /home/babangida/ros_ws/install/cim/lib/cim
[4.629s] writing list of installed files to '/home/babangida/ros_ws/build/cim/install.log'
[4.647s] Invoked command in '/home/babangida/ros_ws/src/cim' returned '0': AMENT_PREFIX_PATH=/home/babangida/ros_ws/install/trafficrecord:/home/babangida/ros_ws/install/dsrcmsg CMAKE_PREFIX_PATH=/home/babangida/ros_ws/install/trafficrecord:/home/babangida/ros_ws/install/dsrcmsg LD_LIBRARY_PATH=/home/babangida/ros_ws/install/trafficrecord/lib:/home/babangida/ros_ws/install/dsrcmsg/lib PYTHONPATH=/home/babangida/ros_ws/build/cim/prefix_override:/home/babangida/ros_ws/install/cim/lib/python3.8/site-packages:/home/babangida/ros_ws/install/trafficrecord/lib/python3.8/site-packages:/home/babangida/ros_ws/install/dsrcmsg/lib/python3.8/site-packages /usr/bin/python3 setup.py egg_info --egg-base ../../build/cim build --build-base /home/babangida/ros_ws/build/cim/build install --record /home/babangida/ros_ws/build/cim/install.log --install-scripts $base/lib/cim --single-version-externally-managed
