running egg_info
creating ../../build/reactivemethods/reactivemethods.egg-info
writing ../../build/reactivemethods/reactivemethods.egg-info/PKG-INFO
writing dependency_links to ../../build/reactivemethods/reactivemethods.egg-info/dependency_links.txt
writing entry points to ../../build/reactivemethods/reactivemethods.egg-info/entry_points.txt
writing requirements to ../../build/reactivemethods/reactivemethods.egg-info/requires.txt
writing top-level names to ../../build/reactivemethods/reactivemethods.egg-info/top_level.txt
writing manifest file '../../build/reactivemethods/reactivemethods.egg-info/SOURCES.txt'
reading manifest file '../../build/reactivemethods/reactivemethods.egg-info/SOURCES.txt'
writing manifest file '../../build/reactivemethods/reactivemethods.egg-info/SOURCES.txt'
running build
running build_py
creating /home/babangida/ros_ws/build/reactivemethods/build
creating /home/babangida/ros_ws/build/reactivemethods/build/lib
creating /home/babangida/ros_ws/build/reactivemethods/build/lib/reactivemethods
copying reactivemethods/agapfollowing.py -> /home/babangida/ros_ws/build/reactivemethods/build/lib/reactivemethods
copying reactivemethods/autotrafficplayground.py -> /home/babangida/ros_ws/build/reactivemethods/build/lib/reactivemethods
copying reactivemethods/__init__.py -> /home/babangida/ros_ws/build/reactivemethods/build/lib/reactivemethods
copying reactivemethods/disparityextendergapfollowing.py -> /home/babangida/ros_ws/build/reactivemethods/build/lib/reactivemethods
copying reactivemethods/agent1purepursuit.py -> /home/babangida/ros_ws/build/reactivemethods/build/lib/reactivemethods
copying reactivemethods/leftwallfollowing.py -> /home/babangida/ros_ws/build/reactivemethods/build/lib/reactivemethods
copying reactivemethods/northsouthagent.py -> /home/babangida/ros_ws/build/reactivemethods/build/lib/reactivemethods
copying reactivemethods/PurePursuit.py -> /home/babangida/ros_ws/build/reactivemethods/build/lib/reactivemethods
copying reactivemethods/simplewptflw.py -> /home/babangida/ros_ws/build/reactivemethods/build/lib/reactivemethods
copying reactivemethods/followgap.py -> /home/babangida/ros_ws/build/reactivemethods/build/lib/reactivemethods
copying reactivemethods/westeastagent.py -> /home/babangida/ros_ws/build/reactivemethods/build/lib/reactivemethods
copying reactivemethods/posebasewaypointgenerator.py -> /home/babangida/ros_ws/build/reactivemethods/build/lib/reactivemethods
copying reactivemethods/emergencybreaking.py -> /home/babangida/ros_ws/build/reactivemethods/build/lib/reactivemethods
copying reactivemethods/gapfollowing.py -> /home/babangida/ros_ws/build/reactivemethods/build/lib/reactivemethods
copying reactivemethods/publishwaypoints.py -> /home/babangida/ros_ws/build/reactivemethods/build/lib/reactivemethods
copying reactivemethods/waypointfollow.py -> /home/babangida/ros_ws/build/reactivemethods/build/lib/reactivemethods
running install
running install_lib
creating /home/babangida/ros_ws/install/reactivemethods/lib/python3.8/site-packages/reactivemethods
copying /home/babangida/ros_ws/build/reactivemethods/build/lib/reactivemethods/agapfollowing.py -> /home/babangida/ros_ws/install/reactivemethods/lib/python3.8/site-packages/reactivemethods
copying /home/babangida/ros_ws/build/reactivemethods/build/lib/reactivemethods/autotrafficplayground.py -> /home/babangida/ros_ws/install/reactivemethods/lib/python3.8/site-packages/reactivemethods
copying /home/babangida/ros_ws/build/reactivemethods/build/lib/reactivemethods/__init__.py -> /home/babangida/ros_ws/install/reactivemethods/lib/python3.8/site-packages/reactivemethods
copying /home/babangida/ros_ws/build/reactivemethods/build/lib/reactivemethods/disparityextendergapfollowing.py -> /home/babangida/ros_ws/install/reactivemethods/lib/python3.8/site-packages/reactivemethods
copying /home/babangida/ros_ws/build/reactivemethods/build/lib/reactivemethods/agent1purepursuit.py -> /home/babangida/ros_ws/install/reactivemethods/lib/python3.8/site-packages/reactivemethods
copying /home/babangida/ros_ws/build/reactivemethods/build/lib/reactivemethods/leftwallfollowing.py -> /home/babangida/ros_ws/install/reactivemethods/lib/python3.8/site-packages/reactivemethods
copying /home/babangida/ros_ws/build/reactivemethods/build/lib/reactivemethods/northsouthagent.py -> /home/babangida/ros_ws/install/reactivemethods/lib/python3.8/site-packages/reactivemethods
copying /home/babangida/ros_ws/build/reactivemethods/build/lib/reactivemethods/PurePursuit.py -> /home/babangida/ros_ws/install/reactivemethods/lib/python3.8/site-packages/reactivemethods
copying /home/babangida/ros_ws/build/reactivemethods/build/lib/reactivemethods/simplewptflw.py -> /home/babangida/ros_ws/install/reactivemethods/lib/python3.8/site-packages/reactivemethods
copying /home/babangida/ros_ws/build/reactivemethods/build/lib/reactivemethods/followgap.py -> /home/babangida/ros_ws/install/reactivemethods/lib/python3.8/site-packages/reactivemethods
copying /home/babangida/ros_ws/build/reactivemethods/build/lib/reactivemethods/westeastagent.py -> /home/babangida/ros_ws/install/reactivemethods/lib/python3.8/site-packages/reactivemethods
copying /home/babangida/ros_ws/build/reactivemethods/build/lib/reactivemethods/posebasewaypointgenerator.py -> /home/babangida/ros_ws/install/reactivemethods/lib/python3.8/site-packages/reactivemethods
copying /home/babangida/ros_ws/build/reactivemethods/build/lib/reactivemethods/emergencybreaking.py -> /home/babangida/ros_ws/install/reactivemethods/lib/python3.8/site-packages/reactivemethods
copying /home/babangida/ros_ws/build/reactivemethods/build/lib/reactivemethods/gapfollowing.py -> /home/babangida/ros_ws/install/reactivemethods/lib/python3.8/site-packages/reactivemethods
copying /home/babangida/ros_ws/build/reactivemethods/build/lib/reactivemethods/publishwaypoints.py -> /home/babangida/ros_ws/install/reactivemethods/lib/python3.8/site-packages/reactivemethods
copying /home/babangida/ros_ws/build/reactivemethods/build/lib/reactivemethods/waypointfollow.py -> /home/babangida/ros_ws/install/reactivemethods/lib/python3.8/site-packages/reactivemethods
byte-compiling /home/babangida/ros_ws/install/reactivemethods/lib/python3.8/site-packages/reactivemethods/agapfollowing.py to agapfollowing.cpython-38.pyc
byte-compiling /home/babangida/ros_ws/install/reactivemethods/lib/python3.8/site-packages/reactivemethods/autotrafficplayground.py to autotrafficplayground.cpython-38.pyc
byte-compiling /home/babangida/ros_ws/install/reactivemethods/lib/python3.8/site-packages/reactivemethods/__init__.py to __init__.cpython-38.pyc
byte-compiling /home/babangida/ros_ws/install/reactivemethods/lib/python3.8/site-packages/reactivemethods/disparityextendergapfollowing.py to disparityextendergapfollowing.cpython-38.pyc
byte-compiling /home/babangida/ros_ws/install/reactivemethods/lib/python3.8/site-packages/reactivemethods/agent1purepursuit.py to agent1purepursuit.cpython-38.pyc
byte-compiling /home/babangida/ros_ws/install/reactivemethods/lib/python3.8/site-packages/reactivemethods/leftwallfollowing.py to leftwallfollowing.cpython-38.pyc
byte-compiling /home/babangida/ros_ws/install/reactivemethods/lib/python3.8/site-packages/reactivemethods/northsouthagent.py to northsouthagent.cpython-38.pyc
byte-compiling /home/babangida/ros_ws/install/reactivemethods/lib/python3.8/site-packages/reactivemethods/PurePursuit.py to PurePursuit.cpython-38.pyc
byte-compiling /home/babangida/ros_ws/install/reactivemethods/lib/python3.8/site-packages/reactivemethods/simplewptflw.py to simplewptflw.cpython-38.pyc
byte-compiling /home/babangida/ros_ws/install/reactivemethods/lib/python3.8/site-packages/reactivemethods/followgap.py to followgap.cpython-38.pyc
byte-compiling /home/babangida/ros_ws/install/reactivemethods/lib/python3.8/site-packages/reactivemethods/westeastagent.py to westeastagent.cpython-38.pyc
byte-compiling /home/babangida/ros_ws/install/reactivemethods/lib/python3.8/site-packages/reactivemethods/posebasewaypointgenerator.py to posebasewaypointgenerator.cpython-38.pyc
byte-compiling /home/babangida/ros_ws/install/reactivemethods/lib/python3.8/site-packages/reactivemethods/emergencybreaking.py to emergencybreaking.cpython-38.pyc
byte-compiling /home/babangida/ros_ws/install/reactivemethods/lib/python3.8/site-packages/reactivemethods/gapfollowing.py to gapfollowing.cpython-38.pyc
byte-compiling /home/babangida/ros_ws/install/reactivemethods/lib/python3.8/site-packages/reactivemethods/publishwaypoints.py to publishwaypoints.cpython-38.pyc
byte-compiling /home/babangida/ros_ws/install/reactivemethods/lib/python3.8/site-packages/reactivemethods/waypointfollow.py to waypointfollow.cpython-38.pyc
running install_data
creating /home/babangida/ros_ws/install/reactivemethods/share/ament_index
creating /home/babangida/ros_ws/install/reactivemethods/share/ament_index/resource_index
creating /home/babangida/ros_ws/install/reactivemethods/share/ament_index/resource_index/packages
copying resource/reactivemethods -> /home/babangida/ros_ws/install/reactivemethods/share/ament_index/resource_index/packages
copying package.xml -> /home/babangida/ros_ws/install/reactivemethods/share/reactivemethods
copying launch/nsweagents_launch.py -> /home/babangida/ros_ws/install/reactivemethods/share/reactivemethods
running install_egg_info
Copying ../../build/reactivemethods/reactivemethods.egg-info to /home/babangida/ros_ws/install/reactivemethods/lib/python3.8/site-packages/reactivemethods-0.0.0-py3.8.egg-info
running install_scripts
Installing agapfollowing script to /home/babangida/ros_ws/install/reactivemethods/lib/reactivemethods
Installing agent1purepursuit script to /home/babangida/ros_ws/install/reactivemethods/lib/reactivemethods
Installing degapfollowing script to /home/babangida/ros_ws/install/reactivemethods/lib/reactivemethods
Installing emergencybreaking script to /home/babangida/ros_ws/install/reactivemethods/lib/reactivemethods
Installing followgap script to /home/babangida/ros_ws/install/reactivemethods/lib/reactivemethods
Installing gapfollowing script to /home/babangida/ros_ws/install/reactivemethods/lib/reactivemethods
Installing leftwallfollowing script to /home/babangida/ros_ws/install/reactivemethods/lib/reactivemethods
Installing northsouthagent script to /home/babangida/ros_ws/install/reactivemethods/lib/reactivemethods
Installing play script to /home/babangida/ros_ws/install/reactivemethods/lib/reactivemethods
Installing publishwaypoints script to /home/babangida/ros_ws/install/reactivemethods/lib/reactivemethods
Installing purepursuit script to /home/babangida/ros_ws/install/reactivemethods/lib/reactivemethods
Installing waypointfollow script to /home/babangida/ros_ws/install/reactivemethods/lib/reactivemethods
Installing waypointsgenerator script to /home/babangida/ros_ws/install/reactivemethods/lib/reactivemethods
Installing westeastagent script to /home/babangida/ros_ws/install/reactivemethods/lib/reactivemethods
Installing wptflw script to /home/babangida/ros_ws/install/reactivemethods/lib/reactivemethods
writing list of installed files to '/home/babangida/ros_ws/build/reactivemethods/install.log'
