[3.360s] Invoking command in '/home/babangida/ros_ws/src/reactivemethods': CMAKE_PREFIX_PATH=/home/babangida/ros_ws/install/dsrcmsg:/home/babangida/ros_ws/install/trafficrecord:/home/babangida/ros_ws/install/action_tutorials_interfaces LD_LIBRARY_PATH=/home/babangida/ros_ws/install/dsrcmsg/lib:/home/babangida/ros_ws/install/trafficrecord/lib:/home/babangida/ros_ws/install/action_tutorials_interfaces/lib:/opt/ros/foxy/opt/yaml_cpp_vendor/lib:/opt/ros/foxy/opt/rviz_ogre_vendor/lib:/opt/ros/foxy/lib/x86_64-linux-gnu:/opt/ros/foxy/lib PYTHONPATH=/home/babangida/ros_ws/build/reactivemethods/prefix_override:/home/babangida/ros_ws/install/reactivemethods/lib/python3.8/site-packages:/home/babangida/ros_ws/install/dsrcmsg/lib/python3.8/site-packages:/home/babangida/ros_ws/build/cim:/home/babangida/ros_ws/install/cim/lib/python3.8/site-packages:/home/babangida/ros_ws/install/trafficrecord/lib/python3.8/site-packages:/home/babangida/ros_ws/build/reactivemethods:/home/babangida/ros_ws/install/reactivemethods/lib/python3.8/site-packages:/home/babangida/ros_ws/install/action_tutorials_interfaces/lib/python3.8/site-packages:/opt/ros/foxy/lib/python3.8/site-packages /usr/bin/python3 setup.py egg_info --egg-base ../../build/reactivemethods build --build-base /home/babangida/ros_ws/build/reactivemethods/build install --record /home/babangida/ros_ws/build/reactivemethods/install.log --install-scripts $base/lib/reactivemethods --single-version-externally-managed
[3.878s] running egg_info
[3.879s] creating ../../build/reactivemethods/reactivemethods.egg-info
[3.882s] writing ../../build/reactivemethods/reactivemethods.egg-info/PKG-INFO
[3.882s] writing dependency_links to ../../build/reactivemethods/reactivemethods.egg-info/dependency_links.txt
[3.882s] writing entry points to ../../build/reactivemethods/reactivemethods.egg-info/entry_points.txt
[3.882s] writing requirements to ../../build/reactivemethods/reactivemethods.egg-info/requires.txt
[3.882s] writing top-level names to ../../build/reactivemethods/reactivemethods.egg-info/top_level.txt
[3.886s] writing manifest file '../../build/reactivemethods/reactivemethods.egg-info/SOURCES.txt'
[3.967s] reading manifest file '../../build/reactivemethods/reactivemethods.egg-info/SOURCES.txt'
[3.968s] writing manifest file '../../build/reactivemethods/reactivemethods.egg-info/SOURCES.txt'
[3.969s] running build
[3.970s] running build_py
[3.970s] creating /home/babangida/ros_ws/build/reactivemethods/build
[3.971s] creating /home/babangida/ros_ws/build/reactivemethods/build/lib
[3.971s] creating /home/babangida/ros_ws/build/reactivemethods/build/lib/reactivemethods
[3.971s] copying reactivemethods/agapfollowing.py -> /home/babangida/ros_ws/build/reactivemethods/build/lib/reactivemethods
[4.030s] copying reactivemethods/autotrafficplayground.py -> /home/babangida/ros_ws/build/reactivemethods/build/lib/reactivemethods
[4.031s] copying reactivemethods/__init__.py -> /home/babangida/ros_ws/build/reactivemethods/build/lib/reactivemethods
[4.031s] copying reactivemethods/disparityextendergapfollowing.py -> /home/babangida/ros_ws/build/reactivemethods/build/lib/reactivemethods
[4.041s] copying reactivemethods/agent1purepursuit.py -> /home/babangida/ros_ws/build/reactivemethods/build/lib/reactivemethods
[4.042s] copying reactivemethods/leftwallfollowing.py -> /home/babangida/ros_ws/build/reactivemethods/build/lib/reactivemethods
[4.054s] copying reactivemethods/northsouthagent.py -> /home/babangida/ros_ws/build/reactivemethods/build/lib/reactivemethods
[4.068s] copying reactivemethods/PurePursuit.py -> /home/babangida/ros_ws/build/reactivemethods/build/lib/reactivemethods
[4.095s] copying reactivemethods/simplewptflw.py -> /home/babangida/ros_ws/build/reactivemethods/build/lib/reactivemethods
[4.105s] copying reactivemethods/followgap.py -> /home/babangida/ros_ws/build/reactivemethods/build/lib/reactivemethods
[4.124s] copying reactivemethods/westeastagent.py -> /home/babangida/ros_ws/build/reactivemethods/build/lib/reactivemethods
[4.125s] copying reactivemethods/posebasewaypointgenerator.py -> /home/babangida/ros_ws/build/reactivemethods/build/lib/reactivemethods
[4.126s] copying reactivemethods/emergencybreaking.py -> /home/babangida/ros_ws/build/reactivemethods/build/lib/reactivemethods
[4.126s] copying reactivemethods/gapfollowing.py -> /home/babangida/ros_ws/build/reactivemethods/build/lib/reactivemethods
[4.126s] copying reactivemethods/publishwaypoints.py -> /home/babangida/ros_ws/build/reactivemethods/build/lib/reactivemethods
[4.127s] copying reactivemethods/waypointfollow.py -> /home/babangida/ros_ws/build/reactivemethods/build/lib/reactivemethods
[4.129s] running install
[4.130s] running install_lib
[4.131s] creating /home/babangida/ros_ws/install/reactivemethods/lib/python3.8/site-packages/reactivemethods
[4.132s] copying /home/babangida/ros_ws/build/reactivemethods/build/lib/reactivemethods/agapfollowing.py -> /home/babangida/ros_ws/install/reactivemethods/lib/python3.8/site-packages/reactivemethods
[4.132s] copying /home/babangida/ros_ws/build/reactivemethods/build/lib/reactivemethods/autotrafficplayground.py -> /home/babangida/ros_ws/install/reactivemethods/lib/python3.8/site-packages/reactivemethods
[4.133s] copying /home/babangida/ros_ws/build/reactivemethods/build/lib/reactivemethods/__init__.py -> /home/babangida/ros_ws/install/reactivemethods/lib/python3.8/site-packages/reactivemethods
[4.133s] copying /home/babangida/ros_ws/build/reactivemethods/build/lib/reactivemethods/disparityextendergapfollowing.py -> /home/babangida/ros_ws/install/reactivemethods/lib/python3.8/site-packages/reactivemethods
[4.133s] copying /home/babangida/ros_ws/build/reactivemethods/build/lib/reactivemethods/agent1purepursuit.py -> /home/babangida/ros_ws/install/reactivemethods/lib/python3.8/site-packages/reactivemethods
[4.134s] copying /home/babangida/ros_ws/build/reactivemethods/build/lib/reactivemethods/leftwallfollowing.py -> /home/babangida/ros_ws/install/reactivemethods/lib/python3.8/site-packages/reactivemethods
[4.134s] copying /home/babangida/ros_ws/build/reactivemethods/build/lib/reactivemethods/northsouthagent.py -> /home/babangida/ros_ws/install/reactivemethods/lib/python3.8/site-packages/reactivemethods
[4.134s] copying /home/babangida/ros_ws/build/reactivemethods/build/lib/reactivemethods/PurePursuit.py -> /home/babangida/ros_ws/install/reactivemethods/lib/python3.8/site-packages/reactivemethods
[4.135s] copying /home/babangida/ros_ws/build/reactivemethods/build/lib/reactivemethods/simplewptflw.py -> /home/babangida/ros_ws/install/reactivemethods/lib/python3.8/site-packages/reactivemethods
[4.135s] copying /home/babangida/ros_ws/build/reactivemethods/build/lib/reactivemethods/followgap.py -> /home/babangida/ros_ws/install/reactivemethods/lib/python3.8/site-packages/reactivemethods
[4.135s] copying /home/babangida/ros_ws/build/reactivemethods/build/lib/reactivemethods/westeastagent.py -> /home/babangida/ros_ws/install/reactivemethods/lib/python3.8/site-packages/reactivemethods
[4.136s] copying /home/babangida/ros_ws/build/reactivemethods/build/lib/reactivemethods/posebasewaypointgenerator.py -> /home/babangida/ros_ws/install/reactivemethods/lib/python3.8/site-packages/reactivemethods
[4.136s] copying /home/babangida/ros_ws/build/reactivemethods/build/lib/reactivemethods/emergencybreaking.py -> /home/babangida/ros_ws/install/reactivemethods/lib/python3.8/site-packages/reactivemethods
[4.137s] copying /home/babangida/ros_ws/build/reactivemethods/build/lib/reactivemethods/gapfollowing.py -> /home/babangida/ros_ws/install/reactivemethods/lib/python3.8/site-packages/reactivemethods
[4.137s] copying /home/babangida/ros_ws/build/reactivemethods/build/lib/reactivemethods/publishwaypoints.py -> /home/babangida/ros_ws/install/reactivemethods/lib/python3.8/site-packages/reactivemethods
[4.137s] copying /home/babangida/ros_ws/build/reactivemethods/build/lib/reactivemethods/waypointfollow.py -> /home/babangida/ros_ws/install/reactivemethods/lib/python3.8/site-packages/reactivemethods
[4.139s] byte-compiling /home/babangida/ros_ws/install/reactivemethods/lib/python3.8/site-packages/reactivemethods/agapfollowing.py to agapfollowing.cpython-38.pyc
[4.146s] byte-compiling /home/babangida/ros_ws/install/reactivemethods/lib/python3.8/site-packages/reactivemethods/autotrafficplayground.py to autotrafficplayground.cpython-38.pyc
[4.167s] byte-compiling /home/babangida/ros_ws/install/reactivemethods/lib/python3.8/site-packages/reactivemethods/__init__.py to __init__.cpython-38.pyc
[4.167s] byte-compiling /home/babangida/ros_ws/install/reactivemethods/lib/python3.8/site-packages/reactivemethods/disparityextendergapfollowing.py to disparityextendergapfollowing.cpython-38.pyc
[4.169s] byte-compiling /home/babangida/ros_ws/install/reactivemethods/lib/python3.8/site-packages/reactivemethods/agent1purepursuit.py to agent1purepursuit.cpython-38.pyc
[4.171s] byte-compiling /home/babangida/ros_ws/install/reactivemethods/lib/python3.8/site-packages/reactivemethods/leftwallfollowing.py to leftwallfollowing.cpython-38.pyc
[4.174s] byte-compiling /home/babangida/ros_ws/install/reactivemethods/lib/python3.8/site-packages/reactivemethods/northsouthagent.py to northsouthagent.cpython-38.pyc
[4.185s] byte-compiling /home/babangida/ros_ws/install/reactivemethods/lib/python3.8/site-packages/reactivemethods/PurePursuit.py to PurePursuit.cpython-38.pyc
[4.206s] byte-compiling /home/babangida/ros_ws/install/reactivemethods/lib/python3.8/site-packages/reactivemethods/simplewptflw.py to simplewptflw.cpython-38.pyc
[4.209s] byte-compiling /home/babangida/ros_ws/install/reactivemethods/lib/python3.8/site-packages/reactivemethods/followgap.py to followgap.cpython-38.pyc
[4.211s] byte-compiling /home/babangida/ros_ws/install/reactivemethods/lib/python3.8/site-packages/reactivemethods/westeastagent.py to westeastagent.cpython-38.pyc
[4.215s] byte-compiling /home/babangida/ros_ws/install/reactivemethods/lib/python3.8/site-packages/reactivemethods/posebasewaypointgenerator.py to posebasewaypointgenerator.cpython-38.pyc
[4.217s] byte-compiling /home/babangida/ros_ws/install/reactivemethods/lib/python3.8/site-packages/reactivemethods/emergencybreaking.py to emergencybreaking.cpython-38.pyc
[4.219s] byte-compiling /home/babangida/ros_ws/install/reactivemethods/lib/python3.8/site-packages/reactivemethods/gapfollowing.py to gapfollowing.cpython-38.pyc
[4.220s] byte-compiling /home/babangida/ros_ws/install/reactivemethods/lib/python3.8/site-packages/reactivemethods/publishwaypoints.py to publishwaypoints.cpython-38.pyc
[4.222s] byte-compiling /home/babangida/ros_ws/install/reactivemethods/lib/python3.8/site-packages/reactivemethods/waypointfollow.py to waypointfollow.cpython-38.pyc
[4.226s] running install_data
[4.227s] creating /home/babangida/ros_ws/install/reactivemethods/share/ament_index
[4.227s] creating /home/babangida/ros_ws/install/reactivemethods/share/ament_index/resource_index
[4.228s] creating /home/babangida/ros_ws/install/reactivemethods/share/ament_index/resource_index/packages
[4.228s] copying resource/reactivemethods -> /home/babangida/ros_ws/install/reactivemethods/share/ament_index/resource_index/packages
[4.229s] copying package.xml -> /home/babangida/ros_ws/install/reactivemethods/share/reactivemethods
[4.229s] copying launch/nsweagents_launch.py -> /home/babangida/ros_ws/install/reactivemethods/share/reactivemethods
[4.276s] running install_egg_info
[4.279s] Copying ../../build/reactivemethods/reactivemethods.egg-info to /home/babangida/ros_ws/install/reactivemethods/lib/python3.8/site-packages/reactivemethods-0.0.0-py3.8.egg-info
[4.281s] running install_scripts
[4.319s] Installing agapfollowing script to /home/babangida/ros_ws/install/reactivemethods/lib/reactivemethods
[4.320s] Installing agent1purepursuit script to /home/babangida/ros_ws/install/reactivemethods/lib/reactivemethods
[4.334s] Installing degapfollowing script to /home/babangida/ros_ws/install/reactivemethods/lib/reactivemethods
[4.335s] Installing emergencybreaking script to /home/babangida/ros_ws/install/reactivemethods/lib/reactivemethods
[4.335s] Installing followgap script to /home/babangida/ros_ws/install/reactivemethods/lib/reactivemethods
[4.336s] Installing gapfollowing script to /home/babangida/ros_ws/install/reactivemethods/lib/reactivemethods
[4.336s] Installing leftwallfollowing script to /home/babangida/ros_ws/install/reactivemethods/lib/reactivemethods
[4.336s] Installing northsouthagent script to /home/babangida/ros_ws/install/reactivemethods/lib/reactivemethods
[4.336s] Installing play script to /home/babangida/ros_ws/install/reactivemethods/lib/reactivemethods
[4.337s] Installing publishwaypoints script to /home/babangida/ros_ws/install/reactivemethods/lib/reactivemethods
[4.337s] Installing purepursuit script to /home/babangida/ros_ws/install/reactivemethods/lib/reactivemethods
[4.337s] Installing waypointfollow script to /home/babangida/ros_ws/install/reactivemethods/lib/reactivemethods
[4.337s] Installing waypointsgenerator script to /home/babangida/ros_ws/install/reactivemethods/lib/reactivemethods
[4.337s] Installing westeastagent script to /home/babangida/ros_ws/install/reactivemethods/lib/reactivemethods
[4.338s] Installing wptflw script to /home/babangida/ros_ws/install/reactivemethods/lib/reactivemethods
[4.338s] writing list of installed files to '/home/babangida/ros_ws/build/reactivemethods/install.log'
[4.384s] Invoked command in '/home/babangida/ros_ws/src/reactivemethods' returned '0': CMAKE_PREFIX_PATH=/home/babangida/ros_ws/install/dsrcmsg:/home/babangida/ros_ws/install/trafficrecord:/home/babangida/ros_ws/install/action_tutorials_interfaces LD_LIBRARY_PATH=/home/babangida/ros_ws/install/dsrcmsg/lib:/home/babangida/ros_ws/install/trafficrecord/lib:/home/babangida/ros_ws/install/action_tutorials_interfaces/lib:/opt/ros/foxy/opt/yaml_cpp_vendor/lib:/opt/ros/foxy/opt/rviz_ogre_vendor/lib:/opt/ros/foxy/lib/x86_64-linux-gnu:/opt/ros/foxy/lib PYTHONPATH=/home/babangida/ros_ws/build/reactivemethods/prefix_override:/home/babangida/ros_ws/install/reactivemethods/lib/python3.8/site-packages:/home/babangida/ros_ws/install/dsrcmsg/lib/python3.8/site-packages:/home/babangida/ros_ws/build/cim:/home/babangida/ros_ws/install/cim/lib/python3.8/site-packages:/home/babangida/ros_ws/install/trafficrecord/lib/python3.8/site-packages:/home/babangida/ros_ws/build/reactivemethods:/home/babangida/ros_ws/install/reactivemethods/lib/python3.8/site-packages:/home/babangida/ros_ws/install/action_tutorials_interfaces/lib/python3.8/site-packages:/opt/ros/foxy/lib/python3.8/site-packages /usr/bin/python3 setup.py egg_info --egg-base ../../build/reactivemethods build --build-base /home/babangida/ros_ws/build/reactivemethods/build install --record /home/babangida/ros_ws/build/reactivemethods/install.log --install-scripts $base/lib/reactivemethods --single-version-externally-managed
