[0.203s] Invoking command in '/home/babangida/ros_ws/build/dsrcmsg': CMAKE_PREFIX_PATH=${CMAKE_PREFIX_PATH}:/home/babangida/ros_ws/install/onecim:/home/babangida/ros_ws/install/cim:/home/babangida/ros_ws/install/reactivemethods:/opt/ros/foxy /usr/bin/cmake --build /home/babangida/ros_ws/build/dsrcmsg -- -j8 -l8
[0.240s] -- Found ament_cmake: 0.9.12 (/opt/ros/foxy/share/ament_cmake/cmake)
[0.293s] -- Found PythonInterp: /usr/bin/python3 (found suitable version "3.8.10", minimum required is "3") 
[0.293s] -- Using PYTHON_EXECUTABLE: /usr/bin/python3
[0.538s] -- Override CMake install command with custom implementation using symlinks instead of copying resources
[0.544s] -- Found builtin_interfaces: 1.0.0 (/opt/ros/foxy/share/builtin_interfaces/cmake)
[0.858s] -- Using all available rosidl_typesupport_c: rosidl_typesupport_fastrtps_c;rosidl_typesupport_introspection_c
[0.860s] -- Found rosidl_adapter: 1.3.1 (/opt/ros/foxy/share/rosidl_adapter/cmake)
[10.207s] -- Using all available rosidl_typesupport_cpp: rosidl_typesupport_fastrtps_cpp;rosidl_typesupport_introspection_cpp
[10.238s] -- Found rosidl_default_generators: 1.0.1 (/opt/ros/foxy/share/rosidl_default_generators/cmake)
[10.250s] CMake Error at /opt/ros/foxy/share/rosidl_cmake/cmake/rosidl_generate_interfaces.cmake:93 (message):
[10.250s]   rosidl_generate_interfaces() the passed file 'msg/OneCIMKeypoints.msg'
[10.250s]   doesn't exist relative to the CMAKE_CURRENT_SOURCE_DIR
[10.250s]   '/home/babangida/ros_ws/src/dsrcmsg'
[10.250s] Call Stack (most recent call first):
[10.250s]   CMakeLists.txt:26 (rosidl_generate_interfaces)
[10.250s] 
[10.250s] 
[10.251s] -- Configuring incomplete, errors occurred!
[10.251s] See also "/home/babangida/ros_ws/build/dsrcmsg/CMakeFiles/CMakeOutput.log".
[10.258s] make: *** [Makefile:1468: cmake_check_build_system] Error 1
[10.264s] Invoked command in '/home/babangida/ros_ws/build/dsrcmsg' returned '2': CMAKE_PREFIX_PATH=${CMAKE_PREFIX_PATH}:/home/babangida/ros_ws/install/onecim:/home/babangida/ros_ws/install/cim:/home/babangida/ros_ws/install/reactivemethods:/opt/ros/foxy /usr/bin/cmake --build /home/babangida/ros_ws/build/dsrcmsg -- -j8 -l8
