[1.772s] Invoking command in '/home/babangida/ros_ws/build/onecim': PYTHONPATH=/home/babangida/ros_ws/build/onecim/prefix_override:/home/babangida/ros_ws/install/onecim/lib/python3.8/site-packages:/home/babangida/ros_ws/install/trafficrecord/lib/python3.8/site-packages:/home/babangida/ros_ws/install/dsrcmsg/lib/python3.8/site-packages:/home/babangida/ros_ws/build/onecim:/home/babangida/ros_ws/install/onecim/lib/python3.8/site-packages:/home/babangida/ros_ws/install/cim/lib/python3.8/site-packages:/home/babangida/ros_ws/build/reactivemethods:/home/babangida/ros_ws/install/reactivemethods/lib/python3.8/site-packages:/opt/ros/foxy/lib/python3.8/site-packages /usr/bin/python3 setup.py develop --editable --build-directory /home/babangida/ros_ws/build/onecim/build --no-deps install_data
[1.986s] running develop
[2.104s] running egg_info
[2.104s] writing onecim.egg-info/PKG-INFO
[2.104s] writing dependency_links to onecim.egg-info/dependency_links.txt
[2.104s] writing entry points to onecim.egg-info/entry_points.txt
[2.105s] writing requirements to onecim.egg-info/requires.txt
[2.105s] writing top-level names to onecim.egg-info/top_level.txt
[2.133s] reading manifest file 'onecim.egg-info/SOURCES.txt'
[2.134s] writing manifest file 'onecim.egg-info/SOURCES.txt'
[2.164s] running build_ext
[2.164s] Creating /home/babangida/ros_ws/install/onecim/lib/python3.8/site-packages/onecim.egg-link (link to .)
[2.165s] Installing ewfiscim script to /home/babangida/ros_ws/install/onecim/lib/onecim
[2.165s] Installing fisonecimlooptls script to /home/babangida/ros_ws/install/onecim/lib/onecim
[2.166s] Installing fisonecimtls script to /home/babangida/ros_ws/install/onecim/lib/onecim
[2.166s] Installing onecimew script to /home/babangida/ros_ws/install/onecim/lib/onecim
[2.166s] Installing onecimloopew script to /home/babangida/ros_ws/install/onecim/lib/onecim
[2.166s] Installing onecimloopsn script to /home/babangida/ros_ws/install/onecim/lib/onecim
[2.167s] Installing onecimloopstatictls script to /home/babangida/ros_ws/install/onecim/lib/onecim
[2.167s] Installing onecimlooptls script to /home/babangida/ros_ws/install/onecim/lib/onecim
[2.167s] Installing onecimsn script to /home/babangida/ros_ws/install/onecim/lib/onecim
[2.167s] Installing onecimtls script to /home/babangida/ros_ws/install/onecim/lib/onecim
[2.167s] Installing playde script to /home/babangida/ros_ws/install/onecim/lib/onecim
[2.168s] Installing playpp script to /home/babangida/ros_ws/install/onecim/lib/onecim
[2.168s] Installing simspeed script to /home/babangida/ros_ws/install/onecim/lib/onecim
[2.168s] Installing snfiscim script to /home/babangida/ros_ws/install/onecim/lib/onecim
[2.168s] Installing veh script to /home/babangida/ros_ws/install/onecim/lib/onecim
[2.168s] Installing wypts script to /home/babangida/ros_ws/install/onecim/lib/onecim
[2.168s] 
[2.169s] Installed /home/babangida/ros_ws/build/onecim
[2.169s] running install_data
[2.189s] Invoked command in '/home/babangida/ros_ws/build/onecim' returned '0': PYTHONPATH=/home/babangida/ros_ws/build/onecim/prefix_override:/home/babangida/ros_ws/install/onecim/lib/python3.8/site-packages:/home/babangida/ros_ws/install/trafficrecord/lib/python3.8/site-packages:/home/babangida/ros_ws/install/dsrcmsg/lib/python3.8/site-packages:/home/babangida/ros_ws/build/onecim:/home/babangida/ros_ws/install/onecim/lib/python3.8/site-packages:/home/babangida/ros_ws/install/cim/lib/python3.8/site-packages:/home/babangida/ros_ws/build/reactivemethods:/home/babangida/ros_ws/install/reactivemethods/lib/python3.8/site-packages:/opt/ros/foxy/lib/python3.8/site-packages /usr/bin/python3 setup.py develop --editable --build-directory /home/babangida/ros_ws/build/onecim/build --no-deps install_data
