[3.812s] Invoking command in '/home/babangida/ros_ws/src/onecim': PYTHONPATH=/home/babangida/ros_ws/build/onecim/prefix_override:/home/babangida/ros_ws/install/onecim/lib/python3.8/site-packages:/home/babangida/ros_ws/install/trafficrecord/lib/python3.8/site-packages:/home/babangida/ros_ws/install/dsrcmsg/lib/python3.8/site-packages:/home/babangida/ros_ws/install/onecim/lib/python3.8/site-packages:/home/babangida/ros_ws/install/cim/lib/python3.8/site-packages:/home/babangida/ros_ws/install/reactivemethods/lib/python3.8/site-packages:/opt/ros/foxy/lib/python3.8/site-packages /usr/bin/python3 setup.py egg_info --egg-base ../../build/onecim build --build-base /home/babangida/ros_ws/build/onecim/build install --record /home/babangida/ros_ws/build/onecim/install.log --install-scripts $base/lib/onecim --single-version-externally-managed
[4.314s] running egg_info
[4.315s] writing ../../build/onecim/onecim.egg-info/PKG-INFO
[4.316s] writing dependency_links to ../../build/onecim/onecim.egg-info/dependency_links.txt
[4.317s] writing entry points to ../../build/onecim/onecim.egg-info/entry_points.txt
[4.317s] writing requirements to ../../build/onecim/onecim.egg-info/requires.txt
[4.317s] writing top-level names to ../../build/onecim/onecim.egg-info/top_level.txt
[4.397s] reading manifest file '../../build/onecim/onecim.egg-info/SOURCES.txt'
[4.399s] writing manifest file '../../build/onecim/onecim.egg-info/SOURCES.txt'
[4.399s] running build
[4.400s] running build_py
[4.400s] copying onecim/oneintersectionsnagent.py -> /home/babangida/ros_ws/build/onecim/build/lib/onecim
[4.400s] copying onecim/onecimtls.py -> /home/babangida/ros_ws/build/onecim/build/lib/onecim
[4.401s] running install
[4.403s] running install_lib
[4.405s] copying /home/babangida/ros_ws/build/onecim/build/lib/onecim/oneintersectionsnagent.py -> /home/babangida/ros_ws/install/onecim/lib/python3.8/site-packages/onecim
[4.405s] copying /home/babangida/ros_ws/build/onecim/build/lib/onecim/onecimtls.py -> /home/babangida/ros_ws/install/onecim/lib/python3.8/site-packages/onecim
[4.406s] byte-compiling /home/babangida/ros_ws/install/onecim/lib/python3.8/site-packages/onecim/oneintersectionsnagent.py to oneintersectionsnagent.cpython-38.pyc
[4.413s] byte-compiling /home/babangida/ros_ws/install/onecim/lib/python3.8/site-packages/onecim/onecimtls.py to onecimtls.cpython-38.pyc
[4.417s] running install_data
[4.418s] running install_egg_info
[4.421s] removing '/home/babangida/ros_ws/install/onecim/lib/python3.8/site-packages/onecim-0.0.0-py3.8.egg-info' (and everything under it)
[4.421s] Copying ../../build/onecim/onecim.egg-info to /home/babangida/ros_ws/install/onecim/lib/python3.8/site-packages/onecim-0.0.0-py3.8.egg-info
[4.422s] running install_scripts
[4.460s] Installing onecimsn script to /home/babangida/ros_ws/install/onecim/lib/onecim
[4.460s] Installing onecimtls script to /home/babangida/ros_ws/install/onecim/lib/onecim
[4.461s] Installing playde script to /home/babangida/ros_ws/install/onecim/lib/onecim
[4.461s] Installing playpp script to /home/babangida/ros_ws/install/onecim/lib/onecim
[4.461s] writing list of installed files to '/home/babangida/ros_ws/build/onecim/install.log'
[4.508s] Invoked command in '/home/babangida/ros_ws/src/onecim' returned '0': PYTHONPATH=/home/babangida/ros_ws/build/onecim/prefix_override:/home/babangida/ros_ws/install/onecim/lib/python3.8/site-packages:/home/babangida/ros_ws/install/trafficrecord/lib/python3.8/site-packages:/home/babangida/ros_ws/install/dsrcmsg/lib/python3.8/site-packages:/home/babangida/ros_ws/install/onecim/lib/python3.8/site-packages:/home/babangida/ros_ws/install/cim/lib/python3.8/site-packages:/home/babangida/ros_ws/install/reactivemethods/lib/python3.8/site-packages:/opt/ros/foxy/lib/python3.8/site-packages /usr/bin/python3 setup.py egg_info --egg-base ../../build/onecim build --build-base /home/babangida/ros_ws/build/onecim/build install --record /home/babangida/ros_ws/build/onecim/install.log --install-scripts $base/lib/onecim --single-version-externally-managed
