[2.844s] Invoking command in '/home/babangida/ros_ws/build/onecim': PYTHONPATH=/home/babangida/ros_ws/build/onecim/prefix_override:/home/babangida/ros_ws/install/onecim/lib/python3.8/site-packages:/home/babangida/ros_ws/install/trafficrecord/lib/python3.8/site-packages:/home/babangida/ros_ws/install/dsrcmsg/lib/python3.8/site-packages:/home/babangida/ros_ws/build/onecim:/home/babangida/ros_ws/install/onecim/lib/python3.8/site-packages:/home/babangida/ros_ws/install/cim/lib/python3.8/site-packages:/home/babangida/ros_ws/build/reactivemethods:/home/babangida/ros_ws/install/reactivemethods/lib/python3.8/site-packages:/opt/ros/foxy/lib/python3.8/site-packages /usr/bin/python3 setup.py develop --editable --build-directory /home/babangida/ros_ws/build/onecim/build --no-deps install_data
[3.167s] running develop
[3.446s] running egg_info
[3.446s] writing onecim.egg-info/PKG-INFO
[3.447s] writing dependency_links to onecim.egg-info/dependency_links.txt
[3.447s] writing entry points to onecim.egg-info/entry_points.txt
[3.447s] writing requirements to onecim.egg-info/requires.txt
[3.447s] writing top-level names to onecim.egg-info/top_level.txt
[3.503s] reading manifest file 'onecim.egg-info/SOURCES.txt'
[3.505s] writing manifest file 'onecim.egg-info/SOURCES.txt'
[3.558s] running build_ext
[3.559s] Creating /home/babangida/ros_ws/install/onecim/lib/python3.8/site-packages/onecim.egg-link (link to .)
[3.560s] Installing ewfiscim script to /home/babangida/ros_ws/install/onecim/lib/onecim
[3.560s] Installing fisonecimlooptls script to /home/babangida/ros_ws/install/onecim/lib/onecim
[3.561s] Installing fisonecimtls script to /home/babangida/ros_ws/install/onecim/lib/onecim
[3.561s] Installing onecimew script to /home/babangida/ros_ws/install/onecim/lib/onecim
[3.562s] Installing onecimloopew script to /home/babangida/ros_ws/install/onecim/lib/onecim
[3.562s] Installing onecimloopsn script to /home/babangida/ros_ws/install/onecim/lib/onecim
[3.562s] Installing onecimloopstatictls script to /home/babangida/ros_ws/install/onecim/lib/onecim
[3.562s] Installing onecimlooptls script to /home/babangida/ros_ws/install/onecim/lib/onecim
[3.563s] Installing onecimsn script to /home/babangida/ros_ws/install/onecim/lib/onecim
[3.563s] Installing onecimtls script to /home/babangida/ros_ws/install/onecim/lib/onecim
[3.563s] Installing playde script to /home/babangida/ros_ws/install/onecim/lib/onecim
[3.564s] Installing playpp script to /home/babangida/ros_ws/install/onecim/lib/onecim
[3.564s] Installing simspeed script to /home/babangida/ros_ws/install/onecim/lib/onecim
[3.564s] Installing snfiscim script to /home/babangida/ros_ws/install/onecim/lib/onecim
[3.564s] Installing veh script to /home/babangida/ros_ws/install/onecim/lib/onecim
[3.565s] Installing wypts script to /home/babangida/ros_ws/install/onecim/lib/onecim
[3.565s] 
[3.565s] Installed /home/babangida/ros_ws/build/onecim
[3.565s] running install_data
[3.604s] Invoked command in '/home/babangida/ros_ws/build/onecim' returned '0': PYTHONPATH=/home/babangida/ros_ws/build/onecim/prefix_override:/home/babangida/ros_ws/install/onecim/lib/python3.8/site-packages:/home/babangida/ros_ws/install/trafficrecord/lib/python3.8/site-packages:/home/babangida/ros_ws/install/dsrcmsg/lib/python3.8/site-packages:/home/babangida/ros_ws/build/onecim:/home/babangida/ros_ws/install/onecim/lib/python3.8/site-packages:/home/babangida/ros_ws/install/cim/lib/python3.8/site-packages:/home/babangida/ros_ws/build/reactivemethods:/home/babangida/ros_ws/install/reactivemethods/lib/python3.8/site-packages:/opt/ros/foxy/lib/python3.8/site-packages /usr/bin/python3 setup.py develop --editable --build-directory /home/babangida/ros_ws/build/onecim/build --no-deps install_data
