[2.392s] Invoking command in '/home/babangida/ros_ws/build/reactivemethods': CMAKE_PREFIX_PATH=/home/babangida/ros_ws/install/dsrcmsg:/home/babangida/ros_ws/install/trafficrecord LD_LIBRARY_PATH=/home/babangida/ros_ws/install/dsrcmsg/lib:/home/babangida/ros_ws/install/trafficrecord/lib:/opt/ros/foxy/opt/yaml_cpp_vendor/lib:/opt/ros/foxy/opt/rviz_ogre_vendor/lib:/opt/ros/foxy/lib/x86_64-linux-gnu:/opt/ros/foxy/lib PYTHONPATH=/home/babangida/ros_ws/build/reactivemethods/prefix_override:/home/babangida/ros_ws/install/reactivemethods/lib/python3.8/site-packages:/home/babangida/ros_ws/install/dsrcmsg/lib/python3.8/site-packages:/home/babangida/ros_ws/build/onecim:/home/babangida/ros_ws/install/onecim/lib/python3.8/site-packages:/home/babangida/ros_ws/install/cim/lib/python3.8/site-packages:/home/babangida/ros_ws/install/trafficrecord/lib/python3.8/site-packages:/home/babangida/ros_ws/install/reactivemethods/lib/python3.8/site-packages:/opt/ros/foxy/lib/python3.8/site-packages /usr/bin/python3 setup.py develop --editable --build-directory /home/babangida/ros_ws/build/reactivemethods/build --no-deps install_data
[2.750s] running develop
[2.978s] running egg_info
[2.979s] writing reactivemethods.egg-info/PKG-INFO
[2.982s] writing dependency_links to reactivemethods.egg-info/dependency_links.txt
[2.982s] writing entry points to reactivemethods.egg-info/entry_points.txt
[2.982s] writing requirements to reactivemethods.egg-info/requires.txt
[2.982s] writing top-level names to reactivemethods.egg-info/top_level.txt
[3.032s] reading manifest file 'reactivemethods.egg-info/SOURCES.txt'
[3.033s] writing manifest file 'reactivemethods.egg-info/SOURCES.txt'
[3.089s] running build_ext
[3.090s] Creating /home/babangida/ros_ws/install/reactivemethods/lib/python3.8/site-packages/reactivemethods.egg-link (link to .)
[3.092s] Installing agapfollowing script to /home/babangida/ros_ws/install/reactivemethods/lib/reactivemethods
[3.092s] Installing agent1purepursuit script to /home/babangida/ros_ws/install/reactivemethods/lib/reactivemethods
[3.092s] Installing degapfollowing script to /home/babangida/ros_ws/install/reactivemethods/lib/reactivemethods
[3.092s] Installing emergencybreaking script to /home/babangida/ros_ws/install/reactivemethods/lib/reactivemethods
[3.093s] Installing followgap script to /home/babangida/ros_ws/install/reactivemethods/lib/reactivemethods
[3.093s] Installing gapfollowing script to /home/babangida/ros_ws/install/reactivemethods/lib/reactivemethods
[3.093s] Installing leftwallfollowing script to /home/babangida/ros_ws/install/reactivemethods/lib/reactivemethods
[3.093s] Installing northsouthagent script to /home/babangida/ros_ws/install/reactivemethods/lib/reactivemethods
[3.094s] Installing play script to /home/babangida/ros_ws/install/reactivemethods/lib/reactivemethods
[3.094s] Installing publishwaypoints script to /home/babangida/ros_ws/install/reactivemethods/lib/reactivemethods
[3.094s] Installing purepursuit script to /home/babangida/ros_ws/install/reactivemethods/lib/reactivemethods
[3.095s] Installing waypointfollow script to /home/babangida/ros_ws/install/reactivemethods/lib/reactivemethods
[3.095s] Installing waypointsgenerator script to /home/babangida/ros_ws/install/reactivemethods/lib/reactivemethods
[3.095s] Installing westeastagent script to /home/babangida/ros_ws/install/reactivemethods/lib/reactivemethods
[3.095s] Installing wptflw script to /home/babangida/ros_ws/install/reactivemethods/lib/reactivemethods
[3.096s] 
[3.096s] Installed /home/babangida/ros_ws/build/reactivemethods
[3.096s] running install_data
[3.138s] Invoked command in '/home/babangida/ros_ws/build/reactivemethods' returned '0': CMAKE_PREFIX_PATH=/home/babangida/ros_ws/install/dsrcmsg:/home/babangida/ros_ws/install/trafficrecord LD_LIBRARY_PATH=/home/babangida/ros_ws/install/dsrcmsg/lib:/home/babangida/ros_ws/install/trafficrecord/lib:/opt/ros/foxy/opt/yaml_cpp_vendor/lib:/opt/ros/foxy/opt/rviz_ogre_vendor/lib:/opt/ros/foxy/lib/x86_64-linux-gnu:/opt/ros/foxy/lib PYTHONPATH=/home/babangida/ros_ws/build/reactivemethods/prefix_override:/home/babangida/ros_ws/install/reactivemethods/lib/python3.8/site-packages:/home/babangida/ros_ws/install/dsrcmsg/lib/python3.8/site-packages:/home/babangida/ros_ws/build/onecim:/home/babangida/ros_ws/install/onecim/lib/python3.8/site-packages:/home/babangida/ros_ws/install/cim/lib/python3.8/site-packages:/home/babangida/ros_ws/install/trafficrecord/lib/python3.8/site-packages:/home/babangida/ros_ws/install/reactivemethods/lib/python3.8/site-packages:/opt/ros/foxy/lib/python3.8/site-packages /usr/bin/python3 setup.py develop --editable --build-directory /home/babangida/ros_ws/build/reactivemethods/build --no-deps install_data
