[4.400s] Invoking command in '/home/babangida/ros_ws/build/onecim': PYTHONPATH=/home/babangida/ros_ws/build/onecim/prefix_override:/home/babangida/ros_ws/install/onecim/lib/python3.8/site-packages:/home/babangida/ros_ws/install/trafficrecord/lib/python3.8/site-packages:/home/babangida/ros_ws/install/dsrcmsg/lib/python3.8/site-packages:/home/babangida/ros_ws/install/onecim/lib/python3.8/site-packages:/home/babangida/ros_ws/install/cim/lib/python3.8/site-packages:/home/babangida/ros_ws/build/reactivemethods:/home/babangida/ros_ws/install/reactivemethods/lib/python3.8/site-packages:/opt/ros/foxy/lib/python3.8/site-packages /usr/bin/python3 setup.py develop --editable --build-directory /home/babangida/ros_ws/build/onecim/build --no-deps install_data
[5.041s] running develop
[5.374s] running egg_info
[5.374s] writing onecim.egg-info/PKG-INFO
[5.392s] writing dependency_links to onecim.egg-info/dependency_links.txt
[5.393s] writing entry points to onecim.egg-info/entry_points.txt
[5.394s] writing requirements to onecim.egg-info/requires.txt
[5.394s] writing top-level names to onecim.egg-info/top_level.txt
[5.481s] reading manifest file 'onecim.egg-info/SOURCES.txt'
[5.483s] writing manifest file 'onecim.egg-info/SOURCES.txt'
[5.557s] running build_ext
[5.558s] Creating /home/babangida/ros_ws/install/onecim/lib/python3.8/site-packages/onecim.egg-link (link to .)
[5.560s] Installing ewfiscim script to /home/babangida/ros_ws/install/onecim/lib/onecim
[5.561s] Installing fisonecimlooptls script to /home/babangida/ros_ws/install/onecim/lib/onecim
[5.562s] Installing fisonecimtls script to /home/babangida/ros_ws/install/onecim/lib/onecim
[5.563s] Installing genveh script to /home/babangida/ros_ws/install/onecim/lib/onecim
[5.563s] Installing onecimew script to /home/babangida/ros_ws/install/onecim/lib/onecim
[5.564s] Installing onecimloopew script to /home/babangida/ros_ws/install/onecim/lib/onecim
[5.564s] Installing onecimloopsn script to /home/babangida/ros_ws/install/onecim/lib/onecim
[5.565s] Installing onecimloopstatictls script to /home/babangida/ros_ws/install/onecim/lib/onecim
[5.566s] Installing onecimlooptls script to /home/babangida/ros_ws/install/onecim/lib/onecim
[5.566s] Installing onecimsn script to /home/babangida/ros_ws/install/onecim/lib/onecim
[5.567s] Installing onecimtls script to /home/babangida/ros_ws/install/onecim/lib/onecim
[5.567s] Installing playde script to /home/babangida/ros_ws/install/onecim/lib/onecim
[5.568s] Installing playpp script to /home/babangida/ros_ws/install/onecim/lib/onecim
[5.568s] Installing rectraffic script to /home/babangida/ros_ws/install/onecim/lib/onecim
[5.569s] Installing simspeed script to /home/babangida/ros_ws/install/onecim/lib/onecim
[5.569s] Installing snfiscim script to /home/babangida/ros_ws/install/onecim/lib/onecim
[5.570s] Installing veh script to /home/babangida/ros_ws/install/onecim/lib/onecim
[5.570s] Installing wypts script to /home/babangida/ros_ws/install/onecim/lib/onecim
[5.570s] 
[5.571s] Installed /home/babangida/ros_ws/build/onecim
[5.571s] running install_data
[5.625s] Invoked command in '/home/babangida/ros_ws/build/onecim' returned '0': PYTHONPATH=/home/babangida/ros_ws/build/onecim/prefix_override:/home/babangida/ros_ws/install/onecim/lib/python3.8/site-packages:/home/babangida/ros_ws/install/trafficrecord/lib/python3.8/site-packages:/home/babangida/ros_ws/install/dsrcmsg/lib/python3.8/site-packages:/home/babangida/ros_ws/install/onecim/lib/python3.8/site-packages:/home/babangida/ros_ws/install/cim/lib/python3.8/site-packages:/home/babangida/ros_ws/build/reactivemethods:/home/babangida/ros_ws/install/reactivemethods/lib/python3.8/site-packages:/opt/ros/foxy/lib/python3.8/site-packages /usr/bin/python3 setup.py develop --editable --build-directory /home/babangida/ros_ws/build/onecim/build --no-deps install_data
