[3.036s] Invoking command in '/home/babangida/ros_ws/build/onecim': PYTHONPATH=/home/babangida/ros_ws/build/onecim/prefix_override:/home/babangida/ros_ws/install/onecim/lib/python3.8/site-packages:/home/babangida/ros_ws/install/trafficrecord/lib/python3.8/site-packages:/home/babangida/ros_ws/install/dsrcmsg/lib/python3.8/site-packages:/home/babangida/ros_ws/build/onecim:/home/babangida/ros_ws/install/onecim/lib/python3.8/site-packages:/home/babangida/ros_ws/install/cim/lib/python3.8/site-packages:/home/babangida/ros_ws/build/reactivemethods:/home/babangida/ros_ws/install/reactivemethods/lib/python3.8/site-packages:/opt/ros/foxy/lib/python3.8/site-packages /usr/bin/python3 setup.py develop --editable --build-directory /home/babangida/ros_ws/build/onecim/build --no-deps install_data
[3.425s] running develop
[3.701s] running egg_info
[3.702s] writing onecim.egg-info/PKG-INFO
[3.702s] writing dependency_links to onecim.egg-info/dependency_links.txt
[3.702s] writing entry points to onecim.egg-info/entry_points.txt
[3.702s] writing requirements to onecim.egg-info/requires.txt
[3.703s] writing top-level names to onecim.egg-info/top_level.txt
[3.763s] reading manifest file 'onecim.egg-info/SOURCES.txt'
[3.765s] writing manifest file 'onecim.egg-info/SOURCES.txt'
[3.821s] running build_ext
[3.822s] Creating /home/babangida/ros_ws/install/onecim/lib/python3.8/site-packages/onecim.egg-link (link to .)
[3.823s] Installing ewfiscim script to /home/babangida/ros_ws/install/onecim/lib/onecim
[3.835s] Installing fisonecimlooptls script to /home/babangida/ros_ws/install/onecim/lib/onecim
[3.835s] Installing fisonecimtls script to /home/babangida/ros_ws/install/onecim/lib/onecim
[3.836s] Installing genveh script to /home/babangida/ros_ws/install/onecim/lib/onecim
[3.836s] Installing onecimew script to /home/babangida/ros_ws/install/onecim/lib/onecim
[3.837s] Installing onecimloopew script to /home/babangida/ros_ws/install/onecim/lib/onecim
[3.837s] Installing onecimloopsn script to /home/babangida/ros_ws/install/onecim/lib/onecim
[3.837s] Installing onecimloopstatictls script to /home/babangida/ros_ws/install/onecim/lib/onecim
[3.838s] Installing onecimlooptls script to /home/babangida/ros_ws/install/onecim/lib/onecim
[3.838s] Installing onecimsn script to /home/babangida/ros_ws/install/onecim/lib/onecim
[3.838s] Installing onecimtls script to /home/babangida/ros_ws/install/onecim/lib/onecim
[3.838s] Installing playde script to /home/babangida/ros_ws/install/onecim/lib/onecim
[3.838s] Installing playpp script to /home/babangida/ros_ws/install/onecim/lib/onecim
[3.839s] Installing simspeed script to /home/babangida/ros_ws/install/onecim/lib/onecim
[3.839s] Installing snfiscim script to /home/babangida/ros_ws/install/onecim/lib/onecim
[3.839s] Installing veh script to /home/babangida/ros_ws/install/onecim/lib/onecim
[3.839s] Installing wypts script to /home/babangida/ros_ws/install/onecim/lib/onecim
[3.840s] 
[3.840s] Installed /home/babangida/ros_ws/build/onecim
[3.840s] running install_data
[3.883s] Invoked command in '/home/babangida/ros_ws/build/onecim' returned '0': PYTHONPATH=/home/babangida/ros_ws/build/onecim/prefix_override:/home/babangida/ros_ws/install/onecim/lib/python3.8/site-packages:/home/babangida/ros_ws/install/trafficrecord/lib/python3.8/site-packages:/home/babangida/ros_ws/install/dsrcmsg/lib/python3.8/site-packages:/home/babangida/ros_ws/build/onecim:/home/babangida/ros_ws/install/onecim/lib/python3.8/site-packages:/home/babangida/ros_ws/install/cim/lib/python3.8/site-packages:/home/babangida/ros_ws/build/reactivemethods:/home/babangida/ros_ws/install/reactivemethods/lib/python3.8/site-packages:/opt/ros/foxy/lib/python3.8/site-packages /usr/bin/python3 setup.py develop --editable --build-directory /home/babangida/ros_ws/build/onecim/build --no-deps install_data
