[4.363s] Invoking command in '/home/babangida/ros_ws/build/onecim': AMENT_PREFIX_PATH=/home/babangida/ros_ws/install/trafficrecord:/home/babangida/ros_ws/install/dsrcmsg:${AMENT_PREFIX_PATH} CMAKE_PREFIX_PATH=/home/babangida/ros_ws/install/trafficrecord:/home/babangida/ros_ws/install/dsrcmsg LD_LIBRARY_PATH=/home/babangida/ros_ws/install/trafficrecord/lib:/home/babangida/ros_ws/install/dsrcmsg/lib:${LD_LIBRARY_PATH} PYTHONPATH=/home/babangida/ros_ws/build/onecim/prefix_override:/home/babangida/ros_ws/install/onecim/lib/python3.8/site-packages:/home/babangida/ros_ws/install/trafficrecord/lib/python3.8/site-packages:/home/babangida/ros_ws/install/dsrcmsg/lib/python3.8/site-packages:${PYTHONPATH} /usr/bin/python3 setup.py develop --editable --build-directory /home/babangida/ros_ws/build/onecim/build --no-deps install_data
[4.932s] running develop
[5.316s] running egg_info
[5.317s] writing onecim.egg-info/PKG-INFO
[5.318s] writing dependency_links to onecim.egg-info/dependency_links.txt
[5.318s] writing entry points to onecim.egg-info/entry_points.txt
[5.319s] writing requirements to onecim.egg-info/requires.txt
[5.319s] writing top-level names to onecim.egg-info/top_level.txt
[5.395s] reading manifest file 'onecim.egg-info/SOURCES.txt'
[5.397s] writing manifest file 'onecim.egg-info/SOURCES.txt'
[5.538s] running build_ext
[5.539s] Creating /home/babangida/ros_ws/install/onecim/lib/python3.8/site-packages/onecim.egg-link (link to .)
[5.541s] Installing ewfiscim script to /home/babangida/ros_ws/install/onecim/lib/onecim
[5.541s] Installing fisonecimlooptls script to /home/babangida/ros_ws/install/onecim/lib/onecim
[5.542s] Installing fisonecimtls script to /home/babangida/ros_ws/install/onecim/lib/onecim
[5.542s] Installing genveh script to /home/babangida/ros_ws/install/onecim/lib/onecim
[5.543s] Installing onecimew script to /home/babangida/ros_ws/install/onecim/lib/onecim
[5.543s] Installing onecimloopew script to /home/babangida/ros_ws/install/onecim/lib/onecim
[5.543s] Installing onecimloopsn script to /home/babangida/ros_ws/install/onecim/lib/onecim
[5.544s] Installing onecimloopstatictls script to /home/babangida/ros_ws/install/onecim/lib/onecim
[5.544s] Installing onecimlooptls script to /home/babangida/ros_ws/install/onecim/lib/onecim
[5.545s] Installing onecimsn script to /home/babangida/ros_ws/install/onecim/lib/onecim
[5.545s] Installing onecimtls script to /home/babangida/ros_ws/install/onecim/lib/onecim
[5.546s] Installing playde script to /home/babangida/ros_ws/install/onecim/lib/onecim
[5.546s] Installing playpp script to /home/babangida/ros_ws/install/onecim/lib/onecim
[5.547s] Installing simspeed script to /home/babangida/ros_ws/install/onecim/lib/onecim
[5.547s] Installing snfiscim script to /home/babangida/ros_ws/install/onecim/lib/onecim
[5.548s] Installing veh script to /home/babangida/ros_ws/install/onecim/lib/onecim
[5.548s] Installing wypts script to /home/babangida/ros_ws/install/onecim/lib/onecim
[5.548s] 
[5.549s] Installed /home/babangida/ros_ws/build/onecim
[5.549s] running install_data
[5.607s] Invoked command in '/home/babangida/ros_ws/build/onecim' returned '0': AMENT_PREFIX_PATH=/home/babangida/ros_ws/install/trafficrecord:/home/babangida/ros_ws/install/dsrcmsg:${AMENT_PREFIX_PATH} CMAKE_PREFIX_PATH=/home/babangida/ros_ws/install/trafficrecord:/home/babangida/ros_ws/install/dsrcmsg LD_LIBRARY_PATH=/home/babangida/ros_ws/install/trafficrecord/lib:/home/babangida/ros_ws/install/dsrcmsg/lib:${LD_LIBRARY_PATH} PYTHONPATH=/home/babangida/ros_ws/build/onecim/prefix_override:/home/babangida/ros_ws/install/onecim/lib/python3.8/site-packages:/home/babangida/ros_ws/install/trafficrecord/lib/python3.8/site-packages:/home/babangida/ros_ws/install/dsrcmsg/lib/python3.8/site-packages:${PYTHONPATH} /usr/bin/python3 setup.py develop --editable --build-directory /home/babangida/ros_ws/build/onecim/build --no-deps install_data
