[0.299s] Invoking command in '/home/babangida/ros_ws/build/dsrcmsg': CMAKE_PREFIX_PATH=${CMAKE_PREFIX_PATH}:/home/babangida/ros_ws/install/cim:/home/babangida/ros_ws/install/reactivemethods:/opt/ros/foxy /usr/bin/cmake /home/babangida/ros_ws/src/dsrcmsg -DAMENT_CMAKE_SYMLINK_INSTALL=1 -DCMAKE_INSTALL_PREFIX=/home/babangida/ros_ws/install/dsrcmsg
[1.030s] -- The C compiler identification is GNU 9.4.0
[1.696s] -- The CXX compiler identification is GNU 9.4.0
[2.046s] -- Check for working C compiler: /usr/bin/cc
[2.392s] -- Check for working C compiler: /usr/bin/cc -- works
[2.584s] -- Detecting C compiler ABI info
[3.057s] -- Detecting C compiler ABI info - done
[3.077s] -- Detecting C compile features
[3.092s] -- Detecting C compile features - done
[3.096s] -- Check for working CXX compiler: /usr/bin/c++
[3.435s] -- Check for working CXX compiler: /usr/bin/c++ -- works
[3.436s] -- Detecting CXX compiler ABI info
[3.809s] -- Detecting CXX compiler ABI info - done
[3.824s] -- Detecting CXX compile features
[3.825s] -- Detecting CXX compile features - done
[3.888s] -- Found ament_cmake: 0.9.12 (/opt/ros/foxy/share/ament_cmake/cmake)
[3.920s] -- Found PythonInterp: /usr/bin/python3 (found suitable version "3.8.10", minimum required is "3") 
[3.920s] -- Using PYTHON_EXECUTABLE: /usr/bin/python3
[4.236s] -- Override CMake install command with custom implementation using symlinks instead of copying resources
[4.294s] -- Found builtin_interfaces: 1.0.0 (/opt/ros/foxy/share/builtin_interfaces/cmake)
[4.734s] -- Using all available rosidl_typesupport_c: rosidl_typesupport_fastrtps_c;rosidl_typesupport_introspection_c
[4.778s] -- Found rosidl_adapter: 1.3.1 (/opt/ros/foxy/share/rosidl_adapter/cmake)
[8.987s] -- Found OpenSSL: /usr/lib/x86_64-linux-gnu/libcrypto.so (found version "1.1.1f")  
[13.155s] -- Found FastRTPS: /opt/ros/foxy/include  
[19.669s] -- Using all available rosidl_typesupport_cpp: rosidl_typesupport_fastrtps_cpp;rosidl_typesupport_introspection_cpp
[19.737s] -- Found rosidl_default_generators: 1.0.1 (/opt/ros/foxy/share/rosidl_default_generators/cmake)
[19.795s] -- Found PythonInterp: /usr/bin/python3 (found version "3.8.10") 
[20.008s] -- Found ament_cmake_ros: 0.9.2 (/opt/ros/foxy/share/ament_cmake_ros/cmake)
[34.421s] -- Using all available rosidl_typesupport_c: rosidl_typesupport_fastrtps_c;rosidl_typesupport_introspection_c
[34.438s] -- Using all available rosidl_typesupport_cpp: rosidl_typesupport_fastrtps_cpp;rosidl_typesupport_introspection_cpp
[34.475s] -- Found PythonInterp: /usr/bin/python3 (found suitable version "3.8.10", minimum required is "3.5") 
[34.477s] -- Found python_cmake_module: 0.8.1 (/opt/ros/foxy/share/python_cmake_module/cmake)
[35.832s] -- Found PythonLibs: /usr/lib/x86_64-linux-gnu/libpython3.8.so (found suitable version "3.8.10", minimum required is "3.5") 
[35.833s] -- Using PYTHON_EXECUTABLE: /usr/bin/python3
[35.833s] -- Using PYTHON_INCLUDE_DIRS: /usr/include/python3.8
[35.833s] -- Using PYTHON_LIBRARIES: /usr/lib/x86_64-linux-gnu/libpython3.8.so
[35.868s] -- Found PythonExtra: .so  
[36.237s] -- Found ament_lint_auto: 0.9.8 (/opt/ros/foxy/share/ament_lint_auto/cmake)
[36.277s] -- Added test 'copyright' to check source files copyright and LICENSE
[36.280s] -- Added test 'lint_cmake' to check CMake code style
[36.281s] -- Added test 'xmllint' to check XML markup files
[36.295s] -- Configuring done
[36.375s] -- Generating done
[36.406s] -- Build files have been written to: /home/babangida/ros_ws/build/dsrcmsg
[36.434s] Invoked command in '/home/babangida/ros_ws/build/dsrcmsg' returned '0': CMAKE_PREFIX_PATH=${CMAKE_PREFIX_PATH}:/home/babangida/ros_ws/install/cim:/home/babangida/ros_ws/install/reactivemethods:/opt/ros/foxy /usr/bin/cmake /home/babangida/ros_ws/src/dsrcmsg -DAMENT_CMAKE_SYMLINK_INSTALL=1 -DCMAKE_INSTALL_PREFIX=/home/babangida/ros_ws/install/dsrcmsg
[36.437s] Invoking command in '/home/babangida/ros_ws/build/dsrcmsg': CMAKE_PREFIX_PATH=${CMAKE_PREFIX_PATH}:/home/babangida/ros_ws/install/cim:/home/babangida/ros_ws/install/reactivemethods:/opt/ros/foxy /usr/bin/cmake --build /home/babangida/ros_ws/build/dsrcmsg -- -j8 -l8
[36.497s] [  2%] [34m[1mGenerating C code for ROS interfaces[0m
[36.497s] [35m[1mScanning dependencies of target dsrcmsg__cpp[0m
[36.512s] [  4%] [34m[1mGenerating C++ code for ROS interfaces[0m
[37.504s] [  4%] Built target dsrcmsg__cpp
[37.521s] [  6%] [34m[1mGenerating C++ type support for eProsima Fast-RTPS[0m
[37.523s] [  8%] [34m[1mGenerating C++ type support dispatch for ROS interfaces[0m
[37.523s] [ 10%] [34m[1mGenerating C++ introspection for ROS interfaces[0m
[37.523s] [35m[1mScanning dependencies of target dsrcmsg__rosidl_generator_c[0m
[37.559s] [ 14%] [32mBuilding C object CMakeFiles/dsrcmsg__rosidl_generator_c.dir/rosidl_generator_c/dsrcmsg/msg/detail/intersection_bsm__functions.c.o[0m
[37.559s] [ 14%] [32mBuilding C object CMakeFiles/dsrcmsg__rosidl_generator_c.dir/rosidl_generator_c/dsrcmsg/msg/detail/traffic_lights_message__functions.c.o[0m
[37.570s] [ 17%] [32mBuilding C object CMakeFiles/dsrcmsg__rosidl_generator_c.dir/rosidl_generator_c/dsrcmsg/msg/detail/dsrc_message__functions.c.o[0m
[37.728s] [ 19%] [32m[1mLinking C shared library libdsrcmsg__rosidl_generator_c.so[0m
[38.043s] [ 19%] Built target dsrcmsg__rosidl_generator_c
[38.075s] [ 21%] [34m[1mGenerating C introspection for ROS interfaces[0m
[38.090s] [ 23%] [34m[1mGenerating C type support dispatch for ROS interfaces[0m
[38.775s] [35m[1mScanning dependencies of target dsrcmsg__rosidl_typesupport_cpp[0m
[38.837s] [ 25%] [32mBuilding CXX object CMakeFiles/dsrcmsg__rosidl_typesupport_cpp.dir/rosidl_typesupport_cpp/dsrcmsg/msg/dsrc_message__type_support.cpp.o[0m
[38.841s] [ 27%] [32mBuilding CXX object CMakeFiles/dsrcmsg__rosidl_typesupport_cpp.dir/rosidl_typesupport_cpp/dsrcmsg/msg/intersection_bsm__type_support.cpp.o[0m
[38.863s] [ 29%] [32mBuilding CXX object CMakeFiles/dsrcmsg__rosidl_typesupport_cpp.dir/rosidl_typesupport_cpp/dsrcmsg/msg/traffic_lights_message__type_support.cpp.o[0m
[38.935s] [35m[1mScanning dependencies of target dsrcmsg__rosidl_typesupport_introspection_cpp[0m
[38.977s] [ 31%] [32mBuilding CXX object CMakeFiles/dsrcmsg__rosidl_typesupport_introspection_cpp.dir/rosidl_typesupport_introspection_cpp/dsrcmsg/msg/detail/dsrc_message__type_support.cpp.o[0m
[39.029s] [ 34%] [32mBuilding CXX object CMakeFiles/dsrcmsg__rosidl_typesupport_introspection_cpp.dir/rosidl_typesupport_introspection_cpp/dsrcmsg/msg/detail/intersection_bsm__type_support.cpp.o[0m
[39.049s] [35m[1mScanning dependencies of target dsrcmsg__rosidl_typesupport_fastrtps_cpp[0m
[39.129s] [ 36%] [32mBuilding CXX object CMakeFiles/dsrcmsg__rosidl_typesupport_fastrtps_cpp.dir/rosidl_typesupport_fastrtps_cpp/dsrcmsg/msg/detail/dds_fastrtps/dsrc_message__type_support.cpp.o[0m
[39.723s] [ 38%] [32mBuilding CXX object CMakeFiles/dsrcmsg__rosidl_typesupport_fastrtps_cpp.dir/rosidl_typesupport_fastrtps_cpp/dsrcmsg/msg/detail/dds_fastrtps/intersection_bsm__type_support.cpp.o[0m
[39.732s] [35m[1mScanning dependencies of target dsrcmsg__rosidl_typesupport_c[0m
[39.762s] [ 40%] [32mBuilding CXX object CMakeFiles/dsrcmsg__rosidl_typesupport_fastrtps_cpp.dir/rosidl_typesupport_fastrtps_cpp/dsrcmsg/msg/detail/dds_fastrtps/traffic_lights_message__type_support.cpp.o[0m
[39.785s] [ 42%] [32m[1mLinking CXX shared library libdsrcmsg__rosidl_typesupport_cpp.so[0m
[39.791s] [35m[1mScanning dependencies of target dsrcmsg__rosidl_typesupport_introspection_c[0m
[39.796s] [ 44%] [32mBuilding CXX object CMakeFiles/dsrcmsg__rosidl_typesupport_c.dir/rosidl_typesupport_c/dsrcmsg/msg/dsrc_message__type_support.cpp.o[0m
[39.859s] [ 46%] [32mBuilding C object CMakeFiles/dsrcmsg__rosidl_typesupport_introspection_c.dir/rosidl_typesupport_introspection_c/dsrcmsg/msg/detail/dsrc_message__type_support.c.o[0m
[39.899s] [ 48%] [32mBuilding CXX object CMakeFiles/dsrcmsg__rosidl_typesupport_introspection_cpp.dir/rosidl_typesupport_introspection_cpp/dsrcmsg/msg/detail/traffic_lights_message__type_support.cpp.o[0m
[39.924s] [ 51%] [32mBuilding CXX object CMakeFiles/dsrcmsg__rosidl_typesupport_c.dir/rosidl_typesupport_c/dsrcmsg/msg/intersection_bsm__type_support.cpp.o[0m
[40.014s] [ 53%] [32mBuilding CXX object CMakeFiles/dsrcmsg__rosidl_typesupport_c.dir/rosidl_typesupport_c/dsrcmsg/msg/traffic_lights_message__type_support.cpp.o[0m
[40.030s] [ 55%] [32mBuilding C object CMakeFiles/dsrcmsg__rosidl_typesupport_introspection_c.dir/rosidl_typesupport_introspection_c/dsrcmsg/msg/detail/intersection_bsm__type_support.c.o[0m
[40.039s] [ 57%] [32mBuilding C object CMakeFiles/dsrcmsg__rosidl_typesupport_introspection_c.dir/rosidl_typesupport_introspection_c/dsrcmsg/msg/detail/traffic_lights_message__type_support.c.o[0m
[40.106s] [ 59%] [32m[1mLinking CXX shared library libdsrcmsg__rosidl_typesupport_c.so[0m
[40.177s] [ 61%] [32m[1mLinking C shared library libdsrcmsg__rosidl_typesupport_introspection_c.so[0m
[40.181s] [ 61%] Built target dsrcmsg__rosidl_typesupport_cpp
[40.601s] [ 61%] Built target dsrcmsg__rosidl_typesupport_c
[40.664s] [ 61%] Built target dsrcmsg__rosidl_typesupport_introspection_c
[40.861s] [ 63%] [32m[1mLinking CXX shared library libdsrcmsg__rosidl_typesupport_fastrtps_cpp.so[0m
[40.942s] [ 65%] [32m[1mLinking CXX shared library libdsrcmsg__rosidl_typesupport_introspection_cpp.so[0m
[41.462s] [ 65%] Built target dsrcmsg__rosidl_typesupport_fastrtps_cpp
[41.487s] [ 68%] [34m[1mGenerating C type support for eProsima Fast-RTPS[0m
[41.494s] [ 68%] Built target dsrcmsg__rosidl_typesupport_introspection_cpp
[42.808s] [35m[1mScanning dependencies of target dsrcmsg__rosidl_typesupport_fastrtps_c[0m
[42.840s] [ 70%] [32mBuilding CXX object CMakeFiles/dsrcmsg__rosidl_typesupport_fastrtps_c.dir/rosidl_typesupport_fastrtps_c/dsrcmsg/msg/detail/intersection_bsm__type_support_c.cpp.o[0m
[42.840s] [ 72%] [32mBuilding CXX object CMakeFiles/dsrcmsg__rosidl_typesupport_fastrtps_c.dir/rosidl_typesupport_fastrtps_c/dsrcmsg/msg/detail/dsrc_message__type_support_c.cpp.o[0m
[42.841s] [ 74%] [32mBuilding CXX object CMakeFiles/dsrcmsg__rosidl_typesupport_fastrtps_c.dir/rosidl_typesupport_fastrtps_c/dsrcmsg/msg/detail/traffic_lights_message__type_support_c.cpp.o[0m
[43.725s] [ 76%] [32m[1mLinking CXX shared library libdsrcmsg__rosidl_typesupport_fastrtps_c.so[0m
[44.182s] [ 76%] Built target dsrcmsg__rosidl_typesupport_fastrtps_c
[44.197s] [35m[1mScanning dependencies of target dsrcmsg[0m
[44.213s] [ 76%] Built target dsrcmsg
[44.230s] [35m[1mScanning dependencies of target dsrcmsg__py[0m
[44.253s] [ 78%] [34m[1mGenerating Python code for ROS interfaces[0m
[46.246s] [ 78%] Built target dsrcmsg__py
[46.261s] [35m[1mScanning dependencies of target dsrcmsg__python[0m
[46.579s] [ 80%] [32mBuilding C object CMakeFiles/dsrcmsg__python.dir/rosidl_generator_py/dsrcmsg/msg/_intersection_bsm_s.c.o[0m
[46.582s] [ 82%] [32mBuilding C object CMakeFiles/dsrcmsg__python.dir/rosidl_generator_py/dsrcmsg/msg/_dsrc_message_s.c.o[0m
[46.582s] [ 85%] [32mBuilding C object CMakeFiles/dsrcmsg__python.dir/rosidl_generator_py/dsrcmsg/msg/_traffic_lights_message_s.c.o[0m
[46.780s] [ 87%] [32m[1mLinking C shared library rosidl_generator_py/dsrcmsg/libdsrcmsg__python.so[0m
[47.112s] [ 87%] Built target dsrcmsg__python
[47.132s] [35m[1mScanning dependencies of target dsrcmsg__rosidl_typesupport_fastrtps_c__pyext[0m
[47.132s] [35m[1mScanning dependencies of target dsrcmsg__rosidl_typesupport_c__pyext[0m
[47.133s] [35m[1mScanning dependencies of target dsrcmsg__rosidl_typesupport_introspection_c__pyext[0m
[47.158s] [ 89%] [32mBuilding C object CMakeFiles/dsrcmsg__rosidl_typesupport_fastrtps_c__pyext.dir/rosidl_generator_py/dsrcmsg/_dsrcmsg_s.ep.rosidl_typesupport_fastrtps_c.c.o[0m
[47.166s] [ 91%] [32mBuilding C object CMakeFiles/dsrcmsg__rosidl_typesupport_c__pyext.dir/rosidl_generator_py/dsrcmsg/_dsrcmsg_s.ep.rosidl_typesupport_c.c.o[0m
[47.167s] [ 93%] [32mBuilding C object CMakeFiles/dsrcmsg__rosidl_typesupport_introspection_c__pyext.dir/rosidl_generator_py/dsrcmsg/_dsrcmsg_s.ep.rosidl_typesupport_introspection_c.c.o[0m
[47.315s] [ 95%] [32m[1mLinking C shared library rosidl_generator_py/dsrcmsg/dsrcmsg_s__rosidl_typesupport_c.cpython-38-x86_64-linux-gnu.so[0m
[47.325s] [ 97%] [32m[1mLinking CXX shared library rosidl_generator_py/dsrcmsg/dsrcmsg_s__rosidl_typesupport_fastrtps_c.cpython-38-x86_64-linux-gnu.so[0m
[47.326s] [100%] [32m[1mLinking C shared library rosidl_generator_py/dsrcmsg/dsrcmsg_s__rosidl_typesupport_introspection_c.cpython-38-x86_64-linux-gnu.so[0m
[47.600s] [100%] Built target dsrcmsg__rosidl_typesupport_c__pyext
[47.602s] [100%] Built target dsrcmsg__rosidl_typesupport_introspection_c__pyext
[47.721s] [100%] Built target dsrcmsg__rosidl_typesupport_fastrtps_c__pyext
[47.744s] Invoked command in '/home/babangida/ros_ws/build/dsrcmsg' returned '0': CMAKE_PREFIX_PATH=${CMAKE_PREFIX_PATH}:/home/babangida/ros_ws/install/cim:/home/babangida/ros_ws/install/reactivemethods:/opt/ros/foxy /usr/bin/cmake --build /home/babangida/ros_ws/build/dsrcmsg -- -j8 -l8
[47.878s] Invoking command in '/home/babangida/ros_ws/build/dsrcmsg': CMAKE_PREFIX_PATH=${CMAKE_PREFIX_PATH}:/home/babangida/ros_ws/install/cim:/home/babangida/ros_ws/install/reactivemethods:/opt/ros/foxy /usr/bin/cmake --install /home/babangida/ros_ws/build/dsrcmsg
[47.890s] -- Install configuration: ""
[47.891s] -- Execute custom install script
[47.892s] -- Symlinking: /home/babangida/ros_ws/install/dsrcmsg/share/ament_index/resource_index/rosidl_interfaces/dsrcmsg
[47.905s] -- Symlinking: /home/babangida/ros_ws/install/dsrcmsg/include/dsrcmsg/msg/detail/dsrc_message__functions.h
[47.918s] -- Symlinking: /home/babangida/ros_ws/install/dsrcmsg/include/dsrcmsg/msg/detail/dsrc_message__struct.h
[47.930s] -- Symlinking: /home/babangida/ros_ws/install/dsrcmsg/include/dsrcmsg/msg/detail/dsrc_message__type_support.h
[47.941s] -- Symlinking: /home/babangida/ros_ws/install/dsrcmsg/include/dsrcmsg/msg/detail/intersection_bsm__functions.h
[47.953s] -- Symlinking: /home/babangida/ros_ws/install/dsrcmsg/include/dsrcmsg/msg/detail/intersection_bsm__struct.h
[47.965s] -- Symlinking: /home/babangida/ros_ws/install/dsrcmsg/include/dsrcmsg/msg/detail/intersection_bsm__type_support.h
[47.977s] -- Symlinking: /home/babangida/ros_ws/install/dsrcmsg/include/dsrcmsg/msg/detail/traffic_lights_message__functions.h
[47.990s] -- Symlinking: /home/babangida/ros_ws/install/dsrcmsg/include/dsrcmsg/msg/detail/traffic_lights_message__struct.h
[48.001s] -- Symlinking: /home/babangida/ros_ws/install/dsrcmsg/include/dsrcmsg/msg/detail/traffic_lights_message__type_support.h
[48.013s] -- Symlinking: /home/babangida/ros_ws/install/dsrcmsg/include/dsrcmsg/msg/dsrc_message.h
[48.026s] -- Symlinking: /home/babangida/ros_ws/install/dsrcmsg/include/dsrcmsg/msg/intersection_bsm.h
[48.038s] -- Symlinking: /home/babangida/ros_ws/install/dsrcmsg/include/dsrcmsg/msg/rosidl_generator_c__visibility_control.h
[48.052s] -- Symlinking: /home/babangida/ros_ws/install/dsrcmsg/include/dsrcmsg/msg/traffic_lights_message.h
[48.063s] -- Symlinking: /home/babangida/ros_ws/install/dsrcmsg/share/dsrcmsg/environment/library_path.sh
[48.075s] -- Symlinking: /home/babangida/ros_ws/install/dsrcmsg/share/dsrcmsg/environment/library_path.dsv
[48.092s] -- Symlinking: /home/babangida/ros_ws/install/dsrcmsg/include/dsrcmsg/msg/detail/dsrc_message__rosidl_typesupport_fastrtps_c.h
[48.102s] -- Symlinking: /home/babangida/ros_ws/install/dsrcmsg/include/dsrcmsg/msg/detail/intersection_bsm__rosidl_typesupport_fastrtps_c.h
[48.115s] -- Symlinking: /home/babangida/ros_ws/install/dsrcmsg/include/dsrcmsg/msg/detail/traffic_lights_message__rosidl_typesupport_fastrtps_c.h
[48.127s] -- Symlinking: /home/babangida/ros_ws/install/dsrcmsg/include/dsrcmsg/msg/rosidl_typesupport_fastrtps_c__visibility_control.h
[48.138s] -- Symlinking: /home/babangida/ros_ws/install/dsrcmsg/lib/libdsrcmsg__rosidl_typesupport_fastrtps_c.so
[48.157s] -- Symlinking: /home/babangida/ros_ws/install/dsrcmsg/include/dsrcmsg/msg/detail/dsrc_message__rosidl_typesupport_fastrtps_cpp.hpp
[48.169s] -- Symlinking: /home/babangida/ros_ws/install/dsrcmsg/include/dsrcmsg/msg/detail/intersection_bsm__rosidl_typesupport_fastrtps_cpp.hpp
[48.183s] -- Symlinking: /home/babangida/ros_ws/install/dsrcmsg/include/dsrcmsg/msg/detail/traffic_lights_message__rosidl_typesupport_fastrtps_cpp.hpp
[48.194s] -- Symlinking: /home/babangida/ros_ws/install/dsrcmsg/include/dsrcmsg/msg/rosidl_typesupport_fastrtps_cpp__visibility_control.h
[48.206s] -- Symlinking: /home/babangida/ros_ws/install/dsrcmsg/lib/libdsrcmsg__rosidl_typesupport_fastrtps_cpp.so
[48.221s] -- Symlinking: /home/babangida/ros_ws/install/dsrcmsg/include/dsrcmsg/msg/detail/dsrc_message__rosidl_typesupport_introspection_c.h
[48.232s] -- Symlinking: /home/babangida/ros_ws/install/dsrcmsg/include/dsrcmsg/msg/detail/intersection_bsm__rosidl_typesupport_introspection_c.h
[48.246s] -- Symlinking: /home/babangida/ros_ws/install/dsrcmsg/include/dsrcmsg/msg/detail/traffic_lights_message__rosidl_typesupport_introspection_c.h
[48.257s] -- Symlinking: /home/babangida/ros_ws/install/dsrcmsg/include/dsrcmsg/msg/rosidl_typesupport_introspection_c__visibility_control.h
[48.269s] -- Symlinking: /home/babangida/ros_ws/install/dsrcmsg/include/dsrcmsg/msg/detail/dsrc_message__builder.hpp
[48.284s] -- Symlinking: /home/babangida/ros_ws/install/dsrcmsg/include/dsrcmsg/msg/detail/dsrc_message__struct.hpp
[48.295s] -- Symlinking: /home/babangida/ros_ws/install/dsrcmsg/include/dsrcmsg/msg/detail/dsrc_message__traits.hpp
[48.309s] -- Symlinking: /home/babangida/ros_ws/install/dsrcmsg/include/dsrcmsg/msg/detail/dsrc_message__type_support.hpp
[48.320s] -- Symlinking: /home/babangida/ros_ws/install/dsrcmsg/include/dsrcmsg/msg/detail/intersection_bsm__builder.hpp
[48.330s] -- Symlinking: /home/babangida/ros_ws/install/dsrcmsg/include/dsrcmsg/msg/detail/intersection_bsm__struct.hpp
[48.345s] -- Symlinking: /home/babangida/ros_ws/install/dsrcmsg/include/dsrcmsg/msg/detail/intersection_bsm__traits.hpp
[48.359s] -- Symlinking: /home/babangida/ros_ws/install/dsrcmsg/include/dsrcmsg/msg/detail/intersection_bsm__type_support.hpp
[48.372s] -- Symlinking: /home/babangida/ros_ws/install/dsrcmsg/include/dsrcmsg/msg/detail/traffic_lights_message__builder.hpp
[48.384s] -- Symlinking: /home/babangida/ros_ws/install/dsrcmsg/include/dsrcmsg/msg/detail/traffic_lights_message__struct.hpp
[48.395s] -- Symlinking: /home/babangida/ros_ws/install/dsrcmsg/include/dsrcmsg/msg/detail/traffic_lights_message__traits.hpp
[48.416s] -- Symlinking: /home/babangida/ros_ws/install/dsrcmsg/include/dsrcmsg/msg/detail/traffic_lights_message__type_support.hpp
[48.430s] -- Symlinking: /home/babangida/ros_ws/install/dsrcmsg/include/dsrcmsg/msg/dsrc_message.hpp
[48.450s] -- Symlinking: /home/babangida/ros_ws/install/dsrcmsg/include/dsrcmsg/msg/intersection_bsm.hpp
[48.465s] -- Symlinking: /home/babangida/ros_ws/install/dsrcmsg/include/dsrcmsg/msg/rosidl_generator_cpp__visibility_control.hpp
[48.480s] -- Symlinking: /home/babangida/ros_ws/install/dsrcmsg/include/dsrcmsg/msg/traffic_lights_message.hpp
[48.500s] -- Symlinking: /home/babangida/ros_ws/install/dsrcmsg/include/dsrcmsg/msg/detail/dsrc_message__rosidl_typesupport_introspection_cpp.hpp
[48.512s] -- Symlinking: /home/babangida/ros_ws/install/dsrcmsg/include/dsrcmsg/msg/detail/intersection_bsm__rosidl_typesupport_introspection_cpp.hpp
[48.525s] -- Symlinking: /home/babangida/ros_ws/install/dsrcmsg/include/dsrcmsg/msg/detail/traffic_lights_message__rosidl_typesupport_introspection_cpp.hpp
[48.541s] -- Symlinking: /home/babangida/ros_ws/install/dsrcmsg/share/dsrcmsg/environment/pythonpath.sh
[48.553s] -- Symlinking: /home/babangida/ros_ws/install/dsrcmsg/share/dsrcmsg/environment/pythonpath.dsv
[48.567s] -- Symlinking: /home/babangida/ros_ws/install/dsrcmsg/lib/python3.8/site-packages/dsrcmsg/__init__.py
[48.579s] -- Symlinking: /home/babangida/ros_ws/install/dsrcmsg/lib/python3.8/site-packages/dsrcmsg/msg/__init__.py
[48.592s] -- Symlinking: /home/babangida/ros_ws/install/dsrcmsg/lib/python3.8/site-packages/dsrcmsg/msg/_dsrc_message.py
[48.605s] -- Symlinking: /home/babangida/ros_ws/install/dsrcmsg/lib/python3.8/site-packages/dsrcmsg/msg/_intersection_bsm.py
[48.615s] -- Symlinking: /home/babangida/ros_ws/install/dsrcmsg/lib/python3.8/site-packages/dsrcmsg/msg/_traffic_lights_message.py
[48.629s] -- Symlinking: /home/babangida/ros_ws/install/dsrcmsg/lib/python3.8/site-packages/dsrcmsg/dsrcmsg_s__rosidl_typesupport_fastrtps_c.cpython-38-x86_64-linux-gnu.so
[48.641s] -- Symlinking: /home/babangida/ros_ws/install/dsrcmsg/lib/python3.8/site-packages/dsrcmsg/dsrcmsg_s__rosidl_typesupport_introspection_c.cpython-38-x86_64-linux-gnu.so
[48.653s] -- Symlinking: /home/babangida/ros_ws/install/dsrcmsg/lib/python3.8/site-packages/dsrcmsg/dsrcmsg_s__rosidl_typesupport_c.cpython-38-x86_64-linux-gnu.so
[48.669s] -- Symlinking: /home/babangida/ros_ws/install/dsrcmsg/lib/libdsrcmsg__python.so
[48.681s] -- Symlinking: /home/babangida/ros_ws/install/dsrcmsg/share/dsrcmsg/msg/DSRCMessage.idl
[48.694s] -- Symlinking: /home/babangida/ros_ws/install/dsrcmsg/share/dsrcmsg/msg/IntersectionBSM.idl
[48.705s] -- Symlinking: /home/babangida/ros_ws/install/dsrcmsg/share/dsrcmsg/msg/TrafficLightsMessage.idl
[48.716s] -- Symlinking: /home/babangida/ros_ws/install/dsrcmsg/share/dsrcmsg/msg/DSRCMessage.msg
[48.732s] -- Symlinking: /home/babangida/ros_ws/install/dsrcmsg/share/dsrcmsg/msg/IntersectionBSM.msg
[48.742s] -- Symlinking: /home/babangida/ros_ws/install/dsrcmsg/share/dsrcmsg/msg/TrafficLightsMessage.msg
[48.756s] -- Symlinking: /home/babangida/ros_ws/install/dsrcmsg/share/ament_index/resource_index/package_run_dependencies/dsrcmsg
[48.767s] -- Symlinking: /home/babangida/ros_ws/install/dsrcmsg/share/ament_index/resource_index/parent_prefix_path/dsrcmsg
[48.779s] -- Symlinking: /home/babangida/ros_ws/install/dsrcmsg/share/dsrcmsg/environment/ament_prefix_path.sh
[48.790s] -- Symlinking: /home/babangida/ros_ws/install/dsrcmsg/share/dsrcmsg/environment/ament_prefix_path.dsv
[48.800s] -- Symlinking: /home/babangida/ros_ws/install/dsrcmsg/share/dsrcmsg/environment/path.sh
[48.810s] -- Symlinking: /home/babangida/ros_ws/install/dsrcmsg/share/dsrcmsg/environment/path.dsv
[48.822s] -- Symlinking: /home/babangida/ros_ws/install/dsrcmsg/share/dsrcmsg/local_setup.bash
[48.832s] -- Symlinking: /home/babangida/ros_ws/install/dsrcmsg/share/dsrcmsg/local_setup.sh
[48.844s] -- Symlinking: /home/babangida/ros_ws/install/dsrcmsg/share/dsrcmsg/local_setup.zsh
[48.858s] -- Symlinking: /home/babangida/ros_ws/install/dsrcmsg/share/dsrcmsg/local_setup.dsv
[48.868s] -- Symlinking: /home/babangida/ros_ws/install/dsrcmsg/share/dsrcmsg/package.dsv
[48.881s] -- Symlinking: /home/babangida/ros_ws/install/dsrcmsg/share/ament_index/resource_index/packages/dsrcmsg
[48.893s] -- Symlinking: /home/babangida/ros_ws/install/dsrcmsg/share/dsrcmsg/cmake/rosidl_cmake-extras.cmake
[48.902s] -- Symlinking: /home/babangida/ros_ws/install/dsrcmsg/share/dsrcmsg/cmake/ament_cmake_export_dependencies-extras.cmake
[48.916s] -- Symlinking: /home/babangida/ros_ws/install/dsrcmsg/share/dsrcmsg/cmake/ament_cmake_export_libraries-extras.cmake
[48.926s] -- Symlinking: /home/babangida/ros_ws/install/dsrcmsg/share/dsrcmsg/cmake/ament_cmake_export_targets-extras.cmake
[48.935s] -- Symlinking: /home/babangida/ros_ws/install/dsrcmsg/share/dsrcmsg/cmake/ament_cmake_export_include_directories-extras.cmake
[48.949s] -- Symlinking: /home/babangida/ros_ws/install/dsrcmsg/share/dsrcmsg/cmake/rosidl_cmake_export_typesupport_libraries-extras.cmake
[48.959s] -- Symlinking: /home/babangida/ros_ws/install/dsrcmsg/share/dsrcmsg/cmake/rosidl_cmake_export_typesupport_targets-extras.cmake
[48.975s] -- Symlinking: /home/babangida/ros_ws/install/dsrcmsg/share/dsrcmsg/cmake/dsrcmsgConfig.cmake
[48.981s] -- Symlinking: /home/babangida/ros_ws/install/dsrcmsg/share/dsrcmsg/cmake/dsrcmsgConfig-version.cmake
[48.990s] -- Symlinking: /home/babangida/ros_ws/install/dsrcmsg/share/dsrcmsg/package.xml
[48.998s] -- Installing: /home/babangida/ros_ws/install/dsrcmsg/lib/libdsrcmsg__rosidl_generator_c.so
[48.999s] -- Set runtime path of "/home/babangida/ros_ws/install/dsrcmsg/lib/libdsrcmsg__rosidl_generator_c.so" to ""
[48.999s] -- Installing: /home/babangida/ros_ws/install/dsrcmsg/lib/libdsrcmsg__rosidl_typesupport_introspection_c.so
[49.000s] -- Set runtime path of "/home/babangida/ros_ws/install/dsrcmsg/lib/libdsrcmsg__rosidl_typesupport_introspection_c.so" to ""
[49.000s] -- Installing: /home/babangida/ros_ws/install/dsrcmsg/lib/libdsrcmsg__rosidl_typesupport_c.so
[49.001s] -- Set runtime path of "/home/babangida/ros_ws/install/dsrcmsg/lib/libdsrcmsg__rosidl_typesupport_c.so" to ""
[49.001s] -- Installing: /home/babangida/ros_ws/install/dsrcmsg/lib/libdsrcmsg__rosidl_typesupport_introspection_cpp.so
[49.001s] -- Set runtime path of "/home/babangida/ros_ws/install/dsrcmsg/lib/libdsrcmsg__rosidl_typesupport_introspection_cpp.so" to ""
[49.001s] -- Installing: /home/babangida/ros_ws/install/dsrcmsg/lib/libdsrcmsg__rosidl_typesupport_cpp.so
[49.001s] -- Set runtime path of "/home/babangida/ros_ws/install/dsrcmsg/lib/libdsrcmsg__rosidl_typesupport_cpp.so" to ""
[49.065s] Compiling '/home/babangida/ros_ws/install/dsrcmsg/lib/python3.8/site-packages/dsrcmsg/__init__.py'...
[49.072s] -- Installing: /home/babangida/ros_ws/install/dsrcmsg/share/dsrcmsg/cmake/dsrcmsg__rosidl_generator_cExport.cmake
[49.073s] -- Installing: /home/babangida/ros_ws/install/dsrcmsg/share/dsrcmsg/cmake/dsrcmsg__rosidl_generator_cExport-noconfig.cmake
[49.074s] -- Installing: /home/babangida/ros_ws/install/dsrcmsg/share/dsrcmsg/cmake/dsrcmsg__rosidl_typesupport_introspection_cExport.cmake
[49.074s] -- Installing: /home/babangida/ros_ws/install/dsrcmsg/share/dsrcmsg/cmake/dsrcmsg__rosidl_typesupport_introspection_cExport-noconfig.cmake
[49.074s] -- Installing: /home/babangida/ros_ws/install/dsrcmsg/share/dsrcmsg/cmake/dsrcmsg__rosidl_typesupport_cExport.cmake
[49.074s] -- Installing: /home/babangida/ros_ws/install/dsrcmsg/share/dsrcmsg/cmake/dsrcmsg__rosidl_typesupport_cExport-noconfig.cmake
[49.074s] -- Installing: /home/babangida/ros_ws/install/dsrcmsg/share/dsrcmsg/cmake/dsrcmsg__rosidl_generator_cppExport.cmake
[49.074s] -- Installing: /home/babangida/ros_ws/install/dsrcmsg/share/dsrcmsg/cmake/dsrcmsg__rosidl_typesupport_introspection_cppExport.cmake
[49.074s] -- Installing: /home/babangida/ros_ws/install/dsrcmsg/share/dsrcmsg/cmake/dsrcmsg__rosidl_typesupport_introspection_cppExport-noconfig.cmake
[49.075s] -- Installing: /home/babangida/ros_ws/install/dsrcmsg/share/dsrcmsg/cmake/dsrcmsg__rosidl_typesupport_cppExport.cmake
[49.075s] -- Installing: /home/babangida/ros_ws/install/dsrcmsg/share/dsrcmsg/cmake/dsrcmsg__rosidl_typesupport_cppExport-noconfig.cmake
[49.077s] Invoked command in '/home/babangida/ros_ws/build/dsrcmsg' returned '0': CMAKE_PREFIX_PATH=${CMAKE_PREFIX_PATH}:/home/babangida/ros_ws/install/cim:/home/babangida/ros_ws/install/reactivemethods:/opt/ros/foxy /usr/bin/cmake --install /home/babangida/ros_ws/build/dsrcmsg
