/home/babangida/ros_ws/install/cim/lib/python3.8/site-packages/cim/FISTrafficSignalOptimizer.py
/home/babangida/ros_ws/install/cim/lib/python3.8/site-packages/cim/cimnode.py
/home/babangida/ros_ws/install/cim/lib/python3.8/site-packages/cim/GlpkTrafficSignalOptimizer.py
/home/babangida/ros_ws/install/cim/lib/python3.8/site-packages/cim/debugewagent.py
/home/babangida/ros_ws/install/cim/lib/python3.8/site-packages/cim/FISBasedDecentralizedCIM.py
/home/babangida/ros_ws/install/cim/lib/python3.8/site-packages/cim/stlssnagent.py
/home/babangida/ros_ws/install/cim/lib/python3.8/site-packages/cim/tlsewagent.py
/home/babangida/ros_ws/install/cim/lib/python3.8/site-packages/cim/__init__.py
/home/babangida/ros_ws/install/cim/lib/python3.8/site-packages/cim/TrafficRecordingAnalysisServer.py
/home/babangida/ros_ws/install/cim/lib/python3.8/site-packages/cim/fisewagent.py
/home/babangida/ros_ws/install/cim/lib/python3.8/site-packages/cim/plotPoint.py
/home/babangida/ros_ws/install/cim/lib/python3.8/site-packages/cim/fisnsagent.py
/home/babangida/ros_ws/install/cim/lib/python3.8/site-packages/cim/fibonacci_action_client.py
/home/babangida/ros_ws/install/cim/lib/python3.8/site-packages/cim/WePurePursuit.py
/home/babangida/ros_ws/install/cim/lib/python3.8/site-packages/cim/ewagent.py
/home/babangida/ros_ws/install/cim/lib/python3.8/site-packages/cim/snagent.py
/home/babangida/ros_ws/install/cim/lib/python3.8/site-packages/cim/simplemodel.py
/home/babangida/ros_ws/install/cim/lib/python3.8/site-packages/cim/GeneralFunctions.py
/home/babangida/ros_ws/install/cim/lib/python3.8/site-packages/cim/TrafficRecordingAnalysis.py
/home/babangida/ros_ws/install/cim/lib/python3.8/site-packages/cim/PurePursuit.py
/home/babangida/ros_ws/install/cim/lib/python3.8/site-packages/cim/HybridCentralizedTLSController.py
/home/babangida/ros_ws/install/cim/lib/python3.8/site-packages/cim/stlsewagent.py
/home/babangida/ros_ws/install/cim/lib/python3.8/site-packages/cim/fibonacci_action_server.py
/home/babangida/ros_ws/install/cim/lib/python3.8/site-packages/cim/FISBasedCIM.py
/home/babangida/ros_ws/install/cim/lib/python3.8/site-packages/cim/gen.py
/home/babangida/ros_ws/install/cim/lib/python3.8/site-packages/cim/GurobiTrafficSignalOptimizer.py
/home/babangida/ros_ws/install/cim/lib/python3.8/site-packages/cim/DsrcBasedSimpleCIM.py
/home/babangida/ros_ws/install/cim/lib/python3.8/site-packages/cim/testStop.py
/home/babangida/ros_ws/install/cim/lib/python3.8/site-packages/cim/debugdsrcmsg.py
/home/babangida/ros_ws/install/cim/lib/python3.8/site-packages/cim/ResultAnalysis.py
/home/babangida/ros_ws/install/cim/lib/python3.8/site-packages/cim/CplexTrafficSignalOptimizer.py
/home/babangida/ros_ws/install/cim/lib/python3.8/site-packages/cim/StaticTrafficLights.py
/home/babangida/ros_ws/install/cim/lib/python3.8/site-packages/cim/tlssnagent.py
/home/babangida/ros_ws/install/cim/lib/python3.8/site-packages/cim/DisparityExtenderObstacleAvoidance.py
/home/babangida/ros_ws/install/cim/lib/python3.8/site-packages/cim/FISOptimizer.py
/home/babangida/ros_ws/install/cim/lib/python3.8/site-packages/cim/FISCentralizedIntersectionController.py
/home/babangida/ros_ws/install/cim/lib/python3.8/site-packages/cim/__pycache__/FISTrafficSignalOptimizer.cpython-38.pyc
/home/babangida/ros_ws/install/cim/lib/python3.8/site-packages/cim/__pycache__/cimnode.cpython-38.pyc
/home/babangida/ros_ws/install/cim/lib/python3.8/site-packages/cim/__pycache__/GlpkTrafficSignalOptimizer.cpython-38.pyc
/home/babangida/ros_ws/install/cim/lib/python3.8/site-packages/cim/__pycache__/debugewagent.cpython-38.pyc
/home/babangida/ros_ws/install/cim/lib/python3.8/site-packages/cim/__pycache__/FISBasedDecentralizedCIM.cpython-38.pyc
/home/babangida/ros_ws/install/cim/lib/python3.8/site-packages/cim/__pycache__/stlssnagent.cpython-38.pyc
/home/babangida/ros_ws/install/cim/lib/python3.8/site-packages/cim/__pycache__/tlsewagent.cpython-38.pyc
/home/babangida/ros_ws/install/cim/lib/python3.8/site-packages/cim/__pycache__/__init__.cpython-38.pyc
/home/babangida/ros_ws/install/cim/lib/python3.8/site-packages/cim/__pycache__/TrafficRecordingAnalysisServer.cpython-38.pyc
/home/babangida/ros_ws/install/cim/lib/python3.8/site-packages/cim/__pycache__/fisewagent.cpython-38.pyc
/home/babangida/ros_ws/install/cim/lib/python3.8/site-packages/cim/__pycache__/plotPoint.cpython-38.pyc
/home/babangida/ros_ws/install/cim/lib/python3.8/site-packages/cim/__pycache__/fisnsagent.cpython-38.pyc
/home/babangida/ros_ws/install/cim/lib/python3.8/site-packages/cim/__pycache__/fibonacci_action_client.cpython-38.pyc
/home/babangida/ros_ws/install/cim/lib/python3.8/site-packages/cim/__pycache__/WePurePursuit.cpython-38.pyc
/home/babangida/ros_ws/install/cim/lib/python3.8/site-packages/cim/__pycache__/ewagent.cpython-38.pyc
/home/babangida/ros_ws/install/cim/lib/python3.8/site-packages/cim/__pycache__/snagent.cpython-38.pyc
/home/babangida/ros_ws/install/cim/lib/python3.8/site-packages/cim/__pycache__/simplemodel.cpython-38.pyc
/home/babangida/ros_ws/install/cim/lib/python3.8/site-packages/cim/__pycache__/GeneralFunctions.cpython-38.pyc
/home/babangida/ros_ws/install/cim/lib/python3.8/site-packages/cim/__pycache__/TrafficRecordingAnalysis.cpython-38.pyc
/home/babangida/ros_ws/install/cim/lib/python3.8/site-packages/cim/__pycache__/PurePursuit.cpython-38.pyc
/home/babangida/ros_ws/install/cim/lib/python3.8/site-packages/cim/__pycache__/HybridCentralizedTLSController.cpython-38.pyc
/home/babangida/ros_ws/install/cim/lib/python3.8/site-packages/cim/__pycache__/stlsewagent.cpython-38.pyc
/home/babangida/ros_ws/install/cim/lib/python3.8/site-packages/cim/__pycache__/fibonacci_action_server.cpython-38.pyc
/home/babangida/ros_ws/install/cim/lib/python3.8/site-packages/cim/__pycache__/FISBasedCIM.cpython-38.pyc
/home/babangida/ros_ws/install/cim/lib/python3.8/site-packages/cim/__pycache__/gen.cpython-38.pyc
/home/babangida/ros_ws/install/cim/lib/python3.8/site-packages/cim/__pycache__/GurobiTrafficSignalOptimizer.cpython-38.pyc
/home/babangida/ros_ws/install/cim/lib/python3.8/site-packages/cim/__pycache__/DsrcBasedSimpleCIM.cpython-38.pyc
/home/babangida/ros_ws/install/cim/lib/python3.8/site-packages/cim/__pycache__/testStop.cpython-38.pyc
/home/babangida/ros_ws/install/cim/lib/python3.8/site-packages/cim/__pycache__/debugdsrcmsg.cpython-38.pyc
/home/babangida/ros_ws/install/cim/lib/python3.8/site-packages/cim/__pycache__/ResultAnalysis.cpython-38.pyc
/home/babangida/ros_ws/install/cim/lib/python3.8/site-packages/cim/__pycache__/CplexTrafficSignalOptimizer.cpython-38.pyc
/home/babangida/ros_ws/install/cim/lib/python3.8/site-packages/cim/__pycache__/StaticTrafficLights.cpython-38.pyc
/home/babangida/ros_ws/install/cim/lib/python3.8/site-packages/cim/__pycache__/tlssnagent.cpython-38.pyc
/home/babangida/ros_ws/install/cim/lib/python3.8/site-packages/cim/__pycache__/DisparityExtenderObstacleAvoidance.cpython-38.pyc
/home/babangida/ros_ws/install/cim/lib/python3.8/site-packages/cim/__pycache__/FISOptimizer.cpython-38.pyc
/home/babangida/ros_ws/install/cim/lib/python3.8/site-packages/cim/__pycache__/FISCentralizedIntersectionController.cpython-38.pyc
/home/babangida/ros_ws/install/cim/share/ament_index/resource_index/packages/cim
/home/babangida/ros_ws/install/cim/share/cim/package.xml
/home/babangida/ros_ws/install/cim/share/cim/cimagents_launch.py
/home/babangida/ros_ws/install/cim/lib/python3.8/site-packages/cim-0.0.0-py3.8.egg-info/PKG-INFO
/home/babangida/ros_ws/install/cim/lib/python3.8/site-packages/cim-0.0.0-py3.8.egg-info/dependency_links.txt
/home/babangida/ros_ws/install/cim/lib/python3.8/site-packages/cim-0.0.0-py3.8.egg-info/zip-safe
/home/babangida/ros_ws/install/cim/lib/python3.8/site-packages/cim-0.0.0-py3.8.egg-info/SOURCES.txt
/home/babangida/ros_ws/install/cim/lib/python3.8/site-packages/cim-0.0.0-py3.8.egg-info/entry_points.txt
/home/babangida/ros_ws/install/cim/lib/python3.8/site-packages/cim-0.0.0-py3.8.egg-info/top_level.txt
/home/babangida/ros_ws/install/cim/lib/python3.8/site-packages/cim-0.0.0-py3.8.egg-info/requires.txt
/home/babangida/ros_ws/install/cim/lib/cim/cimnode
/home/babangida/ros_ws/install/cim/lib/cim/debugdsrcmsg
/home/babangida/ros_ws/install/cim/lib/cim/debugewagent
/home/babangida/ros_ws/install/cim/lib/cim/dsrcsimplecim
/home/babangida/ros_ws/install/cim/lib/cim/ewagent
/home/babangida/ros_ws/install/cim/lib/cim/fhcim
/home/babangida/ros_ws/install/cim/lib/cim/fiscim
/home/babangida/ros_ws/install/cim/lib/cim/fisewagent
/home/babangida/ros_ws/install/cim/lib/cim/fissnagent
/home/babangida/ros_ws/install/cim/lib/cim/playde
/home/babangida/ros_ws/install/cim/lib/cim/playpp
/home/babangida/ros_ws/install/cim/lib/cim/plotpoint
/home/babangida/ros_ws/install/cim/lib/cim/recanalysis
/home/babangida/ros_ws/install/cim/lib/cim/recanalysisserver
/home/babangida/ros_ws/install/cim/lib/cim/snagent
/home/babangida/ros_ws/install/cim/lib/cim/statictls
/home/babangida/ros_ws/install/cim/lib/cim/stlsewagent
/home/babangida/ros_ws/install/cim/lib/cim/stlssnagent
/home/babangida/ros_ws/install/cim/lib/cim/test
/home/babangida/ros_ws/install/cim/lib/cim/tlsewagent
/home/babangida/ros_ws/install/cim/lib/cim/tlssnagent
