running egg_info
writing ../../build/reactivemethods/reactivemethods.egg-info/PKG-INFO
writing dependency_links to ../../build/reactivemethods/reactivemethods.egg-info/dependency_links.txt
writing entry points to ../../build/reactivemethods/reactivemethods.egg-info/entry_points.txt
writing requirements to ../../build/reactivemethods/reactivemethods.egg-info/requires.txt
writing top-level names to ../../build/reactivemethods/reactivemethods.egg-info/top_level.txt
reading manifest file '../../build/reactivemethods/reactivemethods.egg-info/SOURCES.txt'
writing manifest file '../../build/reactivemethods/reactivemethods.egg-info/SOURCES.txt'
running build
running build_py
running install
running install_lib
running install_data
running install_egg_info
removing '/home/babangida/ros_ws/install/reactivemethods/lib/python3.8/site-packages/reactivemethods-0.0.0-py3.8.egg-info' (and everything under it)
Copying ../../build/reactivemethods/reactivemethods.egg-info to /home/babangida/ros_ws/install/reactivemethods/lib/python3.8/site-packages/reactivemethods-0.0.0-py3.8.egg-info
running install_scripts
Installing agapfollowing script to /home/babangida/ros_ws/install/reactivemethods/lib/reactivemethods
Installing agent1purepursuit script to /home/babangida/ros_ws/install/reactivemethods/lib/reactivemethods
Installing degapfollowing script to /home/babangida/ros_ws/install/reactivemethods/lib/reactivemethods
Installing emergencybreaking script to /home/babangida/ros_ws/install/reactivemethods/lib/reactivemethods
Installing followgap script to /home/babangida/ros_ws/install/reactivemethods/lib/reactivemethods
Installing gapfollowing script to /home/babangida/ros_ws/install/reactivemethods/lib/reactivemethods
Installing leftwallfollowing script to /home/babangida/ros_ws/install/reactivemethods/lib/reactivemethods
Installing northsouthagent script to /home/babangida/ros_ws/install/reactivemethods/lib/reactivemethods
Installing play script to /home/babangida/ros_ws/install/reactivemethods/lib/reactivemethods
Installing publishwaypoints script to /home/babangida/ros_ws/install/reactivemethods/lib/reactivemethods
Installing purepursuit script to /home/babangida/ros_ws/install/reactivemethods/lib/reactivemethods
Installing waypointfollow script to /home/babangida/ros_ws/install/reactivemethods/lib/reactivemethods
Installing waypointsgenerator script to /home/babangida/ros_ws/install/reactivemethods/lib/reactivemethods
Installing westeastagent script to /home/babangida/ros_ws/install/reactivemethods/lib/reactivemethods
Installing wptflw script to /home/babangida/ros_ws/install/reactivemethods/lib/reactivemethods
writing list of installed files to '/home/babangida/ros_ws/build/reactivemethods/install.log'
