[3.237s] Invoking command in '/home/babangida/ros_ws/build/onecim': PYTHONPATH=/home/babangida/ros_ws/build/onecim/prefix_override:/home/babangida/ros_ws/install/onecim/lib/python3.8/site-packages:/home/babangida/ros_ws/install/trafficrecord/lib/python3.8/site-packages:/home/babangida/ros_ws/install/dsrcmsg/lib/python3.8/site-packages:/home/babangida/ros_ws/build/onecim:/home/babangida/ros_ws/install/onecim/lib/python3.8/site-packages:/home/babangida/ros_ws/install/cim/lib/python3.8/site-packages:/home/babangida/ros_ws/build/reactivemethods:/home/babangida/ros_ws/install/reactivemethods/lib/python3.8/site-packages:/opt/ros/foxy/lib/python3.8/site-packages /usr/bin/python3 setup.py develop --editable --build-directory /home/babangida/ros_ws/build/onecim/build --no-deps install_data
[3.679s] running develop
[3.943s] running egg_info
[3.944s] writing onecim.egg-info/PKG-INFO
[3.944s] writing dependency_links to onecim.egg-info/dependency_links.txt
[3.945s] writing entry points to onecim.egg-info/entry_points.txt
[3.945s] writing requirements to onecim.egg-info/requires.txt
[3.945s] writing top-level names to onecim.egg-info/top_level.txt
[4.000s] reading manifest file 'onecim.egg-info/SOURCES.txt'
[4.001s] writing manifest file 'onecim.egg-info/SOURCES.txt'
[4.056s] running build_ext
[4.057s] Creating /home/babangida/ros_ws/install/onecim/lib/python3.8/site-packages/onecim.egg-link (link to .)
[4.059s] Installing benchmark script to /home/babangida/ros_ws/install/onecim/lib/onecim
[4.059s] Installing ewfiscim script to /home/babangida/ros_ws/install/onecim/lib/onecim
[4.059s] Installing fisonecimlooptls script to /home/babangida/ros_ws/install/onecim/lib/onecim
[4.060s] Installing fisonecimtls script to /home/babangida/ros_ws/install/onecim/lib/onecim
[4.060s] Installing genveh script to /home/babangida/ros_ws/install/onecim/lib/onecim
[4.060s] Installing onecimew script to /home/babangida/ros_ws/install/onecim/lib/onecim
[4.061s] Installing onecimloopew script to /home/babangida/ros_ws/install/onecim/lib/onecim
[4.061s] Installing onecimloopsn script to /home/babangida/ros_ws/install/onecim/lib/onecim
[4.062s] Installing onecimloopstatictls script to /home/babangida/ros_ws/install/onecim/lib/onecim
[4.062s] Installing onecimlooptls script to /home/babangida/ros_ws/install/onecim/lib/onecim
[4.063s] Installing onecimsn script to /home/babangida/ros_ws/install/onecim/lib/onecim
[4.063s] Installing onecimtls script to /home/babangida/ros_ws/install/onecim/lib/onecim
[4.063s] Installing playde script to /home/babangida/ros_ws/install/onecim/lib/onecim
[4.064s] Installing playpp script to /home/babangida/ros_ws/install/onecim/lib/onecim
[4.064s] Installing rectraffic script to /home/babangida/ros_ws/install/onecim/lib/onecim
[4.064s] Installing simspeed script to /home/babangida/ros_ws/install/onecim/lib/onecim
[4.065s] Installing snfiscim script to /home/babangida/ros_ws/install/onecim/lib/onecim
[4.065s] Installing speed script to /home/babangida/ros_ws/install/onecim/lib/onecim
[4.065s] Installing timegenveh script to /home/babangida/ros_ws/install/onecim/lib/onecim
[4.065s] Installing veh script to /home/babangida/ros_ws/install/onecim/lib/onecim
[4.065s] Installing wypts script to /home/babangida/ros_ws/install/onecim/lib/onecim
[4.066s] 
[4.066s] Installed /home/babangida/ros_ws/build/onecim
[4.066s] running install_data
[4.110s] Invoked command in '/home/babangida/ros_ws/build/onecim' returned '0': PYTHONPATH=/home/babangida/ros_ws/build/onecim/prefix_override:/home/babangida/ros_ws/install/onecim/lib/python3.8/site-packages:/home/babangida/ros_ws/install/trafficrecord/lib/python3.8/site-packages:/home/babangida/ros_ws/install/dsrcmsg/lib/python3.8/site-packages:/home/babangida/ros_ws/build/onecim:/home/babangida/ros_ws/install/onecim/lib/python3.8/site-packages:/home/babangida/ros_ws/install/cim/lib/python3.8/site-packages:/home/babangida/ros_ws/build/reactivemethods:/home/babangida/ros_ws/install/reactivemethods/lib/python3.8/site-packages:/opt/ros/foxy/lib/python3.8/site-packages /usr/bin/python3 setup.py develop --editable --build-directory /home/babangida/ros_ws/build/onecim/build --no-deps install_data
