[4.372s] DEBUG:colcon:Command line arguments: ['/usr/bin/colcon', 'build', '--packages-select', 'reactivemethods', '--symlink-install']
[4.373s] DEBUG:colcon:Parsed command line arguments: Namespace(allow_overriding=[], ament_cmake_args=None, base_paths=['.'], build_base='build', catkin_cmake_args=None, catkin_skip_building_tests=False, cmake_args=None, cmake_clean_cache=False, cmake_clean_first=False, cmake_force_configure=False, cmake_target=None, cmake_target_skip_unavailable=False, continue_on_error=False, event_handlers=None, executor='parallel', ignore_user_meta=False, install_base='install', log_base=None, log_level=None, main=<bound method BuildVerb.main of <colcon_core.verb.build.BuildVerb object at 0x7f7ab2a4a460>>, merge_install=False, metas=['./colcon.meta'], packages_above=None, packages_above_and_dependencies=None, packages_above_depth=None, packages_end=None, packages_ignore=None, packages_ignore_regex=None, packages_select=['reactivemethods'], packages_select_build_failed=False, packages_select_by_dep=None, packages_select_regex=None, packages_select_test_failures=False, packages_skip=None, packages_skip_build_finished=False, packages_skip_by_dep=None, packages_skip_regex=None, packages_skip_test_passed=False, packages_skip_up_to=None, packages_start=None, packages_up_to=None, packages_up_to_regex=None, parallel_workers=8, paths=None, symlink_install=True, test_result_base=None, verb_extension=<colcon_core.verb.build.BuildVerb object at 0x7f7ab2a4a460>, verb_name='build', verb_parser=<colcon_defaults.argument_parser.defaults.DefaultArgumentsDecorator object at 0x7f7ab299f9d0>)
[4.528s] Level 1:colcon.colcon_core.package_discovery:discover_packages(colcon_meta) check parameters
[4.528s] Level 1:colcon.colcon_core.package_discovery:discover_packages(recursive) check parameters
[4.528s] Level 1:colcon.colcon_core.package_discovery:discover_packages(ignore) check parameters
[4.528s] Level 1:colcon.colcon_core.package_discovery:discover_packages(path) check parameters
[4.528s] Level 1:colcon.colcon_core.package_discovery:discover_packages(colcon_meta) discover
[4.529s] Level 1:colcon.colcon_core.package_discovery:discover_packages(recursive) discover
[4.529s] INFO:colcon.colcon_core.package_discovery:Crawling recursively for packages in '/home/babangida/ros_ws'
[4.529s] Level 1:colcon.colcon_core.package_identification:_identify(.) by extensions ['ignore', 'ignore_ament_install']
[4.529s] Level 1:colcon.colcon_core.package_identification:_identify(.) by extension 'ignore'
[4.529s] Level 1:colcon.colcon_core.package_identification:_identify(.) by extension 'ignore_ament_install'
[4.529s] Level 1:colcon.colcon_core.package_identification:_identify(.) by extensions ['colcon_pkg']
[4.529s] Level 1:colcon.colcon_core.package_identification:_identify(.) by extension 'colcon_pkg'
[4.529s] Level 1:colcon.colcon_core.package_identification:_identify(.) by extensions ['colcon_meta']
[4.529s] Level 1:colcon.colcon_core.package_identification:_identify(.) by extension 'colcon_meta'
[4.529s] Level 1:colcon.colcon_core.package_identification:_identify(.) by extensions ['ros']
[4.529s] Level 1:colcon.colcon_core.package_identification:_identify(.) by extension 'ros'
[4.545s] Level 1:colcon.colcon_core.package_identification:_identify(.) by extensions ['cmake', 'python']
[4.545s] Level 1:colcon.colcon_core.package_identification:_identify(.) by extension 'cmake'
[4.545s] Level 1:colcon.colcon_core.package_identification:_identify(.) by extension 'python'
[4.545s] Level 1:colcon.colcon_core.package_identification:_identify(.) by extensions ['python_setup_py']
[4.545s] Level 1:colcon.colcon_core.package_identification:_identify(.) by extension 'python_setup_py'
[4.546s] Level 1:colcon.colcon_core.package_identification:_identify(build) by extensions ['ignore', 'ignore_ament_install']
[4.546s] Level 1:colcon.colcon_core.package_identification:_identify(build) by extension 'ignore'
[4.546s] Level 1:colcon.colcon_core.package_identification:_identify(build) ignored
[4.546s] Level 1:colcon.colcon_core.package_identification:_identify(install) by extensions ['ignore', 'ignore_ament_install']
[4.546s] Level 1:colcon.colcon_core.package_identification:_identify(install) by extension 'ignore'
[4.546s] Level 1:colcon.colcon_core.package_identification:_identify(install) ignored
[4.546s] Level 1:colcon.colcon_core.package_identification:_identify(log) by extensions ['ignore', 'ignore_ament_install']
[4.546s] Level 1:colcon.colcon_core.package_identification:_identify(log) by extension 'ignore'
[4.546s] Level 1:colcon.colcon_core.package_identification:_identify(log) ignored
[4.547s] Level 1:colcon.colcon_core.package_identification:_identify(src) by extensions ['ignore', 'ignore_ament_install']
[4.547s] Level 1:colcon.colcon_core.package_identification:_identify(src) by extension 'ignore'
[4.547s] Level 1:colcon.colcon_core.package_identification:_identify(src) by extension 'ignore_ament_install'
[4.547s] Level 1:colcon.colcon_core.package_identification:_identify(src) by extensions ['colcon_pkg']
[4.547s] Level 1:colcon.colcon_core.package_identification:_identify(src) by extension 'colcon_pkg'
[4.547s] Level 1:colcon.colcon_core.package_identification:_identify(src) by extensions ['colcon_meta']
[4.547s] Level 1:colcon.colcon_core.package_identification:_identify(src) by extension 'colcon_meta'
[4.547s] Level 1:colcon.colcon_core.package_identification:_identify(src) by extensions ['ros']
[4.547s] Level 1:colcon.colcon_core.package_identification:_identify(src) by extension 'ros'
[4.547s] Level 1:colcon.colcon_core.package_identification:_identify(src) by extensions ['cmake', 'python']
[4.547s] Level 1:colcon.colcon_core.package_identification:_identify(src) by extension 'cmake'
[4.547s] Level 1:colcon.colcon_core.package_identification:_identify(src) by extension 'python'
[4.547s] Level 1:colcon.colcon_core.package_identification:_identify(src) by extensions ['python_setup_py']
[4.547s] Level 1:colcon.colcon_core.package_identification:_identify(src) by extension 'python_setup_py'
[4.547s] Level 1:colcon.colcon_core.package_identification:_identify(src/cim) by extensions ['ignore', 'ignore_ament_install']
[4.547s] Level 1:colcon.colcon_core.package_identification:_identify(src/cim) by extension 'ignore'
[4.548s] Level 1:colcon.colcon_core.package_identification:_identify(src/cim) by extension 'ignore_ament_install'
[4.548s] Level 1:colcon.colcon_core.package_identification:_identify(src/cim) by extensions ['colcon_pkg']
[4.548s] Level 1:colcon.colcon_core.package_identification:_identify(src/cim) by extension 'colcon_pkg'
[4.548s] Level 1:colcon.colcon_core.package_identification:_identify(src/cim) by extensions ['colcon_meta']
[4.548s] Level 1:colcon.colcon_core.package_identification:_identify(src/cim) by extension 'colcon_meta'
[4.548s] Level 1:colcon.colcon_core.package_identification:_identify(src/cim) by extensions ['ros']
[4.548s] Level 1:colcon.colcon_core.package_identification:_identify(src/cim) by extension 'ros'
[4.554s] DEBUG:colcon.colcon_core.package_identification:Package 'src/cim' with type 'ros.ament_python' and name 'cim'
[4.554s] Level 1:colcon.colcon_core.package_identification:_identify(src/dsrcmsg) by extensions ['ignore', 'ignore_ament_install']
[4.554s] Level 1:colcon.colcon_core.package_identification:_identify(src/dsrcmsg) by extension 'ignore'
[4.554s] Level 1:colcon.colcon_core.package_identification:_identify(src/dsrcmsg) by extension 'ignore_ament_install'
[4.554s] Level 1:colcon.colcon_core.package_identification:_identify(src/dsrcmsg) by extensions ['colcon_pkg']
[4.555s] Level 1:colcon.colcon_core.package_identification:_identify(src/dsrcmsg) by extension 'colcon_pkg'
[4.555s] Level 1:colcon.colcon_core.package_identification:_identify(src/dsrcmsg) by extensions ['colcon_meta']
[4.555s] Level 1:colcon.colcon_core.package_identification:_identify(src/dsrcmsg) by extension 'colcon_meta'
[4.555s] Level 1:colcon.colcon_core.package_identification:_identify(src/dsrcmsg) by extensions ['ros']
[4.555s] Level 1:colcon.colcon_core.package_identification:_identify(src/dsrcmsg) by extension 'ros'
[4.556s] DEBUG:colcon.colcon_core.package_identification:Package 'src/dsrcmsg' with type 'ros.ament_cmake' and name 'dsrcmsg'
[4.556s] Level 1:colcon.colcon_core.package_identification:_identify(src/onecim) by extensions ['ignore', 'ignore_ament_install']
[4.557s] Level 1:colcon.colcon_core.package_identification:_identify(src/onecim) by extension 'ignore'
[4.557s] Level 1:colcon.colcon_core.package_identification:_identify(src/onecim) by extension 'ignore_ament_install'
[4.557s] Level 1:colcon.colcon_core.package_identification:_identify(src/onecim) by extensions ['colcon_pkg']
[4.557s] Level 1:colcon.colcon_core.package_identification:_identify(src/onecim) by extension 'colcon_pkg'
[4.557s] Level 1:colcon.colcon_core.package_identification:_identify(src/onecim) by extensions ['colcon_meta']
[4.557s] Level 1:colcon.colcon_core.package_identification:_identify(src/onecim) by extension 'colcon_meta'
[4.557s] Level 1:colcon.colcon_core.package_identification:_identify(src/onecim) by extensions ['ros']
[4.557s] Level 1:colcon.colcon_core.package_identification:_identify(src/onecim) by extension 'ros'
[4.559s] DEBUG:colcon.colcon_core.package_identification:Package 'src/onecim' with type 'ros.ament_python' and name 'onecim'
[4.559s] Level 1:colcon.colcon_core.package_identification:_identify(src/reactivemethods) by extensions ['ignore', 'ignore_ament_install']
[4.559s] Level 1:colcon.colcon_core.package_identification:_identify(src/reactivemethods) by extension 'ignore'
[4.559s] Level 1:colcon.colcon_core.package_identification:_identify(src/reactivemethods) by extension 'ignore_ament_install'
[4.560s] Level 1:colcon.colcon_core.package_identification:_identify(src/reactivemethods) by extensions ['colcon_pkg']
[4.560s] Level 1:colcon.colcon_core.package_identification:_identify(src/reactivemethods) by extension 'colcon_pkg'
[4.560s] Level 1:colcon.colcon_core.package_identification:_identify(src/reactivemethods) by extensions ['colcon_meta']
[4.560s] Level 1:colcon.colcon_core.package_identification:_identify(src/reactivemethods) by extension 'colcon_meta'
[4.560s] Level 1:colcon.colcon_core.package_identification:_identify(src/reactivemethods) by extensions ['ros']
[4.560s] Level 1:colcon.colcon_core.package_identification:_identify(src/reactivemethods) by extension 'ros'
[4.561s] DEBUG:colcon.colcon_core.package_identification:Package 'src/reactivemethods' with type 'ros.ament_python' and name 'reactivemethods'
[4.562s] Level 1:colcon.colcon_core.package_identification:_identify(src/trafficrecord) by extensions ['ignore', 'ignore_ament_install']
[4.562s] Level 1:colcon.colcon_core.package_identification:_identify(src/trafficrecord) by extension 'ignore'
[4.562s] Level 1:colcon.colcon_core.package_identification:_identify(src/trafficrecord) by extension 'ignore_ament_install'
[4.562s] Level 1:colcon.colcon_core.package_identification:_identify(src/trafficrecord) by extensions ['colcon_pkg']
[4.562s] Level 1:colcon.colcon_core.package_identification:_identify(src/trafficrecord) by extension 'colcon_pkg'
[4.562s] Level 1:colcon.colcon_core.package_identification:_identify(src/trafficrecord) by extensions ['colcon_meta']
[4.563s] Level 1:colcon.colcon_core.package_identification:_identify(src/trafficrecord) by extension 'colcon_meta'
[4.563s] Level 1:colcon.colcon_core.package_identification:_identify(src/trafficrecord) by extensions ['ros']
[4.563s] Level 1:colcon.colcon_core.package_identification:_identify(src/trafficrecord) by extension 'ros'
[4.564s] DEBUG:colcon.colcon_core.package_identification:Package 'src/trafficrecord' with type 'ros.ament_cmake' and name 'trafficrecord'
[4.565s] Level 1:colcon.colcon_core.package_discovery:discover_packages(recursive) using defaults
[4.565s] Level 1:colcon.colcon_core.package_discovery:discover_packages(ignore) discover
[4.565s] Level 1:colcon.colcon_core.package_discovery:discover_packages(ignore) using defaults
[4.565s] Level 1:colcon.colcon_core.package_discovery:discover_packages(path) discover
[4.565s] Level 1:colcon.colcon_core.package_discovery:discover_packages(path) using defaults
[4.770s] INFO:colcon.colcon_core.package_selection:Skipping not selected package 'dsrcmsg' in 'src/dsrcmsg'
[4.770s] INFO:colcon.colcon_core.package_selection:Skipping not selected package 'trafficrecord' in 'src/trafficrecord'
[4.770s] INFO:colcon.colcon_core.package_selection:Skipping not selected package 'cim' in 'src/cim'
[4.770s] INFO:colcon.colcon_core.package_selection:Skipping not selected package 'onecim' in 'src/onecim'
[4.907s] Level 1:colcon.colcon_core.package_discovery:discover_packages(prefix_path) check parameters
[4.907s] Level 1:colcon.colcon_core.package_discovery:discover_packages(prefix_path) discover
[5.034s] DEBUG:colcon.colcon_installed_package_information.package_discovery:Found 5 installed packages in /home/babangida/ros_ws/install
[5.138s] DEBUG:colcon.colcon_installed_package_information.package_discovery:Found 289 installed packages in /opt/ros/foxy
[5.141s] Level 1:colcon.colcon_core.package_discovery:discover_packages(prefix_path) using defaults
[5.421s] Level 5:colcon.colcon_core.verb:set package 'reactivemethods' build argument 'cmake_args' from command line to 'None'
[5.421s] Level 5:colcon.colcon_core.verb:set package 'reactivemethods' build argument 'cmake_target' from command line to 'None'
[5.422s] Level 5:colcon.colcon_core.verb:set package 'reactivemethods' build argument 'cmake_target_skip_unavailable' from command line to 'False'
[5.422s] Level 5:colcon.colcon_core.verb:set package 'reactivemethods' build argument 'cmake_clean_cache' from command line to 'False'
[5.422s] Level 5:colcon.colcon_core.verb:set package 'reactivemethods' build argument 'cmake_clean_first' from command line to 'False'
[5.422s] Level 5:colcon.colcon_core.verb:set package 'reactivemethods' build argument 'cmake_force_configure' from command line to 'False'
[5.422s] Level 5:colcon.colcon_core.verb:set package 'reactivemethods' build argument 'ament_cmake_args' from command line to 'None'
[5.422s] Level 5:colcon.colcon_core.verb:set package 'reactivemethods' build argument 'catkin_cmake_args' from command line to 'None'
[5.422s] Level 5:colcon.colcon_core.verb:set package 'reactivemethods' build argument 'catkin_skip_building_tests' from command line to 'False'
[5.422s] DEBUG:colcon.colcon_core.verb:Building package 'reactivemethods' with the following arguments: {'ament_cmake_args': None, 'build_base': '/home/babangida/ros_ws/build/reactivemethods', 'catkin_cmake_args': None, 'catkin_skip_building_tests': False, 'cmake_args': None, 'cmake_clean_cache': False, 'cmake_clean_first': False, 'cmake_force_configure': False, 'cmake_target': None, 'cmake_target_skip_unavailable': False, 'install_base': '/home/babangida/ros_ws/install/reactivemethods', 'merge_install': False, 'path': '/home/babangida/ros_ws/src/reactivemethods', 'symlink_install': True, 'test_result_base': None}
[5.493s] INFO:colcon.colcon_core.executor:Executing jobs using 'parallel' executor
[5.560s] DEBUG:colcon.colcon_parallel_executor.executor.parallel:run_until_complete
[5.561s] INFO:colcon.colcon_ros.task.ament_python.build:Building ROS package in '/home/babangida/ros_ws/src/reactivemethods' with build type 'ament_python'
[5.562s] Level 1:colcon.colcon_core.shell:create_environment_hook('reactivemethods', 'ament_prefix_path')
[5.634s] INFO:colcon.colcon_core.plugin_system:Skipping extension 'colcon_core.shell.bat': Not used on non-Windows systems
[5.634s] INFO:colcon.colcon_core.shell:Creating environment hook '/home/babangida/ros_ws/install/reactivemethods/share/reactivemethods/hook/ament_prefix_path.ps1'
[5.635s] INFO:colcon.colcon_core.shell:Creating environment descriptor '/home/babangida/ros_ws/install/reactivemethods/share/reactivemethods/hook/ament_prefix_path.dsv'
[5.635s] INFO:colcon.colcon_core.shell:Creating environment hook '/home/babangida/ros_ws/install/reactivemethods/share/reactivemethods/hook/ament_prefix_path.sh'
[5.718s] INFO:colcon.colcon_core.shell:Skip shell extension 'powershell' for command environment: Not usable outside of PowerShell
[5.718s] DEBUG:colcon.colcon_core.shell:Skip shell extension 'dsv' for command environment
[6.750s] INFO:colcon.colcon_core.task.python.build:Building Python package in '/home/babangida/ros_ws/src/reactivemethods'
[6.819s] INFO:colcon.colcon_core.shell:Skip shell extension 'powershell' for command environment: Not usable outside of PowerShell
[6.819s] DEBUG:colcon.colcon_core.shell:Skip shell extension 'dsv' for command environment
[8.035s] DEBUG:colcon.colcon_core.event_handler.log_command:Invoking command in '/home/babangida/ros_ws/build/reactivemethods': CMAKE_PREFIX_PATH=/home/babangida/ros_ws/install/dsrcmsg:/home/babangida/ros_ws/install/trafficrecord LD_LIBRARY_PATH=/home/babangida/ros_ws/install/dsrcmsg/lib:/home/babangida/ros_ws/install/trafficrecord/lib:/opt/ros/foxy/opt/yaml_cpp_vendor/lib:/opt/ros/foxy/opt/rviz_ogre_vendor/lib:/opt/ros/foxy/lib/x86_64-linux-gnu:/opt/ros/foxy/lib PYTHONPATH=/home/babangida/ros_ws/build/reactivemethods/prefix_override:/home/babangida/ros_ws/install/reactivemethods/lib/python3.8/site-packages:/home/babangida/ros_ws/install/dsrcmsg/lib/python3.8/site-packages:/home/babangida/ros_ws/build/onecim:/home/babangida/ros_ws/install/onecim/lib/python3.8/site-packages:/home/babangida/ros_ws/install/cim/lib/python3.8/site-packages:/home/babangida/ros_ws/install/trafficrecord/lib/python3.8/site-packages:/home/babangida/ros_ws/install/reactivemethods/lib/python3.8/site-packages:/opt/ros/foxy/lib/python3.8/site-packages /usr/bin/python3 setup.py develop --editable --build-directory /home/babangida/ros_ws/build/reactivemethods/build --no-deps install_data
[8.727s] Level 1:colcon.colcon_core.shell:create_environment_hook('reactivemethods', 'pythonpath_develop')
[8.728s] DEBUG:colcon.colcon_core.event_handler.log_command:Invoked command in '/home/babangida/ros_ws/build/reactivemethods' returned '0': CMAKE_PREFIX_PATH=/home/babangida/ros_ws/install/dsrcmsg:/home/babangida/ros_ws/install/trafficrecord LD_LIBRARY_PATH=/home/babangida/ros_ws/install/dsrcmsg/lib:/home/babangida/ros_ws/install/trafficrecord/lib:/opt/ros/foxy/opt/yaml_cpp_vendor/lib:/opt/ros/foxy/opt/rviz_ogre_vendor/lib:/opt/ros/foxy/lib/x86_64-linux-gnu:/opt/ros/foxy/lib PYTHONPATH=/home/babangida/ros_ws/build/reactivemethods/prefix_override:/home/babangida/ros_ws/install/reactivemethods/lib/python3.8/site-packages:/home/babangida/ros_ws/install/dsrcmsg/lib/python3.8/site-packages:/home/babangida/ros_ws/build/onecim:/home/babangida/ros_ws/install/onecim/lib/python3.8/site-packages:/home/babangida/ros_ws/install/cim/lib/python3.8/site-packages:/home/babangida/ros_ws/install/trafficrecord/lib/python3.8/site-packages:/home/babangida/ros_ws/install/reactivemethods/lib/python3.8/site-packages:/opt/ros/foxy/lib/python3.8/site-packages /usr/bin/python3 setup.py develop --editable --build-directory /home/babangida/ros_ws/build/reactivemethods/build --no-deps install_data
[8.832s] INFO:colcon.colcon_core.shell:Creating environment hook '/home/babangida/ros_ws/build/reactivemethods/share/reactivemethods/hook/pythonpath_develop.ps1'
[8.833s] INFO:colcon.colcon_core.shell:Creating environment descriptor '/home/babangida/ros_ws/build/reactivemethods/share/reactivemethods/hook/pythonpath_develop.dsv'
[8.833s] INFO:colcon.colcon_core.shell:Creating environment hook '/home/babangida/ros_ws/build/reactivemethods/share/reactivemethods/hook/pythonpath_develop.sh'
[8.932s] Level 1:colcon.colcon_core.environment:checking '/home/babangida/ros_ws/install/reactivemethods' for CMake module files
[8.933s] Level 1:colcon.colcon_core.environment:checking '/home/babangida/ros_ws/install/reactivemethods' for CMake config files
[8.934s] Level 1:colcon.colcon_core.environment:checking '/home/babangida/ros_ws/install/reactivemethods/lib'
[8.934s] Level 1:colcon.colcon_core.environment:checking '/home/babangida/ros_ws/install/reactivemethods/bin'
[8.935s] Level 1:colcon.colcon_core.environment:checking '/home/babangida/ros_ws/install/reactivemethods/lib/pkgconfig/reactivemethods.pc'
[8.935s] Level 1:colcon.colcon_core.environment:checking '/home/babangida/ros_ws/install/reactivemethods/lib/python3.8/site-packages'
[8.935s] Level 1:colcon.colcon_core.shell:create_environment_hook('reactivemethods', 'pythonpath')
[9.018s] INFO:colcon.colcon_core.shell:Creating environment hook '/home/babangida/ros_ws/install/reactivemethods/share/reactivemethods/hook/pythonpath.ps1'
[9.019s] INFO:colcon.colcon_core.shell:Creating environment descriptor '/home/babangida/ros_ws/install/reactivemethods/share/reactivemethods/hook/pythonpath.dsv'
[9.020s] INFO:colcon.colcon_core.shell:Creating environment hook '/home/babangida/ros_ws/install/reactivemethods/share/reactivemethods/hook/pythonpath.sh'
[9.021s] Level 1:colcon.colcon_core.environment:checking '/home/babangida/ros_ws/install/reactivemethods/bin'
[9.022s] Level 1:colcon.colcon_core.environment:create_environment_scripts_only(reactivemethods)
[9.112s] INFO:colcon.colcon_core.shell:Creating package script '/home/babangida/ros_ws/install/reactivemethods/share/reactivemethods/package.ps1'
[9.114s] INFO:colcon.colcon_core.shell:Creating package descriptor '/home/babangida/ros_ws/install/reactivemethods/share/reactivemethods/package.dsv'
[9.114s] INFO:colcon.colcon_core.shell:Creating package script '/home/babangida/ros_ws/install/reactivemethods/share/reactivemethods/package.sh'
[9.115s] INFO:colcon.colcon_core.shell:Creating package script '/home/babangida/ros_ws/install/reactivemethods/share/reactivemethods/package.bash'
[9.116s] INFO:colcon.colcon_core.shell:Creating package script '/home/babangida/ros_ws/install/reactivemethods/share/reactivemethods/package.zsh'
[9.117s] Level 1:colcon.colcon_core.environment:create_file_with_runtime_dependencies(/home/babangida/ros_ws/install/reactivemethods/share/colcon-core/packages/reactivemethods)
[9.117s] DEBUG:colcon.colcon_parallel_executor.executor.parallel:closing loop
[9.118s] DEBUG:colcon.colcon_parallel_executor.executor.parallel:loop closed
[9.118s] DEBUG:colcon.colcon_parallel_executor.executor.parallel:run_until_complete finished with '0'
[9.118s] DEBUG:colcon.colcon_core.event_reactor:joining thread
[9.372s] INFO:colcon.colcon_core.plugin_system:Skipping extension 'colcon_notification.desktop_notification.notify_send': Could not find 'notify-send'
[9.372s] INFO:colcon.colcon_core.plugin_system:Skipping extension 'colcon_notification.desktop_notification.terminal_notifier': Not used on non-Darwin systems
[9.407s] INFO:colcon.colcon_core.plugin_system:Skipping extension 'colcon_notification.desktop_notification.win32': Not used on non-Windows systems
[9.407s] INFO:colcon.colcon_notification.desktop_notification:Sending desktop notification using 'notify2'
[9.407s] DEBUG:colcon.colcon_notification.desktop_notification.notify2:Failed to initialize notify2: org.freedesktop.DBus.Error.FileNotFound: Failed to connect to socket /run/user/1000/bus: No such file or directory
[9.408s] DEBUG:colcon.colcon_core.event_reactor:joined thread
[9.477s] INFO:colcon.colcon_core.shell:Creating prefix script '/home/babangida/ros_ws/install/local_setup.ps1'
[9.478s] INFO:colcon.colcon_core.shell:Creating prefix util module '/home/babangida/ros_ws/install/_local_setup_util_ps1.py'
[9.481s] INFO:colcon.colcon_core.shell:Creating prefix chain script '/home/babangida/ros_ws/install/setup.ps1'
[9.555s] INFO:colcon.colcon_core.shell:Creating prefix script '/home/babangida/ros_ws/install/local_setup.sh'
[9.556s] INFO:colcon.colcon_core.shell:Creating prefix util module '/home/babangida/ros_ws/install/_local_setup_util_sh.py'
[9.557s] INFO:colcon.colcon_core.shell:Creating prefix chain script '/home/babangida/ros_ws/install/setup.sh'
[9.628s] INFO:colcon.colcon_core.shell:Creating prefix script '/home/babangida/ros_ws/install/local_setup.bash'
[9.629s] INFO:colcon.colcon_core.shell:Creating prefix chain script '/home/babangida/ros_ws/install/setup.bash'
[9.701s] INFO:colcon.colcon_core.shell:Creating prefix script '/home/babangida/ros_ws/install/local_setup.zsh'
[9.702s] INFO:colcon.colcon_core.shell:Creating prefix chain script '/home/babangida/ros_ws/install/setup.zsh'
