[3.834s] Invoking command in '/home/babangida/ros_ws/src/onecim': PYTHONPATH=/home/babangida/ros_ws/build/onecim/prefix_override:/home/babangida/ros_ws/install/onecim/lib/python3.8/site-packages:/home/babangida/ros_ws/install/trafficrecord/lib/python3.8/site-packages:/home/babangida/ros_ws/install/dsrcmsg/lib/python3.8/site-packages:/home/babangida/ros_ws/install/onecim/lib/python3.8/site-packages:/home/babangida/ros_ws/install/cim/lib/python3.8/site-packages:/home/babangida/ros_ws/install/reactivemethods/lib/python3.8/site-packages:/opt/ros/foxy/lib/python3.8/site-packages /usr/bin/python3 setup.py egg_info --egg-base ../../build/onecim build --build-base /home/babangida/ros_ws/build/onecim/build install --record /home/babangida/ros_ws/build/onecim/install.log --install-scripts $base/lib/onecim --single-version-externally-managed
[4.071s] running egg_info
[4.072s] writing ../../build/onecim/onecim.egg-info/PKG-INFO
[4.094s] writing dependency_links to ../../build/onecim/onecim.egg-info/dependency_links.txt
[4.094s] writing entry points to ../../build/onecim/onecim.egg-info/entry_points.txt
[4.095s] writing requirements to ../../build/onecim/onecim.egg-info/requires.txt
[4.095s] writing top-level names to ../../build/onecim/onecim.egg-info/top_level.txt
[4.178s] reading manifest file '../../build/onecim/onecim.egg-info/SOURCES.txt'
[4.195s] writing manifest file '../../build/onecim/onecim.egg-info/SOURCES.txt'
[4.195s] running build
[4.195s] running build_py
[4.209s] copying onecim/oneintersectionsnagent.py -> /home/babangida/ros_ws/build/onecim/build/lib/onecim
[4.210s] running install
[4.211s] running install_lib
[4.212s] copying /home/babangida/ros_ws/build/onecim/build/lib/onecim/oneintersectionsnagent.py -> /home/babangida/ros_ws/install/onecim/lib/python3.8/site-packages/onecim
[4.213s] byte-compiling /home/babangida/ros_ws/install/onecim/lib/python3.8/site-packages/onecim/oneintersectionsnagent.py to oneintersectionsnagent.cpython-38.pyc
[4.216s] running install_data
[4.217s] running install_egg_info
[4.218s] removing '/home/babangida/ros_ws/install/onecim/lib/python3.8/site-packages/onecim-0.0.0-py3.8.egg-info' (and everything under it)
[4.238s] Copying ../../build/onecim/onecim.egg-info to /home/babangida/ros_ws/install/onecim/lib/python3.8/site-packages/onecim-0.0.0-py3.8.egg-info
[4.257s] running install_scripts
[4.278s] Installing onecimsn script to /home/babangida/ros_ws/install/onecim/lib/onecim
[4.278s] Installing onecimtls script to /home/babangida/ros_ws/install/onecim/lib/onecim
[4.278s] Installing playde script to /home/babangida/ros_ws/install/onecim/lib/onecim
[4.278s] Installing playpp script to /home/babangida/ros_ws/install/onecim/lib/onecim
[4.278s] writing list of installed files to '/home/babangida/ros_ws/build/onecim/install.log'
[4.296s] Invoked command in '/home/babangida/ros_ws/src/onecim' returned '0': PYTHONPATH=/home/babangida/ros_ws/build/onecim/prefix_override:/home/babangida/ros_ws/install/onecim/lib/python3.8/site-packages:/home/babangida/ros_ws/install/trafficrecord/lib/python3.8/site-packages:/home/babangida/ros_ws/install/dsrcmsg/lib/python3.8/site-packages:/home/babangida/ros_ws/install/onecim/lib/python3.8/site-packages:/home/babangida/ros_ws/install/cim/lib/python3.8/site-packages:/home/babangida/ros_ws/install/reactivemethods/lib/python3.8/site-packages:/opt/ros/foxy/lib/python3.8/site-packages /usr/bin/python3 setup.py egg_info --egg-base ../../build/onecim build --build-base /home/babangida/ros_ws/build/onecim/build install --record /home/babangida/ros_ws/build/onecim/install.log --install-scripts $base/lib/onecim --single-version-externally-managed
