[2.588s] Invoking command in '/home/babangida/ros_ws/build/onecim': PYTHONPATH=/home/babangida/ros_ws/build/onecim/prefix_override:/home/babangida/ros_ws/install/onecim/lib/python3.8/site-packages:/home/babangida/ros_ws/install/trafficrecord/lib/python3.8/site-packages:/home/babangida/ros_ws/install/dsrcmsg/lib/python3.8/site-packages:/home/babangida/ros_ws/build/onecim:/home/babangida/ros_ws/install/onecim/lib/python3.8/site-packages:/home/babangida/ros_ws/install/cim/lib/python3.8/site-packages:/home/babangida/ros_ws/build/reactivemethods:/home/babangida/ros_ws/install/reactivemethods/lib/python3.8/site-packages:/opt/ros/foxy/lib/python3.8/site-packages /usr/bin/python3 setup.py develop --editable --build-directory /home/babangida/ros_ws/build/onecim/build --no-deps install_data
[2.892s] running develop
[3.088s] running egg_info
[3.088s] writing onecim.egg-info/PKG-INFO
[3.088s] writing dependency_links to onecim.egg-info/dependency_links.txt
[3.089s] writing entry points to onecim.egg-info/entry_points.txt
[3.089s] writing requirements to onecim.egg-info/requires.txt
[3.089s] writing top-level names to onecim.egg-info/top_level.txt
[3.135s] reading manifest file 'onecim.egg-info/SOURCES.txt'
[3.136s] writing manifest file 'onecim.egg-info/SOURCES.txt'
[3.177s] running build_ext
[3.178s] Creating /home/babangida/ros_ws/install/onecim/lib/python3.8/site-packages/onecim.egg-link (link to .)
[3.178s] Installing ewfiscim script to /home/babangida/ros_ws/install/onecim/lib/onecim
[3.179s] Installing fisonecimlooptls script to /home/babangida/ros_ws/install/onecim/lib/onecim
[3.179s] Installing fisonecimtls script to /home/babangida/ros_ws/install/onecim/lib/onecim
[3.180s] Installing onecimew script to /home/babangida/ros_ws/install/onecim/lib/onecim
[3.180s] Installing onecimloopew script to /home/babangida/ros_ws/install/onecim/lib/onecim
[3.180s] Installing onecimloopsn script to /home/babangida/ros_ws/install/onecim/lib/onecim
[3.180s] Installing onecimloopstatictls script to /home/babangida/ros_ws/install/onecim/lib/onecim
[3.181s] Installing onecimlooptls script to /home/babangida/ros_ws/install/onecim/lib/onecim
[3.181s] Installing onecimsn script to /home/babangida/ros_ws/install/onecim/lib/onecim
[3.181s] Installing onecimtls script to /home/babangida/ros_ws/install/onecim/lib/onecim
[3.181s] Installing playde script to /home/babangida/ros_ws/install/onecim/lib/onecim
[3.181s] Installing playpp script to /home/babangida/ros_ws/install/onecim/lib/onecim
[3.182s] Installing simspeed script to /home/babangida/ros_ws/install/onecim/lib/onecim
[3.182s] Installing snfiscim script to /home/babangida/ros_ws/install/onecim/lib/onecim
[3.182s] Installing wypts script to /home/babangida/ros_ws/install/onecim/lib/onecim
[3.182s] 
[3.182s] Installed /home/babangida/ros_ws/build/onecim
[3.182s] running install_data
[3.182s] copying launch/onecimloopfistls_launch.py -> /home/babangida/ros_ws/install/onecim/share/onecim
[3.182s] copying launch/onecimloopstls_launch.py -> /home/babangida/ros_ws/install/onecim/share/onecim
[3.182s] copying launch/onecimlooptls_launch.py -> /home/babangida/ros_ws/install/onecim/share/onecim
[3.213s] Invoked command in '/home/babangida/ros_ws/build/onecim' returned '0': PYTHONPATH=/home/babangida/ros_ws/build/onecim/prefix_override:/home/babangida/ros_ws/install/onecim/lib/python3.8/site-packages:/home/babangida/ros_ws/install/trafficrecord/lib/python3.8/site-packages:/home/babangida/ros_ws/install/dsrcmsg/lib/python3.8/site-packages:/home/babangida/ros_ws/build/onecim:/home/babangida/ros_ws/install/onecim/lib/python3.8/site-packages:/home/babangida/ros_ws/install/cim/lib/python3.8/site-packages:/home/babangida/ros_ws/build/reactivemethods:/home/babangida/ros_ws/install/reactivemethods/lib/python3.8/site-packages:/opt/ros/foxy/lib/python3.8/site-packages /usr/bin/python3 setup.py develop --editable --build-directory /home/babangida/ros_ws/build/onecim/build --no-deps install_data
