[8.398s] DEBUG:colcon:Command line arguments: ['/usr/bin/colcon', 'build']
[8.398s] DEBUG:colcon:Parsed command line arguments: Namespace(allow_overriding=[], ament_cmake_args=None, base_paths=['.'], build_base='build', catkin_cmake_args=None, catkin_skip_building_tests=False, cmake_args=None, cmake_clean_cache=False, cmake_clean_first=False, cmake_force_configure=False, cmake_target=None, cmake_target_skip_unavailable=False, continue_on_error=False, event_handlers=None, executor='parallel', ignore_user_meta=False, install_base='install', log_base=None, log_level=None, main=<bound method BuildVerb.main of <colcon_core.verb.build.BuildVerb object at 0x7f422472c670>>, merge_install=False, metas=['./colcon.meta'], packages_above=None, packages_above_and_dependencies=None, packages_above_depth=None, packages_end=None, packages_ignore=None, packages_ignore_regex=None, packages_select=None, packages_select_build_failed=False, packages_select_by_dep=None, packages_select_regex=None, packages_select_test_failures=False, packages_skip=None, packages_skip_build_finished=False, packages_skip_by_dep=None, packages_skip_regex=None, packages_skip_test_passed=False, packages_skip_up_to=None, packages_start=None, packages_up_to=None, packages_up_to_regex=None, parallel_workers=8, paths=None, symlink_install=False, test_result_base=None, verb_extension=<colcon_core.verb.build.BuildVerb object at 0x7f422472c670>, verb_name='build', verb_parser=<colcon_defaults.argument_parser.defaults.DefaultArgumentsDecorator object at 0x7f42247b3be0>)
[8.690s] Level 1:colcon.colcon_core.package_discovery:discover_packages(colcon_meta) check parameters
[8.691s] Level 1:colcon.colcon_core.package_discovery:discover_packages(recursive) check parameters
[8.691s] Level 1:colcon.colcon_core.package_discovery:discover_packages(ignore) check parameters
[8.691s] Level 1:colcon.colcon_core.package_discovery:discover_packages(path) check parameters
[8.691s] Level 1:colcon.colcon_core.package_discovery:discover_packages(colcon_meta) discover
[8.691s] Level 1:colcon.colcon_core.package_discovery:discover_packages(recursive) discover
[8.691s] INFO:colcon.colcon_core.package_discovery:Crawling recursively for packages in '/home/babangida/ros_ws'
[8.691s] Level 1:colcon.colcon_core.package_identification:_identify(.) by extensions ['ignore', 'ignore_ament_install']
[8.691s] Level 1:colcon.colcon_core.package_identification:_identify(.) by extension 'ignore'
[8.691s] Level 1:colcon.colcon_core.package_identification:_identify(.) by extension 'ignore_ament_install'
[8.691s] Level 1:colcon.colcon_core.package_identification:_identify(.) by extensions ['colcon_pkg']
[8.691s] Level 1:colcon.colcon_core.package_identification:_identify(.) by extension 'colcon_pkg'
[8.691s] Level 1:colcon.colcon_core.package_identification:_identify(.) by extensions ['colcon_meta']
[8.691s] Level 1:colcon.colcon_core.package_identification:_identify(.) by extension 'colcon_meta'
[8.691s] Level 1:colcon.colcon_core.package_identification:_identify(.) by extensions ['ros']
[8.691s] Level 1:colcon.colcon_core.package_identification:_identify(.) by extension 'ros'
[8.789s] Level 1:colcon.colcon_core.package_identification:_identify(.) by extensions ['cmake', 'python']
[8.789s] Level 1:colcon.colcon_core.package_identification:_identify(.) by extension 'cmake'
[8.789s] Level 1:colcon.colcon_core.package_identification:_identify(.) by extension 'python'
[8.789s] Level 1:colcon.colcon_core.package_identification:_identify(.) by extensions ['python_setup_py']
[8.789s] Level 1:colcon.colcon_core.package_identification:_identify(.) by extension 'python_setup_py'
[8.789s] Level 1:colcon.colcon_core.package_identification:_identify(build) by extensions ['ignore', 'ignore_ament_install']
[8.789s] Level 1:colcon.colcon_core.package_identification:_identify(build) by extension 'ignore'
[8.789s] Level 1:colcon.colcon_core.package_identification:_identify(build) ignored
[8.789s] Level 1:colcon.colcon_core.package_identification:_identify(install) by extensions ['ignore', 'ignore_ament_install']
[8.789s] Level 1:colcon.colcon_core.package_identification:_identify(install) by extension 'ignore'
[8.789s] Level 1:colcon.colcon_core.package_identification:_identify(install) ignored
[8.789s] Level 1:colcon.colcon_core.package_identification:_identify(log) by extensions ['ignore', 'ignore_ament_install']
[8.790s] Level 1:colcon.colcon_core.package_identification:_identify(log) by extension 'ignore'
[8.790s] Level 1:colcon.colcon_core.package_identification:_identify(log) ignored
[8.790s] Level 1:colcon.colcon_core.package_identification:_identify(src) by extensions ['ignore', 'ignore_ament_install']
[8.790s] Level 1:colcon.colcon_core.package_identification:_identify(src) by extension 'ignore'
[8.790s] Level 1:colcon.colcon_core.package_identification:_identify(src) by extension 'ignore_ament_install'
[8.790s] Level 1:colcon.colcon_core.package_identification:_identify(src) by extensions ['colcon_pkg']
[8.790s] Level 1:colcon.colcon_core.package_identification:_identify(src) by extension 'colcon_pkg'
[8.790s] Level 1:colcon.colcon_core.package_identification:_identify(src) by extensions ['colcon_meta']
[8.790s] Level 1:colcon.colcon_core.package_identification:_identify(src) by extension 'colcon_meta'
[8.790s] Level 1:colcon.colcon_core.package_identification:_identify(src) by extensions ['ros']
[8.790s] Level 1:colcon.colcon_core.package_identification:_identify(src) by extension 'ros'
[8.790s] Level 1:colcon.colcon_core.package_identification:_identify(src) by extensions ['cmake', 'python']
[8.790s] Level 1:colcon.colcon_core.package_identification:_identify(src) by extension 'cmake'
[8.790s] Level 1:colcon.colcon_core.package_identification:_identify(src) by extension 'python'
[8.790s] Level 1:colcon.colcon_core.package_identification:_identify(src) by extensions ['python_setup_py']
[8.790s] Level 1:colcon.colcon_core.package_identification:_identify(src) by extension 'python_setup_py'
[8.790s] Level 1:colcon.colcon_core.package_identification:_identify(src/cim) by extensions ['ignore', 'ignore_ament_install']
[8.790s] Level 1:colcon.colcon_core.package_identification:_identify(src/cim) by extension 'ignore'
[8.790s] Level 1:colcon.colcon_core.package_identification:_identify(src/cim) by extension 'ignore_ament_install'
[8.790s] Level 1:colcon.colcon_core.package_identification:_identify(src/cim) by extensions ['colcon_pkg']
[8.790s] Level 1:colcon.colcon_core.package_identification:_identify(src/cim) by extension 'colcon_pkg'
[8.790s] Level 1:colcon.colcon_core.package_identification:_identify(src/cim) by extensions ['colcon_meta']
[8.790s] Level 1:colcon.colcon_core.package_identification:_identify(src/cim) by extension 'colcon_meta'
[8.791s] Level 1:colcon.colcon_core.package_identification:_identify(src/cim) by extensions ['ros']
[8.791s] Level 1:colcon.colcon_core.package_identification:_identify(src/cim) by extension 'ros'
[8.808s] DEBUG:colcon.colcon_core.package_identification:Package 'src/cim' with type 'ros.ament_python' and name 'cim'
[8.808s] Level 1:colcon.colcon_core.package_identification:_identify(src/dsrcmsg) by extensions ['ignore', 'ignore_ament_install']
[8.808s] Level 1:colcon.colcon_core.package_identification:_identify(src/dsrcmsg) by extension 'ignore'
[8.808s] Level 1:colcon.colcon_core.package_identification:_identify(src/dsrcmsg) by extension 'ignore_ament_install'
[8.808s] Level 1:colcon.colcon_core.package_identification:_identify(src/dsrcmsg) by extensions ['colcon_pkg']
[8.808s] Level 1:colcon.colcon_core.package_identification:_identify(src/dsrcmsg) by extension 'colcon_pkg'
[8.809s] Level 1:colcon.colcon_core.package_identification:_identify(src/dsrcmsg) by extensions ['colcon_meta']
[8.809s] Level 1:colcon.colcon_core.package_identification:_identify(src/dsrcmsg) by extension 'colcon_meta'
[8.809s] Level 1:colcon.colcon_core.package_identification:_identify(src/dsrcmsg) by extensions ['ros']
[8.809s] Level 1:colcon.colcon_core.package_identification:_identify(src/dsrcmsg) by extension 'ros'
[8.907s] DEBUG:colcon.colcon_core.package_identification:Package 'src/dsrcmsg' with type 'ros.ament_cmake' and name 'dsrcmsg'
[9.029s] Level 1:colcon.colcon_core.package_identification:_identify(src/reactivemethods) by extensions ['ignore', 'ignore_ament_install']
[9.029s] Level 1:colcon.colcon_core.package_identification:_identify(src/reactivemethods) by extension 'ignore'
[9.029s] Level 1:colcon.colcon_core.package_identification:_identify(src/reactivemethods) by extension 'ignore_ament_install'
[9.029s] Level 1:colcon.colcon_core.package_identification:_identify(src/reactivemethods) by extensions ['colcon_pkg']
[9.029s] Level 1:colcon.colcon_core.package_identification:_identify(src/reactivemethods) by extension 'colcon_pkg'
[9.029s] Level 1:colcon.colcon_core.package_identification:_identify(src/reactivemethods) by extensions ['colcon_meta']
[9.030s] Level 1:colcon.colcon_core.package_identification:_identify(src/reactivemethods) by extension 'colcon_meta'
[9.030s] Level 1:colcon.colcon_core.package_identification:_identify(src/reactivemethods) by extensions ['ros']
[9.030s] Level 1:colcon.colcon_core.package_identification:_identify(src/reactivemethods) by extension 'ros'
[9.081s] DEBUG:colcon.colcon_core.package_identification:Package 'src/reactivemethods' with type 'ros.ament_python' and name 'reactivemethods'
[9.183s] Level 1:colcon.colcon_core.package_identification:_identify(src/trafficrecord) by extensions ['ignore', 'ignore_ament_install']
[9.183s] Level 1:colcon.colcon_core.package_identification:_identify(src/trafficrecord) by extension 'ignore'
[9.183s] Level 1:colcon.colcon_core.package_identification:_identify(src/trafficrecord) by extension 'ignore_ament_install'
[9.183s] Level 1:colcon.colcon_core.package_identification:_identify(src/trafficrecord) by extensions ['colcon_pkg']
[9.183s] Level 1:colcon.colcon_core.package_identification:_identify(src/trafficrecord) by extension 'colcon_pkg'
[9.183s] Level 1:colcon.colcon_core.package_identification:_identify(src/trafficrecord) by extensions ['colcon_meta']
[9.183s] Level 1:colcon.colcon_core.package_identification:_identify(src/trafficrecord) by extension 'colcon_meta'
[9.183s] Level 1:colcon.colcon_core.package_identification:_identify(src/trafficrecord) by extensions ['ros']
[9.184s] Level 1:colcon.colcon_core.package_identification:_identify(src/trafficrecord) by extension 'ros'
[9.210s] DEBUG:colcon.colcon_core.package_identification:Package 'src/trafficrecord' with type 'ros.ament_cmake' and name 'trafficrecord'
[9.210s] Level 1:colcon.colcon_core.package_discovery:discover_packages(recursive) using defaults
[9.210s] Level 1:colcon.colcon_core.package_discovery:discover_packages(ignore) discover
[9.210s] Level 1:colcon.colcon_core.package_discovery:discover_packages(ignore) using defaults
[9.210s] Level 1:colcon.colcon_core.package_discovery:discover_packages(path) discover
[9.210s] Level 1:colcon.colcon_core.package_discovery:discover_packages(path) using defaults
[9.519s] Level 1:colcon.colcon_core.package_discovery:discover_packages(prefix_path) check parameters
[9.519s] Level 1:colcon.colcon_core.package_discovery:discover_packages(prefix_path) discover
[9.555s] Level 1:colcon.colcon_core.package_discovery:discover_packages(prefix_path) using defaults
[9.618s] Level 5:colcon.colcon_core.verb:set package 'dsrcmsg' build argument 'cmake_args' from command line to 'None'
[9.618s] Level 5:colcon.colcon_core.verb:set package 'dsrcmsg' build argument 'cmake_target' from command line to 'None'
[9.618s] Level 5:colcon.colcon_core.verb:set package 'dsrcmsg' build argument 'cmake_target_skip_unavailable' from command line to 'False'
[9.618s] Level 5:colcon.colcon_core.verb:set package 'dsrcmsg' build argument 'cmake_clean_cache' from command line to 'False'
[9.618s] Level 5:colcon.colcon_core.verb:set package 'dsrcmsg' build argument 'cmake_clean_first' from command line to 'False'
[9.618s] Level 5:colcon.colcon_core.verb:set package 'dsrcmsg' build argument 'cmake_force_configure' from command line to 'False'
[9.618s] Level 5:colcon.colcon_core.verb:set package 'dsrcmsg' build argument 'ament_cmake_args' from command line to 'None'
[9.618s] Level 5:colcon.colcon_core.verb:set package 'dsrcmsg' build argument 'catkin_cmake_args' from command line to 'None'
[9.618s] Level 5:colcon.colcon_core.verb:set package 'dsrcmsg' build argument 'catkin_skip_building_tests' from command line to 'False'
[9.618s] DEBUG:colcon.colcon_core.verb:Building package 'dsrcmsg' with the following arguments: {'ament_cmake_args': None, 'build_base': '/home/babangida/ros_ws/build/dsrcmsg', 'catkin_cmake_args': None, 'catkin_skip_building_tests': False, 'cmake_args': None, 'cmake_clean_cache': False, 'cmake_clean_first': False, 'cmake_force_configure': False, 'cmake_target': None, 'cmake_target_skip_unavailable': False, 'install_base': '/home/babangida/ros_ws/install/dsrcmsg', 'merge_install': False, 'path': '/home/babangida/ros_ws/src/dsrcmsg', 'symlink_install': False, 'test_result_base': None}
[9.648s] Level 5:colcon.colcon_core.verb:set package 'trafficrecord' build argument 'cmake_args' from command line to 'None'
[9.648s] Level 5:colcon.colcon_core.verb:set package 'trafficrecord' build argument 'cmake_target' from command line to 'None'
[9.648s] Level 5:colcon.colcon_core.verb:set package 'trafficrecord' build argument 'cmake_target_skip_unavailable' from command line to 'False'
[9.648s] Level 5:colcon.colcon_core.verb:set package 'trafficrecord' build argument 'cmake_clean_cache' from command line to 'False'
[9.648s] Level 5:colcon.colcon_core.verb:set package 'trafficrecord' build argument 'cmake_clean_first' from command line to 'False'
[9.648s] Level 5:colcon.colcon_core.verb:set package 'trafficrecord' build argument 'cmake_force_configure' from command line to 'False'
[9.648s] Level 5:colcon.colcon_core.verb:set package 'trafficrecord' build argument 'ament_cmake_args' from command line to 'None'
[9.648s] Level 5:colcon.colcon_core.verb:set package 'trafficrecord' build argument 'catkin_cmake_args' from command line to 'None'
[9.648s] Level 5:colcon.colcon_core.verb:set package 'trafficrecord' build argument 'catkin_skip_building_tests' from command line to 'False'
[9.648s] DEBUG:colcon.colcon_core.verb:Building package 'trafficrecord' with the following arguments: {'ament_cmake_args': None, 'build_base': '/home/babangida/ros_ws/build/trafficrecord', 'catkin_cmake_args': None, 'catkin_skip_building_tests': False, 'cmake_args': None, 'cmake_clean_cache': False, 'cmake_clean_first': False, 'cmake_force_configure': False, 'cmake_target': None, 'cmake_target_skip_unavailable': False, 'install_base': '/home/babangida/ros_ws/install/trafficrecord', 'merge_install': False, 'path': '/home/babangida/ros_ws/src/trafficrecord', 'symlink_install': False, 'test_result_base': None}
[9.678s] Level 5:colcon.colcon_core.verb:set package 'cim' build argument 'cmake_args' from command line to 'None'
[9.678s] Level 5:colcon.colcon_core.verb:set package 'cim' build argument 'cmake_target' from command line to 'None'
[9.678s] Level 5:colcon.colcon_core.verb:set package 'cim' build argument 'cmake_target_skip_unavailable' from command line to 'False'
[9.678s] Level 5:colcon.colcon_core.verb:set package 'cim' build argument 'cmake_clean_cache' from command line to 'False'
[9.678s] Level 5:colcon.colcon_core.verb:set package 'cim' build argument 'cmake_clean_first' from command line to 'False'
[9.678s] Level 5:colcon.colcon_core.verb:set package 'cim' build argument 'cmake_force_configure' from command line to 'False'
[9.678s] Level 5:colcon.colcon_core.verb:set package 'cim' build argument 'ament_cmake_args' from command line to 'None'
[9.678s] Level 5:colcon.colcon_core.verb:set package 'cim' build argument 'catkin_cmake_args' from command line to 'None'
[9.678s] Level 5:colcon.colcon_core.verb:set package 'cim' build argument 'catkin_skip_building_tests' from command line to 'False'
[9.678s] DEBUG:colcon.colcon_core.verb:Building package 'cim' with the following arguments: {'ament_cmake_args': None, 'build_base': '/home/babangida/ros_ws/build/cim', 'catkin_cmake_args': None, 'catkin_skip_building_tests': False, 'cmake_args': None, 'cmake_clean_cache': False, 'cmake_clean_first': False, 'cmake_force_configure': False, 'cmake_target': None, 'cmake_target_skip_unavailable': False, 'install_base': '/home/babangida/ros_ws/install/cim', 'merge_install': False, 'path': '/home/babangida/ros_ws/src/cim', 'symlink_install': False, 'test_result_base': None}
[9.710s] Level 5:colcon.colcon_core.verb:set package 'reactivemethods' build argument 'cmake_args' from command line to 'None'
[9.710s] Level 5:colcon.colcon_core.verb:set package 'reactivemethods' build argument 'cmake_target' from command line to 'None'
[9.710s] Level 5:colcon.colcon_core.verb:set package 'reactivemethods' build argument 'cmake_target_skip_unavailable' from command line to 'False'
[9.710s] Level 5:colcon.colcon_core.verb:set package 'reactivemethods' build argument 'cmake_clean_cache' from command line to 'False'
[9.710s] Level 5:colcon.colcon_core.verb:set package 'reactivemethods' build argument 'cmake_clean_first' from command line to 'False'
[9.710s] Level 5:colcon.colcon_core.verb:set package 'reactivemethods' build argument 'cmake_force_configure' from command line to 'False'
[9.710s] Level 5:colcon.colcon_core.verb:set package 'reactivemethods' build argument 'ament_cmake_args' from command line to 'None'
[9.710s] Level 5:colcon.colcon_core.verb:set package 'reactivemethods' build argument 'catkin_cmake_args' from command line to 'None'
[9.710s] Level 5:colcon.colcon_core.verb:set package 'reactivemethods' build argument 'catkin_skip_building_tests' from command line to 'False'
[9.710s] DEBUG:colcon.colcon_core.verb:Building package 'reactivemethods' with the following arguments: {'ament_cmake_args': None, 'build_base': '/home/babangida/ros_ws/build/reactivemethods', 'catkin_cmake_args': None, 'catkin_skip_building_tests': False, 'cmake_args': None, 'cmake_clean_cache': False, 'cmake_clean_first': False, 'cmake_force_configure': False, 'cmake_target': None, 'cmake_target_skip_unavailable': False, 'install_base': '/home/babangida/ros_ws/install/reactivemethods', 'merge_install': False, 'path': '/home/babangida/ros_ws/src/reactivemethods', 'symlink_install': False, 'test_result_base': None}
[9.741s] INFO:colcon.colcon_core.executor:Executing jobs using 'parallel' executor
[9.773s] DEBUG:colcon.colcon_parallel_executor.executor.parallel:run_until_complete
[9.773s] INFO:colcon.colcon_ros.task.ament_cmake.build:Building ROS package in '/home/babangida/ros_ws/src/dsrcmsg' with build type 'ament_cmake'
[9.774s] INFO:colcon.colcon_cmake.task.cmake.build:Building CMake package in '/home/babangida/ros_ws/src/dsrcmsg'
[9.962s] INFO:colcon.colcon_core.plugin_system:Skipping extension 'colcon_core.shell.bat': Not used on non-Windows systems
[9.962s] INFO:colcon.colcon_core.shell:Skip shell extension 'powershell' for command environment: Not usable outside of PowerShell
[9.962s] DEBUG:colcon.colcon_core.shell:Skip shell extension 'dsv' for command environment
[10.011s] INFO:colcon.colcon_ros.task.ament_cmake.build:Building ROS package in '/home/babangida/ros_ws/src/trafficrecord' with build type 'ament_cmake'
[10.012s] INFO:colcon.colcon_cmake.task.cmake.build:Building CMake package in '/home/babangida/ros_ws/src/trafficrecord'
[10.046s] INFO:colcon.colcon_core.shell:Skip shell extension 'powershell' for command environment: Not usable outside of PowerShell
[10.046s] DEBUG:colcon.colcon_core.shell:Skip shell extension 'dsv' for command environment
[10.213s] DEBUG:colcon.colcon_core.event_handler.log_command:Invoking command in '/home/babangida/ros_ws/build/dsrcmsg': /usr/bin/cmake --build /home/babangida/ros_ws/build/dsrcmsg -- -j8 -l8
[10.294s] DEBUG:colcon.colcon_core.event_handler.log_command:Invoking command in '/home/babangida/ros_ws/build/trafficrecord': /usr/bin/cmake --build /home/babangida/ros_ws/build/trafficrecord -- -j8 -l8
[13.571s] DEBUG:colcon.colcon_core.event_handler.log_command:Invoked command in '/home/babangida/ros_ws/build/dsrcmsg' returned '0': /usr/bin/cmake --build /home/babangida/ros_ws/build/dsrcmsg -- -j8 -l8
[13.643s] DEBUG:colcon.colcon_core.event_handler.log_command:Invoked command in '/home/babangida/ros_ws/build/trafficrecord' returned '0': /usr/bin/cmake --build /home/babangida/ros_ws/build/trafficrecord -- -j8 -l8
[13.657s] DEBUG:colcon.colcon_core.event_handler.log_command:Invoking command in '/home/babangida/ros_ws/build/dsrcmsg': /usr/bin/cmake --install /home/babangida/ros_ws/build/dsrcmsg
[13.704s] DEBUG:colcon.colcon_core.event_handler.log_command:Invoking command in '/home/babangida/ros_ws/build/trafficrecord': /usr/bin/cmake --install /home/babangida/ros_ws/build/trafficrecord
[14.360s] Level 1:colcon.colcon_core.environment:create_environment_scripts_only(trafficrecord)
[14.361s] DEBUG:colcon.colcon_core.event_handler.log_command:Invoked command in '/home/babangida/ros_ws/build/trafficrecord' returned '0': /usr/bin/cmake --install /home/babangida/ros_ws/build/trafficrecord
[14.638s] Level 1:colcon.colcon_core.environment:checking '/home/babangida/ros_ws/install/trafficrecord' for CMake module files
[14.638s] Level 1:colcon.colcon_core.environment:checking '/home/babangida/ros_ws/install/trafficrecord' for CMake config files
[14.651s] Level 1:colcon.colcon_core.shell:create_environment_hook('trafficrecord', 'cmake_prefix_path')
[14.682s] INFO:colcon.colcon_core.shell:Creating environment hook '/home/babangida/ros_ws/install/trafficrecord/share/trafficrecord/hook/cmake_prefix_path.ps1'
[14.801s] INFO:colcon.colcon_core.shell:Creating environment descriptor '/home/babangida/ros_ws/install/trafficrecord/share/trafficrecord/hook/cmake_prefix_path.dsv'
[14.820s] INFO:colcon.colcon_core.shell:Creating environment hook '/home/babangida/ros_ws/install/trafficrecord/share/trafficrecord/hook/cmake_prefix_path.sh'
[14.921s] Level 1:colcon.colcon_core.environment:checking '/home/babangida/ros_ws/install/trafficrecord/lib'
[14.922s] Level 1:colcon.colcon_core.shell:create_environment_hook('trafficrecord', 'ld_library_path_lib')
[14.954s] INFO:colcon.colcon_core.shell:Creating environment hook '/home/babangida/ros_ws/install/trafficrecord/share/trafficrecord/hook/ld_library_path_lib.ps1'
[14.954s] INFO:colcon.colcon_core.shell:Creating environment descriptor '/home/babangida/ros_ws/install/trafficrecord/share/trafficrecord/hook/ld_library_path_lib.dsv'
[14.955s] INFO:colcon.colcon_core.shell:Creating environment hook '/home/babangida/ros_ws/install/trafficrecord/share/trafficrecord/hook/ld_library_path_lib.sh'
[14.955s] Level 1:colcon.colcon_core.environment:checking '/home/babangida/ros_ws/install/trafficrecord/bin'
[14.955s] Level 1:colcon.colcon_core.environment:checking '/home/babangida/ros_ws/install/trafficrecord/lib/pkgconfig/trafficrecord.pc'
[14.956s] Level 1:colcon.colcon_core.environment:checking '/home/babangida/ros_ws/install/trafficrecord/lib/python3.8/site-packages'
[14.956s] Level 1:colcon.colcon_core.shell:create_environment_hook('trafficrecord', 'pythonpath')
[14.987s] INFO:colcon.colcon_core.shell:Creating environment hook '/home/babangida/ros_ws/install/trafficrecord/share/trafficrecord/hook/pythonpath.ps1'
[14.988s] INFO:colcon.colcon_core.shell:Creating environment descriptor '/home/babangida/ros_ws/install/trafficrecord/share/trafficrecord/hook/pythonpath.dsv'
[14.988s] INFO:colcon.colcon_core.shell:Creating environment hook '/home/babangida/ros_ws/install/trafficrecord/share/trafficrecord/hook/pythonpath.sh'
[14.989s] Level 1:colcon.colcon_core.environment:checking '/home/babangida/ros_ws/install/trafficrecord/bin'
[15.022s] INFO:colcon.colcon_core.shell:Creating package script '/home/babangida/ros_ws/install/trafficrecord/share/trafficrecord/package.ps1'
[15.032s] INFO:colcon.colcon_core.shell:Creating package descriptor '/home/babangida/ros_ws/install/trafficrecord/share/trafficrecord/package.dsv'
[15.044s] INFO:colcon.colcon_core.shell:Creating package script '/home/babangida/ros_ws/install/trafficrecord/share/trafficrecord/package.sh'
[15.045s] INFO:colcon.colcon_core.shell:Creating package script '/home/babangida/ros_ws/install/trafficrecord/share/trafficrecord/package.bash'
[15.057s] INFO:colcon.colcon_core.shell:Creating package script '/home/babangida/ros_ws/install/trafficrecord/share/trafficrecord/package.zsh'
[15.080s] Level 1:colcon.colcon_core.environment:create_file_with_runtime_dependencies(/home/babangida/ros_ws/install/trafficrecord/share/colcon-core/packages/trafficrecord)
[15.084s] Level 1:colcon.colcon_core.environment:create_environment_scripts_only(dsrcmsg)
[15.084s] DEBUG:colcon.colcon_core.event_handler.log_command:Invoked command in '/home/babangida/ros_ws/build/dsrcmsg' returned '0': /usr/bin/cmake --install /home/babangida/ros_ws/build/dsrcmsg
[15.120s] Level 1:colcon.colcon_core.environment:checking '/home/babangida/ros_ws/install/dsrcmsg' for CMake module files
[15.121s] Level 1:colcon.colcon_core.environment:checking '/home/babangida/ros_ws/install/dsrcmsg' for CMake config files
[15.122s] Level 1:colcon.colcon_core.shell:create_environment_hook('dsrcmsg', 'cmake_prefix_path')
[15.155s] INFO:colcon.colcon_core.shell:Creating environment hook '/home/babangida/ros_ws/install/dsrcmsg/share/dsrcmsg/hook/cmake_prefix_path.ps1'
[15.156s] INFO:colcon.colcon_core.shell:Creating environment descriptor '/home/babangida/ros_ws/install/dsrcmsg/share/dsrcmsg/hook/cmake_prefix_path.dsv'
[15.156s] INFO:colcon.colcon_core.shell:Creating environment hook '/home/babangida/ros_ws/install/dsrcmsg/share/dsrcmsg/hook/cmake_prefix_path.sh'
[15.157s] Level 1:colcon.colcon_core.environment:checking '/home/babangida/ros_ws/install/dsrcmsg/lib'
[15.157s] Level 1:colcon.colcon_core.shell:create_environment_hook('dsrcmsg', 'ld_library_path_lib')
[15.187s] INFO:colcon.colcon_core.shell:Creating environment hook '/home/babangida/ros_ws/install/dsrcmsg/share/dsrcmsg/hook/ld_library_path_lib.ps1'
[15.187s] INFO:colcon.colcon_core.shell:Creating environment descriptor '/home/babangida/ros_ws/install/dsrcmsg/share/dsrcmsg/hook/ld_library_path_lib.dsv'
[15.188s] INFO:colcon.colcon_core.shell:Creating environment hook '/home/babangida/ros_ws/install/dsrcmsg/share/dsrcmsg/hook/ld_library_path_lib.sh'
[15.188s] Level 1:colcon.colcon_core.environment:checking '/home/babangida/ros_ws/install/dsrcmsg/bin'
[15.188s] Level 1:colcon.colcon_core.environment:checking '/home/babangida/ros_ws/install/dsrcmsg/lib/pkgconfig/dsrcmsg.pc'
[15.188s] Level 1:colcon.colcon_core.environment:checking '/home/babangida/ros_ws/install/dsrcmsg/lib/python3.8/site-packages'
[15.188s] Level 1:colcon.colcon_core.shell:create_environment_hook('dsrcmsg', 'pythonpath')
[15.221s] INFO:colcon.colcon_core.shell:Creating environment hook '/home/babangida/ros_ws/install/dsrcmsg/share/dsrcmsg/hook/pythonpath.ps1'
[15.221s] INFO:colcon.colcon_core.shell:Creating environment descriptor '/home/babangida/ros_ws/install/dsrcmsg/share/dsrcmsg/hook/pythonpath.dsv'
[15.221s] INFO:colcon.colcon_core.shell:Creating environment hook '/home/babangida/ros_ws/install/dsrcmsg/share/dsrcmsg/hook/pythonpath.sh'
[15.222s] Level 1:colcon.colcon_core.environment:checking '/home/babangida/ros_ws/install/dsrcmsg/bin'
[15.254s] INFO:colcon.colcon_core.shell:Creating package script '/home/babangida/ros_ws/install/dsrcmsg/share/dsrcmsg/package.ps1'
[15.255s] INFO:colcon.colcon_core.shell:Creating package descriptor '/home/babangida/ros_ws/install/dsrcmsg/share/dsrcmsg/package.dsv'
[15.255s] INFO:colcon.colcon_core.shell:Creating package script '/home/babangida/ros_ws/install/dsrcmsg/share/dsrcmsg/package.sh'
[15.256s] INFO:colcon.colcon_core.shell:Creating package script '/home/babangida/ros_ws/install/dsrcmsg/share/dsrcmsg/package.bash'
[15.256s] INFO:colcon.colcon_core.shell:Creating package script '/home/babangida/ros_ws/install/dsrcmsg/share/dsrcmsg/package.zsh'
[15.256s] Level 1:colcon.colcon_core.environment:create_file_with_runtime_dependencies(/home/babangida/ros_ws/install/dsrcmsg/share/colcon-core/packages/dsrcmsg)
[15.294s] Level 1:colcon.colcon_core.environment:create_environment_scripts_only(trafficrecord)
[15.330s] Level 1:colcon.colcon_core.environment:checking '/home/babangida/ros_ws/install/trafficrecord' for CMake module files
[15.331s] Level 1:colcon.colcon_core.environment:checking '/home/babangida/ros_ws/install/trafficrecord' for CMake config files
[15.332s] Level 1:colcon.colcon_core.shell:create_environment_hook('trafficrecord', 'cmake_prefix_path')
[15.365s] INFO:colcon.colcon_core.shell:Creating environment hook '/home/babangida/ros_ws/install/trafficrecord/share/trafficrecord/hook/cmake_prefix_path.ps1'
[15.365s] INFO:colcon.colcon_core.shell:Creating environment descriptor '/home/babangida/ros_ws/install/trafficrecord/share/trafficrecord/hook/cmake_prefix_path.dsv'
[15.366s] INFO:colcon.colcon_core.shell:Creating environment hook '/home/babangida/ros_ws/install/trafficrecord/share/trafficrecord/hook/cmake_prefix_path.sh'
[15.366s] Level 1:colcon.colcon_core.environment:checking '/home/babangida/ros_ws/install/trafficrecord/lib'
[15.366s] Level 1:colcon.colcon_core.shell:create_environment_hook('trafficrecord', 'ld_library_path_lib')
[15.395s] INFO:colcon.colcon_core.shell:Creating environment hook '/home/babangida/ros_ws/install/trafficrecord/share/trafficrecord/hook/ld_library_path_lib.ps1'
[15.396s] INFO:colcon.colcon_core.shell:Creating environment descriptor '/home/babangida/ros_ws/install/trafficrecord/share/trafficrecord/hook/ld_library_path_lib.dsv'
[15.396s] INFO:colcon.colcon_core.shell:Creating environment hook '/home/babangida/ros_ws/install/trafficrecord/share/trafficrecord/hook/ld_library_path_lib.sh'
[15.397s] Level 1:colcon.colcon_core.environment:checking '/home/babangida/ros_ws/install/trafficrecord/bin'
[15.397s] Level 1:colcon.colcon_core.environment:checking '/home/babangida/ros_ws/install/trafficrecord/lib/pkgconfig/trafficrecord.pc'
[15.397s] Level 1:colcon.colcon_core.environment:checking '/home/babangida/ros_ws/install/trafficrecord/lib/python3.8/site-packages'
[15.397s] Level 1:colcon.colcon_core.shell:create_environment_hook('trafficrecord', 'pythonpath')
[15.429s] INFO:colcon.colcon_core.shell:Creating environment hook '/home/babangida/ros_ws/install/trafficrecord/share/trafficrecord/hook/pythonpath.ps1'
[15.430s] INFO:colcon.colcon_core.shell:Creating environment descriptor '/home/babangida/ros_ws/install/trafficrecord/share/trafficrecord/hook/pythonpath.dsv'
[15.430s] INFO:colcon.colcon_core.shell:Creating environment hook '/home/babangida/ros_ws/install/trafficrecord/share/trafficrecord/hook/pythonpath.sh'
[15.431s] Level 1:colcon.colcon_core.environment:checking '/home/babangida/ros_ws/install/trafficrecord/bin'
[15.464s] INFO:colcon.colcon_core.shell:Creating package script '/home/babangida/ros_ws/install/trafficrecord/share/trafficrecord/package.ps1'
[15.464s] INFO:colcon.colcon_core.shell:Creating package descriptor '/home/babangida/ros_ws/install/trafficrecord/share/trafficrecord/package.dsv'
[15.465s] INFO:colcon.colcon_core.shell:Creating package script '/home/babangida/ros_ws/install/trafficrecord/share/trafficrecord/package.sh'
[15.466s] INFO:colcon.colcon_core.shell:Creating package script '/home/babangida/ros_ws/install/trafficrecord/share/trafficrecord/package.bash'
[15.466s] INFO:colcon.colcon_core.shell:Creating package script '/home/babangida/ros_ws/install/trafficrecord/share/trafficrecord/package.zsh'
[15.466s] Level 1:colcon.colcon_core.environment:create_file_with_runtime_dependencies(/home/babangida/ros_ws/install/trafficrecord/share/colcon-core/packages/trafficrecord)
[15.501s] Level 1:colcon.colcon_core.environment:create_environment_scripts_only(dsrcmsg)
[15.533s] Level 1:colcon.colcon_core.environment:checking '/home/babangida/ros_ws/install/dsrcmsg' for CMake module files
[15.533s] Level 1:colcon.colcon_core.environment:checking '/home/babangida/ros_ws/install/dsrcmsg' for CMake config files
[15.534s] Level 1:colcon.colcon_core.shell:create_environment_hook('dsrcmsg', 'cmake_prefix_path')
[15.567s] INFO:colcon.colcon_core.shell:Creating environment hook '/home/babangida/ros_ws/install/dsrcmsg/share/dsrcmsg/hook/cmake_prefix_path.ps1'
[15.567s] INFO:colcon.colcon_core.shell:Creating environment descriptor '/home/babangida/ros_ws/install/dsrcmsg/share/dsrcmsg/hook/cmake_prefix_path.dsv'
[15.567s] INFO:colcon.colcon_core.shell:Creating environment hook '/home/babangida/ros_ws/install/dsrcmsg/share/dsrcmsg/hook/cmake_prefix_path.sh'
[15.568s] Level 1:colcon.colcon_core.environment:checking '/home/babangida/ros_ws/install/dsrcmsg/lib'
[15.568s] Level 1:colcon.colcon_core.shell:create_environment_hook('dsrcmsg', 'ld_library_path_lib')
[15.598s] INFO:colcon.colcon_core.shell:Creating environment hook '/home/babangida/ros_ws/install/dsrcmsg/share/dsrcmsg/hook/ld_library_path_lib.ps1'
[15.599s] INFO:colcon.colcon_core.shell:Creating environment descriptor '/home/babangida/ros_ws/install/dsrcmsg/share/dsrcmsg/hook/ld_library_path_lib.dsv'
[15.599s] INFO:colcon.colcon_core.shell:Creating environment hook '/home/babangida/ros_ws/install/dsrcmsg/share/dsrcmsg/hook/ld_library_path_lib.sh'
[15.599s] Level 1:colcon.colcon_core.environment:checking '/home/babangida/ros_ws/install/dsrcmsg/bin'
[15.599s] Level 1:colcon.colcon_core.environment:checking '/home/babangida/ros_ws/install/dsrcmsg/lib/pkgconfig/dsrcmsg.pc'
[15.599s] Level 1:colcon.colcon_core.environment:checking '/home/babangida/ros_ws/install/dsrcmsg/lib/python3.8/site-packages'
[15.599s] Level 1:colcon.colcon_core.shell:create_environment_hook('dsrcmsg', 'pythonpath')
[15.631s] INFO:colcon.colcon_core.shell:Creating environment hook '/home/babangida/ros_ws/install/dsrcmsg/share/dsrcmsg/hook/pythonpath.ps1'
[15.632s] INFO:colcon.colcon_core.shell:Creating environment descriptor '/home/babangida/ros_ws/install/dsrcmsg/share/dsrcmsg/hook/pythonpath.dsv'
[15.632s] INFO:colcon.colcon_core.shell:Creating environment hook '/home/babangida/ros_ws/install/dsrcmsg/share/dsrcmsg/hook/pythonpath.sh'
[15.632s] Level 1:colcon.colcon_core.environment:checking '/home/babangida/ros_ws/install/dsrcmsg/bin'
[15.665s] INFO:colcon.colcon_core.shell:Creating package script '/home/babangida/ros_ws/install/dsrcmsg/share/dsrcmsg/package.ps1'
[15.666s] INFO:colcon.colcon_core.shell:Creating package descriptor '/home/babangida/ros_ws/install/dsrcmsg/share/dsrcmsg/package.dsv'
[15.666s] INFO:colcon.colcon_core.shell:Creating package script '/home/babangida/ros_ws/install/dsrcmsg/share/dsrcmsg/package.sh'
[15.667s] INFO:colcon.colcon_core.shell:Creating package script '/home/babangida/ros_ws/install/dsrcmsg/share/dsrcmsg/package.bash'
[15.667s] INFO:colcon.colcon_core.shell:Creating package script '/home/babangida/ros_ws/install/dsrcmsg/share/dsrcmsg/package.zsh'
[15.667s] Level 1:colcon.colcon_core.environment:create_file_with_runtime_dependencies(/home/babangida/ros_ws/install/dsrcmsg/share/colcon-core/packages/dsrcmsg)
[15.668s] INFO:colcon.colcon_ros.task.ament_python.build:Building ROS package in '/home/babangida/ros_ws/src/cim' with build type 'ament_python'
[15.668s] Level 1:colcon.colcon_core.shell:create_environment_hook('cim', 'ament_prefix_path')
[15.700s] INFO:colcon.colcon_core.shell:Creating environment hook '/home/babangida/ros_ws/install/cim/share/cim/hook/ament_prefix_path.ps1'
[15.702s] INFO:colcon.colcon_core.shell:Creating environment descriptor '/home/babangida/ros_ws/install/cim/share/cim/hook/ament_prefix_path.dsv'
[15.702s] INFO:colcon.colcon_core.shell:Creating environment hook '/home/babangida/ros_ws/install/cim/share/cim/hook/ament_prefix_path.sh'
[15.736s] INFO:colcon.colcon_core.shell:Skip shell extension 'powershell' for command environment: Not usable outside of PowerShell
[15.736s] DEBUG:colcon.colcon_core.shell:Skip shell extension 'dsv' for command environment
[15.781s] INFO:colcon.colcon_ros.task.ament_python.build:Building ROS package in '/home/babangida/ros_ws/src/reactivemethods' with build type 'ament_python'
[15.781s] Level 1:colcon.colcon_core.shell:create_environment_hook('reactivemethods', 'ament_prefix_path')
[15.838s] INFO:colcon.colcon_core.shell:Creating environment hook '/home/babangida/ros_ws/install/reactivemethods/share/reactivemethods/hook/ament_prefix_path.ps1'
[15.849s] INFO:colcon.colcon_core.shell:Creating environment descriptor '/home/babangida/ros_ws/install/reactivemethods/share/reactivemethods/hook/ament_prefix_path.dsv'
[15.850s] INFO:colcon.colcon_core.shell:Creating environment hook '/home/babangida/ros_ws/install/reactivemethods/share/reactivemethods/hook/ament_prefix_path.sh'
[15.889s] INFO:colcon.colcon_core.shell:Skip shell extension 'powershell' for command environment: Not usable outside of PowerShell
[15.889s] DEBUG:colcon.colcon_core.shell:Skip shell extension 'dsv' for command environment
[16.636s] INFO:colcon.colcon_core.task.python.build:Building Python package in '/home/babangida/ros_ws/src/reactivemethods'
[16.673s] INFO:colcon.colcon_core.shell:Skip shell extension 'powershell' for command environment: Not usable outside of PowerShell
[16.673s] DEBUG:colcon.colcon_core.shell:Skip shell extension 'dsv' for command environment
[17.052s] INFO:colcon.colcon_core.task.python.build:Building Python package in '/home/babangida/ros_ws/src/cim'
[17.097s] INFO:colcon.colcon_core.shell:Skip shell extension 'powershell' for command environment: Not usable outside of PowerShell
[17.097s] DEBUG:colcon.colcon_core.shell:Skip shell extension 'dsv' for command environment
[18.674s] DEBUG:colcon.colcon_core.event_handler.log_command:Invoking command in '/home/babangida/ros_ws/build/cim': AMENT_PREFIX_PATH=/home/babangida/ros_ws/install/trafficrecord:/home/babangida/ros_ws/install/dsrcmsg CMAKE_PREFIX_PATH=/home/babangida/ros_ws/install/trafficrecord:/home/babangida/ros_ws/install/dsrcmsg LD_LIBRARY_PATH=/home/babangida/ros_ws/install/trafficrecord/lib:/home/babangida/ros_ws/install/dsrcmsg/lib PYTHONPATH=/home/babangida/ros_ws/build/cim/prefix_override:/home/babangida/ros_ws/install/cim/lib/python3.8/site-packages:/home/babangida/ros_ws/install/trafficrecord/lib/python3.8/site-packages:/home/babangida/ros_ws/install/dsrcmsg/lib/python3.8/site-packages /usr/bin/python3 setup.py develop --uninstall --editable --build-directory /home/babangida/ros_ws/build/cim/build
[18.679s] DEBUG:colcon.colcon_core.event_handler.log_command:Invoking command in '/home/babangida/ros_ws/src/reactivemethods': AMENT_PREFIX_PATH=/home/babangida/ros_ws/install/dsrcmsg CMAKE_PREFIX_PATH=/home/babangida/ros_ws/install/dsrcmsg LD_LIBRARY_PATH=/home/babangida/ros_ws/install/dsrcmsg/lib PYTHONPATH=/home/babangida/ros_ws/build/reactivemethods/prefix_override:/home/babangida/ros_ws/install/reactivemethods/lib/python3.8/site-packages:/home/babangida/ros_ws/install/dsrcmsg/lib/python3.8/site-packages /usr/bin/python3 setup.py egg_info --egg-base ../../build/reactivemethods build --build-base /home/babangida/ros_ws/build/reactivemethods/build install --record /home/babangida/ros_ws/build/reactivemethods/install.log --install-scripts $base/lib/reactivemethods --single-version-externally-managed
[19.344s] DEBUG:colcon.colcon_core.event_handler.log_command:Invoked command in '/home/babangida/ros_ws/src/reactivemethods' returned '0': AMENT_PREFIX_PATH=/home/babangida/ros_ws/install/dsrcmsg CMAKE_PREFIX_PATH=/home/babangida/ros_ws/install/dsrcmsg LD_LIBRARY_PATH=/home/babangida/ros_ws/install/dsrcmsg/lib PYTHONPATH=/home/babangida/ros_ws/build/reactivemethods/prefix_override:/home/babangida/ros_ws/install/reactivemethods/lib/python3.8/site-packages:/home/babangida/ros_ws/install/dsrcmsg/lib/python3.8/site-packages /usr/bin/python3 setup.py egg_info --egg-base ../../build/reactivemethods build --build-base /home/babangida/ros_ws/build/reactivemethods/build install --record /home/babangida/ros_ws/build/reactivemethods/install.log --install-scripts $base/lib/reactivemethods --single-version-externally-managed
[19.406s] Level 1:colcon.colcon_core.environment:checking '/home/babangida/ros_ws/install/reactivemethods' for CMake module files
[19.407s] Level 1:colcon.colcon_core.environment:checking '/home/babangida/ros_ws/install/reactivemethods' for CMake config files
[19.408s] Level 1:colcon.colcon_core.environment:checking '/home/babangida/ros_ws/install/reactivemethods/lib'
[19.409s] Level 1:colcon.colcon_core.environment:checking '/home/babangida/ros_ws/install/reactivemethods/bin'
[19.409s] Level 1:colcon.colcon_core.environment:checking '/home/babangida/ros_ws/install/reactivemethods/lib/pkgconfig/reactivemethods.pc'
[19.409s] Level 1:colcon.colcon_core.environment:checking '/home/babangida/ros_ws/install/reactivemethods/lib/python3.8/site-packages'
[19.409s] Level 1:colcon.colcon_core.shell:create_environment_hook('reactivemethods', 'pythonpath')
[19.462s] INFO:colcon.colcon_core.shell:Creating environment hook '/home/babangida/ros_ws/install/reactivemethods/share/reactivemethods/hook/pythonpath.ps1'
[19.463s] INFO:colcon.colcon_core.shell:Creating environment descriptor '/home/babangida/ros_ws/install/reactivemethods/share/reactivemethods/hook/pythonpath.dsv'
[19.463s] INFO:colcon.colcon_core.shell:Creating environment hook '/home/babangida/ros_ws/install/reactivemethods/share/reactivemethods/hook/pythonpath.sh'
[19.464s] Level 1:colcon.colcon_core.environment:checking '/home/babangida/ros_ws/install/reactivemethods/bin'
[19.464s] Level 1:colcon.colcon_core.environment:create_environment_scripts_only(reactivemethods)
[19.514s] INFO:colcon.colcon_core.shell:Creating package script '/home/babangida/ros_ws/install/reactivemethods/share/reactivemethods/package.ps1'
[19.515s] INFO:colcon.colcon_core.shell:Creating package descriptor '/home/babangida/ros_ws/install/reactivemethods/share/reactivemethods/package.dsv'
[19.515s] INFO:colcon.colcon_core.shell:Creating package script '/home/babangida/ros_ws/install/reactivemethods/share/reactivemethods/package.sh'
[19.516s] INFO:colcon.colcon_core.shell:Creating package script '/home/babangida/ros_ws/install/reactivemethods/share/reactivemethods/package.bash'
[19.516s] INFO:colcon.colcon_core.shell:Creating package script '/home/babangida/ros_ws/install/reactivemethods/share/reactivemethods/package.zsh'
[19.517s] Level 1:colcon.colcon_core.environment:create_file_with_runtime_dependencies(/home/babangida/ros_ws/install/reactivemethods/share/colcon-core/packages/reactivemethods)
[19.520s] DEBUG:colcon.colcon_core.event_handler.log_command:Invoked command in '/home/babangida/ros_ws/build/cim' returned '0': AMENT_PREFIX_PATH=/home/babangida/ros_ws/install/trafficrecord:/home/babangida/ros_ws/install/dsrcmsg CMAKE_PREFIX_PATH=/home/babangida/ros_ws/install/trafficrecord:/home/babangida/ros_ws/install/dsrcmsg LD_LIBRARY_PATH=/home/babangida/ros_ws/install/trafficrecord/lib:/home/babangida/ros_ws/install/dsrcmsg/lib PYTHONPATH=/home/babangida/ros_ws/build/cim/prefix_override:/home/babangida/ros_ws/install/cim/lib/python3.8/site-packages:/home/babangida/ros_ws/install/trafficrecord/lib/python3.8/site-packages:/home/babangida/ros_ws/install/dsrcmsg/lib/python3.8/site-packages /usr/bin/python3 setup.py develop --uninstall --editable --build-directory /home/babangida/ros_ws/build/cim/build
[19.525s] DEBUG:colcon.colcon_core.event_handler.log_command:Invoking command in '/home/babangida/ros_ws/src/cim': AMENT_PREFIX_PATH=/home/babangida/ros_ws/install/trafficrecord:/home/babangida/ros_ws/install/dsrcmsg CMAKE_PREFIX_PATH=/home/babangida/ros_ws/install/trafficrecord:/home/babangida/ros_ws/install/dsrcmsg LD_LIBRARY_PATH=/home/babangida/ros_ws/install/trafficrecord/lib:/home/babangida/ros_ws/install/dsrcmsg/lib PYTHONPATH=/home/babangida/ros_ws/build/cim/prefix_override:/home/babangida/ros_ws/install/cim/lib/python3.8/site-packages:/home/babangida/ros_ws/install/trafficrecord/lib/python3.8/site-packages:/home/babangida/ros_ws/install/dsrcmsg/lib/python3.8/site-packages /usr/bin/python3 setup.py egg_info --egg-base ../../build/cim build --build-base /home/babangida/ros_ws/build/cim/build install --record /home/babangida/ros_ws/build/cim/install.log --install-scripts $base/lib/cim --single-version-externally-managed
[20.316s] DEBUG:colcon.colcon_core.event_handler.log_command:Invoked command in '/home/babangida/ros_ws/src/cim' returned '0': AMENT_PREFIX_PATH=/home/babangida/ros_ws/install/trafficrecord:/home/babangida/ros_ws/install/dsrcmsg CMAKE_PREFIX_PATH=/home/babangida/ros_ws/install/trafficrecord:/home/babangida/ros_ws/install/dsrcmsg LD_LIBRARY_PATH=/home/babangida/ros_ws/install/trafficrecord/lib:/home/babangida/ros_ws/install/dsrcmsg/lib PYTHONPATH=/home/babangida/ros_ws/build/cim/prefix_override:/home/babangida/ros_ws/install/cim/lib/python3.8/site-packages:/home/babangida/ros_ws/install/trafficrecord/lib/python3.8/site-packages:/home/babangida/ros_ws/install/dsrcmsg/lib/python3.8/site-packages /usr/bin/python3 setup.py egg_info --egg-base ../../build/cim build --build-base /home/babangida/ros_ws/build/cim/build install --record /home/babangida/ros_ws/build/cim/install.log --install-scripts $base/lib/cim --single-version-externally-managed
[20.350s] Level 1:colcon.colcon_core.environment:checking '/home/babangida/ros_ws/install/cim' for CMake module files
[20.351s] Level 1:colcon.colcon_core.environment:checking '/home/babangida/ros_ws/install/cim' for CMake config files
[20.390s] Level 1:colcon.colcon_core.environment:checking '/home/babangida/ros_ws/install/cim/lib'
[20.391s] Level 1:colcon.colcon_core.environment:checking '/home/babangida/ros_ws/install/cim/bin'
[20.391s] Level 1:colcon.colcon_core.environment:checking '/home/babangida/ros_ws/install/cim/lib/pkgconfig/cim.pc'
[20.391s] Level 1:colcon.colcon_core.environment:checking '/home/babangida/ros_ws/install/cim/lib/python3.8/site-packages'
[20.391s] Level 1:colcon.colcon_core.shell:create_environment_hook('cim', 'pythonpath')
[20.425s] INFO:colcon.colcon_core.shell:Creating environment hook '/home/babangida/ros_ws/install/cim/share/cim/hook/pythonpath.ps1'
[20.426s] INFO:colcon.colcon_core.shell:Creating environment descriptor '/home/babangida/ros_ws/install/cim/share/cim/hook/pythonpath.dsv'
[20.426s] INFO:colcon.colcon_core.shell:Creating environment hook '/home/babangida/ros_ws/install/cim/share/cim/hook/pythonpath.sh'
[20.427s] Level 1:colcon.colcon_core.environment:checking '/home/babangida/ros_ws/install/cim/bin'
[20.427s] Level 1:colcon.colcon_core.environment:create_environment_scripts_only(cim)
[20.461s] INFO:colcon.colcon_core.shell:Creating package script '/home/babangida/ros_ws/install/cim/share/cim/package.ps1'
[20.462s] INFO:colcon.colcon_core.shell:Creating package descriptor '/home/babangida/ros_ws/install/cim/share/cim/package.dsv'
[20.462s] INFO:colcon.colcon_core.shell:Creating package script '/home/babangida/ros_ws/install/cim/share/cim/package.sh'
[20.462s] INFO:colcon.colcon_core.shell:Creating package script '/home/babangida/ros_ws/install/cim/share/cim/package.bash'
[20.463s] INFO:colcon.colcon_core.shell:Creating package script '/home/babangida/ros_ws/install/cim/share/cim/package.zsh'
[20.463s] Level 1:colcon.colcon_core.environment:create_file_with_runtime_dependencies(/home/babangida/ros_ws/install/cim/share/colcon-core/packages/cim)
[20.463s] DEBUG:colcon.colcon_parallel_executor.executor.parallel:closing loop
[20.463s] DEBUG:colcon.colcon_parallel_executor.executor.parallel:loop closed
[20.464s] DEBUG:colcon.colcon_parallel_executor.executor.parallel:run_until_complete finished with '0'
[20.464s] DEBUG:colcon.colcon_core.event_reactor:joining thread
[20.601s] INFO:colcon.colcon_core.plugin_system:Skipping extension 'colcon_notification.desktop_notification.notify_send': Could not find 'notify-send'
[20.601s] INFO:colcon.colcon_core.plugin_system:Skipping extension 'colcon_notification.desktop_notification.terminal_notifier': Not used on non-Darwin systems
[20.601s] INFO:colcon.colcon_core.plugin_system:Skipping extension 'colcon_notification.desktop_notification.win32': Not used on non-Windows systems
[20.601s] INFO:colcon.colcon_notification.desktop_notification:Sending desktop notification using 'notify2'
[20.601s] DEBUG:colcon.colcon_notification.desktop_notification.notify2:Failed to initialize notify2: org.freedesktop.DBus.Error.FileNotFound: Failed to connect to socket /run/user/1000/bus: No such file or directory
[20.602s] DEBUG:colcon.colcon_core.event_reactor:joined thread
[20.636s] INFO:colcon.colcon_core.shell:Creating prefix script '/home/babangida/ros_ws/install/local_setup.ps1'
[20.638s] INFO:colcon.colcon_core.shell:Creating prefix util module '/home/babangida/ros_ws/install/_local_setup_util_ps1.py'
[20.640s] INFO:colcon.colcon_core.shell:Creating prefix chain script '/home/babangida/ros_ws/install/setup.ps1'
[20.678s] INFO:colcon.colcon_core.shell:Creating prefix script '/home/babangida/ros_ws/install/local_setup.sh'
[20.679s] INFO:colcon.colcon_core.shell:Creating prefix util module '/home/babangida/ros_ws/install/_local_setup_util_sh.py'
[20.679s] INFO:colcon.colcon_core.shell:Creating prefix chain script '/home/babangida/ros_ws/install/setup.sh'
[20.715s] INFO:colcon.colcon_core.shell:Creating prefix script '/home/babangida/ros_ws/install/local_setup.bash'
[20.716s] INFO:colcon.colcon_core.shell:Creating prefix chain script '/home/babangida/ros_ws/install/setup.bash'
[20.751s] INFO:colcon.colcon_core.shell:Creating prefix script '/home/babangida/ros_ws/install/local_setup.zsh'
[20.752s] INFO:colcon.colcon_core.shell:Creating prefix chain script '/home/babangida/ros_ws/install/setup.zsh'
