[4.578s] Invoking command in '/home/babangida/ros_ws/build/onecim': PYTHONPATH=/home/babangida/ros_ws/build/onecim/prefix_override:/home/babangida/ros_ws/install/onecim/lib/python3.8/site-packages:/home/babangida/ros_ws/install/trafficrecord/lib/python3.8/site-packages:/home/babangida/ros_ws/install/dsrcmsg/lib/python3.8/site-packages:/home/babangida/ros_ws/build/onecim:/home/babangida/ros_ws/install/onecim/lib/python3.8/site-packages:/home/babangida/ros_ws/install/cim/lib/python3.8/site-packages:/home/babangida/ros_ws/build/reactivemethods:/home/babangida/ros_ws/install/reactivemethods/lib/python3.8/site-packages:/opt/ros/foxy/lib/python3.8/site-packages /usr/bin/python3 setup.py develop --editable --build-directory /home/babangida/ros_ws/build/onecim/build --no-deps install_data
[4.868s] running develop
[5.137s] running egg_info
[5.137s] writing onecim.egg-info/PKG-INFO
[5.137s] writing dependency_links to onecim.egg-info/dependency_links.txt
[5.138s] writing entry points to onecim.egg-info/entry_points.txt
[5.139s] writing requirements to onecim.egg-info/requires.txt
[5.139s] writing top-level names to onecim.egg-info/top_level.txt
[5.217s] reading manifest file 'onecim.egg-info/SOURCES.txt'
[5.239s] writing manifest file 'onecim.egg-info/SOURCES.txt'
[5.280s] running build_ext
[5.302s] Creating /home/babangida/ros_ws/install/onecim/lib/python3.8/site-packages/onecim.egg-link (link to .)
[5.303s] Installing ewfiscim script to /home/babangida/ros_ws/install/onecim/lib/onecim
[5.304s] Installing fisonecimlooptls script to /home/babangida/ros_ws/install/onecim/lib/onecim
[5.304s] Installing fisonecimtls script to /home/babangida/ros_ws/install/onecim/lib/onecim
[5.304s] Installing genveh script to /home/babangida/ros_ws/install/onecim/lib/onecim
[5.305s] Installing onecimew script to /home/babangida/ros_ws/install/onecim/lib/onecim
[5.305s] Installing onecimloopew script to /home/babangida/ros_ws/install/onecim/lib/onecim
[5.305s] Installing onecimloopsn script to /home/babangida/ros_ws/install/onecim/lib/onecim
[5.306s] Installing onecimloopstatictls script to /home/babangida/ros_ws/install/onecim/lib/onecim
[5.306s] Installing onecimlooptls script to /home/babangida/ros_ws/install/onecim/lib/onecim
[5.306s] Installing onecimsn script to /home/babangida/ros_ws/install/onecim/lib/onecim
[5.306s] Installing onecimtls script to /home/babangida/ros_ws/install/onecim/lib/onecim
[5.307s] Installing playde script to /home/babangida/ros_ws/install/onecim/lib/onecim
[5.307s] Installing playpp script to /home/babangida/ros_ws/install/onecim/lib/onecim
[5.307s] Installing simspeed script to /home/babangida/ros_ws/install/onecim/lib/onecim
[5.307s] Installing snfiscim script to /home/babangida/ros_ws/install/onecim/lib/onecim
[5.308s] Installing veh script to /home/babangida/ros_ws/install/onecim/lib/onecim
[5.308s] Installing wypts script to /home/babangida/ros_ws/install/onecim/lib/onecim
[5.308s] 
[5.309s] Installed /home/babangida/ros_ws/build/onecim
[5.309s] running install_data
[5.350s] Invoked command in '/home/babangida/ros_ws/build/onecim' returned '0': PYTHONPATH=/home/babangida/ros_ws/build/onecim/prefix_override:/home/babangida/ros_ws/install/onecim/lib/python3.8/site-packages:/home/babangida/ros_ws/install/trafficrecord/lib/python3.8/site-packages:/home/babangida/ros_ws/install/dsrcmsg/lib/python3.8/site-packages:/home/babangida/ros_ws/build/onecim:/home/babangida/ros_ws/install/onecim/lib/python3.8/site-packages:/home/babangida/ros_ws/install/cim/lib/python3.8/site-packages:/home/babangida/ros_ws/build/reactivemethods:/home/babangida/ros_ws/install/reactivemethods/lib/python3.8/site-packages:/opt/ros/foxy/lib/python3.8/site-packages /usr/bin/python3 setup.py develop --editable --build-directory /home/babangida/ros_ws/build/onecim/build --no-deps install_data
