[5.484s] DEBUG:colcon:Command line arguments: ['/usr/bin/colcon', 'build', '--packages-select', 'onecim', '--symlink-install']
[5.484s] DEBUG:colcon:Parsed command line arguments: Namespace(allow_overriding=[], ament_cmake_args=None, base_paths=['.'], build_base='build', catkin_cmake_args=None, catkin_skip_building_tests=False, cmake_args=None, cmake_clean_cache=False, cmake_clean_first=False, cmake_force_configure=False, cmake_target=None, cmake_target_skip_unavailable=False, continue_on_error=False, event_handlers=None, executor='parallel', ignore_user_meta=False, install_base='install', log_base=None, log_level=None, main=<bound method BuildVerb.main of <colcon_core.verb.build.BuildVerb object at 0x7f924020dbb0>>, merge_install=False, metas=['./colcon.meta'], packages_above=None, packages_above_and_dependencies=None, packages_above_depth=None, packages_end=None, packages_ignore=None, packages_ignore_regex=None, packages_select=['onecim'], packages_select_build_failed=False, packages_select_by_dep=None, packages_select_regex=None, packages_select_test_failures=False, packages_skip=None, packages_skip_build_finished=False, packages_skip_by_dep=None, packages_skip_regex=None, packages_skip_test_passed=False, packages_skip_up_to=None, packages_start=None, packages_up_to=None, packages_up_to_regex=None, parallel_workers=8, paths=None, symlink_install=True, test_result_base=None, verb_extension=<colcon_core.verb.build.BuildVerb object at 0x7f924020dbb0>, verb_name='build', verb_parser=<colcon_defaults.argument_parser.defaults.DefaultArgumentsDecorator object at 0x7f92401c5be0>)
[5.693s] Level 1:colcon.colcon_core.package_discovery:discover_packages(colcon_meta) check parameters
[5.693s] Level 1:colcon.colcon_core.package_discovery:discover_packages(recursive) check parameters
[5.693s] Level 1:colcon.colcon_core.package_discovery:discover_packages(ignore) check parameters
[5.693s] Level 1:colcon.colcon_core.package_discovery:discover_packages(path) check parameters
[5.693s] Level 1:colcon.colcon_core.package_discovery:discover_packages(colcon_meta) discover
[5.693s] Level 1:colcon.colcon_core.package_discovery:discover_packages(recursive) discover
[5.693s] INFO:colcon.colcon_core.package_discovery:Crawling recursively for packages in '/home/babangida/ros_ws'
[5.694s] Level 1:colcon.colcon_core.package_identification:_identify(.) by extensions ['ignore', 'ignore_ament_install']
[5.694s] Level 1:colcon.colcon_core.package_identification:_identify(.) by extension 'ignore'
[5.694s] Level 1:colcon.colcon_core.package_identification:_identify(.) by extension 'ignore_ament_install'
[5.694s] Level 1:colcon.colcon_core.package_identification:_identify(.) by extensions ['colcon_pkg']
[5.694s] Level 1:colcon.colcon_core.package_identification:_identify(.) by extension 'colcon_pkg'
[5.694s] Level 1:colcon.colcon_core.package_identification:_identify(.) by extensions ['colcon_meta']
[5.694s] Level 1:colcon.colcon_core.package_identification:_identify(.) by extension 'colcon_meta'
[5.694s] Level 1:colcon.colcon_core.package_identification:_identify(.) by extensions ['ros']
[5.694s] Level 1:colcon.colcon_core.package_identification:_identify(.) by extension 'ros'
[5.716s] Level 1:colcon.colcon_core.package_identification:_identify(.) by extensions ['cmake', 'python']
[5.716s] Level 1:colcon.colcon_core.package_identification:_identify(.) by extension 'cmake'
[5.716s] Level 1:colcon.colcon_core.package_identification:_identify(.) by extension 'python'
[5.716s] Level 1:colcon.colcon_core.package_identification:_identify(.) by extensions ['python_setup_py']
[5.716s] Level 1:colcon.colcon_core.package_identification:_identify(.) by extension 'python_setup_py'
[5.716s] Level 1:colcon.colcon_core.package_identification:_identify(New folder) by extensions ['ignore', 'ignore_ament_install']
[5.717s] Level 1:colcon.colcon_core.package_identification:_identify(New folder) by extension 'ignore'
[5.717s] Level 1:colcon.colcon_core.package_identification:_identify(New folder) by extension 'ignore_ament_install'
[5.717s] Level 1:colcon.colcon_core.package_identification:_identify(New folder) by extensions ['colcon_pkg']
[5.717s] Level 1:colcon.colcon_core.package_identification:_identify(New folder) by extension 'colcon_pkg'
[5.717s] Level 1:colcon.colcon_core.package_identification:_identify(New folder) by extensions ['colcon_meta']
[5.717s] Level 1:colcon.colcon_core.package_identification:_identify(New folder) by extension 'colcon_meta'
[5.717s] Level 1:colcon.colcon_core.package_identification:_identify(New folder) by extensions ['ros']
[5.717s] Level 1:colcon.colcon_core.package_identification:_identify(New folder) by extension 'ros'
[5.717s] Level 1:colcon.colcon_core.package_identification:_identify(New folder) by extensions ['cmake', 'python']
[5.717s] Level 1:colcon.colcon_core.package_identification:_identify(New folder) by extension 'cmake'
[5.717s] Level 1:colcon.colcon_core.package_identification:_identify(New folder) by extension 'python'
[5.717s] Level 1:colcon.colcon_core.package_identification:_identify(New folder) by extensions ['python_setup_py']
[5.718s] Level 1:colcon.colcon_core.package_identification:_identify(New folder) by extension 'python_setup_py'
[5.718s] Level 1:colcon.colcon_core.package_identification:_identify(Results) by extensions ['ignore', 'ignore_ament_install']
[5.718s] Level 1:colcon.colcon_core.package_identification:_identify(Results) by extension 'ignore'
[5.718s] Level 1:colcon.colcon_core.package_identification:_identify(Results) by extension 'ignore_ament_install'
[5.718s] Level 1:colcon.colcon_core.package_identification:_identify(Results) by extensions ['colcon_pkg']
[5.718s] Level 1:colcon.colcon_core.package_identification:_identify(Results) by extension 'colcon_pkg'
[5.718s] Level 1:colcon.colcon_core.package_identification:_identify(Results) by extensions ['colcon_meta']
[5.718s] Level 1:colcon.colcon_core.package_identification:_identify(Results) by extension 'colcon_meta'
[5.718s] Level 1:colcon.colcon_core.package_identification:_identify(Results) by extensions ['ros']
[5.718s] Level 1:colcon.colcon_core.package_identification:_identify(Results) by extension 'ros'
[5.719s] Level 1:colcon.colcon_core.package_identification:_identify(Results) by extensions ['cmake', 'python']
[5.719s] Level 1:colcon.colcon_core.package_identification:_identify(Results) by extension 'cmake'
[5.719s] Level 1:colcon.colcon_core.package_identification:_identify(Results) by extension 'python'
[5.719s] Level 1:colcon.colcon_core.package_identification:_identify(Results) by extensions ['python_setup_py']
[5.719s] Level 1:colcon.colcon_core.package_identification:_identify(Results) by extension 'python_setup_py'
[5.719s] Level 1:colcon.colcon_core.package_identification:_identify(build) by extensions ['ignore', 'ignore_ament_install']
[5.720s] Level 1:colcon.colcon_core.package_identification:_identify(build) by extension 'ignore'
[5.720s] Level 1:colcon.colcon_core.package_identification:_identify(build) ignored
[5.720s] Level 1:colcon.colcon_core.package_identification:_identify(fifteenVehs) by extensions ['ignore', 'ignore_ament_install']
[5.720s] Level 1:colcon.colcon_core.package_identification:_identify(fifteenVehs) by extension 'ignore'
[5.720s] Level 1:colcon.colcon_core.package_identification:_identify(fifteenVehs) by extension 'ignore_ament_install'
[5.720s] Level 1:colcon.colcon_core.package_identification:_identify(fifteenVehs) by extensions ['colcon_pkg']
[5.720s] Level 1:colcon.colcon_core.package_identification:_identify(fifteenVehs) by extension 'colcon_pkg'
[5.721s] Level 1:colcon.colcon_core.package_identification:_identify(fifteenVehs) by extensions ['colcon_meta']
[5.721s] Level 1:colcon.colcon_core.package_identification:_identify(fifteenVehs) by extension 'colcon_meta'
[5.721s] Level 1:colcon.colcon_core.package_identification:_identify(fifteenVehs) by extensions ['ros']
[5.721s] Level 1:colcon.colcon_core.package_identification:_identify(fifteenVehs) by extension 'ros'
[5.721s] Level 1:colcon.colcon_core.package_identification:_identify(fifteenVehs) by extensions ['cmake', 'python']
[5.721s] Level 1:colcon.colcon_core.package_identification:_identify(fifteenVehs) by extension 'cmake'
[5.721s] Level 1:colcon.colcon_core.package_identification:_identify(fifteenVehs) by extension 'python'
[5.721s] Level 1:colcon.colcon_core.package_identification:_identify(fifteenVehs) by extensions ['python_setup_py']
[5.721s] Level 1:colcon.colcon_core.package_identification:_identify(fifteenVehs) by extension 'python_setup_py'
[5.722s] Level 1:colcon.colcon_core.package_identification:_identify(fiftyVehs) by extensions ['ignore', 'ignore_ament_install']
[5.722s] Level 1:colcon.colcon_core.package_identification:_identify(fiftyVehs) by extension 'ignore'
[5.722s] Level 1:colcon.colcon_core.package_identification:_identify(fiftyVehs) by extension 'ignore_ament_install'
[5.722s] Level 1:colcon.colcon_core.package_identification:_identify(fiftyVehs) by extensions ['colcon_pkg']
[5.722s] Level 1:colcon.colcon_core.package_identification:_identify(fiftyVehs) by extension 'colcon_pkg'
[5.722s] Level 1:colcon.colcon_core.package_identification:_identify(fiftyVehs) by extensions ['colcon_meta']
[5.722s] Level 1:colcon.colcon_core.package_identification:_identify(fiftyVehs) by extension 'colcon_meta'
[5.722s] Level 1:colcon.colcon_core.package_identification:_identify(fiftyVehs) by extensions ['ros']
[5.722s] Level 1:colcon.colcon_core.package_identification:_identify(fiftyVehs) by extension 'ros'
[5.723s] Level 1:colcon.colcon_core.package_identification:_identify(fiftyVehs) by extensions ['cmake', 'python']
[5.723s] Level 1:colcon.colcon_core.package_identification:_identify(fiftyVehs) by extension 'cmake'
[5.723s] Level 1:colcon.colcon_core.package_identification:_identify(fiftyVehs) by extension 'python'
[5.723s] Level 1:colcon.colcon_core.package_identification:_identify(fiftyVehs) by extensions ['python_setup_py']
[5.723s] Level 1:colcon.colcon_core.package_identification:_identify(fiftyVehs) by extension 'python_setup_py'
[5.723s] Level 1:colcon.colcon_core.package_identification:_identify(fiftyVehs/fourWay) by extensions ['ignore', 'ignore_ament_install']
[5.724s] Level 1:colcon.colcon_core.package_identification:_identify(fiftyVehs/fourWay) by extension 'ignore'
[5.724s] Level 1:colcon.colcon_core.package_identification:_identify(fiftyVehs/fourWay) by extension 'ignore_ament_install'
[5.724s] Level 1:colcon.colcon_core.package_identification:_identify(fiftyVehs/fourWay) by extensions ['colcon_pkg']
[5.724s] Level 1:colcon.colcon_core.package_identification:_identify(fiftyVehs/fourWay) by extension 'colcon_pkg'
[5.724s] Level 1:colcon.colcon_core.package_identification:_identify(fiftyVehs/fourWay) by extensions ['colcon_meta']
[5.724s] Level 1:colcon.colcon_core.package_identification:_identify(fiftyVehs/fourWay) by extension 'colcon_meta'
[5.724s] Level 1:colcon.colcon_core.package_identification:_identify(fiftyVehs/fourWay) by extensions ['ros']
[5.724s] Level 1:colcon.colcon_core.package_identification:_identify(fiftyVehs/fourWay) by extension 'ros'
[5.725s] Level 1:colcon.colcon_core.package_identification:_identify(fiftyVehs/fourWay) by extensions ['cmake', 'python']
[5.725s] Level 1:colcon.colcon_core.package_identification:_identify(fiftyVehs/fourWay) by extension 'cmake'
[5.725s] Level 1:colcon.colcon_core.package_identification:_identify(fiftyVehs/fourWay) by extension 'python'
[5.725s] Level 1:colcon.colcon_core.package_identification:_identify(fiftyVehs/fourWay) by extensions ['python_setup_py']
[5.725s] Level 1:colcon.colcon_core.package_identification:_identify(fiftyVehs/fourWay) by extension 'python_setup_py'
[5.725s] Level 1:colcon.colcon_core.package_identification:_identify(fiftyVehs/fourWay/FIS) by extensions ['ignore', 'ignore_ament_install']
[5.726s] Level 1:colcon.colcon_core.package_identification:_identify(fiftyVehs/fourWay/FIS) by extension 'ignore'
[5.726s] Level 1:colcon.colcon_core.package_identification:_identify(fiftyVehs/fourWay/FIS) by extension 'ignore_ament_install'
[5.726s] Level 1:colcon.colcon_core.package_identification:_identify(fiftyVehs/fourWay/FIS) by extensions ['colcon_pkg']
[5.726s] Level 1:colcon.colcon_core.package_identification:_identify(fiftyVehs/fourWay/FIS) by extension 'colcon_pkg'
[5.726s] Level 1:colcon.colcon_core.package_identification:_identify(fiftyVehs/fourWay/FIS) by extensions ['colcon_meta']
[5.726s] Level 1:colcon.colcon_core.package_identification:_identify(fiftyVehs/fourWay/FIS) by extension 'colcon_meta'
[5.726s] Level 1:colcon.colcon_core.package_identification:_identify(fiftyVehs/fourWay/FIS) by extensions ['ros']
[5.726s] Level 1:colcon.colcon_core.package_identification:_identify(fiftyVehs/fourWay/FIS) by extension 'ros'
[5.726s] Level 1:colcon.colcon_core.package_identification:_identify(fiftyVehs/fourWay/FIS) by extensions ['cmake', 'python']
[5.726s] Level 1:colcon.colcon_core.package_identification:_identify(fiftyVehs/fourWay/FIS) by extension 'cmake'
[5.726s] Level 1:colcon.colcon_core.package_identification:_identify(fiftyVehs/fourWay/FIS) by extension 'python'
[5.727s] Level 1:colcon.colcon_core.package_identification:_identify(fiftyVehs/fourWay/FIS) by extensions ['python_setup_py']
[5.727s] Level 1:colcon.colcon_core.package_identification:_identify(fiftyVehs/fourWay/FIS) by extension 'python_setup_py'
[5.727s] Level 1:colcon.colcon_core.package_identification:_identify(fiftyVehs/fourWay/SpdDst) by extensions ['ignore', 'ignore_ament_install']
[5.727s] Level 1:colcon.colcon_core.package_identification:_identify(fiftyVehs/fourWay/SpdDst) by extension 'ignore'
[5.728s] Level 1:colcon.colcon_core.package_identification:_identify(fiftyVehs/fourWay/SpdDst) by extension 'ignore_ament_install'
[5.728s] Level 1:colcon.colcon_core.package_identification:_identify(fiftyVehs/fourWay/SpdDst) by extensions ['colcon_pkg']
[5.728s] Level 1:colcon.colcon_core.package_identification:_identify(fiftyVehs/fourWay/SpdDst) by extension 'colcon_pkg'
[5.728s] Level 1:colcon.colcon_core.package_identification:_identify(fiftyVehs/fourWay/SpdDst) by extensions ['colcon_meta']
[5.728s] Level 1:colcon.colcon_core.package_identification:_identify(fiftyVehs/fourWay/SpdDst) by extension 'colcon_meta'
[5.728s] Level 1:colcon.colcon_core.package_identification:_identify(fiftyVehs/fourWay/SpdDst) by extensions ['ros']
[5.728s] Level 1:colcon.colcon_core.package_identification:_identify(fiftyVehs/fourWay/SpdDst) by extension 'ros'
[5.728s] Level 1:colcon.colcon_core.package_identification:_identify(fiftyVehs/fourWay/SpdDst) by extensions ['cmake', 'python']
[5.728s] Level 1:colcon.colcon_core.package_identification:_identify(fiftyVehs/fourWay/SpdDst) by extension 'cmake'
[5.728s] Level 1:colcon.colcon_core.package_identification:_identify(fiftyVehs/fourWay/SpdDst) by extension 'python'
[5.729s] Level 1:colcon.colcon_core.package_identification:_identify(fiftyVehs/fourWay/SpdDst) by extensions ['python_setup_py']
[5.729s] Level 1:colcon.colcon_core.package_identification:_identify(fiftyVehs/fourWay/SpdDst) by extension 'python_setup_py'
[5.729s] Level 1:colcon.colcon_core.package_identification:_identify(fiftyVehs/fourWay/static) by extensions ['ignore', 'ignore_ament_install']
[5.729s] Level 1:colcon.colcon_core.package_identification:_identify(fiftyVehs/fourWay/static) by extension 'ignore'
[5.730s] Level 1:colcon.colcon_core.package_identification:_identify(fiftyVehs/fourWay/static) by extension 'ignore_ament_install'
[5.730s] Level 1:colcon.colcon_core.package_identification:_identify(fiftyVehs/fourWay/static) by extensions ['colcon_pkg']
[5.730s] Level 1:colcon.colcon_core.package_identification:_identify(fiftyVehs/fourWay/static) by extension 'colcon_pkg'
[5.730s] Level 1:colcon.colcon_core.package_identification:_identify(fiftyVehs/fourWay/static) by extensions ['colcon_meta']
[5.730s] Level 1:colcon.colcon_core.package_identification:_identify(fiftyVehs/fourWay/static) by extension 'colcon_meta'
[5.730s] Level 1:colcon.colcon_core.package_identification:_identify(fiftyVehs/fourWay/static) by extensions ['ros']
[5.730s] Level 1:colcon.colcon_core.package_identification:_identify(fiftyVehs/fourWay/static) by extension 'ros'
[5.730s] Level 1:colcon.colcon_core.package_identification:_identify(fiftyVehs/fourWay/static) by extensions ['cmake', 'python']
[5.730s] Level 1:colcon.colcon_core.package_identification:_identify(fiftyVehs/fourWay/static) by extension 'cmake'
[5.730s] Level 1:colcon.colcon_core.package_identification:_identify(fiftyVehs/fourWay/static) by extension 'python'
[5.730s] Level 1:colcon.colcon_core.package_identification:_identify(fiftyVehs/fourWay/static) by extensions ['python_setup_py']
[5.730s] Level 1:colcon.colcon_core.package_identification:_identify(fiftyVehs/fourWay/static) by extension 'python_setup_py'
[5.731s] Level 1:colcon.colcon_core.package_identification:_identify(fiftyVehs/twoWay) by extensions ['ignore', 'ignore_ament_install']
[5.731s] Level 1:colcon.colcon_core.package_identification:_identify(fiftyVehs/twoWay) by extension 'ignore'
[5.731s] Level 1:colcon.colcon_core.package_identification:_identify(fiftyVehs/twoWay) by extension 'ignore_ament_install'
[5.731s] Level 1:colcon.colcon_core.package_identification:_identify(fiftyVehs/twoWay) by extensions ['colcon_pkg']
[5.731s] Level 1:colcon.colcon_core.package_identification:_identify(fiftyVehs/twoWay) by extension 'colcon_pkg'
[5.731s] Level 1:colcon.colcon_core.package_identification:_identify(fiftyVehs/twoWay) by extensions ['colcon_meta']
[5.731s] Level 1:colcon.colcon_core.package_identification:_identify(fiftyVehs/twoWay) by extension 'colcon_meta'
[5.731s] Level 1:colcon.colcon_core.package_identification:_identify(fiftyVehs/twoWay) by extensions ['ros']
[5.731s] Level 1:colcon.colcon_core.package_identification:_identify(fiftyVehs/twoWay) by extension 'ros'
[5.731s] Level 1:colcon.colcon_core.package_identification:_identify(fiftyVehs/twoWay) by extensions ['cmake', 'python']
[5.731s] Level 1:colcon.colcon_core.package_identification:_identify(fiftyVehs/twoWay) by extension 'cmake'
[5.731s] Level 1:colcon.colcon_core.package_identification:_identify(fiftyVehs/twoWay) by extension 'python'
[5.731s] Level 1:colcon.colcon_core.package_identification:_identify(fiftyVehs/twoWay) by extensions ['python_setup_py']
[5.731s] Level 1:colcon.colcon_core.package_identification:_identify(fiftyVehs/twoWay) by extension 'python_setup_py'
[5.732s] Level 1:colcon.colcon_core.package_identification:_identify(fiftyVehs/twoWay/FIS) by extensions ['ignore', 'ignore_ament_install']
[5.732s] Level 1:colcon.colcon_core.package_identification:_identify(fiftyVehs/twoWay/FIS) by extension 'ignore'
[5.732s] Level 1:colcon.colcon_core.package_identification:_identify(fiftyVehs/twoWay/FIS) by extension 'ignore_ament_install'
[5.732s] Level 1:colcon.colcon_core.package_identification:_identify(fiftyVehs/twoWay/FIS) by extensions ['colcon_pkg']
[5.732s] Level 1:colcon.colcon_core.package_identification:_identify(fiftyVehs/twoWay/FIS) by extension 'colcon_pkg'
[5.732s] Level 1:colcon.colcon_core.package_identification:_identify(fiftyVehs/twoWay/FIS) by extensions ['colcon_meta']
[5.732s] Level 1:colcon.colcon_core.package_identification:_identify(fiftyVehs/twoWay/FIS) by extension 'colcon_meta'
[5.732s] Level 1:colcon.colcon_core.package_identification:_identify(fiftyVehs/twoWay/FIS) by extensions ['ros']
[5.732s] Level 1:colcon.colcon_core.package_identification:_identify(fiftyVehs/twoWay/FIS) by extension 'ros'
[5.732s] Level 1:colcon.colcon_core.package_identification:_identify(fiftyVehs/twoWay/FIS) by extensions ['cmake', 'python']
[5.732s] Level 1:colcon.colcon_core.package_identification:_identify(fiftyVehs/twoWay/FIS) by extension 'cmake'
[5.733s] Level 1:colcon.colcon_core.package_identification:_identify(fiftyVehs/twoWay/FIS) by extension 'python'
[5.733s] Level 1:colcon.colcon_core.package_identification:_identify(fiftyVehs/twoWay/FIS) by extensions ['python_setup_py']
[5.733s] Level 1:colcon.colcon_core.package_identification:_identify(fiftyVehs/twoWay/FIS) by extension 'python_setup_py'
[5.733s] Level 1:colcon.colcon_core.package_identification:_identify(fiftyVehs/twoWay/SpdDst) by extensions ['ignore', 'ignore_ament_install']
[5.733s] Level 1:colcon.colcon_core.package_identification:_identify(fiftyVehs/twoWay/SpdDst) by extension 'ignore'
[5.733s] Level 1:colcon.colcon_core.package_identification:_identify(fiftyVehs/twoWay/SpdDst) by extension 'ignore_ament_install'
[5.733s] Level 1:colcon.colcon_core.package_identification:_identify(fiftyVehs/twoWay/SpdDst) by extensions ['colcon_pkg']
[5.733s] Level 1:colcon.colcon_core.package_identification:_identify(fiftyVehs/twoWay/SpdDst) by extension 'colcon_pkg'
[5.733s] Level 1:colcon.colcon_core.package_identification:_identify(fiftyVehs/twoWay/SpdDst) by extensions ['colcon_meta']
[5.733s] Level 1:colcon.colcon_core.package_identification:_identify(fiftyVehs/twoWay/SpdDst) by extension 'colcon_meta'
[5.733s] Level 1:colcon.colcon_core.package_identification:_identify(fiftyVehs/twoWay/SpdDst) by extensions ['ros']
[5.733s] Level 1:colcon.colcon_core.package_identification:_identify(fiftyVehs/twoWay/SpdDst) by extension 'ros'
[5.734s] Level 1:colcon.colcon_core.package_identification:_identify(fiftyVehs/twoWay/SpdDst) by extensions ['cmake', 'python']
[5.734s] Level 1:colcon.colcon_core.package_identification:_identify(fiftyVehs/twoWay/SpdDst) by extension 'cmake'
[5.734s] Level 1:colcon.colcon_core.package_identification:_identify(fiftyVehs/twoWay/SpdDst) by extension 'python'
[5.734s] Level 1:colcon.colcon_core.package_identification:_identify(fiftyVehs/twoWay/SpdDst) by extensions ['python_setup_py']
[5.734s] Level 1:colcon.colcon_core.package_identification:_identify(fiftyVehs/twoWay/SpdDst) by extension 'python_setup_py'
[5.734s] Level 1:colcon.colcon_core.package_identification:_identify(fiftyVehs/twoWay/static) by extensions ['ignore', 'ignore_ament_install']
[5.734s] Level 1:colcon.colcon_core.package_identification:_identify(fiftyVehs/twoWay/static) by extension 'ignore'
[5.735s] Level 1:colcon.colcon_core.package_identification:_identify(fiftyVehs/twoWay/static) by extension 'ignore_ament_install'
[5.735s] Level 1:colcon.colcon_core.package_identification:_identify(fiftyVehs/twoWay/static) by extensions ['colcon_pkg']
[5.735s] Level 1:colcon.colcon_core.package_identification:_identify(fiftyVehs/twoWay/static) by extension 'colcon_pkg'
[5.735s] Level 1:colcon.colcon_core.package_identification:_identify(fiftyVehs/twoWay/static) by extensions ['colcon_meta']
[5.735s] Level 1:colcon.colcon_core.package_identification:_identify(fiftyVehs/twoWay/static) by extension 'colcon_meta'
[5.735s] Level 1:colcon.colcon_core.package_identification:_identify(fiftyVehs/twoWay/static) by extensions ['ros']
[5.735s] Level 1:colcon.colcon_core.package_identification:_identify(fiftyVehs/twoWay/static) by extension 'ros'
[5.735s] Level 1:colcon.colcon_core.package_identification:_identify(fiftyVehs/twoWay/static) by extensions ['cmake', 'python']
[5.735s] Level 1:colcon.colcon_core.package_identification:_identify(fiftyVehs/twoWay/static) by extension 'cmake'
[5.735s] Level 1:colcon.colcon_core.package_identification:_identify(fiftyVehs/twoWay/static) by extension 'python'
[5.735s] Level 1:colcon.colcon_core.package_identification:_identify(fiftyVehs/twoWay/static) by extensions ['python_setup_py']
[5.735s] Level 1:colcon.colcon_core.package_identification:_identify(fiftyVehs/twoWay/static) by extension 'python_setup_py'
[5.736s] Level 1:colcon.colcon_core.package_identification:_identify(hundredVehs) by extensions ['ignore', 'ignore_ament_install']
[5.736s] Level 1:colcon.colcon_core.package_identification:_identify(hundredVehs) by extension 'ignore'
[5.736s] Level 1:colcon.colcon_core.package_identification:_identify(hundredVehs) by extension 'ignore_ament_install'
[5.736s] Level 1:colcon.colcon_core.package_identification:_identify(hundredVehs) by extensions ['colcon_pkg']
[5.736s] Level 1:colcon.colcon_core.package_identification:_identify(hundredVehs) by extension 'colcon_pkg'
[5.736s] Level 1:colcon.colcon_core.package_identification:_identify(hundredVehs) by extensions ['colcon_meta']
[5.736s] Level 1:colcon.colcon_core.package_identification:_identify(hundredVehs) by extension 'colcon_meta'
[5.736s] Level 1:colcon.colcon_core.package_identification:_identify(hundredVehs) by extensions ['ros']
[5.736s] Level 1:colcon.colcon_core.package_identification:_identify(hundredVehs) by extension 'ros'
[5.736s] Level 1:colcon.colcon_core.package_identification:_identify(hundredVehs) by extensions ['cmake', 'python']
[5.736s] Level 1:colcon.colcon_core.package_identification:_identify(hundredVehs) by extension 'cmake'
[5.736s] Level 1:colcon.colcon_core.package_identification:_identify(hundredVehs) by extension 'python'
[5.736s] Level 1:colcon.colcon_core.package_identification:_identify(hundredVehs) by extensions ['python_setup_py']
[5.736s] Level 1:colcon.colcon_core.package_identification:_identify(hundredVehs) by extension 'python_setup_py'
[5.737s] Level 1:colcon.colcon_core.package_identification:_identify(hundredVehs/fourWay) by extensions ['ignore', 'ignore_ament_install']
[5.737s] Level 1:colcon.colcon_core.package_identification:_identify(hundredVehs/fourWay) by extension 'ignore'
[5.737s] Level 1:colcon.colcon_core.package_identification:_identify(hundredVehs/fourWay) by extension 'ignore_ament_install'
[5.737s] Level 1:colcon.colcon_core.package_identification:_identify(hundredVehs/fourWay) by extensions ['colcon_pkg']
[5.737s] Level 1:colcon.colcon_core.package_identification:_identify(hundredVehs/fourWay) by extension 'colcon_pkg'
[5.737s] Level 1:colcon.colcon_core.package_identification:_identify(hundredVehs/fourWay) by extensions ['colcon_meta']
[5.737s] Level 1:colcon.colcon_core.package_identification:_identify(hundredVehs/fourWay) by extension 'colcon_meta'
[5.737s] Level 1:colcon.colcon_core.package_identification:_identify(hundredVehs/fourWay) by extensions ['ros']
[5.737s] Level 1:colcon.colcon_core.package_identification:_identify(hundredVehs/fourWay) by extension 'ros'
[5.738s] Level 1:colcon.colcon_core.package_identification:_identify(hundredVehs/fourWay) by extensions ['cmake', 'python']
[5.738s] Level 1:colcon.colcon_core.package_identification:_identify(hundredVehs/fourWay) by extension 'cmake'
[5.738s] Level 1:colcon.colcon_core.package_identification:_identify(hundredVehs/fourWay) by extension 'python'
[5.738s] Level 1:colcon.colcon_core.package_identification:_identify(hundredVehs/fourWay) by extensions ['python_setup_py']
[5.738s] Level 1:colcon.colcon_core.package_identification:_identify(hundredVehs/fourWay) by extension 'python_setup_py'
[5.738s] Level 1:colcon.colcon_core.package_identification:_identify(hundredVehs/twoWay) by extensions ['ignore', 'ignore_ament_install']
[5.738s] Level 1:colcon.colcon_core.package_identification:_identify(hundredVehs/twoWay) by extension 'ignore'
[5.738s] Level 1:colcon.colcon_core.package_identification:_identify(hundredVehs/twoWay) by extension 'ignore_ament_install'
[5.738s] Level 1:colcon.colcon_core.package_identification:_identify(hundredVehs/twoWay) by extensions ['colcon_pkg']
[5.738s] Level 1:colcon.colcon_core.package_identification:_identify(hundredVehs/twoWay) by extension 'colcon_pkg'
[5.738s] Level 1:colcon.colcon_core.package_identification:_identify(hundredVehs/twoWay) by extensions ['colcon_meta']
[5.738s] Level 1:colcon.colcon_core.package_identification:_identify(hundredVehs/twoWay) by extension 'colcon_meta'
[5.738s] Level 1:colcon.colcon_core.package_identification:_identify(hundredVehs/twoWay) by extensions ['ros']
[5.738s] Level 1:colcon.colcon_core.package_identification:_identify(hundredVehs/twoWay) by extension 'ros'
[5.738s] Level 1:colcon.colcon_core.package_identification:_identify(hundredVehs/twoWay) by extensions ['cmake', 'python']
[5.739s] Level 1:colcon.colcon_core.package_identification:_identify(hundredVehs/twoWay) by extension 'cmake'
[5.739s] Level 1:colcon.colcon_core.package_identification:_identify(hundredVehs/twoWay) by extension 'python'
[5.739s] Level 1:colcon.colcon_core.package_identification:_identify(hundredVehs/twoWay) by extensions ['python_setup_py']
[5.739s] Level 1:colcon.colcon_core.package_identification:_identify(hundredVehs/twoWay) by extension 'python_setup_py'
[5.739s] Level 1:colcon.colcon_core.package_identification:_identify(hundredVehs/twoWay/FIS) by extensions ['ignore', 'ignore_ament_install']
[5.739s] Level 1:colcon.colcon_core.package_identification:_identify(hundredVehs/twoWay/FIS) by extension 'ignore'
[5.739s] Level 1:colcon.colcon_core.package_identification:_identify(hundredVehs/twoWay/FIS) by extension 'ignore_ament_install'
[5.739s] Level 1:colcon.colcon_core.package_identification:_identify(hundredVehs/twoWay/FIS) by extensions ['colcon_pkg']
[5.739s] Level 1:colcon.colcon_core.package_identification:_identify(hundredVehs/twoWay/FIS) by extension 'colcon_pkg'
[5.739s] Level 1:colcon.colcon_core.package_identification:_identify(hundredVehs/twoWay/FIS) by extensions ['colcon_meta']
[5.739s] Level 1:colcon.colcon_core.package_identification:_identify(hundredVehs/twoWay/FIS) by extension 'colcon_meta'
[5.739s] Level 1:colcon.colcon_core.package_identification:_identify(hundredVehs/twoWay/FIS) by extensions ['ros']
[5.739s] Level 1:colcon.colcon_core.package_identification:_identify(hundredVehs/twoWay/FIS) by extension 'ros'
[5.739s] Level 1:colcon.colcon_core.package_identification:_identify(hundredVehs/twoWay/FIS) by extensions ['cmake', 'python']
[5.740s] Level 1:colcon.colcon_core.package_identification:_identify(hundredVehs/twoWay/FIS) by extension 'cmake'
[5.740s] Level 1:colcon.colcon_core.package_identification:_identify(hundredVehs/twoWay/FIS) by extension 'python'
[5.740s] Level 1:colcon.colcon_core.package_identification:_identify(hundredVehs/twoWay/FIS) by extensions ['python_setup_py']
[5.740s] Level 1:colcon.colcon_core.package_identification:_identify(hundredVehs/twoWay/FIS) by extension 'python_setup_py'
[5.740s] Level 1:colcon.colcon_core.package_identification:_identify(hundredVehs/twoWay/SpdDst) by extensions ['ignore', 'ignore_ament_install']
[5.740s] Level 1:colcon.colcon_core.package_identification:_identify(hundredVehs/twoWay/SpdDst) by extension 'ignore'
[5.740s] Level 1:colcon.colcon_core.package_identification:_identify(hundredVehs/twoWay/SpdDst) by extension 'ignore_ament_install'
[5.740s] Level 1:colcon.colcon_core.package_identification:_identify(hundredVehs/twoWay/SpdDst) by extensions ['colcon_pkg']
[5.740s] Level 1:colcon.colcon_core.package_identification:_identify(hundredVehs/twoWay/SpdDst) by extension 'colcon_pkg'
[5.740s] Level 1:colcon.colcon_core.package_identification:_identify(hundredVehs/twoWay/SpdDst) by extensions ['colcon_meta']
[5.740s] Level 1:colcon.colcon_core.package_identification:_identify(hundredVehs/twoWay/SpdDst) by extension 'colcon_meta'
[5.740s] Level 1:colcon.colcon_core.package_identification:_identify(hundredVehs/twoWay/SpdDst) by extensions ['ros']
[5.740s] Level 1:colcon.colcon_core.package_identification:_identify(hundredVehs/twoWay/SpdDst) by extension 'ros'
[5.740s] Level 1:colcon.colcon_core.package_identification:_identify(hundredVehs/twoWay/SpdDst) by extensions ['cmake', 'python']
[5.741s] Level 1:colcon.colcon_core.package_identification:_identify(hundredVehs/twoWay/SpdDst) by extension 'cmake'
[5.741s] Level 1:colcon.colcon_core.package_identification:_identify(hundredVehs/twoWay/SpdDst) by extension 'python'
[5.741s] Level 1:colcon.colcon_core.package_identification:_identify(hundredVehs/twoWay/SpdDst) by extensions ['python_setup_py']
[5.741s] Level 1:colcon.colcon_core.package_identification:_identify(hundredVehs/twoWay/SpdDst) by extension 'python_setup_py'
[5.741s] Level 1:colcon.colcon_core.package_identification:_identify(hundredVehs/twoWay/Static) by extensions ['ignore', 'ignore_ament_install']
[5.741s] Level 1:colcon.colcon_core.package_identification:_identify(hundredVehs/twoWay/Static) by extension 'ignore'
[5.741s] Level 1:colcon.colcon_core.package_identification:_identify(hundredVehs/twoWay/Static) by extension 'ignore_ament_install'
[5.741s] Level 1:colcon.colcon_core.package_identification:_identify(hundredVehs/twoWay/Static) by extensions ['colcon_pkg']
[5.741s] Level 1:colcon.colcon_core.package_identification:_identify(hundredVehs/twoWay/Static) by extension 'colcon_pkg'
[5.741s] Level 1:colcon.colcon_core.package_identification:_identify(hundredVehs/twoWay/Static) by extensions ['colcon_meta']
[5.741s] Level 1:colcon.colcon_core.package_identification:_identify(hundredVehs/twoWay/Static) by extension 'colcon_meta'
[5.741s] Level 1:colcon.colcon_core.package_identification:_identify(hundredVehs/twoWay/Static) by extensions ['ros']
[5.741s] Level 1:colcon.colcon_core.package_identification:_identify(hundredVehs/twoWay/Static) by extension 'ros'
[5.741s] Level 1:colcon.colcon_core.package_identification:_identify(hundredVehs/twoWay/Static) by extensions ['cmake', 'python']
[5.742s] Level 1:colcon.colcon_core.package_identification:_identify(hundredVehs/twoWay/Static) by extension 'cmake'
[5.742s] Level 1:colcon.colcon_core.package_identification:_identify(hundredVehs/twoWay/Static) by extension 'python'
[5.742s] Level 1:colcon.colcon_core.package_identification:_identify(hundredVehs/twoWay/Static) by extensions ['python_setup_py']
[5.742s] Level 1:colcon.colcon_core.package_identification:_identify(hundredVehs/twoWay/Static) by extension 'python_setup_py'
[5.742s] Level 1:colcon.colcon_core.package_identification:_identify(install) by extensions ['ignore', 'ignore_ament_install']
[5.742s] Level 1:colcon.colcon_core.package_identification:_identify(install) by extension 'ignore'
[5.742s] Level 1:colcon.colcon_core.package_identification:_identify(install) ignored
[5.743s] Level 1:colcon.colcon_core.package_identification:_identify(log) by extensions ['ignore', 'ignore_ament_install']
[5.743s] Level 1:colcon.colcon_core.package_identification:_identify(log) by extension 'ignore'
[5.743s] Level 1:colcon.colcon_core.package_identification:_identify(log) ignored
[5.744s] Level 1:colcon.colcon_core.package_identification:_identify(src) by extensions ['ignore', 'ignore_ament_install']
[5.744s] Level 1:colcon.colcon_core.package_identification:_identify(src) by extension 'ignore'
[5.744s] Level 1:colcon.colcon_core.package_identification:_identify(src) by extension 'ignore_ament_install'
[5.744s] Level 1:colcon.colcon_core.package_identification:_identify(src) by extensions ['colcon_pkg']
[5.744s] Level 1:colcon.colcon_core.package_identification:_identify(src) by extension 'colcon_pkg'
[5.744s] Level 1:colcon.colcon_core.package_identification:_identify(src) by extensions ['colcon_meta']
[5.744s] Level 1:colcon.colcon_core.package_identification:_identify(src) by extension 'colcon_meta'
[5.744s] Level 1:colcon.colcon_core.package_identification:_identify(src) by extensions ['ros']
[5.744s] Level 1:colcon.colcon_core.package_identification:_identify(src) by extension 'ros'
[5.745s] Level 1:colcon.colcon_core.package_identification:_identify(src) by extensions ['cmake', 'python']
[5.745s] Level 1:colcon.colcon_core.package_identification:_identify(src) by extension 'cmake'
[5.745s] Level 1:colcon.colcon_core.package_identification:_identify(src) by extension 'python'
[5.745s] Level 1:colcon.colcon_core.package_identification:_identify(src) by extensions ['python_setup_py']
[5.745s] Level 1:colcon.colcon_core.package_identification:_identify(src) by extension 'python_setup_py'
[5.745s] Level 1:colcon.colcon_core.package_identification:_identify(src/cim) by extensions ['ignore', 'ignore_ament_install']
[5.745s] Level 1:colcon.colcon_core.package_identification:_identify(src/cim) by extension 'ignore'
[5.746s] Level 1:colcon.colcon_core.package_identification:_identify(src/cim) by extension 'ignore_ament_install'
[5.746s] Level 1:colcon.colcon_core.package_identification:_identify(src/cim) by extensions ['colcon_pkg']
[5.746s] Level 1:colcon.colcon_core.package_identification:_identify(src/cim) by extension 'colcon_pkg'
[5.746s] Level 1:colcon.colcon_core.package_identification:_identify(src/cim) by extensions ['colcon_meta']
[5.746s] Level 1:colcon.colcon_core.package_identification:_identify(src/cim) by extension 'colcon_meta'
[5.746s] Level 1:colcon.colcon_core.package_identification:_identify(src/cim) by extensions ['ros']
[5.746s] Level 1:colcon.colcon_core.package_identification:_identify(src/cim) by extension 'ros'
[5.753s] DEBUG:colcon.colcon_core.package_identification:Package 'src/cim' with type 'ros.ament_python' and name 'cim'
[5.753s] Level 1:colcon.colcon_core.package_identification:_identify(src/dsrcmsg) by extensions ['ignore', 'ignore_ament_install']
[5.753s] Level 1:colcon.colcon_core.package_identification:_identify(src/dsrcmsg) by extension 'ignore'
[5.753s] Level 1:colcon.colcon_core.package_identification:_identify(src/dsrcmsg) by extension 'ignore_ament_install'
[5.753s] Level 1:colcon.colcon_core.package_identification:_identify(src/dsrcmsg) by extensions ['colcon_pkg']
[5.753s] Level 1:colcon.colcon_core.package_identification:_identify(src/dsrcmsg) by extension 'colcon_pkg'
[5.754s] Level 1:colcon.colcon_core.package_identification:_identify(src/dsrcmsg) by extensions ['colcon_meta']
[5.754s] Level 1:colcon.colcon_core.package_identification:_identify(src/dsrcmsg) by extension 'colcon_meta'
[5.754s] Level 1:colcon.colcon_core.package_identification:_identify(src/dsrcmsg) by extensions ['ros']
[5.754s] Level 1:colcon.colcon_core.package_identification:_identify(src/dsrcmsg) by extension 'ros'
[5.755s] DEBUG:colcon.colcon_core.package_identification:Package 'src/dsrcmsg' with type 'ros.ament_cmake' and name 'dsrcmsg'
[5.756s] Level 1:colcon.colcon_core.package_identification:_identify(src/onecim) by extensions ['ignore', 'ignore_ament_install']
[5.756s] Level 1:colcon.colcon_core.package_identification:_identify(src/onecim) by extension 'ignore'
[5.756s] Level 1:colcon.colcon_core.package_identification:_identify(src/onecim) by extension 'ignore_ament_install'
[5.756s] Level 1:colcon.colcon_core.package_identification:_identify(src/onecim) by extensions ['colcon_pkg']
[5.756s] Level 1:colcon.colcon_core.package_identification:_identify(src/onecim) by extension 'colcon_pkg'
[5.756s] Level 1:colcon.colcon_core.package_identification:_identify(src/onecim) by extensions ['colcon_meta']
[5.756s] Level 1:colcon.colcon_core.package_identification:_identify(src/onecim) by extension 'colcon_meta'
[5.756s] Level 1:colcon.colcon_core.package_identification:_identify(src/onecim) by extensions ['ros']
[5.756s] Level 1:colcon.colcon_core.package_identification:_identify(src/onecim) by extension 'ros'
[5.759s] DEBUG:colcon.colcon_core.package_identification:Package 'src/onecim' with type 'ros.ament_python' and name 'onecim'
[5.759s] Level 1:colcon.colcon_core.package_identification:_identify(src/reactivemethods) by extensions ['ignore', 'ignore_ament_install']
[5.759s] Level 1:colcon.colcon_core.package_identification:_identify(src/reactivemethods) by extension 'ignore'
[5.760s] Level 1:colcon.colcon_core.package_identification:_identify(src/reactivemethods) by extension 'ignore_ament_install'
[5.760s] Level 1:colcon.colcon_core.package_identification:_identify(src/reactivemethods) by extensions ['colcon_pkg']
[5.760s] Level 1:colcon.colcon_core.package_identification:_identify(src/reactivemethods) by extension 'colcon_pkg'
[5.760s] Level 1:colcon.colcon_core.package_identification:_identify(src/reactivemethods) by extensions ['colcon_meta']
[5.760s] Level 1:colcon.colcon_core.package_identification:_identify(src/reactivemethods) by extension 'colcon_meta'
[5.760s] Level 1:colcon.colcon_core.package_identification:_identify(src/reactivemethods) by extensions ['ros']
[5.760s] Level 1:colcon.colcon_core.package_identification:_identify(src/reactivemethods) by extension 'ros'
[5.762s] DEBUG:colcon.colcon_core.package_identification:Package 'src/reactivemethods' with type 'ros.ament_python' and name 'reactivemethods'
[5.762s] Level 1:colcon.colcon_core.package_identification:_identify(src/trafficrecord) by extensions ['ignore', 'ignore_ament_install']
[5.762s] Level 1:colcon.colcon_core.package_identification:_identify(src/trafficrecord) by extension 'ignore'
[5.762s] Level 1:colcon.colcon_core.package_identification:_identify(src/trafficrecord) by extension 'ignore_ament_install'
[5.762s] Level 1:colcon.colcon_core.package_identification:_identify(src/trafficrecord) by extensions ['colcon_pkg']
[5.762s] Level 1:colcon.colcon_core.package_identification:_identify(src/trafficrecord) by extension 'colcon_pkg'
[5.762s] Level 1:colcon.colcon_core.package_identification:_identify(src/trafficrecord) by extensions ['colcon_meta']
[5.763s] Level 1:colcon.colcon_core.package_identification:_identify(src/trafficrecord) by extension 'colcon_meta'
[5.763s] Level 1:colcon.colcon_core.package_identification:_identify(src/trafficrecord) by extensions ['ros']
[5.763s] Level 1:colcon.colcon_core.package_identification:_identify(src/trafficrecord) by extension 'ros'
[5.764s] DEBUG:colcon.colcon_core.package_identification:Package 'src/trafficrecord' with type 'ros.ament_cmake' and name 'trafficrecord'
[5.764s] Level 1:colcon.colcon_core.package_identification:_identify(tenVehs) by extensions ['ignore', 'ignore_ament_install']
[5.765s] Level 1:colcon.colcon_core.package_identification:_identify(tenVehs) by extension 'ignore'
[5.765s] Level 1:colcon.colcon_core.package_identification:_identify(tenVehs) by extension 'ignore_ament_install'
[5.765s] Level 1:colcon.colcon_core.package_identification:_identify(tenVehs) by extensions ['colcon_pkg']
[5.765s] Level 1:colcon.colcon_core.package_identification:_identify(tenVehs) by extension 'colcon_pkg'
[5.765s] Level 1:colcon.colcon_core.package_identification:_identify(tenVehs) by extensions ['colcon_meta']
[5.765s] Level 1:colcon.colcon_core.package_identification:_identify(tenVehs) by extension 'colcon_meta'
[5.765s] Level 1:colcon.colcon_core.package_identification:_identify(tenVehs) by extensions ['ros']
[5.765s] Level 1:colcon.colcon_core.package_identification:_identify(tenVehs) by extension 'ros'
[5.766s] Level 1:colcon.colcon_core.package_identification:_identify(tenVehs) by extensions ['cmake', 'python']
[5.766s] Level 1:colcon.colcon_core.package_identification:_identify(tenVehs) by extension 'cmake'
[5.766s] Level 1:colcon.colcon_core.package_identification:_identify(tenVehs) by extension 'python'
[5.766s] Level 1:colcon.colcon_core.package_identification:_identify(tenVehs) by extensions ['python_setup_py']
[5.766s] Level 1:colcon.colcon_core.package_identification:_identify(tenVehs) by extension 'python_setup_py'
[5.766s] Level 1:colcon.colcon_core.package_identification:_identify(thirtyVehs) by extensions ['ignore', 'ignore_ament_install']
[5.766s] Level 1:colcon.colcon_core.package_identification:_identify(thirtyVehs) by extension 'ignore'
[5.766s] Level 1:colcon.colcon_core.package_identification:_identify(thirtyVehs) by extension 'ignore_ament_install'
[5.767s] Level 1:colcon.colcon_core.package_identification:_identify(thirtyVehs) by extensions ['colcon_pkg']
[5.767s] Level 1:colcon.colcon_core.package_identification:_identify(thirtyVehs) by extension 'colcon_pkg'
[5.767s] Level 1:colcon.colcon_core.package_identification:_identify(thirtyVehs) by extensions ['colcon_meta']
[5.767s] Level 1:colcon.colcon_core.package_identification:_identify(thirtyVehs) by extension 'colcon_meta'
[5.767s] Level 1:colcon.colcon_core.package_identification:_identify(thirtyVehs) by extensions ['ros']
[5.767s] Level 1:colcon.colcon_core.package_identification:_identify(thirtyVehs) by extension 'ros'
[5.767s] Level 1:colcon.colcon_core.package_identification:_identify(thirtyVehs) by extensions ['cmake', 'python']
[5.767s] Level 1:colcon.colcon_core.package_identification:_identify(thirtyVehs) by extension 'cmake'
[5.767s] Level 1:colcon.colcon_core.package_identification:_identify(thirtyVehs) by extension 'python'
[5.767s] Level 1:colcon.colcon_core.package_identification:_identify(thirtyVehs) by extensions ['python_setup_py']
[5.767s] Level 1:colcon.colcon_core.package_identification:_identify(thirtyVehs) by extension 'python_setup_py'
[5.768s] Level 1:colcon.colcon_core.package_identification:_identify(twoVehs) by extensions ['ignore', 'ignore_ament_install']
[5.768s] Level 1:colcon.colcon_core.package_identification:_identify(twoVehs) by extension 'ignore'
[5.768s] Level 1:colcon.colcon_core.package_identification:_identify(twoVehs) by extension 'ignore_ament_install'
[5.768s] Level 1:colcon.colcon_core.package_identification:_identify(twoVehs) by extensions ['colcon_pkg']
[5.768s] Level 1:colcon.colcon_core.package_identification:_identify(twoVehs) by extension 'colcon_pkg'
[5.768s] Level 1:colcon.colcon_core.package_identification:_identify(twoVehs) by extensions ['colcon_meta']
[5.768s] Level 1:colcon.colcon_core.package_identification:_identify(twoVehs) by extension 'colcon_meta'
[5.768s] Level 1:colcon.colcon_core.package_identification:_identify(twoVehs) by extensions ['ros']
[5.768s] Level 1:colcon.colcon_core.package_identification:_identify(twoVehs) by extension 'ros'
[5.769s] Level 1:colcon.colcon_core.package_identification:_identify(twoVehs) by extensions ['cmake', 'python']
[5.769s] Level 1:colcon.colcon_core.package_identification:_identify(twoVehs) by extension 'cmake'
[5.769s] Level 1:colcon.colcon_core.package_identification:_identify(twoVehs) by extension 'python'
[5.769s] Level 1:colcon.colcon_core.package_identification:_identify(twoVehs) by extensions ['python_setup_py']
[5.769s] Level 1:colcon.colcon_core.package_identification:_identify(twoVehs) by extension 'python_setup_py'
[5.769s] Level 1:colcon.colcon_core.package_discovery:discover_packages(recursive) using defaults
[5.769s] Level 1:colcon.colcon_core.package_discovery:discover_packages(ignore) discover
[5.769s] Level 1:colcon.colcon_core.package_discovery:discover_packages(ignore) using defaults
[5.769s] Level 1:colcon.colcon_core.package_discovery:discover_packages(path) discover
[5.769s] Level 1:colcon.colcon_core.package_discovery:discover_packages(path) using defaults
[6.023s] INFO:colcon.colcon_core.package_selection:Skipping not selected package 'dsrcmsg' in 'src/dsrcmsg'
[6.023s] INFO:colcon.colcon_core.package_selection:Skipping not selected package 'trafficrecord' in 'src/trafficrecord'
[6.023s] INFO:colcon.colcon_core.package_selection:Skipping not selected package 'cim' in 'src/cim'
[6.023s] INFO:colcon.colcon_core.package_selection:Skipping not selected package 'reactivemethods' in 'src/reactivemethods'
[6.147s] Level 1:colcon.colcon_core.package_discovery:discover_packages(prefix_path) check parameters
[6.148s] Level 1:colcon.colcon_core.package_discovery:discover_packages(prefix_path) discover
[6.271s] DEBUG:colcon.colcon_installed_package_information.package_discovery:Found 289 installed packages in /opt/ros/foxy
[6.274s] Level 1:colcon.colcon_core.package_discovery:discover_packages(prefix_path) using defaults
[6.574s] Level 5:colcon.colcon_core.verb:set package 'onecim' build argument 'cmake_args' from command line to 'None'
[6.575s] Level 5:colcon.colcon_core.verb:set package 'onecim' build argument 'cmake_target' from command line to 'None'
[6.575s] Level 5:colcon.colcon_core.verb:set package 'onecim' build argument 'cmake_target_skip_unavailable' from command line to 'False'
[6.575s] Level 5:colcon.colcon_core.verb:set package 'onecim' build argument 'cmake_clean_cache' from command line to 'False'
[6.575s] Level 5:colcon.colcon_core.verb:set package 'onecim' build argument 'cmake_clean_first' from command line to 'False'
[6.575s] Level 5:colcon.colcon_core.verb:set package 'onecim' build argument 'cmake_force_configure' from command line to 'False'
[6.575s] Level 5:colcon.colcon_core.verb:set package 'onecim' build argument 'ament_cmake_args' from command line to 'None'
[6.575s] Level 5:colcon.colcon_core.verb:set package 'onecim' build argument 'catkin_cmake_args' from command line to 'None'
[6.575s] Level 5:colcon.colcon_core.verb:set package 'onecim' build argument 'catkin_skip_building_tests' from command line to 'False'
[6.575s] DEBUG:colcon.colcon_core.verb:Building package 'onecim' with the following arguments: {'ament_cmake_args': None, 'build_base': '/home/babangida/ros_ws/build/onecim', 'catkin_cmake_args': None, 'catkin_skip_building_tests': False, 'cmake_args': None, 'cmake_clean_cache': False, 'cmake_clean_first': False, 'cmake_force_configure': False, 'cmake_target': None, 'cmake_target_skip_unavailable': False, 'install_base': '/home/babangida/ros_ws/install/onecim', 'merge_install': False, 'path': '/home/babangida/ros_ws/src/onecim', 'symlink_install': True, 'test_result_base': None}
[6.646s] INFO:colcon.colcon_core.executor:Executing jobs using 'parallel' executor
[6.720s] DEBUG:colcon.colcon_parallel_executor.executor.parallel:run_until_complete
[6.721s] INFO:colcon.colcon_ros.task.ament_python.build:Building ROS package in '/home/babangida/ros_ws/src/onecim' with build type 'ament_python'
[6.721s] Level 1:colcon.colcon_core.shell:create_environment_hook('onecim', 'ament_prefix_path')
[6.800s] INFO:colcon.colcon_core.plugin_system:Skipping extension 'colcon_core.shell.bat': Not used on non-Windows systems
[6.801s] INFO:colcon.colcon_core.shell:Creating environment hook '/home/babangida/ros_ws/install/onecim/share/onecim/hook/ament_prefix_path.ps1'
[6.802s] INFO:colcon.colcon_core.shell:Creating environment descriptor '/home/babangida/ros_ws/install/onecim/share/onecim/hook/ament_prefix_path.dsv'
[6.803s] INFO:colcon.colcon_core.shell:Creating environment hook '/home/babangida/ros_ws/install/onecim/share/onecim/hook/ament_prefix_path.sh'
[6.888s] INFO:colcon.colcon_core.shell:Skip shell extension 'powershell' for command environment: Not usable outside of PowerShell
[6.888s] DEBUG:colcon.colcon_core.shell:Skip shell extension 'dsv' for command environment
[8.310s] INFO:colcon.colcon_core.task.python.build:Building Python package in '/home/babangida/ros_ws/src/onecim'
[8.395s] INFO:colcon.colcon_core.shell:Skip shell extension 'powershell' for command environment: Not usable outside of PowerShell
[8.395s] DEBUG:colcon.colcon_core.shell:Skip shell extension 'dsv' for command environment
[10.154s] DEBUG:colcon.colcon_core.event_handler.log_command:Invoking command in '/home/babangida/ros_ws/build/onecim': AMENT_PREFIX_PATH=/home/babangida/ros_ws/install/trafficrecord:/home/babangida/ros_ws/install/dsrcmsg:${AMENT_PREFIX_PATH} CMAKE_PREFIX_PATH=/home/babangida/ros_ws/install/trafficrecord:/home/babangida/ros_ws/install/dsrcmsg LD_LIBRARY_PATH=/home/babangida/ros_ws/install/trafficrecord/lib:/home/babangida/ros_ws/install/dsrcmsg/lib:${LD_LIBRARY_PATH} PYTHONPATH=/home/babangida/ros_ws/build/onecim/prefix_override:/home/babangida/ros_ws/install/onecim/lib/python3.8/site-packages:/home/babangida/ros_ws/install/trafficrecord/lib/python3.8/site-packages:/home/babangida/ros_ws/install/dsrcmsg/lib/python3.8/site-packages:${PYTHONPATH} /usr/bin/python3 setup.py develop --editable --build-directory /home/babangida/ros_ws/build/onecim/build --no-deps install_data
[10.968s] Level 1:colcon.colcon_core.shell:create_environment_hook('onecim', 'pythonpath_develop')
[10.969s] DEBUG:colcon.colcon_core.event_handler.log_command:Invoked command in '/home/babangida/ros_ws/build/onecim' returned '0': AMENT_PREFIX_PATH=/home/babangida/ros_ws/install/trafficrecord:/home/babangida/ros_ws/install/dsrcmsg:${AMENT_PREFIX_PATH} CMAKE_PREFIX_PATH=/home/babangida/ros_ws/install/trafficrecord:/home/babangida/ros_ws/install/dsrcmsg LD_LIBRARY_PATH=/home/babangida/ros_ws/install/trafficrecord/lib:/home/babangida/ros_ws/install/dsrcmsg/lib:${LD_LIBRARY_PATH} PYTHONPATH=/home/babangida/ros_ws/build/onecim/prefix_override:/home/babangida/ros_ws/install/onecim/lib/python3.8/site-packages:/home/babangida/ros_ws/install/trafficrecord/lib/python3.8/site-packages:/home/babangida/ros_ws/install/dsrcmsg/lib/python3.8/site-packages:${PYTHONPATH} /usr/bin/python3 setup.py develop --editable --build-directory /home/babangida/ros_ws/build/onecim/build --no-deps install_data
[11.044s] INFO:colcon.colcon_core.shell:Creating environment hook '/home/babangida/ros_ws/build/onecim/share/onecim/hook/pythonpath_develop.ps1'
[11.045s] INFO:colcon.colcon_core.shell:Creating environment descriptor '/home/babangida/ros_ws/build/onecim/share/onecim/hook/pythonpath_develop.dsv'
[11.046s] INFO:colcon.colcon_core.shell:Creating environment hook '/home/babangida/ros_ws/build/onecim/share/onecim/hook/pythonpath_develop.sh'
[11.144s] Level 1:colcon.colcon_core.environment:checking '/home/babangida/ros_ws/install/onecim' for CMake module files
[11.146s] Level 1:colcon.colcon_core.environment:checking '/home/babangida/ros_ws/install/onecim' for CMake config files
[11.148s] Level 1:colcon.colcon_core.environment:checking '/home/babangida/ros_ws/install/onecim/lib'
[11.148s] Level 1:colcon.colcon_core.environment:checking '/home/babangida/ros_ws/install/onecim/bin'
[11.148s] Level 1:colcon.colcon_core.environment:checking '/home/babangida/ros_ws/install/onecim/lib/pkgconfig/onecim.pc'
[11.148s] Level 1:colcon.colcon_core.environment:checking '/home/babangida/ros_ws/install/onecim/lib/python3.8/site-packages'
[11.148s] Level 1:colcon.colcon_core.shell:create_environment_hook('onecim', 'pythonpath')
[11.226s] INFO:colcon.colcon_core.shell:Creating environment hook '/home/babangida/ros_ws/install/onecim/share/onecim/hook/pythonpath.ps1'
[11.227s] INFO:colcon.colcon_core.shell:Creating environment descriptor '/home/babangida/ros_ws/install/onecim/share/onecim/hook/pythonpath.dsv'
[11.228s] INFO:colcon.colcon_core.shell:Creating environment hook '/home/babangida/ros_ws/install/onecim/share/onecim/hook/pythonpath.sh'
[11.229s] Level 1:colcon.colcon_core.environment:checking '/home/babangida/ros_ws/install/onecim/bin'
[11.229s] Level 1:colcon.colcon_core.environment:create_environment_scripts_only(onecim)
[11.309s] INFO:colcon.colcon_core.shell:Creating package script '/home/babangida/ros_ws/install/onecim/share/onecim/package.ps1'
[11.310s] INFO:colcon.colcon_core.shell:Creating package descriptor '/home/babangida/ros_ws/install/onecim/share/onecim/package.dsv'
[11.312s] INFO:colcon.colcon_core.shell:Creating package script '/home/babangida/ros_ws/install/onecim/share/onecim/package.sh'
[11.313s] INFO:colcon.colcon_core.shell:Creating package script '/home/babangida/ros_ws/install/onecim/share/onecim/package.bash'
[11.315s] INFO:colcon.colcon_core.shell:Creating package script '/home/babangida/ros_ws/install/onecim/share/onecim/package.zsh'
[11.316s] Level 1:colcon.colcon_core.environment:create_file_with_runtime_dependencies(/home/babangida/ros_ws/install/onecim/share/colcon-core/packages/onecim)
[11.317s] DEBUG:colcon.colcon_parallel_executor.executor.parallel:closing loop
[11.319s] DEBUG:colcon.colcon_parallel_executor.executor.parallel:loop closed
[11.319s] DEBUG:colcon.colcon_parallel_executor.executor.parallel:run_until_complete finished with '0'
[11.320s] DEBUG:colcon.colcon_core.event_reactor:joining thread
[11.557s] INFO:colcon.colcon_core.plugin_system:Skipping extension 'colcon_notification.desktop_notification.notify_send': Could not find 'notify-send'
[11.557s] INFO:colcon.colcon_core.plugin_system:Skipping extension 'colcon_notification.desktop_notification.terminal_notifier': Not used on non-Darwin systems
[11.558s] INFO:colcon.colcon_core.plugin_system:Skipping extension 'colcon_notification.desktop_notification.win32': Not used on non-Windows systems
[11.558s] INFO:colcon.colcon_notification.desktop_notification:Sending desktop notification using 'notify2'
[11.565s] DEBUG:colcon.colcon_notification.desktop_notification.notify2:Failed to initialize notify2: org.freedesktop.DBus.Error.ServiceUnknown: The name org.freedesktop.Notifications was not provided by any .service files
[11.565s] DEBUG:colcon.colcon_core.event_reactor:joined thread
[11.645s] INFO:colcon.colcon_core.shell:Creating prefix script '/home/babangida/ros_ws/install/local_setup.ps1'
[11.647s] INFO:colcon.colcon_core.shell:Creating prefix util module '/home/babangida/ros_ws/install/_local_setup_util_ps1.py'
[11.651s] INFO:colcon.colcon_core.shell:Creating prefix chain script '/home/babangida/ros_ws/install/setup.ps1'
[11.732s] INFO:colcon.colcon_core.shell:Creating prefix script '/home/babangida/ros_ws/install/local_setup.sh'
[11.733s] INFO:colcon.colcon_core.shell:Creating prefix util module '/home/babangida/ros_ws/install/_local_setup_util_sh.py'
[11.734s] INFO:colcon.colcon_core.shell:Creating prefix chain script '/home/babangida/ros_ws/install/setup.sh'
[11.829s] INFO:colcon.colcon_core.shell:Creating prefix script '/home/babangida/ros_ws/install/local_setup.bash'
[11.830s] INFO:colcon.colcon_core.shell:Creating prefix chain script '/home/babangida/ros_ws/install/setup.bash'
[11.910s] INFO:colcon.colcon_core.shell:Creating prefix script '/home/babangida/ros_ws/install/local_setup.zsh'
[11.912s] INFO:colcon.colcon_core.shell:Creating prefix chain script '/home/babangida/ros_ws/install/setup.zsh'
