[4.010s] Invoking command in '/home/babangida/ros_ws/build/cim': PYTHONPATH=/home/babangida/ros_ws/build/cim/prefix_override:/home/babangida/ros_ws/install/cim/lib/python3.8/site-packages:/home/babangida/ros_ws/install/trafficrecord/lib/python3.8/site-packages:/home/babangida/ros_ws/install/dsrcmsg/lib/python3.8/site-packages:/home/babangida/ros_ws/install/cim/lib/python3.8/site-packages:/home/babangida/ros_ws/install/reactivemethods/lib/python3.8/site-packages:/opt/ros/foxy/lib/python3.8/site-packages /usr/bin/python3 setup.py develop --editable --build-directory /home/babangida/ros_ws/build/cim/build --no-deps install_data
[4.488s] running develop
[4.747s] running egg_info
[4.747s] writing cim.egg-info/PKG-INFO
[4.748s] writing dependency_links to cim.egg-info/dependency_links.txt
[4.749s] writing entry points to cim.egg-info/entry_points.txt
[4.749s] writing requirements to cim.egg-info/requires.txt
[4.749s] writing top-level names to cim.egg-info/top_level.txt
[4.811s] reading manifest file 'cim.egg-info/SOURCES.txt'
[4.813s] writing manifest file 'cim.egg-info/SOURCES.txt'
[4.872s] running build_ext
[4.872s] Creating /home/babangida/ros_ws/install/cim/lib/python3.8/site-packages/cim.egg-link (link to .)
[4.874s] Installing cimnode script to /home/babangida/ros_ws/install/cim/lib/cim
[4.874s] Installing debugewagent script to /home/babangida/ros_ws/install/cim/lib/cim
[4.875s] Installing dsrcsimplecim script to /home/babangida/ros_ws/install/cim/lib/cim
[4.875s] Installing ewagent script to /home/babangida/ros_ws/install/cim/lib/cim
[4.875s] Installing fhcim script to /home/babangida/ros_ws/install/cim/lib/cim
[4.875s] Installing fiscim script to /home/babangida/ros_ws/install/cim/lib/cim
[4.876s] Installing fisewagent script to /home/babangida/ros_ws/install/cim/lib/cim
[4.876s] Installing fissnagent script to /home/babangida/ros_ws/install/cim/lib/cim
[4.876s] Installing playde script to /home/babangida/ros_ws/install/cim/lib/cim
[4.876s] Installing playpp script to /home/babangida/ros_ws/install/cim/lib/cim
[4.877s] Installing plotpoint script to /home/babangida/ros_ws/install/cim/lib/cim
[4.877s] Installing recanalysis script to /home/babangida/ros_ws/install/cim/lib/cim
[4.877s] Installing recanalysisserver script to /home/babangida/ros_ws/install/cim/lib/cim
[4.877s] Installing snagent script to /home/babangida/ros_ws/install/cim/lib/cim
[4.878s] Installing statictls script to /home/babangida/ros_ws/install/cim/lib/cim
[4.878s] Installing stlsewagent script to /home/babangida/ros_ws/install/cim/lib/cim
[4.878s] Installing stlssnagent script to /home/babangida/ros_ws/install/cim/lib/cim
[4.878s] Installing test script to /home/babangida/ros_ws/install/cim/lib/cim
[4.878s] Installing tlsewagent script to /home/babangida/ros_ws/install/cim/lib/cim
[4.879s] Installing tlssnagent script to /home/babangida/ros_ws/install/cim/lib/cim
[4.879s] 
[4.879s] Installed /home/babangida/ros_ws/build/cim
[4.879s] running install_data
[4.922s] Invoked command in '/home/babangida/ros_ws/build/cim' returned '0': PYTHONPATH=/home/babangida/ros_ws/build/cim/prefix_override:/home/babangida/ros_ws/install/cim/lib/python3.8/site-packages:/home/babangida/ros_ws/install/trafficrecord/lib/python3.8/site-packages:/home/babangida/ros_ws/install/dsrcmsg/lib/python3.8/site-packages:/home/babangida/ros_ws/install/cim/lib/python3.8/site-packages:/home/babangida/ros_ws/install/reactivemethods/lib/python3.8/site-packages:/opt/ros/foxy/lib/python3.8/site-packages /usr/bin/python3 setup.py develop --editable --build-directory /home/babangida/ros_ws/build/cim/build --no-deps install_data
