[8.731s] Invoking command in '/home/babangida/ros_ws/build/onecim': PYTHONPATH=/home/babangida/ros_ws/build/onecim/prefix_override:/home/babangida/ros_ws/install/onecim/lib/python3.8/site-packages:/home/babangida/ros_ws/install/trafficrecord/lib/python3.8/site-packages:/home/babangida/ros_ws/install/dsrcmsg/lib/python3.8/site-packages:/home/babangida/ros_ws/build/onecim:/home/babangida/ros_ws/install/onecim/lib/python3.8/site-packages:/home/babangida/ros_ws/install/cim/lib/python3.8/site-packages:/home/babangida/ros_ws/build/reactivemethods:/home/babangida/ros_ws/install/reactivemethods/lib/python3.8/site-packages:/opt/ros/foxy/lib/python3.8/site-packages /usr/bin/python3 setup.py develop --editable --build-directory /home/babangida/ros_ws/build/onecim/build --no-deps install_data
[9.381s] running develop
[9.787s] running egg_info
[9.787s] writing onecim.egg-info/PKG-INFO
[9.787s] writing dependency_links to onecim.egg-info/dependency_links.txt
[9.788s] writing entry points to onecim.egg-info/entry_points.txt
[9.788s] writing requirements to onecim.egg-info/requires.txt
[9.789s] writing top-level names to onecim.egg-info/top_level.txt
[9.909s] reading manifest file 'onecim.egg-info/SOURCES.txt'
[9.913s] writing manifest file 'onecim.egg-info/SOURCES.txt'
[9.993s] running build_ext
[10.024s] Creating /home/babangida/ros_ws/install/onecim/lib/python3.8/site-packages/onecim.egg-link (link to .)
[10.026s] Installing fisonecimtls script to /home/babangida/ros_ws/install/onecim/lib/onecim
[10.027s] Installing onecimew script to /home/babangida/ros_ws/install/onecim/lib/onecim
[10.028s] Installing onecimloopew script to /home/babangida/ros_ws/install/onecim/lib/onecim
[10.029s] Installing onecimloopsn script to /home/babangida/ros_ws/install/onecim/lib/onecim
[10.029s] Installing onecimlooptls script to /home/babangida/ros_ws/install/onecim/lib/onecim
[10.029s] Installing onecimsn script to /home/babangida/ros_ws/install/onecim/lib/onecim
[10.030s] Installing onecimtls script to /home/babangida/ros_ws/install/onecim/lib/onecim
[10.049s] Installing playde script to /home/babangida/ros_ws/install/onecim/lib/onecim
[10.050s] Installing playpp script to /home/babangida/ros_ws/install/onecim/lib/onecim
[10.050s] Installing simspeed script to /home/babangida/ros_ws/install/onecim/lib/onecim
[10.050s] Installing wypts script to /home/babangida/ros_ws/install/onecim/lib/onecim
[10.050s] 
[10.050s] Installed /home/babangida/ros_ws/build/onecim
[10.050s] running install_data
[10.112s] Invoked command in '/home/babangida/ros_ws/build/onecim' returned '0': PYTHONPATH=/home/babangida/ros_ws/build/onecim/prefix_override:/home/babangida/ros_ws/install/onecim/lib/python3.8/site-packages:/home/babangida/ros_ws/install/trafficrecord/lib/python3.8/site-packages:/home/babangida/ros_ws/install/dsrcmsg/lib/python3.8/site-packages:/home/babangida/ros_ws/build/onecim:/home/babangida/ros_ws/install/onecim/lib/python3.8/site-packages:/home/babangida/ros_ws/install/cim/lib/python3.8/site-packages:/home/babangida/ros_ws/build/reactivemethods:/home/babangida/ros_ws/install/reactivemethods/lib/python3.8/site-packages:/opt/ros/foxy/lib/python3.8/site-packages /usr/bin/python3 setup.py develop --editable --build-directory /home/babangida/ros_ws/build/onecim/build --no-deps install_data
