[3.064s] Invoking command in '/home/babangida/ros_ws/build/onecim': PYTHONPATH=/home/babangida/ros_ws/build/onecim/prefix_override:/home/babangida/ros_ws/install/onecim/lib/python3.8/site-packages:/home/babangida/ros_ws/install/trafficrecord/lib/python3.8/site-packages:/home/babangida/ros_ws/install/dsrcmsg/lib/python3.8/site-packages:/home/babangida/ros_ws/build/onecim:/home/babangida/ros_ws/install/onecim/lib/python3.8/site-packages:/home/babangida/ros_ws/install/cim/lib/python3.8/site-packages:/home/babangida/ros_ws/build/reactivemethods:/home/babangida/ros_ws/install/reactivemethods/lib/python3.8/site-packages:/opt/ros/foxy/lib/python3.8/site-packages /usr/bin/python3 setup.py develop --editable --build-directory /home/babangida/ros_ws/build/onecim/build --no-deps install_data
[3.545s] running develop
[3.881s] running egg_info
[3.881s] writing onecim.egg-info/PKG-INFO
[3.881s] writing dependency_links to onecim.egg-info/dependency_links.txt
[3.882s] writing entry points to onecim.egg-info/entry_points.txt
[3.882s] writing requirements to onecim.egg-info/requires.txt
[3.882s] writing top-level names to onecim.egg-info/top_level.txt
[3.936s] reading manifest file 'onecim.egg-info/SOURCES.txt'
[3.938s] writing manifest file 'onecim.egg-info/SOURCES.txt'
[3.994s] running build_ext
[3.995s] Creating /home/babangida/ros_ws/install/onecim/lib/python3.8/site-packages/onecim.egg-link (link to .)
[3.996s] Installing ewfiscim script to /home/babangida/ros_ws/install/onecim/lib/onecim
[3.997s] Installing fisonecimlooptls script to /home/babangida/ros_ws/install/onecim/lib/onecim
[3.997s] Installing fisonecimtls script to /home/babangida/ros_ws/install/onecim/lib/onecim
[3.997s] Installing genveh script to /home/babangida/ros_ws/install/onecim/lib/onecim
[3.997s] Installing onecimew script to /home/babangida/ros_ws/install/onecim/lib/onecim
[3.997s] Installing onecimloopew script to /home/babangida/ros_ws/install/onecim/lib/onecim
[3.998s] Installing onecimloopsn script to /home/babangida/ros_ws/install/onecim/lib/onecim
[3.998s] Installing onecimloopstatictls script to /home/babangida/ros_ws/install/onecim/lib/onecim
[3.998s] Installing onecimlooptls script to /home/babangida/ros_ws/install/onecim/lib/onecim
[3.998s] Installing onecimsn script to /home/babangida/ros_ws/install/onecim/lib/onecim
[3.998s] Installing onecimtls script to /home/babangida/ros_ws/install/onecim/lib/onecim
[3.999s] Installing playde script to /home/babangida/ros_ws/install/onecim/lib/onecim
[3.999s] Installing playpp script to /home/babangida/ros_ws/install/onecim/lib/onecim
[3.999s] Installing simspeed script to /home/babangida/ros_ws/install/onecim/lib/onecim
[3.999s] Installing snfiscim script to /home/babangida/ros_ws/install/onecim/lib/onecim
[3.999s] Installing veh script to /home/babangida/ros_ws/install/onecim/lib/onecim
[4.000s] Installing wypts script to /home/babangida/ros_ws/install/onecim/lib/onecim
[4.001s] 
[4.001s] Installed /home/babangida/ros_ws/build/onecim
[4.001s] running install_data
[4.046s] Invoked command in '/home/babangida/ros_ws/build/onecim' returned '0': PYTHONPATH=/home/babangida/ros_ws/build/onecim/prefix_override:/home/babangida/ros_ws/install/onecim/lib/python3.8/site-packages:/home/babangida/ros_ws/install/trafficrecord/lib/python3.8/site-packages:/home/babangida/ros_ws/install/dsrcmsg/lib/python3.8/site-packages:/home/babangida/ros_ws/build/onecim:/home/babangida/ros_ws/install/onecim/lib/python3.8/site-packages:/home/babangida/ros_ws/install/cim/lib/python3.8/site-packages:/home/babangida/ros_ws/build/reactivemethods:/home/babangida/ros_ws/install/reactivemethods/lib/python3.8/site-packages:/opt/ros/foxy/lib/python3.8/site-packages /usr/bin/python3 setup.py develop --editable --build-directory /home/babangida/ros_ws/build/onecim/build --no-deps install_data
