[1.625s] Invoking command in '/home/babangida/ros_ws/src/reactivemethods': CMAKE_PREFIX_PATH=/home/babangida/ros_ws/install/dsrcmsg:/home/babangida/ros_ws/install/trafficrecord LD_LIBRARY_PATH=/home/babangida/ros_ws/install/dsrcmsg/lib:/home/babangida/ros_ws/install/trafficrecord/lib:/opt/ros/foxy/opt/yaml_cpp_vendor/lib:/opt/ros/foxy/opt/rviz_ogre_vendor/lib:/opt/ros/foxy/lib/x86_64-linux-gnu:/opt/ros/foxy/lib PYTHONPATH=/home/babangida/ros_ws/build/reactivemethods/prefix_override:/home/babangida/ros_ws/install/reactivemethods/lib/python3.8/site-packages:/home/babangida/ros_ws/install/dsrcmsg/lib/python3.8/site-packages:/home/babangida/ros_ws/install/cim/lib/python3.8/site-packages:/home/babangida/ros_ws/install/trafficrecord/lib/python3.8/site-packages:/home/babangida/ros_ws/install/reactivemethods/lib/python3.8/site-packages:/opt/ros/foxy/lib/python3.8/site-packages /usr/bin/python3 setup.py egg_info --egg-base ../../build/reactivemethods build --build-base /home/babangida/ros_ws/build/reactivemethods/build install --record /home/babangida/ros_ws/build/reactivemethods/install.log --install-scripts $base/lib/reactivemethods --single-version-externally-managed
[1.884s] running egg_info
[1.884s] writing ../../build/reactivemethods/reactivemethods.egg-info/PKG-INFO
[1.885s] writing dependency_links to ../../build/reactivemethods/reactivemethods.egg-info/dependency_links.txt
[1.885s] writing entry points to ../../build/reactivemethods/reactivemethods.egg-info/entry_points.txt
[1.885s] writing requirements to ../../build/reactivemethods/reactivemethods.egg-info/requires.txt
[1.886s] writing top-level names to ../../build/reactivemethods/reactivemethods.egg-info/top_level.txt
[1.924s] reading manifest file '../../build/reactivemethods/reactivemethods.egg-info/SOURCES.txt'
[1.925s] writing manifest file '../../build/reactivemethods/reactivemethods.egg-info/SOURCES.txt'
[1.926s] running build
[1.926s] running build_py
[1.926s] copying reactivemethods/PurePursuit.py -> /home/babangida/ros_ws/build/reactivemethods/build/lib/reactivemethods
[1.927s] running install
[1.928s] running install_lib
[1.929s] copying /home/babangida/ros_ws/build/reactivemethods/build/lib/reactivemethods/PurePursuit.py -> /home/babangida/ros_ws/install/reactivemethods/lib/python3.8/site-packages/reactivemethods
[1.930s] byte-compiling /home/babangida/ros_ws/install/reactivemethods/lib/python3.8/site-packages/reactivemethods/PurePursuit.py to PurePursuit.cpython-38.pyc
[1.933s] running install_data
[1.934s] running install_egg_info
[1.935s] removing '/home/babangida/ros_ws/install/reactivemethods/lib/python3.8/site-packages/reactivemethods-0.0.0-py3.8.egg-info' (and everything under it)
[1.936s] Copying ../../build/reactivemethods/reactivemethods.egg-info to /home/babangida/ros_ws/install/reactivemethods/lib/python3.8/site-packages/reactivemethods-0.0.0-py3.8.egg-info
[1.937s] running install_scripts
[1.956s] Installing agapfollowing script to /home/babangida/ros_ws/install/reactivemethods/lib/reactivemethods
[1.957s] Installing agent1purepursuit script to /home/babangida/ros_ws/install/reactivemethods/lib/reactivemethods
[1.957s] Installing degapfollowing script to /home/babangida/ros_ws/install/reactivemethods/lib/reactivemethods
[1.957s] Installing emergencybreaking script to /home/babangida/ros_ws/install/reactivemethods/lib/reactivemethods
[1.958s] Installing followgap script to /home/babangida/ros_ws/install/reactivemethods/lib/reactivemethods
[1.958s] Installing gapfollowing script to /home/babangida/ros_ws/install/reactivemethods/lib/reactivemethods
[1.958s] Installing leftwallfollowing script to /home/babangida/ros_ws/install/reactivemethods/lib/reactivemethods
[1.958s] Installing northsouthagent script to /home/babangida/ros_ws/install/reactivemethods/lib/reactivemethods
[1.959s] Installing play script to /home/babangida/ros_ws/install/reactivemethods/lib/reactivemethods
[1.959s] Installing publishwaypoints script to /home/babangida/ros_ws/install/reactivemethods/lib/reactivemethods
[1.959s] Installing purepursuit script to /home/babangida/ros_ws/install/reactivemethods/lib/reactivemethods
[1.959s] Installing waypointfollow script to /home/babangida/ros_ws/install/reactivemethods/lib/reactivemethods
[1.959s] Installing waypointsgenerator script to /home/babangida/ros_ws/install/reactivemethods/lib/reactivemethods
[1.960s] Installing westeastagent script to /home/babangida/ros_ws/install/reactivemethods/lib/reactivemethods
[1.960s] Installing wptflw script to /home/babangida/ros_ws/install/reactivemethods/lib/reactivemethods
[1.960s] writing list of installed files to '/home/babangida/ros_ws/build/reactivemethods/install.log'
[1.983s] Invoked command in '/home/babangida/ros_ws/src/reactivemethods' returned '0': CMAKE_PREFIX_PATH=/home/babangida/ros_ws/install/dsrcmsg:/home/babangida/ros_ws/install/trafficrecord LD_LIBRARY_PATH=/home/babangida/ros_ws/install/dsrcmsg/lib:/home/babangida/ros_ws/install/trafficrecord/lib:/opt/ros/foxy/opt/yaml_cpp_vendor/lib:/opt/ros/foxy/opt/rviz_ogre_vendor/lib:/opt/ros/foxy/lib/x86_64-linux-gnu:/opt/ros/foxy/lib PYTHONPATH=/home/babangida/ros_ws/build/reactivemethods/prefix_override:/home/babangida/ros_ws/install/reactivemethods/lib/python3.8/site-packages:/home/babangida/ros_ws/install/dsrcmsg/lib/python3.8/site-packages:/home/babangida/ros_ws/install/cim/lib/python3.8/site-packages:/home/babangida/ros_ws/install/trafficrecord/lib/python3.8/site-packages:/home/babangida/ros_ws/install/reactivemethods/lib/python3.8/site-packages:/opt/ros/foxy/lib/python3.8/site-packages /usr/bin/python3 setup.py egg_info --egg-base ../../build/reactivemethods build --build-base /home/babangida/ros_ws/build/reactivemethods/build install --record /home/babangida/ros_ws/build/reactivemethods/install.log --install-scripts $base/lib/reactivemethods --single-version-externally-managed
