[2.934s] Invoking command in '/home/babangida/ros_ws/build/onecim': PYTHONPATH=/home/babangida/ros_ws/build/onecim/prefix_override:/home/babangida/ros_ws/install/onecim/lib/python3.8/site-packages:/home/babangida/ros_ws/install/trafficrecord/lib/python3.8/site-packages:/home/babangida/ros_ws/install/dsrcmsg/lib/python3.8/site-packages:/home/babangida/ros_ws/build/onecim:/home/babangida/ros_ws/install/onecim/lib/python3.8/site-packages:/home/babangida/ros_ws/install/cim/lib/python3.8/site-packages:/home/babangida/ros_ws/build/reactivemethods:/home/babangida/ros_ws/install/reactivemethods/lib/python3.8/site-packages:/opt/ros/foxy/lib/python3.8/site-packages /usr/bin/python3 setup.py develop --editable --build-directory /home/babangida/ros_ws/build/onecim/build --no-deps install_data
[3.282s] running develop
[3.494s] running egg_info
[3.495s] writing onecim.egg-info/PKG-INFO
[3.495s] writing dependency_links to onecim.egg-info/dependency_links.txt
[3.495s] writing entry points to onecim.egg-info/entry_points.txt
[3.496s] writing requirements to onecim.egg-info/requires.txt
[3.496s] writing top-level names to onecim.egg-info/top_level.txt
[3.539s] reading manifest file 'onecim.egg-info/SOURCES.txt'
[3.541s] writing manifest file 'onecim.egg-info/SOURCES.txt'
[3.589s] running build_ext
[3.589s] Creating /home/babangida/ros_ws/install/onecim/lib/python3.8/site-packages/onecim.egg-link (link to .)
[3.590s] Installing ewfiscim script to /home/babangida/ros_ws/install/onecim/lib/onecim
[3.590s] Installing fisonecimlooptls script to /home/babangida/ros_ws/install/onecim/lib/onecim
[3.591s] Installing fisonecimtls script to /home/babangida/ros_ws/install/onecim/lib/onecim
[3.591s] Installing onecimew script to /home/babangida/ros_ws/install/onecim/lib/onecim
[3.591s] Installing onecimloopew script to /home/babangida/ros_ws/install/onecim/lib/onecim
[3.591s] Installing onecimloopsn script to /home/babangida/ros_ws/install/onecim/lib/onecim
[3.591s] Installing onecimloopstatictls script to /home/babangida/ros_ws/install/onecim/lib/onecim
[3.592s] Installing onecimlooptls script to /home/babangida/ros_ws/install/onecim/lib/onecim
[3.592s] Installing onecimsn script to /home/babangida/ros_ws/install/onecim/lib/onecim
[3.592s] Installing onecimtls script to /home/babangida/ros_ws/install/onecim/lib/onecim
[3.592s] Installing playde script to /home/babangida/ros_ws/install/onecim/lib/onecim
[3.593s] Installing playpp script to /home/babangida/ros_ws/install/onecim/lib/onecim
[3.593s] Installing simspeed script to /home/babangida/ros_ws/install/onecim/lib/onecim
[3.593s] Installing snfiscim script to /home/babangida/ros_ws/install/onecim/lib/onecim
[3.593s] Installing veh script to /home/babangida/ros_ws/install/onecim/lib/onecim
[3.594s] Installing wypts script to /home/babangida/ros_ws/install/onecim/lib/onecim
[3.594s] 
[3.594s] Installed /home/babangida/ros_ws/build/onecim
[3.594s] running install_data
[3.629s] Invoked command in '/home/babangida/ros_ws/build/onecim' returned '0': PYTHONPATH=/home/babangida/ros_ws/build/onecim/prefix_override:/home/babangida/ros_ws/install/onecim/lib/python3.8/site-packages:/home/babangida/ros_ws/install/trafficrecord/lib/python3.8/site-packages:/home/babangida/ros_ws/install/dsrcmsg/lib/python3.8/site-packages:/home/babangida/ros_ws/build/onecim:/home/babangida/ros_ws/install/onecim/lib/python3.8/site-packages:/home/babangida/ros_ws/install/cim/lib/python3.8/site-packages:/home/babangida/ros_ws/build/reactivemethods:/home/babangida/ros_ws/install/reactivemethods/lib/python3.8/site-packages:/opt/ros/foxy/lib/python3.8/site-packages /usr/bin/python3 setup.py develop --editable --build-directory /home/babangida/ros_ws/build/onecim/build --no-deps install_data
