[2.840s] Invoking command in '/home/babangida/ros_ws/src/onecim': PYTHONPATH=/home/babangida/ros_ws/build/onecim/prefix_override:/home/babangida/ros_ws/install/onecim/lib/python3.8/site-packages:/home/babangida/ros_ws/install/trafficrecord/lib/python3.8/site-packages:/home/babangida/ros_ws/install/dsrcmsg/lib/python3.8/site-packages:/home/babangida/ros_ws/install/onecim/lib/python3.8/site-packages:/home/babangida/ros_ws/install/cim/lib/python3.8/site-packages:/home/babangida/ros_ws/install/reactivemethods/lib/python3.8/site-packages:/opt/ros/foxy/lib/python3.8/site-packages /usr/bin/python3 setup.py egg_info --egg-base ../../build/onecim build --build-base /home/babangida/ros_ws/build/onecim/build install --record /home/babangida/ros_ws/build/onecim/install.log --install-scripts $base/lib/onecim --single-version-externally-managed
[3.301s] running egg_info
[3.305s] writing ../../build/onecim/onecim.egg-info/PKG-INFO
[3.305s] writing dependency_links to ../../build/onecim/onecim.egg-info/dependency_links.txt
[3.305s] writing entry points to ../../build/onecim/onecim.egg-info/entry_points.txt
[3.305s] writing requirements to ../../build/onecim/onecim.egg-info/requires.txt
[3.305s] writing top-level names to ../../build/onecim/onecim.egg-info/top_level.txt
[3.375s] reading manifest file '../../build/onecim/onecim.egg-info/SOURCES.txt'
[3.377s] writing manifest file '../../build/onecim/onecim.egg-info/SOURCES.txt'
[3.377s] running build
[3.377s] running build_py
[3.377s] copying onecim/onecimtls.py -> /home/babangida/ros_ws/build/onecim/build/lib/onecim
[3.378s] running install
[3.379s] running install_lib
[3.381s] copying /home/babangida/ros_ws/build/onecim/build/lib/onecim/onecimtls.py -> /home/babangida/ros_ws/install/onecim/lib/python3.8/site-packages/onecim
[3.382s] byte-compiling /home/babangida/ros_ws/install/onecim/lib/python3.8/site-packages/onecim/onecimtls.py to onecimtls.cpython-38.pyc
[3.389s] running install_data
[3.390s] running install_egg_info
[3.397s] removing '/home/babangida/ros_ws/install/onecim/lib/python3.8/site-packages/onecim-0.0.0-py3.8.egg-info' (and everything under it)
[3.397s] Copying ../../build/onecim/onecim.egg-info to /home/babangida/ros_ws/install/onecim/lib/python3.8/site-packages/onecim-0.0.0-py3.8.egg-info
[3.398s] running install_scripts
[3.422s] Installing onecimsn script to /home/babangida/ros_ws/install/onecim/lib/onecim
[3.422s] Installing onecimtls script to /home/babangida/ros_ws/install/onecim/lib/onecim
[3.423s] Installing playde script to /home/babangida/ros_ws/install/onecim/lib/onecim
[3.423s] Installing playpp script to /home/babangida/ros_ws/install/onecim/lib/onecim
[3.423s] writing list of installed files to '/home/babangida/ros_ws/build/onecim/install.log'
[3.460s] Invoked command in '/home/babangida/ros_ws/src/onecim' returned '0': PYTHONPATH=/home/babangida/ros_ws/build/onecim/prefix_override:/home/babangida/ros_ws/install/onecim/lib/python3.8/site-packages:/home/babangida/ros_ws/install/trafficrecord/lib/python3.8/site-packages:/home/babangida/ros_ws/install/dsrcmsg/lib/python3.8/site-packages:/home/babangida/ros_ws/install/onecim/lib/python3.8/site-packages:/home/babangida/ros_ws/install/cim/lib/python3.8/site-packages:/home/babangida/ros_ws/install/reactivemethods/lib/python3.8/site-packages:/opt/ros/foxy/lib/python3.8/site-packages /usr/bin/python3 setup.py egg_info --egg-base ../../build/onecim build --build-base /home/babangida/ros_ws/build/onecim/build install --record /home/babangida/ros_ws/build/onecim/install.log --install-scripts $base/lib/onecim --single-version-externally-managed
