[3.768s] Invoking command in '/home/babangida/ros_ws/src/onecim': PYTHONPATH=/home/babangida/ros_ws/build/onecim/prefix_override:/home/babangida/ros_ws/install/onecim/lib/python3.8/site-packages:/home/babangida/ros_ws/install/trafficrecord/lib/python3.8/site-packages:/home/babangida/ros_ws/install/dsrcmsg/lib/python3.8/site-packages:/home/babangida/ros_ws/install/onecim/lib/python3.8/site-packages:/home/babangida/ros_ws/install/cim/lib/python3.8/site-packages:/home/babangida/ros_ws/install/reactivemethods/lib/python3.8/site-packages:/opt/ros/foxy/lib/python3.8/site-packages /usr/bin/python3 setup.py egg_info --egg-base ../../build/onecim build --build-base /home/babangida/ros_ws/build/onecim/build install --record /home/babangida/ros_ws/build/onecim/install.log --install-scripts $base/lib/onecim --single-version-externally-managed
[4.185s] running egg_info
[4.187s] writing ../../build/onecim/onecim.egg-info/PKG-INFO
[4.187s] writing dependency_links to ../../build/onecim/onecim.egg-info/dependency_links.txt
[4.187s] writing entry points to ../../build/onecim/onecim.egg-info/entry_points.txt
[4.188s] writing requirements to ../../build/onecim/onecim.egg-info/requires.txt
[4.189s] writing top-level names to ../../build/onecim/onecim.egg-info/top_level.txt
[4.259s] reading manifest file '../../build/onecim/onecim.egg-info/SOURCES.txt'
[4.260s] writing manifest file '../../build/onecim/onecim.egg-info/SOURCES.txt'
[4.260s] running build
[4.260s] running build_py
[4.260s] running install
[4.262s] running install_lib
[4.265s] running install_data
[4.266s] running install_egg_info
[4.269s] removing '/home/babangida/ros_ws/install/onecim/lib/python3.8/site-packages/onecim-0.0.0-py3.8.egg-info' (and everything under it)
[4.269s] Copying ../../build/onecim/onecim.egg-info to /home/babangida/ros_ws/install/onecim/lib/python3.8/site-packages/onecim-0.0.0-py3.8.egg-info
[4.271s] running install_scripts
[4.304s] Installing onecimsn script to /home/babangida/ros_ws/install/onecim/lib/onecim
[4.304s] Installing onecimtls script to /home/babangida/ros_ws/install/onecim/lib/onecim
[4.304s] Installing playde script to /home/babangida/ros_ws/install/onecim/lib/onecim
[4.304s] Installing playpp script to /home/babangida/ros_ws/install/onecim/lib/onecim
[4.304s] writing list of installed files to '/home/babangida/ros_ws/build/onecim/install.log'
[4.345s] Invoked command in '/home/babangida/ros_ws/src/onecim' returned '0': PYTHONPATH=/home/babangida/ros_ws/build/onecim/prefix_override:/home/babangida/ros_ws/install/onecim/lib/python3.8/site-packages:/home/babangida/ros_ws/install/trafficrecord/lib/python3.8/site-packages:/home/babangida/ros_ws/install/dsrcmsg/lib/python3.8/site-packages:/home/babangida/ros_ws/install/onecim/lib/python3.8/site-packages:/home/babangida/ros_ws/install/cim/lib/python3.8/site-packages:/home/babangida/ros_ws/install/reactivemethods/lib/python3.8/site-packages:/opt/ros/foxy/lib/python3.8/site-packages /usr/bin/python3 setup.py egg_info --egg-base ../../build/onecim build --build-base /home/babangida/ros_ws/build/onecim/build install --record /home/babangida/ros_ws/build/onecim/install.log --install-scripts $base/lib/onecim --single-version-externally-managed
