[3.364s] Invoking command in '/home/babangida/ros_ws/build/onecim': PYTHONPATH=/home/babangida/ros_ws/build/onecim/prefix_override:/home/babangida/ros_ws/install/onecim/lib/python3.8/site-packages:/home/babangida/ros_ws/install/trafficrecord/lib/python3.8/site-packages:/home/babangida/ros_ws/install/dsrcmsg/lib/python3.8/site-packages:/home/babangida/ros_ws/build/onecim:/home/babangida/ros_ws/install/onecim/lib/python3.8/site-packages:/home/babangida/ros_ws/install/cim/lib/python3.8/site-packages:/home/babangida/ros_ws/build/reactivemethods:/home/babangida/ros_ws/install/reactivemethods/lib/python3.8/site-packages:/opt/ros/foxy/lib/python3.8/site-packages /usr/bin/python3 setup.py develop --editable --build-directory /home/babangida/ros_ws/build/onecim/build --no-deps install_data
[3.746s] running develop
[3.975s] running egg_info
[3.975s] writing onecim.egg-info/PKG-INFO
[3.976s] writing dependency_links to onecim.egg-info/dependency_links.txt
[3.976s] writing entry points to onecim.egg-info/entry_points.txt
[3.976s] writing requirements to onecim.egg-info/requires.txt
[3.976s] writing top-level names to onecim.egg-info/top_level.txt
[4.026s] reading manifest file 'onecim.egg-info/SOURCES.txt'
[4.028s] writing manifest file 'onecim.egg-info/SOURCES.txt'
[4.082s] running build_ext
[4.082s] Creating /home/babangida/ros_ws/install/onecim/lib/python3.8/site-packages/onecim.egg-link (link to .)
[4.084s] Installing ewfiscim script to /home/babangida/ros_ws/install/onecim/lib/onecim
[4.084s] Installing fisonecimlooptls script to /home/babangida/ros_ws/install/onecim/lib/onecim
[4.084s] Installing fisonecimtls script to /home/babangida/ros_ws/install/onecim/lib/onecim
[4.085s] Installing onecimew script to /home/babangida/ros_ws/install/onecim/lib/onecim
[4.085s] Installing onecimloopew script to /home/babangida/ros_ws/install/onecim/lib/onecim
[4.085s] Installing onecimloopsn script to /home/babangida/ros_ws/install/onecim/lib/onecim
[4.086s] Installing onecimloopstatictls script to /home/babangida/ros_ws/install/onecim/lib/onecim
[4.086s] Installing onecimlooptls script to /home/babangida/ros_ws/install/onecim/lib/onecim
[4.086s] Installing onecimsn script to /home/babangida/ros_ws/install/onecim/lib/onecim
[4.086s] Installing onecimtls script to /home/babangida/ros_ws/install/onecim/lib/onecim
[4.087s] Installing playde script to /home/babangida/ros_ws/install/onecim/lib/onecim
[4.087s] Installing playpp script to /home/babangida/ros_ws/install/onecim/lib/onecim
[4.087s] Installing simspeed script to /home/babangida/ros_ws/install/onecim/lib/onecim
[4.087s] Installing snfiscim script to /home/babangida/ros_ws/install/onecim/lib/onecim
[4.088s] Installing veh script to /home/babangida/ros_ws/install/onecim/lib/onecim
[4.088s] Installing wypts script to /home/babangida/ros_ws/install/onecim/lib/onecim
[4.088s] 
[4.088s] Installed /home/babangida/ros_ws/build/onecim
[4.088s] running install_data
[4.152s] Invoked command in '/home/babangida/ros_ws/build/onecim' returned '0': PYTHONPATH=/home/babangida/ros_ws/build/onecim/prefix_override:/home/babangida/ros_ws/install/onecim/lib/python3.8/site-packages:/home/babangida/ros_ws/install/trafficrecord/lib/python3.8/site-packages:/home/babangida/ros_ws/install/dsrcmsg/lib/python3.8/site-packages:/home/babangida/ros_ws/build/onecim:/home/babangida/ros_ws/install/onecim/lib/python3.8/site-packages:/home/babangida/ros_ws/install/cim/lib/python3.8/site-packages:/home/babangida/ros_ws/build/reactivemethods:/home/babangida/ros_ws/install/reactivemethods/lib/python3.8/site-packages:/opt/ros/foxy/lib/python3.8/site-packages /usr/bin/python3 setup.py develop --editable --build-directory /home/babangida/ros_ws/build/onecim/build --no-deps install_data
