[3.843s] DEBUG:colcon:Command line arguments: ['/usr/bin/colcon', 'build', '--packages-select', 'reactivemethods', '--symlink-install']
[3.843s] DEBUG:colcon:Parsed command line arguments: Namespace(allow_overriding=[], ament_cmake_args=None, base_paths=['.'], build_base='build', catkin_cmake_args=None, catkin_skip_building_tests=False, cmake_args=None, cmake_clean_cache=False, cmake_clean_first=False, cmake_force_configure=False, cmake_target=None, cmake_target_skip_unavailable=False, continue_on_error=False, event_handlers=None, executor='parallel', ignore_user_meta=False, install_base='install', log_base=None, log_level=None, main=<bound method BuildVerb.main of <colcon_core.verb.build.BuildVerb object at 0x7fbeca469c40>>, merge_install=False, metas=['./colcon.meta'], packages_above=None, packages_above_and_dependencies=None, packages_above_depth=None, packages_end=None, packages_ignore=None, packages_ignore_regex=None, packages_select=['reactivemethods'], packages_select_build_failed=False, packages_select_by_dep=None, packages_select_regex=None, packages_select_test_failures=False, packages_skip=None, packages_skip_build_finished=False, packages_skip_by_dep=None, packages_skip_regex=None, packages_skip_test_passed=False, packages_skip_up_to=None, packages_start=None, packages_up_to=None, packages_up_to_regex=None, parallel_workers=8, paths=None, symlink_install=True, test_result_base=None, verb_extension=<colcon_core.verb.build.BuildVerb object at 0x7fbeca469c40>, verb_name='build', verb_parser=<colcon_defaults.argument_parser.defaults.DefaultArgumentsDecorator object at 0x7fbeca3949a0>)
[3.995s] Level 1:colcon.colcon_core.package_discovery:discover_packages(colcon_meta) check parameters
[3.995s] Level 1:colcon.colcon_core.package_discovery:discover_packages(recursive) check parameters
[3.995s] Level 1:colcon.colcon_core.package_discovery:discover_packages(ignore) check parameters
[3.995s] Level 1:colcon.colcon_core.package_discovery:discover_packages(path) check parameters
[3.995s] Level 1:colcon.colcon_core.package_discovery:discover_packages(colcon_meta) discover
[3.995s] Level 1:colcon.colcon_core.package_discovery:discover_packages(recursive) discover
[3.996s] INFO:colcon.colcon_core.package_discovery:Crawling recursively for packages in '/home/babangida/ros_ws'
[3.996s] Level 1:colcon.colcon_core.package_identification:_identify(.) by extensions ['ignore', 'ignore_ament_install']
[3.996s] Level 1:colcon.colcon_core.package_identification:_identify(.) by extension 'ignore'
[3.996s] Level 1:colcon.colcon_core.package_identification:_identify(.) by extension 'ignore_ament_install'
[3.996s] Level 1:colcon.colcon_core.package_identification:_identify(.) by extensions ['colcon_pkg']
[3.996s] Level 1:colcon.colcon_core.package_identification:_identify(.) by extension 'colcon_pkg'
[3.996s] Level 1:colcon.colcon_core.package_identification:_identify(.) by extensions ['colcon_meta']
[3.996s] Level 1:colcon.colcon_core.package_identification:_identify(.) by extension 'colcon_meta'
[3.996s] Level 1:colcon.colcon_core.package_identification:_identify(.) by extensions ['ros']
[3.997s] Level 1:colcon.colcon_core.package_identification:_identify(.) by extension 'ros'
[4.010s] Level 1:colcon.colcon_core.package_identification:_identify(.) by extensions ['cmake', 'python']
[4.011s] Level 1:colcon.colcon_core.package_identification:_identify(.) by extension 'cmake'
[4.011s] Level 1:colcon.colcon_core.package_identification:_identify(.) by extension 'python'
[4.011s] Level 1:colcon.colcon_core.package_identification:_identify(.) by extensions ['python_setup_py']
[4.011s] Level 1:colcon.colcon_core.package_identification:_identify(.) by extension 'python_setup_py'
[4.011s] Level 1:colcon.colcon_core.package_identification:_identify(build) by extensions ['ignore', 'ignore_ament_install']
[4.011s] Level 1:colcon.colcon_core.package_identification:_identify(build) by extension 'ignore'
[4.011s] Level 1:colcon.colcon_core.package_identification:_identify(build) ignored
[4.011s] Level 1:colcon.colcon_core.package_identification:_identify(install) by extensions ['ignore', 'ignore_ament_install']
[4.011s] Level 1:colcon.colcon_core.package_identification:_identify(install) by extension 'ignore'
[4.011s] Level 1:colcon.colcon_core.package_identification:_identify(install) ignored
[4.012s] Level 1:colcon.colcon_core.package_identification:_identify(log) by extensions ['ignore', 'ignore_ament_install']
[4.012s] Level 1:colcon.colcon_core.package_identification:_identify(log) by extension 'ignore'
[4.012s] Level 1:colcon.colcon_core.package_identification:_identify(log) ignored
[4.012s] Level 1:colcon.colcon_core.package_identification:_identify(src) by extensions ['ignore', 'ignore_ament_install']
[4.012s] Level 1:colcon.colcon_core.package_identification:_identify(src) by extension 'ignore'
[4.012s] Level 1:colcon.colcon_core.package_identification:_identify(src) by extension 'ignore_ament_install'
[4.012s] Level 1:colcon.colcon_core.package_identification:_identify(src) by extensions ['colcon_pkg']
[4.012s] Level 1:colcon.colcon_core.package_identification:_identify(src) by extension 'colcon_pkg'
[4.012s] Level 1:colcon.colcon_core.package_identification:_identify(src) by extensions ['colcon_meta']
[4.012s] Level 1:colcon.colcon_core.package_identification:_identify(src) by extension 'colcon_meta'
[4.012s] Level 1:colcon.colcon_core.package_identification:_identify(src) by extensions ['ros']
[4.012s] Level 1:colcon.colcon_core.package_identification:_identify(src) by extension 'ros'
[4.013s] Level 1:colcon.colcon_core.package_identification:_identify(src) by extensions ['cmake', 'python']
[4.013s] Level 1:colcon.colcon_core.package_identification:_identify(src) by extension 'cmake'
[4.013s] Level 1:colcon.colcon_core.package_identification:_identify(src) by extension 'python'
[4.013s] Level 1:colcon.colcon_core.package_identification:_identify(src) by extensions ['python_setup_py']
[4.013s] Level 1:colcon.colcon_core.package_identification:_identify(src) by extension 'python_setup_py'
[4.013s] Level 1:colcon.colcon_core.package_identification:_identify(src/cim) by extensions ['ignore', 'ignore_ament_install']
[4.013s] Level 1:colcon.colcon_core.package_identification:_identify(src/cim) by extension 'ignore'
[4.013s] Level 1:colcon.colcon_core.package_identification:_identify(src/cim) by extension 'ignore_ament_install'
[4.013s] Level 1:colcon.colcon_core.package_identification:_identify(src/cim) by extensions ['colcon_pkg']
[4.013s] Level 1:colcon.colcon_core.package_identification:_identify(src/cim) by extension 'colcon_pkg'
[4.013s] Level 1:colcon.colcon_core.package_identification:_identify(src/cim) by extensions ['colcon_meta']
[4.013s] Level 1:colcon.colcon_core.package_identification:_identify(src/cim) by extension 'colcon_meta'
[4.013s] Level 1:colcon.colcon_core.package_identification:_identify(src/cim) by extensions ['ros']
[4.013s] Level 1:colcon.colcon_core.package_identification:_identify(src/cim) by extension 'ros'
[4.017s] DEBUG:colcon.colcon_core.package_identification:Package 'src/cim' with type 'ros.ament_python' and name 'cim'
[4.017s] Level 1:colcon.colcon_core.package_identification:_identify(src/dsrcmsg) by extensions ['ignore', 'ignore_ament_install']
[4.017s] Level 1:colcon.colcon_core.package_identification:_identify(src/dsrcmsg) by extension 'ignore'
[4.017s] Level 1:colcon.colcon_core.package_identification:_identify(src/dsrcmsg) by extension 'ignore_ament_install'
[4.017s] Level 1:colcon.colcon_core.package_identification:_identify(src/dsrcmsg) by extensions ['colcon_pkg']
[4.017s] Level 1:colcon.colcon_core.package_identification:_identify(src/dsrcmsg) by extension 'colcon_pkg'
[4.018s] Level 1:colcon.colcon_core.package_identification:_identify(src/dsrcmsg) by extensions ['colcon_meta']
[4.018s] Level 1:colcon.colcon_core.package_identification:_identify(src/dsrcmsg) by extension 'colcon_meta'
[4.018s] Level 1:colcon.colcon_core.package_identification:_identify(src/dsrcmsg) by extensions ['ros']
[4.018s] Level 1:colcon.colcon_core.package_identification:_identify(src/dsrcmsg) by extension 'ros'
[4.019s] DEBUG:colcon.colcon_core.package_identification:Package 'src/dsrcmsg' with type 'ros.ament_cmake' and name 'dsrcmsg'
[4.020s] Level 1:colcon.colcon_core.package_identification:_identify(src/onecim) by extensions ['ignore', 'ignore_ament_install']
[4.020s] Level 1:colcon.colcon_core.package_identification:_identify(src/onecim) by extension 'ignore'
[4.020s] Level 1:colcon.colcon_core.package_identification:_identify(src/onecim) by extension 'ignore_ament_install'
[4.020s] Level 1:colcon.colcon_core.package_identification:_identify(src/onecim) by extensions ['colcon_pkg']
[4.020s] Level 1:colcon.colcon_core.package_identification:_identify(src/onecim) by extension 'colcon_pkg'
[4.020s] Level 1:colcon.colcon_core.package_identification:_identify(src/onecim) by extensions ['colcon_meta']
[4.020s] Level 1:colcon.colcon_core.package_identification:_identify(src/onecim) by extension 'colcon_meta'
[4.020s] Level 1:colcon.colcon_core.package_identification:_identify(src/onecim) by extensions ['ros']
[4.021s] Level 1:colcon.colcon_core.package_identification:_identify(src/onecim) by extension 'ros'
[4.022s] DEBUG:colcon.colcon_core.package_identification:Package 'src/onecim' with type 'ros.ament_python' and name 'onecim'
[4.022s] Level 1:colcon.colcon_core.package_identification:_identify(src/reactivemethods) by extensions ['ignore', 'ignore_ament_install']
[4.022s] Level 1:colcon.colcon_core.package_identification:_identify(src/reactivemethods) by extension 'ignore'
[4.023s] Level 1:colcon.colcon_core.package_identification:_identify(src/reactivemethods) by extension 'ignore_ament_install'
[4.023s] Level 1:colcon.colcon_core.package_identification:_identify(src/reactivemethods) by extensions ['colcon_pkg']
[4.023s] Level 1:colcon.colcon_core.package_identification:_identify(src/reactivemethods) by extension 'colcon_pkg'
[4.023s] Level 1:colcon.colcon_core.package_identification:_identify(src/reactivemethods) by extensions ['colcon_meta']
[4.023s] Level 1:colcon.colcon_core.package_identification:_identify(src/reactivemethods) by extension 'colcon_meta'
[4.023s] Level 1:colcon.colcon_core.package_identification:_identify(src/reactivemethods) by extensions ['ros']
[4.023s] Level 1:colcon.colcon_core.package_identification:_identify(src/reactivemethods) by extension 'ros'
[4.024s] DEBUG:colcon.colcon_core.package_identification:Package 'src/reactivemethods' with type 'ros.ament_python' and name 'reactivemethods'
[4.025s] Level 1:colcon.colcon_core.package_identification:_identify(src/trafficrecord) by extensions ['ignore', 'ignore_ament_install']
[4.025s] Level 1:colcon.colcon_core.package_identification:_identify(src/trafficrecord) by extension 'ignore'
[4.025s] Level 1:colcon.colcon_core.package_identification:_identify(src/trafficrecord) by extension 'ignore_ament_install'
[4.025s] Level 1:colcon.colcon_core.package_identification:_identify(src/trafficrecord) by extensions ['colcon_pkg']
[4.025s] Level 1:colcon.colcon_core.package_identification:_identify(src/trafficrecord) by extension 'colcon_pkg'
[4.025s] Level 1:colcon.colcon_core.package_identification:_identify(src/trafficrecord) by extensions ['colcon_meta']
[4.025s] Level 1:colcon.colcon_core.package_identification:_identify(src/trafficrecord) by extension 'colcon_meta'
[4.025s] Level 1:colcon.colcon_core.package_identification:_identify(src/trafficrecord) by extensions ['ros']
[4.025s] Level 1:colcon.colcon_core.package_identification:_identify(src/trafficrecord) by extension 'ros'
[4.026s] DEBUG:colcon.colcon_core.package_identification:Package 'src/trafficrecord' with type 'ros.ament_cmake' and name 'trafficrecord'
[4.026s] Level 1:colcon.colcon_core.package_discovery:discover_packages(recursive) using defaults
[4.026s] Level 1:colcon.colcon_core.package_discovery:discover_packages(ignore) discover
[4.027s] Level 1:colcon.colcon_core.package_discovery:discover_packages(ignore) using defaults
[4.027s] Level 1:colcon.colcon_core.package_discovery:discover_packages(path) discover
[4.027s] Level 1:colcon.colcon_core.package_discovery:discover_packages(path) using defaults
[4.237s] INFO:colcon.colcon_core.package_selection:Skipping not selected package 'dsrcmsg' in 'src/dsrcmsg'
[4.237s] INFO:colcon.colcon_core.package_selection:Skipping not selected package 'trafficrecord' in 'src/trafficrecord'
[4.237s] INFO:colcon.colcon_core.package_selection:Skipping not selected package 'cim' in 'src/cim'
[4.237s] INFO:colcon.colcon_core.package_selection:Skipping not selected package 'onecim' in 'src/onecim'
[4.386s] Level 1:colcon.colcon_core.package_discovery:discover_packages(prefix_path) check parameters
[4.386s] Level 1:colcon.colcon_core.package_discovery:discover_packages(prefix_path) discover
[4.514s] DEBUG:colcon.colcon_installed_package_information.package_discovery:Found 5 installed packages in /home/babangida/ros_ws/install
[4.583s] DEBUG:colcon.colcon_installed_package_information.package_discovery:Found 289 installed packages in /opt/ros/foxy
[4.585s] Level 1:colcon.colcon_core.package_discovery:discover_packages(prefix_path) using defaults
[4.831s] Level 5:colcon.colcon_core.verb:set package 'reactivemethods' build argument 'cmake_args' from command line to 'None'
[4.831s] Level 5:colcon.colcon_core.verb:set package 'reactivemethods' build argument 'cmake_target' from command line to 'None'
[4.831s] Level 5:colcon.colcon_core.verb:set package 'reactivemethods' build argument 'cmake_target_skip_unavailable' from command line to 'False'
[4.831s] Level 5:colcon.colcon_core.verb:set package 'reactivemethods' build argument 'cmake_clean_cache' from command line to 'False'
[4.831s] Level 5:colcon.colcon_core.verb:set package 'reactivemethods' build argument 'cmake_clean_first' from command line to 'False'
[4.831s] Level 5:colcon.colcon_core.verb:set package 'reactivemethods' build argument 'cmake_force_configure' from command line to 'False'
[4.831s] Level 5:colcon.colcon_core.verb:set package 'reactivemethods' build argument 'ament_cmake_args' from command line to 'None'
[4.831s] Level 5:colcon.colcon_core.verb:set package 'reactivemethods' build argument 'catkin_cmake_args' from command line to 'None'
[4.831s] Level 5:colcon.colcon_core.verb:set package 'reactivemethods' build argument 'catkin_skip_building_tests' from command line to 'False'
[4.832s] DEBUG:colcon.colcon_core.verb:Building package 'reactivemethods' with the following arguments: {'ament_cmake_args': None, 'build_base': '/home/babangida/ros_ws/build/reactivemethods', 'catkin_cmake_args': None, 'catkin_skip_building_tests': False, 'cmake_args': None, 'cmake_clean_cache': False, 'cmake_clean_first': False, 'cmake_force_configure': False, 'cmake_target': None, 'cmake_target_skip_unavailable': False, 'install_base': '/home/babangida/ros_ws/install/reactivemethods', 'merge_install': False, 'path': '/home/babangida/ros_ws/src/reactivemethods', 'symlink_install': True, 'test_result_base': None}
[4.894s] INFO:colcon.colcon_core.executor:Executing jobs using 'parallel' executor
[4.974s] DEBUG:colcon.colcon_parallel_executor.executor.parallel:run_until_complete
[4.975s] INFO:colcon.colcon_ros.task.ament_python.build:Building ROS package in '/home/babangida/ros_ws/src/reactivemethods' with build type 'ament_python'
[4.975s] Level 1:colcon.colcon_core.shell:create_environment_hook('reactivemethods', 'ament_prefix_path')
[5.046s] INFO:colcon.colcon_core.plugin_system:Skipping extension 'colcon_core.shell.bat': Not used on non-Windows systems
[5.046s] INFO:colcon.colcon_core.shell:Creating environment hook '/home/babangida/ros_ws/install/reactivemethods/share/reactivemethods/hook/ament_prefix_path.ps1'
[5.047s] INFO:colcon.colcon_core.shell:Creating environment descriptor '/home/babangida/ros_ws/install/reactivemethods/share/reactivemethods/hook/ament_prefix_path.dsv'
[5.048s] INFO:colcon.colcon_core.shell:Creating environment hook '/home/babangida/ros_ws/install/reactivemethods/share/reactivemethods/hook/ament_prefix_path.sh'
[5.150s] INFO:colcon.colcon_core.shell:Skip shell extension 'powershell' for command environment: Not usable outside of PowerShell
[5.150s] DEBUG:colcon.colcon_core.shell:Skip shell extension 'dsv' for command environment
[6.102s] INFO:colcon.colcon_core.task.python.build:Building Python package in '/home/babangida/ros_ws/src/reactivemethods'
[6.175s] INFO:colcon.colcon_core.shell:Skip shell extension 'powershell' for command environment: Not usable outside of PowerShell
[6.175s] DEBUG:colcon.colcon_core.shell:Skip shell extension 'dsv' for command environment
[7.368s] DEBUG:colcon.colcon_core.event_handler.log_command:Invoking command in '/home/babangida/ros_ws/build/reactivemethods': CMAKE_PREFIX_PATH=/home/babangida/ros_ws/install/dsrcmsg:/home/babangida/ros_ws/install/trafficrecord LD_LIBRARY_PATH=/home/babangida/ros_ws/install/dsrcmsg/lib:/home/babangida/ros_ws/install/trafficrecord/lib:/opt/ros/foxy/opt/yaml_cpp_vendor/lib:/opt/ros/foxy/opt/rviz_ogre_vendor/lib:/opt/ros/foxy/lib/x86_64-linux-gnu:/opt/ros/foxy/lib PYTHONPATH=/home/babangida/ros_ws/build/reactivemethods/prefix_override:/home/babangida/ros_ws/install/reactivemethods/lib/python3.8/site-packages:/home/babangida/ros_ws/install/dsrcmsg/lib/python3.8/site-packages:/home/babangida/ros_ws/build/onecim:/home/babangida/ros_ws/install/onecim/lib/python3.8/site-packages:/home/babangida/ros_ws/install/cim/lib/python3.8/site-packages:/home/babangida/ros_ws/install/trafficrecord/lib/python3.8/site-packages:/home/babangida/ros_ws/install/reactivemethods/lib/python3.8/site-packages:/opt/ros/foxy/lib/python3.8/site-packages /usr/bin/python3 setup.py develop --editable --build-directory /home/babangida/ros_ws/build/reactivemethods/build --no-deps install_data
[8.113s] Level 1:colcon.colcon_core.shell:create_environment_hook('reactivemethods', 'pythonpath_develop')
[8.113s] DEBUG:colcon.colcon_core.event_handler.log_command:Invoked command in '/home/babangida/ros_ws/build/reactivemethods' returned '0': CMAKE_PREFIX_PATH=/home/babangida/ros_ws/install/dsrcmsg:/home/babangida/ros_ws/install/trafficrecord LD_LIBRARY_PATH=/home/babangida/ros_ws/install/dsrcmsg/lib:/home/babangida/ros_ws/install/trafficrecord/lib:/opt/ros/foxy/opt/yaml_cpp_vendor/lib:/opt/ros/foxy/opt/rviz_ogre_vendor/lib:/opt/ros/foxy/lib/x86_64-linux-gnu:/opt/ros/foxy/lib PYTHONPATH=/home/babangida/ros_ws/build/reactivemethods/prefix_override:/home/babangida/ros_ws/install/reactivemethods/lib/python3.8/site-packages:/home/babangida/ros_ws/install/dsrcmsg/lib/python3.8/site-packages:/home/babangida/ros_ws/build/onecim:/home/babangida/ros_ws/install/onecim/lib/python3.8/site-packages:/home/babangida/ros_ws/install/cim/lib/python3.8/site-packages:/home/babangida/ros_ws/install/trafficrecord/lib/python3.8/site-packages:/home/babangida/ros_ws/install/reactivemethods/lib/python3.8/site-packages:/opt/ros/foxy/lib/python3.8/site-packages /usr/bin/python3 setup.py develop --editable --build-directory /home/babangida/ros_ws/build/reactivemethods/build --no-deps install_data
[8.186s] INFO:colcon.colcon_core.shell:Creating environment hook '/home/babangida/ros_ws/build/reactivemethods/share/reactivemethods/hook/pythonpath_develop.ps1'
[8.187s] INFO:colcon.colcon_core.shell:Creating environment descriptor '/home/babangida/ros_ws/build/reactivemethods/share/reactivemethods/hook/pythonpath_develop.dsv'
[8.188s] INFO:colcon.colcon_core.shell:Creating environment hook '/home/babangida/ros_ws/build/reactivemethods/share/reactivemethods/hook/pythonpath_develop.sh'
[8.264s] Level 1:colcon.colcon_core.environment:checking '/home/babangida/ros_ws/install/reactivemethods' for CMake module files
[8.265s] Level 1:colcon.colcon_core.environment:checking '/home/babangida/ros_ws/install/reactivemethods' for CMake config files
[8.267s] Level 1:colcon.colcon_core.environment:checking '/home/babangida/ros_ws/install/reactivemethods/lib'
[8.267s] Level 1:colcon.colcon_core.environment:checking '/home/babangida/ros_ws/install/reactivemethods/bin'
[8.267s] Level 1:colcon.colcon_core.environment:checking '/home/babangida/ros_ws/install/reactivemethods/lib/pkgconfig/reactivemethods.pc'
[8.267s] Level 1:colcon.colcon_core.environment:checking '/home/babangida/ros_ws/install/reactivemethods/lib/python3.8/site-packages'
[8.267s] Level 1:colcon.colcon_core.shell:create_environment_hook('reactivemethods', 'pythonpath')
[8.349s] INFO:colcon.colcon_core.shell:Creating environment hook '/home/babangida/ros_ws/install/reactivemethods/share/reactivemethods/hook/pythonpath.ps1'
[8.350s] INFO:colcon.colcon_core.shell:Creating environment descriptor '/home/babangida/ros_ws/install/reactivemethods/share/reactivemethods/hook/pythonpath.dsv'
[8.351s] INFO:colcon.colcon_core.shell:Creating environment hook '/home/babangida/ros_ws/install/reactivemethods/share/reactivemethods/hook/pythonpath.sh'
[8.352s] Level 1:colcon.colcon_core.environment:checking '/home/babangida/ros_ws/install/reactivemethods/bin'
[8.352s] Level 1:colcon.colcon_core.environment:create_environment_scripts_only(reactivemethods)
[8.429s] INFO:colcon.colcon_core.shell:Creating package script '/home/babangida/ros_ws/install/reactivemethods/share/reactivemethods/package.ps1'
[8.430s] INFO:colcon.colcon_core.shell:Creating package descriptor '/home/babangida/ros_ws/install/reactivemethods/share/reactivemethods/package.dsv'
[8.431s] INFO:colcon.colcon_core.shell:Creating package script '/home/babangida/ros_ws/install/reactivemethods/share/reactivemethods/package.sh'
[8.433s] INFO:colcon.colcon_core.shell:Creating package script '/home/babangida/ros_ws/install/reactivemethods/share/reactivemethods/package.bash'
[8.434s] INFO:colcon.colcon_core.shell:Creating package script '/home/babangida/ros_ws/install/reactivemethods/share/reactivemethods/package.zsh'
[8.435s] Level 1:colcon.colcon_core.environment:create_file_with_runtime_dependencies(/home/babangida/ros_ws/install/reactivemethods/share/colcon-core/packages/reactivemethods)
[8.436s] DEBUG:colcon.colcon_parallel_executor.executor.parallel:closing loop
[8.437s] DEBUG:colcon.colcon_parallel_executor.executor.parallel:loop closed
[8.437s] DEBUG:colcon.colcon_parallel_executor.executor.parallel:run_until_complete finished with '0'
[8.438s] DEBUG:colcon.colcon_core.event_reactor:joining thread
[8.650s] INFO:colcon.colcon_core.plugin_system:Skipping extension 'colcon_notification.desktop_notification.notify_send': Could not find 'notify-send'
[8.650s] INFO:colcon.colcon_core.plugin_system:Skipping extension 'colcon_notification.desktop_notification.terminal_notifier': Not used on non-Darwin systems
[8.651s] INFO:colcon.colcon_core.plugin_system:Skipping extension 'colcon_notification.desktop_notification.win32': Not used on non-Windows systems
[8.651s] INFO:colcon.colcon_notification.desktop_notification:Sending desktop notification using 'notify2'
[8.651s] DEBUG:colcon.colcon_notification.desktop_notification.notify2:Failed to initialize notify2: org.freedesktop.DBus.Error.FileNotFound: Failed to connect to socket /run/user/1000/bus: No such file or directory
[8.651s] DEBUG:colcon.colcon_core.event_reactor:joined thread
[8.722s] INFO:colcon.colcon_core.shell:Creating prefix script '/home/babangida/ros_ws/install/local_setup.ps1'
[8.724s] INFO:colcon.colcon_core.shell:Creating prefix util module '/home/babangida/ros_ws/install/_local_setup_util_ps1.py'
[8.727s] INFO:colcon.colcon_core.shell:Creating prefix chain script '/home/babangida/ros_ws/install/setup.ps1'
[8.798s] INFO:colcon.colcon_core.shell:Creating prefix script '/home/babangida/ros_ws/install/local_setup.sh'
[8.799s] INFO:colcon.colcon_core.shell:Creating prefix util module '/home/babangida/ros_ws/install/_local_setup_util_sh.py'
[8.799s] INFO:colcon.colcon_core.shell:Creating prefix chain script '/home/babangida/ros_ws/install/setup.sh'
[8.868s] INFO:colcon.colcon_core.shell:Creating prefix script '/home/babangida/ros_ws/install/local_setup.bash'
[8.869s] INFO:colcon.colcon_core.shell:Creating prefix chain script '/home/babangida/ros_ws/install/setup.bash'
[8.941s] INFO:colcon.colcon_core.shell:Creating prefix script '/home/babangida/ros_ws/install/local_setup.zsh'
[8.942s] INFO:colcon.colcon_core.shell:Creating prefix chain script '/home/babangida/ros_ws/install/setup.zsh'
