[5.871s] DEBUG:colcon:Command line arguments: ['/usr/bin/colcon', 'build', '--packages-select', 'cim', '--symlink-install']
[5.871s] DEBUG:colcon:Parsed command line arguments: Namespace(allow_overriding=[], ament_cmake_args=None, base_paths=['.'], build_base='build', catkin_cmake_args=None, catkin_skip_building_tests=False, cmake_args=None, cmake_clean_cache=False, cmake_clean_first=False, cmake_force_configure=False, cmake_target=None, cmake_target_skip_unavailable=False, continue_on_error=False, event_handlers=None, executor='parallel', ignore_user_meta=False, install_base='install', log_base=None, log_level=None, main=<bound method BuildVerb.main of <colcon_core.verb.build.BuildVerb object at 0x7f309b20e430>>, merge_install=False, metas=['./colcon.meta'], packages_above=None, packages_above_and_dependencies=None, packages_above_depth=None, packages_end=None, packages_ignore=None, packages_ignore_regex=None, packages_select=['cim'], packages_select_build_failed=False, packages_select_by_dep=None, packages_select_regex=None, packages_select_test_failures=False, packages_skip=None, packages_skip_build_finished=False, packages_skip_by_dep=None, packages_skip_regex=None, packages_skip_test_passed=False, packages_skip_up_to=None, packages_start=None, packages_up_to=None, packages_up_to_regex=None, parallel_workers=8, paths=None, symlink_install=True, test_result_base=None, verb_extension=<colcon_core.verb.build.BuildVerb object at 0x7f309b20e430>, verb_name='build', verb_parser=<colcon_defaults.argument_parser.defaults.DefaultArgumentsDecorator object at 0x7f309b1578b0>)
[6.224s] Level 1:colcon.colcon_core.package_discovery:discover_packages(colcon_meta) check parameters
[6.224s] Level 1:colcon.colcon_core.package_discovery:discover_packages(recursive) check parameters
[6.224s] Level 1:colcon.colcon_core.package_discovery:discover_packages(ignore) check parameters
[6.224s] Level 1:colcon.colcon_core.package_discovery:discover_packages(path) check parameters
[6.224s] Level 1:colcon.colcon_core.package_discovery:discover_packages(colcon_meta) discover
[6.224s] Level 1:colcon.colcon_core.package_discovery:discover_packages(recursive) discover
[6.225s] INFO:colcon.colcon_core.package_discovery:Crawling recursively for packages in '/home/babangida/ros_ws'
[6.225s] Level 1:colcon.colcon_core.package_identification:_identify(.) by extensions ['ignore', 'ignore_ament_install']
[6.227s] Level 1:colcon.colcon_core.package_identification:_identify(.) by extension 'ignore'
[6.227s] Level 1:colcon.colcon_core.package_identification:_identify(.) by extension 'ignore_ament_install'
[6.228s] Level 1:colcon.colcon_core.package_identification:_identify(.) by extensions ['colcon_pkg']
[6.228s] Level 1:colcon.colcon_core.package_identification:_identify(.) by extension 'colcon_pkg'
[6.228s] Level 1:colcon.colcon_core.package_identification:_identify(.) by extensions ['colcon_meta']
[6.228s] Level 1:colcon.colcon_core.package_identification:_identify(.) by extension 'colcon_meta'
[6.228s] Level 1:colcon.colcon_core.package_identification:_identify(.) by extensions ['ros']
[6.229s] Level 1:colcon.colcon_core.package_identification:_identify(.) by extension 'ros'
[6.255s] Level 1:colcon.colcon_core.package_identification:_identify(.) by extensions ['cmake', 'python']
[6.255s] Level 1:colcon.colcon_core.package_identification:_identify(.) by extension 'cmake'
[6.255s] Level 1:colcon.colcon_core.package_identification:_identify(.) by extension 'python'
[6.256s] Level 1:colcon.colcon_core.package_identification:_identify(.) by extensions ['python_setup_py']
[6.256s] Level 1:colcon.colcon_core.package_identification:_identify(.) by extension 'python_setup_py'
[6.257s] Level 1:colcon.colcon_core.package_identification:_identify(build) by extensions ['ignore', 'ignore_ament_install']
[6.257s] Level 1:colcon.colcon_core.package_identification:_identify(build) by extension 'ignore'
[6.258s] Level 1:colcon.colcon_core.package_identification:_identify(build) ignored
[6.258s] Level 1:colcon.colcon_core.package_identification:_identify(install) by extensions ['ignore', 'ignore_ament_install']
[6.259s] Level 1:colcon.colcon_core.package_identification:_identify(install) by extension 'ignore'
[6.259s] Level 1:colcon.colcon_core.package_identification:_identify(install) ignored
[6.261s] Level 1:colcon.colcon_core.package_identification:_identify(log) by extensions ['ignore', 'ignore_ament_install']
[6.261s] Level 1:colcon.colcon_core.package_identification:_identify(log) by extension 'ignore'
[6.261s] Level 1:colcon.colcon_core.package_identification:_identify(log) ignored
[6.262s] Level 1:colcon.colcon_core.package_identification:_identify(src) by extensions ['ignore', 'ignore_ament_install']
[6.262s] Level 1:colcon.colcon_core.package_identification:_identify(src) by extension 'ignore'
[6.262s] Level 1:colcon.colcon_core.package_identification:_identify(src) by extension 'ignore_ament_install'
[6.262s] Level 1:colcon.colcon_core.package_identification:_identify(src) by extensions ['colcon_pkg']
[6.262s] Level 1:colcon.colcon_core.package_identification:_identify(src) by extension 'colcon_pkg'
[6.262s] Level 1:colcon.colcon_core.package_identification:_identify(src) by extensions ['colcon_meta']
[6.262s] Level 1:colcon.colcon_core.package_identification:_identify(src) by extension 'colcon_meta'
[6.263s] Level 1:colcon.colcon_core.package_identification:_identify(src) by extensions ['ros']
[6.263s] Level 1:colcon.colcon_core.package_identification:_identify(src) by extension 'ros'
[6.263s] Level 1:colcon.colcon_core.package_identification:_identify(src) by extensions ['cmake', 'python']
[6.263s] Level 1:colcon.colcon_core.package_identification:_identify(src) by extension 'cmake'
[6.263s] Level 1:colcon.colcon_core.package_identification:_identify(src) by extension 'python'
[6.263s] Level 1:colcon.colcon_core.package_identification:_identify(src) by extensions ['python_setup_py']
[6.263s] Level 1:colcon.colcon_core.package_identification:_identify(src) by extension 'python_setup_py'
[6.264s] Level 1:colcon.colcon_core.package_identification:_identify(src/cim) by extensions ['ignore', 'ignore_ament_install']
[6.264s] Level 1:colcon.colcon_core.package_identification:_identify(src/cim) by extension 'ignore'
[6.264s] Level 1:colcon.colcon_core.package_identification:_identify(src/cim) by extension 'ignore_ament_install'
[6.264s] Level 1:colcon.colcon_core.package_identification:_identify(src/cim) by extensions ['colcon_pkg']
[6.264s] Level 1:colcon.colcon_core.package_identification:_identify(src/cim) by extension 'colcon_pkg'
[6.264s] Level 1:colcon.colcon_core.package_identification:_identify(src/cim) by extensions ['colcon_meta']
[6.264s] Level 1:colcon.colcon_core.package_identification:_identify(src/cim) by extension 'colcon_meta'
[6.264s] Level 1:colcon.colcon_core.package_identification:_identify(src/cim) by extensions ['ros']
[6.265s] Level 1:colcon.colcon_core.package_identification:_identify(src/cim) by extension 'ros'
[6.272s] DEBUG:colcon.colcon_core.package_identification:Package 'src/cim' with type 'ros.ament_python' and name 'cim'
[6.272s] Level 1:colcon.colcon_core.package_identification:_identify(src/dsrcmsg) by extensions ['ignore', 'ignore_ament_install']
[6.273s] Level 1:colcon.colcon_core.package_identification:_identify(src/dsrcmsg) by extension 'ignore'
[6.273s] Level 1:colcon.colcon_core.package_identification:_identify(src/dsrcmsg) by extension 'ignore_ament_install'
[6.273s] Level 1:colcon.colcon_core.package_identification:_identify(src/dsrcmsg) by extensions ['colcon_pkg']
[6.274s] Level 1:colcon.colcon_core.package_identification:_identify(src/dsrcmsg) by extension 'colcon_pkg'
[6.274s] Level 1:colcon.colcon_core.package_identification:_identify(src/dsrcmsg) by extensions ['colcon_meta']
[6.274s] Level 1:colcon.colcon_core.package_identification:_identify(src/dsrcmsg) by extension 'colcon_meta'
[6.274s] Level 1:colcon.colcon_core.package_identification:_identify(src/dsrcmsg) by extensions ['ros']
[6.274s] Level 1:colcon.colcon_core.package_identification:_identify(src/dsrcmsg) by extension 'ros'
[6.275s] DEBUG:colcon.colcon_core.package_identification:Package 'src/dsrcmsg' with type 'ros.ament_cmake' and name 'dsrcmsg'
[6.276s] Level 1:colcon.colcon_core.package_identification:_identify(src/reactivemethods) by extensions ['ignore', 'ignore_ament_install']
[6.276s] Level 1:colcon.colcon_core.package_identification:_identify(src/reactivemethods) by extension 'ignore'
[6.276s] Level 1:colcon.colcon_core.package_identification:_identify(src/reactivemethods) by extension 'ignore_ament_install'
[6.276s] Level 1:colcon.colcon_core.package_identification:_identify(src/reactivemethods) by extensions ['colcon_pkg']
[6.276s] Level 1:colcon.colcon_core.package_identification:_identify(src/reactivemethods) by extension 'colcon_pkg'
[6.276s] Level 1:colcon.colcon_core.package_identification:_identify(src/reactivemethods) by extensions ['colcon_meta']
[6.277s] Level 1:colcon.colcon_core.package_identification:_identify(src/reactivemethods) by extension 'colcon_meta'
[6.277s] Level 1:colcon.colcon_core.package_identification:_identify(src/reactivemethods) by extensions ['ros']
[6.277s] Level 1:colcon.colcon_core.package_identification:_identify(src/reactivemethods) by extension 'ros'
[6.278s] DEBUG:colcon.colcon_core.package_identification:Package 'src/reactivemethods' with type 'ros.ament_python' and name 'reactivemethods'
[6.279s] Level 1:colcon.colcon_core.package_identification:_identify(src/trafficrecord) by extensions ['ignore', 'ignore_ament_install']
[6.279s] Level 1:colcon.colcon_core.package_identification:_identify(src/trafficrecord) by extension 'ignore'
[6.279s] Level 1:colcon.colcon_core.package_identification:_identify(src/trafficrecord) by extension 'ignore_ament_install'
[6.279s] Level 1:colcon.colcon_core.package_identification:_identify(src/trafficrecord) by extensions ['colcon_pkg']
[6.279s] Level 1:colcon.colcon_core.package_identification:_identify(src/trafficrecord) by extension 'colcon_pkg'
[6.280s] Level 1:colcon.colcon_core.package_identification:_identify(src/trafficrecord) by extensions ['colcon_meta']
[6.280s] Level 1:colcon.colcon_core.package_identification:_identify(src/trafficrecord) by extension 'colcon_meta'
[6.280s] Level 1:colcon.colcon_core.package_identification:_identify(src/trafficrecord) by extensions ['ros']
[6.280s] Level 1:colcon.colcon_core.package_identification:_identify(src/trafficrecord) by extension 'ros'
[6.281s] DEBUG:colcon.colcon_core.package_identification:Package 'src/trafficrecord' with type 'ros.ament_cmake' and name 'trafficrecord'
[6.281s] Level 1:colcon.colcon_core.package_discovery:discover_packages(recursive) using defaults
[6.282s] Level 1:colcon.colcon_core.package_discovery:discover_packages(ignore) discover
[6.282s] Level 1:colcon.colcon_core.package_discovery:discover_packages(ignore) using defaults
[6.282s] Level 1:colcon.colcon_core.package_discovery:discover_packages(path) discover
[6.282s] Level 1:colcon.colcon_core.package_discovery:discover_packages(path) using defaults
[6.701s] INFO:colcon.colcon_core.package_selection:Skipping not selected package 'dsrcmsg' in 'src/dsrcmsg'
[6.701s] INFO:colcon.colcon_core.package_selection:Skipping not selected package 'trafficrecord' in 'src/trafficrecord'
[6.702s] INFO:colcon.colcon_core.package_selection:Skipping not selected package 'reactivemethods' in 'src/reactivemethods'
[6.947s] Level 1:colcon.colcon_core.package_discovery:discover_packages(prefix_path) check parameters
[6.947s] Level 1:colcon.colcon_core.package_discovery:discover_packages(prefix_path) discover
[7.165s] DEBUG:colcon.colcon_installed_package_information.package_discovery:Found 4 installed packages in /home/babangida/ros_ws/install
[7.267s] DEBUG:colcon.colcon_installed_package_information.package_discovery:Found 289 installed packages in /opt/ros/foxy
[7.269s] Level 1:colcon.colcon_core.package_discovery:discover_packages(prefix_path) using defaults
[7.544s] Level 5:colcon.colcon_core.verb:set package 'cim' build argument 'cmake_args' from command line to 'None'
[7.544s] Level 5:colcon.colcon_core.verb:set package 'cim' build argument 'cmake_target' from command line to 'None'
[7.544s] Level 5:colcon.colcon_core.verb:set package 'cim' build argument 'cmake_target_skip_unavailable' from command line to 'False'
[7.544s] Level 5:colcon.colcon_core.verb:set package 'cim' build argument 'cmake_clean_cache' from command line to 'False'
[7.544s] Level 5:colcon.colcon_core.verb:set package 'cim' build argument 'cmake_clean_first' from command line to 'False'
[7.544s] Level 5:colcon.colcon_core.verb:set package 'cim' build argument 'cmake_force_configure' from command line to 'False'
[7.544s] Level 5:colcon.colcon_core.verb:set package 'cim' build argument 'ament_cmake_args' from command line to 'None'
[7.544s] Level 5:colcon.colcon_core.verb:set package 'cim' build argument 'catkin_cmake_args' from command line to 'None'
[7.544s] Level 5:colcon.colcon_core.verb:set package 'cim' build argument 'catkin_skip_building_tests' from command line to 'False'
[7.544s] DEBUG:colcon.colcon_core.verb:Building package 'cim' with the following arguments: {'ament_cmake_args': None, 'build_base': '/home/babangida/ros_ws/build/cim', 'catkin_cmake_args': None, 'catkin_skip_building_tests': False, 'cmake_args': None, 'cmake_clean_cache': False, 'cmake_clean_first': False, 'cmake_force_configure': False, 'cmake_target': None, 'cmake_target_skip_unavailable': False, 'install_base': '/home/babangida/ros_ws/install/cim', 'merge_install': False, 'path': '/home/babangida/ros_ws/src/cim', 'symlink_install': True, 'test_result_base': None}
[7.594s] INFO:colcon.colcon_core.executor:Executing jobs using 'parallel' executor
[7.643s] DEBUG:colcon.colcon_parallel_executor.executor.parallel:run_until_complete
[7.644s] INFO:colcon.colcon_ros.task.ament_python.build:Building ROS package in '/home/babangida/ros_ws/src/cim' with build type 'ament_python'
[7.644s] Level 1:colcon.colcon_core.shell:create_environment_hook('cim', 'ament_prefix_path')
[7.692s] INFO:colcon.colcon_core.plugin_system:Skipping extension 'colcon_core.shell.bat': Not used on non-Windows systems
[7.692s] INFO:colcon.colcon_core.shell:Creating environment hook '/home/babangida/ros_ws/install/cim/share/cim/hook/ament_prefix_path.ps1'
[7.693s] INFO:colcon.colcon_core.shell:Creating environment descriptor '/home/babangida/ros_ws/install/cim/share/cim/hook/ament_prefix_path.dsv'
[7.693s] INFO:colcon.colcon_core.shell:Creating environment hook '/home/babangida/ros_ws/install/cim/share/cim/hook/ament_prefix_path.sh'
[7.745s] INFO:colcon.colcon_core.shell:Skip shell extension 'powershell' for command environment: Not usable outside of PowerShell
[7.745s] DEBUG:colcon.colcon_core.shell:Skip shell extension 'dsv' for command environment
[8.463s] INFO:colcon.colcon_core.task.python.build:Building Python package in '/home/babangida/ros_ws/src/cim'
[8.505s] INFO:colcon.colcon_core.shell:Skip shell extension 'powershell' for command environment: Not usable outside of PowerShell
[8.505s] DEBUG:colcon.colcon_core.shell:Skip shell extension 'dsv' for command environment
[9.620s] DEBUG:colcon.colcon_core.event_handler.log_command:Invoking command in '/home/babangida/ros_ws/build/cim': PYTHONPATH=/home/babangida/ros_ws/build/cim/prefix_override:/home/babangida/ros_ws/install/cim/lib/python3.8/site-packages:/home/babangida/ros_ws/install/trafficrecord/lib/python3.8/site-packages:/home/babangida/ros_ws/install/dsrcmsg/lib/python3.8/site-packages:/home/babangida/ros_ws/build/cim:/home/babangida/ros_ws/install/cim/lib/python3.8/site-packages:/home/babangida/ros_ws/install/reactivemethods/lib/python3.8/site-packages:/opt/ros/foxy/lib/python3.8/site-packages /usr/bin/python3 setup.py develop --editable --build-directory /home/babangida/ros_ws/build/cim/build --no-deps install_data
[10.578s] Level 1:colcon.colcon_core.shell:create_environment_hook('cim', 'pythonpath_develop')
[10.578s] DEBUG:colcon.colcon_core.event_handler.log_command:Invoked command in '/home/babangida/ros_ws/build/cim' returned '0': PYTHONPATH=/home/babangida/ros_ws/build/cim/prefix_override:/home/babangida/ros_ws/install/cim/lib/python3.8/site-packages:/home/babangida/ros_ws/install/trafficrecord/lib/python3.8/site-packages:/home/babangida/ros_ws/install/dsrcmsg/lib/python3.8/site-packages:/home/babangida/ros_ws/build/cim:/home/babangida/ros_ws/install/cim/lib/python3.8/site-packages:/home/babangida/ros_ws/install/reactivemethods/lib/python3.8/site-packages:/opt/ros/foxy/lib/python3.8/site-packages /usr/bin/python3 setup.py develop --editable --build-directory /home/babangida/ros_ws/build/cim/build --no-deps install_data
[10.661s] INFO:colcon.colcon_core.shell:Creating environment hook '/home/babangida/ros_ws/build/cim/share/cim/hook/pythonpath_develop.ps1'
[10.662s] INFO:colcon.colcon_core.shell:Creating environment descriptor '/home/babangida/ros_ws/build/cim/share/cim/hook/pythonpath_develop.dsv'
[10.663s] INFO:colcon.colcon_core.shell:Creating environment hook '/home/babangida/ros_ws/build/cim/share/cim/hook/pythonpath_develop.sh'
[10.740s] Level 1:colcon.colcon_core.environment:checking '/home/babangida/ros_ws/install/cim' for CMake module files
[10.741s] Level 1:colcon.colcon_core.environment:checking '/home/babangida/ros_ws/install/cim' for CMake config files
[10.743s] Level 1:colcon.colcon_core.environment:checking '/home/babangida/ros_ws/install/cim/lib'
[10.743s] Level 1:colcon.colcon_core.environment:checking '/home/babangida/ros_ws/install/cim/bin'
[10.743s] Level 1:colcon.colcon_core.environment:checking '/home/babangida/ros_ws/install/cim/lib/pkgconfig/cim.pc'
[10.744s] Level 1:colcon.colcon_core.environment:checking '/home/babangida/ros_ws/install/cim/lib/python3.8/site-packages'
[10.744s] Level 1:colcon.colcon_core.shell:create_environment_hook('cim', 'pythonpath')
[10.824s] INFO:colcon.colcon_core.shell:Creating environment hook '/home/babangida/ros_ws/install/cim/share/cim/hook/pythonpath.ps1'
[10.824s] INFO:colcon.colcon_core.shell:Creating environment descriptor '/home/babangida/ros_ws/install/cim/share/cim/hook/pythonpath.dsv'
[10.825s] INFO:colcon.colcon_core.shell:Creating environment hook '/home/babangida/ros_ws/install/cim/share/cim/hook/pythonpath.sh'
[10.825s] Level 1:colcon.colcon_core.environment:checking '/home/babangida/ros_ws/install/cim/bin'
[10.825s] Level 1:colcon.colcon_core.environment:create_environment_scripts_only(cim)
[10.906s] INFO:colcon.colcon_core.shell:Creating package script '/home/babangida/ros_ws/install/cim/share/cim/package.ps1'
[10.907s] INFO:colcon.colcon_core.shell:Creating package descriptor '/home/babangida/ros_ws/install/cim/share/cim/package.dsv'
[10.908s] INFO:colcon.colcon_core.shell:Creating package script '/home/babangida/ros_ws/install/cim/share/cim/package.sh'
[10.909s] INFO:colcon.colcon_core.shell:Creating package script '/home/babangida/ros_ws/install/cim/share/cim/package.bash'
[10.910s] INFO:colcon.colcon_core.shell:Creating package script '/home/babangida/ros_ws/install/cim/share/cim/package.zsh'
[10.911s] Level 1:colcon.colcon_core.environment:create_file_with_runtime_dependencies(/home/babangida/ros_ws/install/cim/share/colcon-core/packages/cim)
[10.912s] DEBUG:colcon.colcon_parallel_executor.executor.parallel:closing loop
[10.912s] DEBUG:colcon.colcon_parallel_executor.executor.parallel:loop closed
[10.912s] DEBUG:colcon.colcon_parallel_executor.executor.parallel:run_until_complete finished with '0'
[10.912s] DEBUG:colcon.colcon_core.event_reactor:joining thread
[11.147s] INFO:colcon.colcon_core.plugin_system:Skipping extension 'colcon_notification.desktop_notification.notify_send': Could not find 'notify-send'
[11.148s] INFO:colcon.colcon_core.plugin_system:Skipping extension 'colcon_notification.desktop_notification.terminal_notifier': Not used on non-Darwin systems
[11.148s] INFO:colcon.colcon_core.plugin_system:Skipping extension 'colcon_notification.desktop_notification.win32': Not used on non-Windows systems
[11.148s] INFO:colcon.colcon_notification.desktop_notification:Sending desktop notification using 'notify2'
[11.150s] DEBUG:colcon.colcon_notification.desktop_notification.notify2:Failed to initialize notify2: org.freedesktop.DBus.Error.ServiceUnknown: The name org.freedesktop.Notifications was not provided by any .service files
[11.150s] DEBUG:colcon.colcon_core.event_reactor:joined thread
[11.220s] INFO:colcon.colcon_core.shell:Creating prefix script '/home/babangida/ros_ws/install/local_setup.ps1'
[11.221s] INFO:colcon.colcon_core.shell:Creating prefix util module '/home/babangida/ros_ws/install/_local_setup_util_ps1.py'
[11.223s] INFO:colcon.colcon_core.shell:Creating prefix chain script '/home/babangida/ros_ws/install/setup.ps1'
[11.305s] INFO:colcon.colcon_core.shell:Creating prefix script '/home/babangida/ros_ws/install/local_setup.sh'
[11.306s] INFO:colcon.colcon_core.shell:Creating prefix util module '/home/babangida/ros_ws/install/_local_setup_util_sh.py'
[11.307s] INFO:colcon.colcon_core.shell:Creating prefix chain script '/home/babangida/ros_ws/install/setup.sh'
[11.377s] INFO:colcon.colcon_core.shell:Creating prefix script '/home/babangida/ros_ws/install/local_setup.bash'
[11.377s] INFO:colcon.colcon_core.shell:Creating prefix chain script '/home/babangida/ros_ws/install/setup.bash'
[11.449s] INFO:colcon.colcon_core.shell:Creating prefix script '/home/babangida/ros_ws/install/local_setup.zsh'
[11.450s] INFO:colcon.colcon_core.shell:Creating prefix chain script '/home/babangida/ros_ws/install/setup.zsh'
