[4.831s] Invoking command in '/home/babangida/ros_ws/build/cim': PYTHONPATH=/home/babangida/ros_ws/build/cim/prefix_override:/home/babangida/ros_ws/install/cim/lib/python3.8/site-packages:/home/babangida/ros_ws/install/trafficrecord/lib/python3.8/site-packages:/home/babangida/ros_ws/install/dsrcmsg/lib/python3.8/site-packages:/home/babangida/ros_ws/install/cim/lib/python3.8/site-packages:/home/babangida/ros_ws/install/reactivemethods/lib/python3.8/site-packages:/opt/ros/foxy/lib/python3.8/site-packages /usr/bin/python3 setup.py develop --editable --build-directory /home/babangida/ros_ws/build/cim/build --no-deps install_data
[5.183s] running develop
[5.417s] running egg_info
[5.418s] writing cim.egg-info/PKG-INFO
[5.440s] writing dependency_links to cim.egg-info/dependency_links.txt
[5.441s] writing entry points to cim.egg-info/entry_points.txt
[5.441s] writing requirements to cim.egg-info/requires.txt
[5.441s] writing top-level names to cim.egg-info/top_level.txt
[5.676s] reading manifest file 'cim.egg-info/SOURCES.txt'
[5.709s] writing manifest file 'cim.egg-info/SOURCES.txt'
[5.761s] running build_ext
[5.762s] Creating /home/babangida/ros_ws/install/cim/lib/python3.8/site-packages/site.py
[5.764s] Creating /home/babangida/ros_ws/install/cim/lib/python3.8/site-packages/cim.egg-link (link to .)
[5.765s] Installing cimnode script to /home/babangida/ros_ws/install/cim/lib/cim
[5.766s] Installing debugewagent script to /home/babangida/ros_ws/install/cim/lib/cim
[5.766s] Installing dsrcsimplecim script to /home/babangida/ros_ws/install/cim/lib/cim
[5.766s] Installing ewagent script to /home/babangida/ros_ws/install/cim/lib/cim
[5.767s] Installing fhcim script to /home/babangida/ros_ws/install/cim/lib/cim
[5.767s] Installing fiscim script to /home/babangida/ros_ws/install/cim/lib/cim
[5.767s] Installing fisewagent script to /home/babangida/ros_ws/install/cim/lib/cim
[5.767s] Installing fissnagent script to /home/babangida/ros_ws/install/cim/lib/cim
[5.767s] Installing playde script to /home/babangida/ros_ws/install/cim/lib/cim
[5.768s] Installing playpp script to /home/babangida/ros_ws/install/cim/lib/cim
[5.768s] Installing plotpoint script to /home/babangida/ros_ws/install/cim/lib/cim
[5.768s] Installing recanalysis script to /home/babangida/ros_ws/install/cim/lib/cim
[5.768s] Installing recanalysisserver script to /home/babangida/ros_ws/install/cim/lib/cim
[5.768s] Installing snagent script to /home/babangida/ros_ws/install/cim/lib/cim
[5.768s] Installing statictls script to /home/babangida/ros_ws/install/cim/lib/cim
[5.769s] Installing stlsewagent script to /home/babangida/ros_ws/install/cim/lib/cim
[5.769s] Installing stlssnagent script to /home/babangida/ros_ws/install/cim/lib/cim
[5.769s] Installing test script to /home/babangida/ros_ws/install/cim/lib/cim
[5.770s] Installing tlsewagent script to /home/babangida/ros_ws/install/cim/lib/cim
[5.770s] Installing tlssnagent script to /home/babangida/ros_ws/install/cim/lib/cim
[5.770s] 
[5.770s] Installed /home/babangida/ros_ws/build/cim
[5.770s] running install_data
[5.808s] Invoked command in '/home/babangida/ros_ws/build/cim' returned '0': PYTHONPATH=/home/babangida/ros_ws/build/cim/prefix_override:/home/babangida/ros_ws/install/cim/lib/python3.8/site-packages:/home/babangida/ros_ws/install/trafficrecord/lib/python3.8/site-packages:/home/babangida/ros_ws/install/dsrcmsg/lib/python3.8/site-packages:/home/babangida/ros_ws/install/cim/lib/python3.8/site-packages:/home/babangida/ros_ws/install/reactivemethods/lib/python3.8/site-packages:/opt/ros/foxy/lib/python3.8/site-packages /usr/bin/python3 setup.py develop --editable --build-directory /home/babangida/ros_ws/build/cim/build --no-deps install_data
