[4.994s] Invoking command in '/home/babangida/ros_ws/build/onecim': PYTHONPATH=/home/babangida/ros_ws/build/onecim/prefix_override:/home/babangida/ros_ws/install/onecim/lib/python3.8/site-packages:/home/babangida/ros_ws/install/trafficrecord/lib/python3.8/site-packages:/home/babangida/ros_ws/install/dsrcmsg/lib/python3.8/site-packages:/home/babangida/ros_ws/build/onecim:/home/babangida/ros_ws/install/onecim/lib/python3.8/site-packages:/home/babangida/ros_ws/install/cim/lib/python3.8/site-packages:/home/babangida/ros_ws/build/reactivemethods:/home/babangida/ros_ws/install/reactivemethods/lib/python3.8/site-packages:/opt/ros/foxy/lib/python3.8/site-packages /usr/bin/python3 setup.py develop --editable --build-directory /home/babangida/ros_ws/build/onecim/build --no-deps install_data
[5.372s] running develop
[5.691s] running egg_info
[5.691s] writing onecim.egg-info/PKG-INFO
[5.691s] writing dependency_links to onecim.egg-info/dependency_links.txt
[5.692s] writing entry points to onecim.egg-info/entry_points.txt
[5.692s] writing requirements to onecim.egg-info/requires.txt
[5.692s] writing top-level names to onecim.egg-info/top_level.txt
[5.780s] reading manifest file 'onecim.egg-info/SOURCES.txt'
[5.782s] writing manifest file 'onecim.egg-info/SOURCES.txt'
[5.837s] running build_ext
[5.854s] Creating /home/babangida/ros_ws/install/onecim/lib/python3.8/site-packages/onecim.egg-link (link to .)
[5.856s] Installing ewfiscim script to /home/babangida/ros_ws/install/onecim/lib/onecim
[5.857s] Installing fisonecimlooptls script to /home/babangida/ros_ws/install/onecim/lib/onecim
[5.857s] Installing fisonecimtls script to /home/babangida/ros_ws/install/onecim/lib/onecim
[5.857s] Installing genveh script to /home/babangida/ros_ws/install/onecim/lib/onecim
[5.857s] Installing onecimew script to /home/babangida/ros_ws/install/onecim/lib/onecim
[5.857s] Installing onecimloopew script to /home/babangida/ros_ws/install/onecim/lib/onecim
[5.857s] Installing onecimloopsn script to /home/babangida/ros_ws/install/onecim/lib/onecim
[5.858s] Installing onecimloopstatictls script to /home/babangida/ros_ws/install/onecim/lib/onecim
[5.858s] Installing onecimlooptls script to /home/babangida/ros_ws/install/onecim/lib/onecim
[5.858s] Installing onecimsn script to /home/babangida/ros_ws/install/onecim/lib/onecim
[5.858s] Installing onecimtls script to /home/babangida/ros_ws/install/onecim/lib/onecim
[5.858s] Installing playde script to /home/babangida/ros_ws/install/onecim/lib/onecim
[5.858s] Installing playpp script to /home/babangida/ros_ws/install/onecim/lib/onecim
[5.859s] Installing rectraffic script to /home/babangida/ros_ws/install/onecim/lib/onecim
[5.859s] Installing simspeed script to /home/babangida/ros_ws/install/onecim/lib/onecim
[5.859s] Installing snfiscim script to /home/babangida/ros_ws/install/onecim/lib/onecim
[5.859s] Installing speed script to /home/babangida/ros_ws/install/onecim/lib/onecim
[5.860s] Installing veh script to /home/babangida/ros_ws/install/onecim/lib/onecim
[5.860s] Installing wypts script to /home/babangida/ros_ws/install/onecim/lib/onecim
[5.860s] 
[5.861s] Installed /home/babangida/ros_ws/build/onecim
[5.861s] running install_data
[6.030s] Invoked command in '/home/babangida/ros_ws/build/onecim' returned '0': PYTHONPATH=/home/babangida/ros_ws/build/onecim/prefix_override:/home/babangida/ros_ws/install/onecim/lib/python3.8/site-packages:/home/babangida/ros_ws/install/trafficrecord/lib/python3.8/site-packages:/home/babangida/ros_ws/install/dsrcmsg/lib/python3.8/site-packages:/home/babangida/ros_ws/build/onecim:/home/babangida/ros_ws/install/onecim/lib/python3.8/site-packages:/home/babangida/ros_ws/install/cim/lib/python3.8/site-packages:/home/babangida/ros_ws/build/reactivemethods:/home/babangida/ros_ws/install/reactivemethods/lib/python3.8/site-packages:/opt/ros/foxy/lib/python3.8/site-packages /usr/bin/python3 setup.py develop --editable --build-directory /home/babangida/ros_ws/build/onecim/build --no-deps install_data
