[5.231s] Invoking command in '/home/babangida/ros_ws/build/onecim': PYTHONPATH=/home/babangida/ros_ws/build/onecim/prefix_override:/home/babangida/ros_ws/install/onecim/lib/python3.8/site-packages:/home/babangida/ros_ws/install/trafficrecord/lib/python3.8/site-packages:/home/babangida/ros_ws/install/dsrcmsg/lib/python3.8/site-packages:/home/babangida/ros_ws/build/onecim:/home/babangida/ros_ws/install/onecim/lib/python3.8/site-packages:/home/babangida/ros_ws/install/cim/lib/python3.8/site-packages:/home/babangida/ros_ws/build/reactivemethods:/home/babangida/ros_ws/install/reactivemethods/lib/python3.8/site-packages:/opt/ros/foxy/lib/python3.8/site-packages /usr/bin/python3 setup.py develop --editable --build-directory /home/babangida/ros_ws/build/onecim/build --no-deps install_data
[5.544s] running develop
[5.813s] running egg_info
[5.813s] writing onecim.egg-info/PKG-INFO
[5.813s] writing dependency_links to onecim.egg-info/dependency_links.txt
[5.814s] writing entry points to onecim.egg-info/entry_points.txt
[5.814s] writing requirements to onecim.egg-info/requires.txt
[5.814s] writing top-level names to onecim.egg-info/top_level.txt
[5.942s] reading manifest file 'onecim.egg-info/SOURCES.txt'
[5.943s] writing manifest file 'onecim.egg-info/SOURCES.txt'
[5.991s] running build_ext
[6.010s] Creating /home/babangida/ros_ws/install/onecim/lib/python3.8/site-packages/onecim.egg-link (link to .)
[6.011s] Installing benchmark script to /home/babangida/ros_ws/install/onecim/lib/onecim
[6.011s] Installing erectraffic script to /home/babangida/ros_ws/install/onecim/lib/onecim
[6.011s] Installing ewfiscim script to /home/babangida/ros_ws/install/onecim/lib/onecim
[6.011s] Installing fisonecimlooptls script to /home/babangida/ros_ws/install/onecim/lib/onecim
[6.012s] Installing fisonecimtls script to /home/babangida/ros_ws/install/onecim/lib/onecim
[6.012s] Installing genveh script to /home/babangida/ros_ws/install/onecim/lib/onecim
[6.012s] Installing nrectraffic script to /home/babangida/ros_ws/install/onecim/lib/onecim
[6.012s] Installing onecimew script to /home/babangida/ros_ws/install/onecim/lib/onecim
[6.013s] Installing onecimloopew script to /home/babangida/ros_ws/install/onecim/lib/onecim
[6.013s] Installing onecimloopsn script to /home/babangida/ros_ws/install/onecim/lib/onecim
[6.013s] Installing onecimloopstatictls script to /home/babangida/ros_ws/install/onecim/lib/onecim
[6.013s] Installing onecimlooptls script to /home/babangida/ros_ws/install/onecim/lib/onecim
[6.014s] Installing onecimsn script to /home/babangida/ros_ws/install/onecim/lib/onecim
[6.014s] Installing onecimtls script to /home/babangida/ros_ws/install/onecim/lib/onecim
[6.014s] Installing playde script to /home/babangida/ros_ws/install/onecim/lib/onecim
[6.014s] Installing playpp script to /home/babangida/ros_ws/install/onecim/lib/onecim
[6.014s] Installing rectraffic script to /home/babangida/ros_ws/install/onecim/lib/onecim
[6.015s] Installing rrfisonecimlooptls script to /home/babangida/ros_ws/install/onecim/lib/onecim
[6.015s] Installing rronecimlooptls script to /home/babangida/ros_ws/install/onecim/lib/onecim
[6.015s] Installing simspeed script to /home/babangida/ros_ws/install/onecim/lib/onecim
[6.015s] Installing snfiscim script to /home/babangida/ros_ws/install/onecim/lib/onecim
[6.015s] Installing speed script to /home/babangida/ros_ws/install/onecim/lib/onecim
[6.016s] Installing srectraffic script to /home/babangida/ros_ws/install/onecim/lib/onecim
[6.016s] Installing timegenveh script to /home/babangida/ros_ws/install/onecim/lib/onecim
[6.016s] Installing trafficrec script to /home/babangida/ros_ws/install/onecim/lib/onecim
[6.016s] Installing veh script to /home/babangida/ros_ws/install/onecim/lib/onecim
[6.016s] Installing wrectraffic script to /home/babangida/ros_ws/install/onecim/lib/onecim
[6.016s] Installing wypts script to /home/babangida/ros_ws/install/onecim/lib/onecim
[6.016s] 
[6.016s] Installed /home/babangida/ros_ws/build/onecim
[6.016s] running install_data
[6.063s] Invoked command in '/home/babangida/ros_ws/build/onecim' returned '0': PYTHONPATH=/home/babangida/ros_ws/build/onecim/prefix_override:/home/babangida/ros_ws/install/onecim/lib/python3.8/site-packages:/home/babangida/ros_ws/install/trafficrecord/lib/python3.8/site-packages:/home/babangida/ros_ws/install/dsrcmsg/lib/python3.8/site-packages:/home/babangida/ros_ws/build/onecim:/home/babangida/ros_ws/install/onecim/lib/python3.8/site-packages:/home/babangida/ros_ws/install/cim/lib/python3.8/site-packages:/home/babangida/ros_ws/build/reactivemethods:/home/babangida/ros_ws/install/reactivemethods/lib/python3.8/site-packages:/opt/ros/foxy/lib/python3.8/site-packages /usr/bin/python3 setup.py develop --editable --build-directory /home/babangida/ros_ws/build/onecim/build --no-deps install_data
