[0.208s] Invoking command in '/home/babangida/ros_ws/build/dsrcmsg': CMAKE_PREFIX_PATH=${CMAKE_PREFIX_PATH}:/home/babangida/ros_ws/install/onecim:/home/babangida/ros_ws/install/cim:/home/babangida/ros_ws/install/reactivemethods:/opt/ros/foxy /usr/bin/cmake --build /home/babangida/ros_ws/build/dsrcmsg -- -j8 -l8
[0.228s] -- Found ament_cmake: 0.9.12 (/opt/ros/foxy/share/ament_cmake/cmake)
[0.260s] -- Using PYTHON_EXECUTABLE: /usr/bin/python3
[0.450s] -- Override CMake install command with custom implementation using symlinks instead of copying resources
[0.456s] -- Found builtin_interfaces: 1.0.0 (/opt/ros/foxy/share/builtin_interfaces/cmake)
[0.741s] -- Using all available rosidl_typesupport_c: rosidl_typesupport_fastrtps_c;rosidl_typesupport_introspection_c
[0.747s] -- Found rosidl_adapter: 1.3.1 (/opt/ros/foxy/share/rosidl_adapter/cmake)
[10.157s] -- Using all available rosidl_typesupport_cpp: rosidl_typesupport_fastrtps_cpp;rosidl_typesupport_introspection_cpp
[10.187s] -- Found rosidl_default_generators: 1.0.1 (/opt/ros/foxy/share/rosidl_default_generators/cmake)
[10.233s] -- Found PythonInterp: /usr/bin/python3 (found version "3.8.10") 
[10.401s] -- Found ament_cmake_ros: 0.9.2 (/opt/ros/foxy/share/ament_cmake_ros/cmake)
[20.246s] -- Using all available rosidl_typesupport_c: rosidl_typesupport_fastrtps_c;rosidl_typesupport_introspection_c
[20.256s] -- Using all available rosidl_typesupport_cpp: rosidl_typesupport_fastrtps_cpp;rosidl_typesupport_introspection_cpp
[20.292s] -- Found PythonInterp: /usr/bin/python3 (found suitable version "3.8.10", minimum required is "3.5") 
[20.292s] -- Found python_cmake_module: 0.8.1 (/opt/ros/foxy/share/python_cmake_module/cmake)
[20.326s] -- Using PYTHON_EXECUTABLE: /usr/bin/python3
[20.326s] -- Using PYTHON_INCLUDE_DIRS: /usr/include/python3.8
[20.326s] -- Using PYTHON_LIBRARIES: /usr/lib/x86_64-linux-gnu/libpython3.8.so
[20.350s] -- Found ament_lint_auto: 0.9.8 (/opt/ros/foxy/share/ament_lint_auto/cmake)
[20.364s] -- Added test 'copyright' to check source files copyright and LICENSE
[20.366s] -- Added test 'lint_cmake' to check CMake code style
[20.367s] -- Added test 'xmllint' to check XML markup files
[20.373s] -- Configuring done
[20.416s] -- Generating done
[20.421s] -- Build files have been written to: /home/babangida/ros_ws/build/dsrcmsg
[20.451s] [  1%] [34m[1mGenerating C code for ROS interfaces[0m
[20.452s] [35m[1mScanning dependencies of target dsrcmsg__cpp[0m
[20.466s] [  3%] [34m[1mGenerating C++ code for ROS interfaces[0m
[21.629s] [  3%] Built target dsrcmsg__cpp
[21.650s] [  4%] [34m[1mGenerating C++ introspection for ROS interfaces[0m
[21.655s] [  6%] [34m[1mGenerating C++ type support for eProsima Fast-RTPS[0m
[21.663s] [  7%] [34m[1mGenerating C++ type support dispatch for ROS interfaces[0m
[21.748s] [35m[1mScanning dependencies of target dsrcmsg__rosidl_generator_c[0m
[21.780s] [  9%] [32mBuilding C object CMakeFiles/dsrcmsg__rosidl_generator_c.dir/rosidl_generator_c/dsrcmsg/msg/detail/dsrc_message__functions.c.o[0m
[21.782s] [ 11%] [32mBuilding C object CMakeFiles/dsrcmsg__rosidl_generator_c.dir/rosidl_generator_c/dsrcmsg/msg/detail/intersection_bsm__functions.c.o[0m
[21.790s] [ 12%] [32mBuilding C object CMakeFiles/dsrcmsg__rosidl_generator_c.dir/rosidl_generator_c/dsrcmsg/msg/detail/traffic_lights_message__functions.c.o[0m
[21.795s] [ 14%] [32mBuilding C object CMakeFiles/dsrcmsg__rosidl_generator_c.dir/rosidl_generator_c/dsrcmsg/msg/detail/one_cim_tls_msg__functions.c.o[0m
[21.816s] [ 15%] [32mBuilding C object CMakeFiles/dsrcmsg__rosidl_generator_c.dir/rosidl_generator_c/dsrcmsg/msg/detail/one_cim_keypoints__functions.c.o[0m
[21.983s] [ 17%] [32m[1mLinking C shared library libdsrcmsg__rosidl_generator_c.so[0m
[22.313s] [ 17%] Built target dsrcmsg__rosidl_generator_c
[22.338s] [ 20%] [34m[1mGenerating C type support dispatch for ROS interfaces[0m
[22.338s] [ 20%] [34m[1mGenerating C introspection for ROS interfaces[0m
[23.102s] [35m[1mScanning dependencies of target dsrcmsg__rosidl_typesupport_cpp[0m
[23.128s] [ 22%] [32mBuilding CXX object CMakeFiles/dsrcmsg__rosidl_typesupport_cpp.dir/rosidl_typesupport_cpp/dsrcmsg/msg/dsrc_message__type_support.cpp.o[0m
[23.130s] [ 23%] [32mBuilding CXX object CMakeFiles/dsrcmsg__rosidl_typesupport_cpp.dir/rosidl_typesupport_cpp/dsrcmsg/msg/one_cim_keypoints__type_support.cpp.o[0m
[23.130s] [ 25%] [32mBuilding CXX object CMakeFiles/dsrcmsg__rosidl_typesupport_cpp.dir/rosidl_typesupport_cpp/dsrcmsg/msg/traffic_lights_message__type_support.cpp.o[0m
[23.139s] [ 26%] [32mBuilding CXX object CMakeFiles/dsrcmsg__rosidl_typesupport_cpp.dir/rosidl_typesupport_cpp/dsrcmsg/msg/intersection_bsm__type_support.cpp.o[0m
[23.464s] [35m[1mScanning dependencies of target dsrcmsg__rosidl_typesupport_introspection_cpp[0m
[23.535s] [ 28%] [32mBuilding CXX object CMakeFiles/dsrcmsg__rosidl_typesupport_introspection_cpp.dir/rosidl_typesupport_introspection_cpp/dsrcmsg/msg/detail/dsrc_message__type_support.cpp.o[0m
[23.559s] [35m[1mScanning dependencies of target dsrcmsg__rosidl_typesupport_fastrtps_cpp[0m
[23.647s] [ 30%] [32mBuilding CXX object CMakeFiles/dsrcmsg__rosidl_typesupport_fastrtps_cpp.dir/rosidl_typesupport_fastrtps_cpp/dsrcmsg/msg/detail/dds_fastrtps/dsrc_message__type_support.cpp.o[0m
[23.883s] [ 31%] [32mBuilding CXX object CMakeFiles/dsrcmsg__rosidl_typesupport_cpp.dir/rosidl_typesupport_cpp/dsrcmsg/msg/one_cim_tls_msg__type_support.cpp.o[0m
[23.883s] [ 33%] [32mBuilding CXX object CMakeFiles/dsrcmsg__rosidl_typesupport_fastrtps_cpp.dir/rosidl_typesupport_fastrtps_cpp/dsrcmsg/msg/detail/dds_fastrtps/intersection_bsm__type_support.cpp.o[0m
[23.884s] [ 34%] [32mBuilding CXX object CMakeFiles/dsrcmsg__rosidl_typesupport_fastrtps_cpp.dir/rosidl_typesupport_fastrtps_cpp/dsrcmsg/msg/detail/dds_fastrtps/traffic_lights_message__type_support.cpp.o[0m
[23.894s] [35m[1mScanning dependencies of target dsrcmsg__rosidl_typesupport_c[0m
[23.908s] [ 36%] [32mBuilding CXX object CMakeFiles/dsrcmsg__rosidl_typesupport_introspection_cpp.dir/rosidl_typesupport_introspection_cpp/dsrcmsg/msg/detail/intersection_bsm__type_support.cpp.o[0m
[23.941s] [ 38%] [32mBuilding CXX object CMakeFiles/dsrcmsg__rosidl_typesupport_c.dir/rosidl_typesupport_c/dsrcmsg/msg/dsrc_message__type_support.cpp.o[0m
[24.028s] [ 39%] [32mBuilding CXX object CMakeFiles/dsrcmsg__rosidl_typesupport_c.dir/rosidl_typesupport_c/dsrcmsg/msg/intersection_bsm__type_support.cpp.o[0m
[24.099s] [35m[1mScanning dependencies of target dsrcmsg__rosidl_typesupport_introspection_c[0m
[24.123s] [ 41%] [32mBuilding C object CMakeFiles/dsrcmsg__rosidl_typesupport_introspection_c.dir/rosidl_typesupport_introspection_c/dsrcmsg/msg/detail/dsrc_message__type_support.c.o[0m
[24.140s] [ 42%] [32mBuilding CXX object CMakeFiles/dsrcmsg__rosidl_typesupport_c.dir/rosidl_typesupport_c/dsrcmsg/msg/traffic_lights_message__type_support.cpp.o[0m
[24.167s] [ 44%] [32mBuilding CXX object CMakeFiles/dsrcmsg__rosidl_typesupport_introspection_cpp.dir/rosidl_typesupport_introspection_cpp/dsrcmsg/msg/detail/traffic_lights_message__type_support.cpp.o[0m
[24.225s] [ 46%] [32mBuilding CXX object CMakeFiles/dsrcmsg__rosidl_typesupport_c.dir/rosidl_typesupport_c/dsrcmsg/msg/one_cim_keypoints__type_support.cpp.o[0m
[24.240s] [ 47%] [32mBuilding C object CMakeFiles/dsrcmsg__rosidl_typesupport_introspection_c.dir/rosidl_typesupport_introspection_c/dsrcmsg/msg/detail/intersection_bsm__type_support.c.o[0m
[24.293s] [ 49%] [32mBuilding C object CMakeFiles/dsrcmsg__rosidl_typesupport_introspection_c.dir/rosidl_typesupport_introspection_c/dsrcmsg/msg/detail/traffic_lights_message__type_support.c.o[0m
[24.327s] [ 50%] [32mBuilding CXX object CMakeFiles/dsrcmsg__rosidl_typesupport_c.dir/rosidl_typesupport_c/dsrcmsg/msg/one_cim_tls_msg__type_support.cpp.o[0m
[24.373s] [ 52%] [32mBuilding C object CMakeFiles/dsrcmsg__rosidl_typesupport_introspection_c.dir/rosidl_typesupport_introspection_c/dsrcmsg/msg/detail/one_cim_keypoints__type_support.c.o[0m
[24.408s] [ 53%] [32m[1mLinking CXX shared library libdsrcmsg__rosidl_typesupport_c.so[0m
[24.441s] [ 55%] [32mBuilding C object CMakeFiles/dsrcmsg__rosidl_typesupport_introspection_c.dir/rosidl_typesupport_introspection_c/dsrcmsg/msg/detail/one_cim_tls_msg__type_support.c.o[0m
[24.531s] [ 57%] [32m[1mLinking CXX shared library libdsrcmsg__rosidl_typesupport_cpp.so[0m
[24.536s] [ 58%] [32m[1mLinking C shared library libdsrcmsg__rosidl_typesupport_introspection_c.so[0m
[24.630s] [ 60%] [32mBuilding CXX object CMakeFiles/dsrcmsg__rosidl_typesupport_fastrtps_cpp.dir/rosidl_typesupport_fastrtps_cpp/dsrcmsg/msg/detail/dds_fastrtps/one_cim_keypoints__type_support.cpp.o[0m
[24.678s] [ 61%] [32mBuilding CXX object CMakeFiles/dsrcmsg__rosidl_typesupport_introspection_cpp.dir/rosidl_typesupport_introspection_cpp/dsrcmsg/msg/detail/one_cim_keypoints__type_support.cpp.o[0m
[24.816s] [ 61%] Built target dsrcmsg__rosidl_typesupport_c
[24.854s] [ 63%] [32mBuilding CXX object CMakeFiles/dsrcmsg__rosidl_typesupport_introspection_cpp.dir/rosidl_typesupport_introspection_cpp/dsrcmsg/msg/detail/one_cim_tls_msg__type_support.cpp.o[0m
[24.916s] [ 65%] [32mBuilding CXX object CMakeFiles/dsrcmsg__rosidl_typesupport_fastrtps_cpp.dir/rosidl_typesupport_fastrtps_cpp/dsrcmsg/msg/detail/dds_fastrtps/one_cim_tls_msg__type_support.cpp.o[0m
[24.938s] [ 65%] Built target dsrcmsg__rosidl_typesupport_cpp
[24.957s] [ 65%] Built target dsrcmsg__rosidl_typesupport_introspection_c
[25.570s] [ 66%] [32m[1mLinking CXX shared library libdsrcmsg__rosidl_typesupport_introspection_cpp.so[0m
[25.792s] [ 68%] [32m[1mLinking CXX shared library libdsrcmsg__rosidl_typesupport_fastrtps_cpp.so[0m
[25.901s] [ 68%] Built target dsrcmsg__rosidl_typesupport_introspection_cpp
[26.119s] [ 68%] Built target dsrcmsg__rosidl_typesupport_fastrtps_cpp
[26.132s] [ 69%] [34m[1mGenerating C type support for eProsima Fast-RTPS[0m
[26.953s] [35m[1mScanning dependencies of target dsrcmsg__rosidl_typesupport_fastrtps_c[0m
[26.973s] [ 71%] [32mBuilding CXX object CMakeFiles/dsrcmsg__rosidl_typesupport_fastrtps_c.dir/rosidl_typesupport_fastrtps_c/dsrcmsg/msg/detail/dsrc_message__type_support_c.cpp.o[0m
[26.975s] [ 73%] [32mBuilding CXX object CMakeFiles/dsrcmsg__rosidl_typesupport_fastrtps_c.dir/rosidl_typesupport_fastrtps_c/dsrcmsg/msg/detail/intersection_bsm__type_support_c.cpp.o[0m
[26.975s] [ 74%] [32mBuilding CXX object CMakeFiles/dsrcmsg__rosidl_typesupport_fastrtps_c.dir/rosidl_typesupport_fastrtps_c/dsrcmsg/msg/detail/one_cim_tls_msg__type_support_c.cpp.o[0m
[26.976s] [ 76%] [32mBuilding CXX object CMakeFiles/dsrcmsg__rosidl_typesupport_fastrtps_c.dir/rosidl_typesupport_fastrtps_c/dsrcmsg/msg/detail/traffic_lights_message__type_support_c.cpp.o[0m
[26.983s] [ 77%] [32mBuilding CXX object CMakeFiles/dsrcmsg__rosidl_typesupport_fastrtps_c.dir/rosidl_typesupport_fastrtps_c/dsrcmsg/msg/detail/one_cim_keypoints__type_support_c.cpp.o[0m
[27.648s] [ 79%] [32m[1mLinking CXX shared library libdsrcmsg__rosidl_typesupport_fastrtps_c.so[0m
[27.962s] [ 79%] Built target dsrcmsg__rosidl_typesupport_fastrtps_c
[27.983s] [ 79%] Built target dsrcmsg
[27.999s] [35m[1mScanning dependencies of target dsrcmsg__py[0m
[28.010s] [ 80%] [34m[1mGenerating Python code for ROS interfaces[0m
[29.603s] [ 80%] Built target dsrcmsg__py
[29.614s] [35m[1mScanning dependencies of target dsrcmsg__python[0m
[29.640s] [ 82%] [32mBuilding C object CMakeFiles/dsrcmsg__python.dir/rosidl_generator_py/dsrcmsg/msg/_one_cim_tls_msg_s.c.o[0m
[29.640s] [ 84%] [32mBuilding C object CMakeFiles/dsrcmsg__python.dir/rosidl_generator_py/dsrcmsg/msg/_intersection_bsm_s.c.o[0m
[29.642s] [ 85%] [32mBuilding C object CMakeFiles/dsrcmsg__python.dir/rosidl_generator_py/dsrcmsg/msg/_dsrc_message_s.c.o[0m
[29.642s] [ 87%] [32mBuilding C object CMakeFiles/dsrcmsg__python.dir/rosidl_generator_py/dsrcmsg/msg/_one_cim_keypoints_s.c.o[0m
[29.643s] [ 88%] [32mBuilding C object CMakeFiles/dsrcmsg__python.dir/rosidl_generator_py/dsrcmsg/msg/_traffic_lights_message_s.c.o[0m
[29.825s] [ 90%] [32m[1mLinking C shared library rosidl_generator_py/dsrcmsg/libdsrcmsg__python.so[0m
[30.138s] [ 90%] Built target dsrcmsg__python
[30.153s] [35m[1mScanning dependencies of target dsrcmsg__rosidl_typesupport_c__pyext[0m
[30.153s] [35m[1mScanning dependencies of target dsrcmsg__rosidl_typesupport_introspection_c__pyext[0m
[30.153s] [35m[1mScanning dependencies of target dsrcmsg__rosidl_typesupport_fastrtps_c__pyext[0m
[30.173s] [ 92%] [32mBuilding C object CMakeFiles/dsrcmsg__rosidl_typesupport_c__pyext.dir/rosidl_generator_py/dsrcmsg/_dsrcmsg_s.ep.rosidl_typesupport_c.c.o[0m
[30.182s] [ 93%] [32mBuilding C object CMakeFiles/dsrcmsg__rosidl_typesupport_introspection_c__pyext.dir/rosidl_generator_py/dsrcmsg/_dsrcmsg_s.ep.rosidl_typesupport_introspection_c.c.o[0m
[30.182s] [ 95%] [32mBuilding C object CMakeFiles/dsrcmsg__rosidl_typesupport_fastrtps_c__pyext.dir/rosidl_generator_py/dsrcmsg/_dsrcmsg_s.ep.rosidl_typesupport_fastrtps_c.c.o[0m
[30.315s] [ 96%] [32m[1mLinking C shared library rosidl_generator_py/dsrcmsg/dsrcmsg_s__rosidl_typesupport_c.cpython-38-x86_64-linux-gnu.so[0m
[30.323s] [ 98%] [32m[1mLinking CXX shared library rosidl_generator_py/dsrcmsg/dsrcmsg_s__rosidl_typesupport_fastrtps_c.cpython-38-x86_64-linux-gnu.so[0m
[30.325s] [100%] [32m[1mLinking C shared library rosidl_generator_py/dsrcmsg/dsrcmsg_s__rosidl_typesupport_introspection_c.cpython-38-x86_64-linux-gnu.so[0m
[30.706s] [100%] Built target dsrcmsg__rosidl_typesupport_c__pyext
[30.753s] [100%] Built target dsrcmsg__rosidl_typesupport_introspection_c__pyext
[30.813s] [100%] Built target dsrcmsg__rosidl_typesupport_fastrtps_c__pyext
[30.854s] Invoked command in '/home/babangida/ros_ws/build/dsrcmsg' returned '0': CMAKE_PREFIX_PATH=${CMAKE_PREFIX_PATH}:/home/babangida/ros_ws/install/onecim:/home/babangida/ros_ws/install/cim:/home/babangida/ros_ws/install/reactivemethods:/opt/ros/foxy /usr/bin/cmake --build /home/babangida/ros_ws/build/dsrcmsg -- -j8 -l8
[31.017s] Invoking command in '/home/babangida/ros_ws/build/dsrcmsg': CMAKE_PREFIX_PATH=${CMAKE_PREFIX_PATH}:/home/babangida/ros_ws/install/onecim:/home/babangida/ros_ws/install/cim:/home/babangida/ros_ws/install/reactivemethods:/opt/ros/foxy /usr/bin/cmake --install /home/babangida/ros_ws/build/dsrcmsg
[31.026s] -- Install configuration: ""
[31.030s] -- Execute custom install script
[31.030s] -- Up-to-date symlink: /home/babangida/ros_ws/install/dsrcmsg/share/ament_index/resource_index/rosidl_interfaces/dsrcmsg
[31.030s] -- Up-to-date symlink: /home/babangida/ros_ws/install/dsrcmsg/include/dsrcmsg/msg/detail/dsrc_message__functions.h
[31.031s] -- Up-to-date symlink: /home/babangida/ros_ws/install/dsrcmsg/include/dsrcmsg/msg/detail/dsrc_message__struct.h
[31.031s] -- Up-to-date symlink: /home/babangida/ros_ws/install/dsrcmsg/include/dsrcmsg/msg/detail/dsrc_message__type_support.h
[31.031s] -- Up-to-date symlink: /home/babangida/ros_ws/install/dsrcmsg/include/dsrcmsg/msg/detail/intersection_bsm__functions.h
[31.031s] -- Up-to-date symlink: /home/babangida/ros_ws/install/dsrcmsg/include/dsrcmsg/msg/detail/intersection_bsm__struct.h
[31.032s] -- Up-to-date symlink: /home/babangida/ros_ws/install/dsrcmsg/include/dsrcmsg/msg/detail/intersection_bsm__type_support.h
[31.032s] -- Symlinking: /home/babangida/ros_ws/install/dsrcmsg/include/dsrcmsg/msg/detail/one_cim_keypoints__functions.h
[31.043s] -- Symlinking: /home/babangida/ros_ws/install/dsrcmsg/include/dsrcmsg/msg/detail/one_cim_keypoints__struct.h
[31.052s] -- Symlinking: /home/babangida/ros_ws/install/dsrcmsg/include/dsrcmsg/msg/detail/one_cim_keypoints__type_support.h
[31.065s] -- Up-to-date symlink: /home/babangida/ros_ws/install/dsrcmsg/include/dsrcmsg/msg/detail/one_cim_tls_msg__functions.h
[31.065s] -- Up-to-date symlink: /home/babangida/ros_ws/install/dsrcmsg/include/dsrcmsg/msg/detail/one_cim_tls_msg__struct.h
[31.066s] -- Up-to-date symlink: /home/babangida/ros_ws/install/dsrcmsg/include/dsrcmsg/msg/detail/one_cim_tls_msg__type_support.h
[31.066s] -- Up-to-date symlink: /home/babangida/ros_ws/install/dsrcmsg/include/dsrcmsg/msg/detail/traffic_lights_message__functions.h
[31.066s] -- Up-to-date symlink: /home/babangida/ros_ws/install/dsrcmsg/include/dsrcmsg/msg/detail/traffic_lights_message__struct.h
[31.066s] -- Up-to-date symlink: /home/babangida/ros_ws/install/dsrcmsg/include/dsrcmsg/msg/detail/traffic_lights_message__type_support.h
[31.067s] -- Up-to-date symlink: /home/babangida/ros_ws/install/dsrcmsg/include/dsrcmsg/msg/dsrc_message.h
[31.067s] -- Up-to-date symlink: /home/babangida/ros_ws/install/dsrcmsg/include/dsrcmsg/msg/intersection_bsm.h
[31.067s] -- Symlinking: /home/babangida/ros_ws/install/dsrcmsg/include/dsrcmsg/msg/one_cim_keypoints.h
[31.077s] -- Up-to-date symlink: /home/babangida/ros_ws/install/dsrcmsg/include/dsrcmsg/msg/one_cim_tls_msg.h
[31.077s] -- Up-to-date symlink: /home/babangida/ros_ws/install/dsrcmsg/include/dsrcmsg/msg/rosidl_generator_c__visibility_control.h
[31.077s] -- Up-to-date symlink: /home/babangida/ros_ws/install/dsrcmsg/include/dsrcmsg/msg/traffic_lights_message.h
[31.077s] -- Up-to-date symlink: /home/babangida/ros_ws/install/dsrcmsg/share/dsrcmsg/environment/library_path.sh
[31.078s] -- Up-to-date symlink: /home/babangida/ros_ws/install/dsrcmsg/share/dsrcmsg/environment/library_path.dsv
[31.078s] -- Up-to-date symlink: /home/babangida/ros_ws/install/dsrcmsg/include/dsrcmsg/msg/detail/dsrc_message__rosidl_typesupport_fastrtps_c.h
[31.078s] -- Up-to-date symlink: /home/babangida/ros_ws/install/dsrcmsg/include/dsrcmsg/msg/detail/intersection_bsm__rosidl_typesupport_fastrtps_c.h
[31.079s] -- Symlinking: /home/babangida/ros_ws/install/dsrcmsg/include/dsrcmsg/msg/detail/one_cim_keypoints__rosidl_typesupport_fastrtps_c.h
[31.089s] -- Up-to-date symlink: /home/babangida/ros_ws/install/dsrcmsg/include/dsrcmsg/msg/detail/one_cim_tls_msg__rosidl_typesupport_fastrtps_c.h
[31.089s] -- Up-to-date symlink: /home/babangida/ros_ws/install/dsrcmsg/include/dsrcmsg/msg/detail/traffic_lights_message__rosidl_typesupport_fastrtps_c.h
[31.089s] -- Up-to-date symlink: /home/babangida/ros_ws/install/dsrcmsg/include/dsrcmsg/msg/rosidl_typesupport_fastrtps_c__visibility_control.h
[31.090s] -- Up-to-date symlink: /home/babangida/ros_ws/install/dsrcmsg/lib/libdsrcmsg__rosidl_typesupport_fastrtps_c.so
[31.091s] -- Up-to-date symlink: /home/babangida/ros_ws/install/dsrcmsg/include/dsrcmsg/msg/detail/dsrc_message__rosidl_typesupport_fastrtps_cpp.hpp
[31.091s] -- Up-to-date symlink: /home/babangida/ros_ws/install/dsrcmsg/include/dsrcmsg/msg/detail/intersection_bsm__rosidl_typesupport_fastrtps_cpp.hpp
[31.091s] -- Symlinking: /home/babangida/ros_ws/install/dsrcmsg/include/dsrcmsg/msg/detail/one_cim_keypoints__rosidl_typesupport_fastrtps_cpp.hpp
[31.105s] -- Up-to-date symlink: /home/babangida/ros_ws/install/dsrcmsg/include/dsrcmsg/msg/detail/one_cim_tls_msg__rosidl_typesupport_fastrtps_cpp.hpp
[31.105s] -- Up-to-date symlink: /home/babangida/ros_ws/install/dsrcmsg/include/dsrcmsg/msg/detail/traffic_lights_message__rosidl_typesupport_fastrtps_cpp.hpp
[31.106s] -- Up-to-date symlink: /home/babangida/ros_ws/install/dsrcmsg/include/dsrcmsg/msg/rosidl_typesupport_fastrtps_cpp__visibility_control.h
[31.106s] -- Up-to-date symlink: /home/babangida/ros_ws/install/dsrcmsg/lib/libdsrcmsg__rosidl_typesupport_fastrtps_cpp.so
[31.106s] -- Up-to-date symlink: /home/babangida/ros_ws/install/dsrcmsg/include/dsrcmsg/msg/detail/dsrc_message__rosidl_typesupport_introspection_c.h
[31.106s] -- Up-to-date symlink: /home/babangida/ros_ws/install/dsrcmsg/include/dsrcmsg/msg/detail/intersection_bsm__rosidl_typesupport_introspection_c.h
[31.107s] -- Symlinking: /home/babangida/ros_ws/install/dsrcmsg/include/dsrcmsg/msg/detail/one_cim_keypoints__rosidl_typesupport_introspection_c.h
[31.117s] -- Up-to-date symlink: /home/babangida/ros_ws/install/dsrcmsg/include/dsrcmsg/msg/detail/one_cim_tls_msg__rosidl_typesupport_introspection_c.h
[31.117s] -- Up-to-date symlink: /home/babangida/ros_ws/install/dsrcmsg/include/dsrcmsg/msg/detail/traffic_lights_message__rosidl_typesupport_introspection_c.h
[31.117s] -- Up-to-date symlink: /home/babangida/ros_ws/install/dsrcmsg/include/dsrcmsg/msg/rosidl_typesupport_introspection_c__visibility_control.h
[31.118s] -- Up-to-date symlink: /home/babangida/ros_ws/install/dsrcmsg/include/dsrcmsg/msg/detail/dsrc_message__builder.hpp
[31.118s] -- Up-to-date symlink: /home/babangida/ros_ws/install/dsrcmsg/include/dsrcmsg/msg/detail/dsrc_message__struct.hpp
[31.118s] -- Up-to-date symlink: /home/babangida/ros_ws/install/dsrcmsg/include/dsrcmsg/msg/detail/dsrc_message__traits.hpp
[31.118s] -- Up-to-date symlink: /home/babangida/ros_ws/install/dsrcmsg/include/dsrcmsg/msg/detail/dsrc_message__type_support.hpp
[31.119s] -- Up-to-date symlink: /home/babangida/ros_ws/install/dsrcmsg/include/dsrcmsg/msg/detail/intersection_bsm__builder.hpp
[31.119s] -- Up-to-date symlink: /home/babangida/ros_ws/install/dsrcmsg/include/dsrcmsg/msg/detail/intersection_bsm__struct.hpp
[31.119s] -- Up-to-date symlink: /home/babangida/ros_ws/install/dsrcmsg/include/dsrcmsg/msg/detail/intersection_bsm__traits.hpp
[31.119s] -- Up-to-date symlink: /home/babangida/ros_ws/install/dsrcmsg/include/dsrcmsg/msg/detail/intersection_bsm__type_support.hpp
[31.120s] -- Symlinking: /home/babangida/ros_ws/install/dsrcmsg/include/dsrcmsg/msg/detail/one_cim_keypoints__builder.hpp
[31.131s] -- Symlinking: /home/babangida/ros_ws/install/dsrcmsg/include/dsrcmsg/msg/detail/one_cim_keypoints__struct.hpp
[31.141s] -- Symlinking: /home/babangida/ros_ws/install/dsrcmsg/include/dsrcmsg/msg/detail/one_cim_keypoints__traits.hpp
[31.150s] -- Symlinking: /home/babangida/ros_ws/install/dsrcmsg/include/dsrcmsg/msg/detail/one_cim_keypoints__type_support.hpp
[31.162s] -- Up-to-date symlink: /home/babangida/ros_ws/install/dsrcmsg/include/dsrcmsg/msg/detail/one_cim_tls_msg__builder.hpp
[31.162s] -- Up-to-date symlink: /home/babangida/ros_ws/install/dsrcmsg/include/dsrcmsg/msg/detail/one_cim_tls_msg__struct.hpp
[31.163s] -- Up-to-date symlink: /home/babangida/ros_ws/install/dsrcmsg/include/dsrcmsg/msg/detail/one_cim_tls_msg__traits.hpp
[31.163s] -- Up-to-date symlink: /home/babangida/ros_ws/install/dsrcmsg/include/dsrcmsg/msg/detail/one_cim_tls_msg__type_support.hpp
[31.163s] -- Up-to-date symlink: /home/babangida/ros_ws/install/dsrcmsg/include/dsrcmsg/msg/detail/traffic_lights_message__builder.hpp
[31.164s] -- Up-to-date symlink: /home/babangida/ros_ws/install/dsrcmsg/include/dsrcmsg/msg/detail/traffic_lights_message__struct.hpp
[31.164s] -- Up-to-date symlink: /home/babangida/ros_ws/install/dsrcmsg/include/dsrcmsg/msg/detail/traffic_lights_message__traits.hpp
[31.164s] -- Up-to-date symlink: /home/babangida/ros_ws/install/dsrcmsg/include/dsrcmsg/msg/detail/traffic_lights_message__type_support.hpp
[31.164s] -- Up-to-date symlink: /home/babangida/ros_ws/install/dsrcmsg/include/dsrcmsg/msg/dsrc_message.hpp
[31.165s] -- Up-to-date symlink: /home/babangida/ros_ws/install/dsrcmsg/include/dsrcmsg/msg/intersection_bsm.hpp
[31.165s] -- Symlinking: /home/babangida/ros_ws/install/dsrcmsg/include/dsrcmsg/msg/one_cim_keypoints.hpp
[31.174s] -- Up-to-date symlink: /home/babangida/ros_ws/install/dsrcmsg/include/dsrcmsg/msg/one_cim_tls_msg.hpp
[31.174s] -- Up-to-date symlink: /home/babangida/ros_ws/install/dsrcmsg/include/dsrcmsg/msg/rosidl_generator_cpp__visibility_control.hpp
[31.175s] -- Up-to-date symlink: /home/babangida/ros_ws/install/dsrcmsg/include/dsrcmsg/msg/traffic_lights_message.hpp
[31.175s] -- Up-to-date symlink: /home/babangida/ros_ws/install/dsrcmsg/include/dsrcmsg/msg/detail/dsrc_message__rosidl_typesupport_introspection_cpp.hpp
[31.175s] -- Up-to-date symlink: /home/babangida/ros_ws/install/dsrcmsg/include/dsrcmsg/msg/detail/intersection_bsm__rosidl_typesupport_introspection_cpp.hpp
[31.175s] -- Symlinking: /home/babangida/ros_ws/install/dsrcmsg/include/dsrcmsg/msg/detail/one_cim_keypoints__rosidl_typesupport_introspection_cpp.hpp
[31.187s] -- Up-to-date symlink: /home/babangida/ros_ws/install/dsrcmsg/include/dsrcmsg/msg/detail/one_cim_tls_msg__rosidl_typesupport_introspection_cpp.hpp
[31.187s] -- Up-to-date symlink: /home/babangida/ros_ws/install/dsrcmsg/include/dsrcmsg/msg/detail/traffic_lights_message__rosidl_typesupport_introspection_cpp.hpp
[31.187s] -- Up-to-date symlink: /home/babangida/ros_ws/install/dsrcmsg/share/dsrcmsg/environment/pythonpath.sh
[31.187s] -- Up-to-date symlink: /home/babangida/ros_ws/install/dsrcmsg/share/dsrcmsg/environment/pythonpath.dsv
[31.187s] -- Up-to-date symlink: /home/babangida/ros_ws/install/dsrcmsg/lib/python3.8/site-packages/dsrcmsg/__init__.py
[31.189s] -- Up-to-date symlink: /home/babangida/ros_ws/install/dsrcmsg/lib/python3.8/site-packages/dsrcmsg/msg/__init__.py
[31.190s] -- Up-to-date symlink: /home/babangida/ros_ws/install/dsrcmsg/lib/python3.8/site-packages/dsrcmsg/msg/_dsrc_message.py
[31.190s] -- Up-to-date symlink: /home/babangida/ros_ws/install/dsrcmsg/lib/python3.8/site-packages/dsrcmsg/msg/_intersection_bsm.py
[31.190s] -- Symlinking: /home/babangida/ros_ws/install/dsrcmsg/lib/python3.8/site-packages/dsrcmsg/msg/_one_cim_keypoints.py
[31.200s] -- Up-to-date symlink: /home/babangida/ros_ws/install/dsrcmsg/lib/python3.8/site-packages/dsrcmsg/msg/_one_cim_tls_msg.py
[31.200s] -- Up-to-date symlink: /home/babangida/ros_ws/install/dsrcmsg/lib/python3.8/site-packages/dsrcmsg/msg/_traffic_lights_message.py
[31.200s] -- Up-to-date symlink: /home/babangida/ros_ws/install/dsrcmsg/lib/python3.8/site-packages/dsrcmsg/dsrcmsg_s__rosidl_typesupport_fastrtps_c.cpython-38-x86_64-linux-gnu.so
[31.201s] -- Up-to-date symlink: /home/babangida/ros_ws/install/dsrcmsg/lib/python3.8/site-packages/dsrcmsg/dsrcmsg_s__rosidl_typesupport_introspection_c.cpython-38-x86_64-linux-gnu.so
[31.201s] -- Up-to-date symlink: /home/babangida/ros_ws/install/dsrcmsg/lib/python3.8/site-packages/dsrcmsg/dsrcmsg_s__rosidl_typesupport_c.cpython-38-x86_64-linux-gnu.so
[31.201s] -- Up-to-date symlink: /home/babangida/ros_ws/install/dsrcmsg/lib/libdsrcmsg__python.so
[31.202s] -- Up-to-date symlink: /home/babangida/ros_ws/install/dsrcmsg/share/dsrcmsg/msg/DSRCMessage.idl
[31.202s] -- Up-to-date symlink: /home/babangida/ros_ws/install/dsrcmsg/share/dsrcmsg/msg/IntersectionBSM.idl
[31.202s] -- Up-to-date symlink: /home/babangida/ros_ws/install/dsrcmsg/share/dsrcmsg/msg/TrafficLightsMessage.idl
[31.202s] -- Symlinking: /home/babangida/ros_ws/install/dsrcmsg/share/dsrcmsg/msg/OneCIMKeypoints.idl
[31.212s] -- Up-to-date symlink: /home/babangida/ros_ws/install/dsrcmsg/share/dsrcmsg/msg/OneCIMTlsMsg.idl
[31.212s] -- Up-to-date symlink: /home/babangida/ros_ws/install/dsrcmsg/share/dsrcmsg/msg/DSRCMessage.msg
[31.212s] -- Up-to-date symlink: /home/babangida/ros_ws/install/dsrcmsg/share/dsrcmsg/msg/IntersectionBSM.msg
[31.213s] -- Up-to-date symlink: /home/babangida/ros_ws/install/dsrcmsg/share/dsrcmsg/msg/TrafficLightsMessage.msg
[31.213s] -- Symlinking: /home/babangida/ros_ws/install/dsrcmsg/share/dsrcmsg/msg/OneCIMKeypoints.msg
[31.225s] -- Up-to-date symlink: /home/babangida/ros_ws/install/dsrcmsg/share/dsrcmsg/msg/OneCIMTlsMsg.msg
[31.226s] -- Up-to-date symlink: /home/babangida/ros_ws/install/dsrcmsg/share/ament_index/resource_index/package_run_dependencies/dsrcmsg
[31.226s] -- Up-to-date symlink: /home/babangida/ros_ws/install/dsrcmsg/share/ament_index/resource_index/parent_prefix_path/dsrcmsg
[31.226s] -- Up-to-date symlink: /home/babangida/ros_ws/install/dsrcmsg/share/dsrcmsg/environment/ament_prefix_path.sh
[31.226s] -- Up-to-date symlink: /home/babangida/ros_ws/install/dsrcmsg/share/dsrcmsg/environment/ament_prefix_path.dsv
[31.227s] -- Up-to-date symlink: /home/babangida/ros_ws/install/dsrcmsg/share/dsrcmsg/environment/path.sh
[31.227s] -- Up-to-date symlink: /home/babangida/ros_ws/install/dsrcmsg/share/dsrcmsg/environment/path.dsv
[31.227s] -- Up-to-date symlink: /home/babangida/ros_ws/install/dsrcmsg/share/dsrcmsg/local_setup.bash
[31.228s] -- Up-to-date symlink: /home/babangida/ros_ws/install/dsrcmsg/share/dsrcmsg/local_setup.sh
[31.228s] -- Up-to-date symlink: /home/babangida/ros_ws/install/dsrcmsg/share/dsrcmsg/local_setup.zsh
[31.228s] -- Up-to-date symlink: /home/babangida/ros_ws/install/dsrcmsg/share/dsrcmsg/local_setup.dsv
[31.229s] -- Symlinking: /home/babangida/ros_ws/install/dsrcmsg/share/dsrcmsg/package.dsv
[31.238s] -- Up-to-date symlink: /home/babangida/ros_ws/install/dsrcmsg/share/ament_index/resource_index/packages/dsrcmsg
[31.238s] -- Up-to-date symlink: /home/babangida/ros_ws/install/dsrcmsg/share/dsrcmsg/cmake/rosidl_cmake-extras.cmake
[31.239s] -- Up-to-date symlink: /home/babangida/ros_ws/install/dsrcmsg/share/dsrcmsg/cmake/ament_cmake_export_dependencies-extras.cmake
[31.239s] -- Up-to-date symlink: /home/babangida/ros_ws/install/dsrcmsg/share/dsrcmsg/cmake/ament_cmake_export_libraries-extras.cmake
[31.239s] -- Up-to-date symlink: /home/babangida/ros_ws/install/dsrcmsg/share/dsrcmsg/cmake/ament_cmake_export_targets-extras.cmake
[31.239s] -- Up-to-date symlink: /home/babangida/ros_ws/install/dsrcmsg/share/dsrcmsg/cmake/ament_cmake_export_include_directories-extras.cmake
[31.240s] -- Up-to-date symlink: /home/babangida/ros_ws/install/dsrcmsg/share/dsrcmsg/cmake/rosidl_cmake_export_typesupport_libraries-extras.cmake
[31.240s] -- Up-to-date symlink: /home/babangida/ros_ws/install/dsrcmsg/share/dsrcmsg/cmake/rosidl_cmake_export_typesupport_targets-extras.cmake
[31.240s] -- Up-to-date symlink: /home/babangida/ros_ws/install/dsrcmsg/share/dsrcmsg/cmake/dsrcmsgConfig.cmake
[31.241s] -- Up-to-date symlink: /home/babangida/ros_ws/install/dsrcmsg/share/dsrcmsg/cmake/dsrcmsgConfig-version.cmake
[31.241s] -- Up-to-date symlink: /home/babangida/ros_ws/install/dsrcmsg/share/dsrcmsg/package.xml
[31.241s] -- Installing: /home/babangida/ros_ws/install/dsrcmsg/lib/libdsrcmsg__rosidl_generator_c.so
[31.241s] -- Set runtime path of "/home/babangida/ros_ws/install/dsrcmsg/lib/libdsrcmsg__rosidl_generator_c.so" to ""
[31.242s] -- Installing: /home/babangida/ros_ws/install/dsrcmsg/lib/libdsrcmsg__rosidl_typesupport_introspection_c.so
[31.242s] -- Set runtime path of "/home/babangida/ros_ws/install/dsrcmsg/lib/libdsrcmsg__rosidl_typesupport_introspection_c.so" to ""
[31.242s] -- Installing: /home/babangida/ros_ws/install/dsrcmsg/lib/libdsrcmsg__rosidl_typesupport_c.so
[31.242s] -- Set runtime path of "/home/babangida/ros_ws/install/dsrcmsg/lib/libdsrcmsg__rosidl_typesupport_c.so" to ""
[31.243s] -- Installing: /home/babangida/ros_ws/install/dsrcmsg/lib/libdsrcmsg__rosidl_typesupport_introspection_cpp.so
[31.243s] -- Set runtime path of "/home/babangida/ros_ws/install/dsrcmsg/lib/libdsrcmsg__rosidl_typesupport_introspection_cpp.so" to ""
[31.244s] -- Installing: /home/babangida/ros_ws/install/dsrcmsg/lib/libdsrcmsg__rosidl_typesupport_cpp.so
[31.244s] -- Set runtime path of "/home/babangida/ros_ws/install/dsrcmsg/lib/libdsrcmsg__rosidl_typesupport_cpp.so" to ""
[31.287s] Compiling '/home/babangida/ros_ws/install/dsrcmsg/lib/python3.8/site-packages/dsrcmsg/__init__.py'...
[31.292s] -- Up-to-date: /home/babangida/ros_ws/install/dsrcmsg/share/dsrcmsg/cmake/dsrcmsg__rosidl_generator_cExport.cmake
[31.292s] -- Installing: /home/babangida/ros_ws/install/dsrcmsg/share/dsrcmsg/cmake/dsrcmsg__rosidl_generator_cExport-noconfig.cmake
[31.293s] -- Up-to-date: /home/babangida/ros_ws/install/dsrcmsg/share/dsrcmsg/cmake/dsrcmsg__rosidl_typesupport_introspection_cExport.cmake
[31.293s] -- Installing: /home/babangida/ros_ws/install/dsrcmsg/share/dsrcmsg/cmake/dsrcmsg__rosidl_typesupport_introspection_cExport-noconfig.cmake
[31.293s] -- Up-to-date: /home/babangida/ros_ws/install/dsrcmsg/share/dsrcmsg/cmake/dsrcmsg__rosidl_typesupport_cExport.cmake
[31.294s] -- Installing: /home/babangida/ros_ws/install/dsrcmsg/share/dsrcmsg/cmake/dsrcmsg__rosidl_typesupport_cExport-noconfig.cmake
[31.294s] -- Up-to-date: /home/babangida/ros_ws/install/dsrcmsg/share/dsrcmsg/cmake/dsrcmsg__rosidl_generator_cppExport.cmake
[31.294s] -- Up-to-date: /home/babangida/ros_ws/install/dsrcmsg/share/dsrcmsg/cmake/dsrcmsg__rosidl_typesupport_introspection_cppExport.cmake
[31.294s] -- Installing: /home/babangida/ros_ws/install/dsrcmsg/share/dsrcmsg/cmake/dsrcmsg__rosidl_typesupport_introspection_cppExport-noconfig.cmake
[31.294s] -- Up-to-date: /home/babangida/ros_ws/install/dsrcmsg/share/dsrcmsg/cmake/dsrcmsg__rosidl_typesupport_cppExport.cmake
[31.294s] -- Installing: /home/babangida/ros_ws/install/dsrcmsg/share/dsrcmsg/cmake/dsrcmsg__rosidl_typesupport_cppExport-noconfig.cmake
[31.297s] Invoked command in '/home/babangida/ros_ws/build/dsrcmsg' returned '0': CMAKE_PREFIX_PATH=${CMAKE_PREFIX_PATH}:/home/babangida/ros_ws/install/onecim:/home/babangida/ros_ws/install/cim:/home/babangida/ros_ws/install/reactivemethods:/opt/ros/foxy /usr/bin/cmake --install /home/babangida/ros_ws/build/dsrcmsg
