[4.428s] Invoking command in '/home/babangida/ros_ws/src/onecim': PYTHONPATH=/home/babangida/ros_ws/build/onecim/prefix_override:/home/babangida/ros_ws/install/onecim/lib/python3.8/site-packages:/home/babangida/ros_ws/install/trafficrecord/lib/python3.8/site-packages:/home/babangida/ros_ws/install/dsrcmsg/lib/python3.8/site-packages:/home/babangida/ros_ws/install/onecim/lib/python3.8/site-packages:/home/babangida/ros_ws/install/cim/lib/python3.8/site-packages:/home/babangida/ros_ws/install/reactivemethods/lib/python3.8/site-packages:/opt/ros/foxy/lib/python3.8/site-packages /usr/bin/python3 setup.py egg_info --egg-base ../../build/onecim build --build-base /home/babangida/ros_ws/build/onecim/build install --record /home/babangida/ros_ws/build/onecim/install.log --install-scripts $base/lib/onecim --single-version-externally-managed
[4.939s] running egg_info
[4.941s] writing ../../build/onecim/onecim.egg-info/PKG-INFO
[4.941s] writing dependency_links to ../../build/onecim/onecim.egg-info/dependency_links.txt
[4.942s] writing entry points to ../../build/onecim/onecim.egg-info/entry_points.txt
[4.942s] writing requirements to ../../build/onecim/onecim.egg-info/requires.txt
[4.943s] writing top-level names to ../../build/onecim/onecim.egg-info/top_level.txt
[5.020s] reading manifest file '../../build/onecim/onecim.egg-info/SOURCES.txt'
[5.023s] writing manifest file '../../build/onecim/onecim.egg-info/SOURCES.txt'
[5.023s] running build
[5.023s] running build_py
[5.023s] copying onecim/oneintersectionsnagent.py -> /home/babangida/ros_ws/build/onecim/build/lib/onecim
[5.024s] running install
[5.026s] running install_lib
[5.029s] copying /home/babangida/ros_ws/build/onecim/build/lib/onecim/oneintersectionsnagent.py -> /home/babangida/ros_ws/install/onecim/lib/python3.8/site-packages/onecim
[5.030s] byte-compiling /home/babangida/ros_ws/install/onecim/lib/python3.8/site-packages/onecim/oneintersectionsnagent.py to oneintersectionsnagent.cpython-38.pyc
[5.039s] running install_data
[5.041s] running install_egg_info
[5.044s] removing '/home/babangida/ros_ws/install/onecim/lib/python3.8/site-packages/onecim-0.0.0-py3.8.egg-info' (and everything under it)
[5.045s] Copying ../../build/onecim/onecim.egg-info to /home/babangida/ros_ws/install/onecim/lib/python3.8/site-packages/onecim-0.0.0-py3.8.egg-info
[5.046s] running install_scripts
[5.086s] Installing onecimsn script to /home/babangida/ros_ws/install/onecim/lib/onecim
[5.087s] Installing onecimtls script to /home/babangida/ros_ws/install/onecim/lib/onecim
[5.087s] Installing playde script to /home/babangida/ros_ws/install/onecim/lib/onecim
[5.088s] Installing playpp script to /home/babangida/ros_ws/install/onecim/lib/onecim
[5.088s] writing list of installed files to '/home/babangida/ros_ws/build/onecim/install.log'
[5.130s] Invoked command in '/home/babangida/ros_ws/src/onecim' returned '0': PYTHONPATH=/home/babangida/ros_ws/build/onecim/prefix_override:/home/babangida/ros_ws/install/onecim/lib/python3.8/site-packages:/home/babangida/ros_ws/install/trafficrecord/lib/python3.8/site-packages:/home/babangida/ros_ws/install/dsrcmsg/lib/python3.8/site-packages:/home/babangida/ros_ws/install/onecim/lib/python3.8/site-packages:/home/babangida/ros_ws/install/cim/lib/python3.8/site-packages:/home/babangida/ros_ws/install/reactivemethods/lib/python3.8/site-packages:/opt/ros/foxy/lib/python3.8/site-packages /usr/bin/python3 setup.py egg_info --egg-base ../../build/onecim build --build-base /home/babangida/ros_ws/build/onecim/build install --record /home/babangida/ros_ws/build/onecim/install.log --install-scripts $base/lib/onecim --single-version-externally-managed
