[0.634s] Invoking command in '/home/babangida/ros_ws/build/dsrcmsg': CMAKE_PREFIX_PATH=${CMAKE_PREFIX_PATH}:/home/babangida/ros_ws/install/onecim:/home/babangida/ros_ws/install/cim:/home/babangida/ros_ws/install/reactivemethods:/opt/ros/foxy /usr/bin/cmake --build /home/babangida/ros_ws/build/dsrcmsg -- -j8 -l8
[7.729s] -- Found ament_cmake: 0.9.12 (/opt/ros/foxy/share/ament_cmake/cmake)
[7.880s] -- Found PythonInterp: /usr/bin/python3 (found suitable version "3.8.10", minimum required is "3") 
[7.881s] -- Using PYTHON_EXECUTABLE: /usr/bin/python3
[8.417s] -- Override CMake install command with custom implementation using symlinks instead of copying resources
[8.538s] -- Found builtin_interfaces: 1.0.0 (/opt/ros/foxy/share/builtin_interfaces/cmake)
[44.990s] -- Using all available rosidl_typesupport_c: rosidl_typesupport_fastrtps_c;rosidl_typesupport_introspection_c
[45.014s] -- Found rosidl_adapter: 1.3.1 (/opt/ros/foxy/share/rosidl_adapter/cmake)
[59.624s] -- Using all available rosidl_typesupport_cpp: rosidl_typesupport_fastrtps_cpp;rosidl_typesupport_introspection_cpp
[59.721s] -- Found rosidl_default_generators: 1.0.1 (/opt/ros/foxy/share/rosidl_default_generators/cmake)
[59.946s] -- Found PythonInterp: /usr/bin/python3 (found version "3.8.10") 
[60.663s] CMake Error at /opt/ros/foxy/share/rosidl_adapter/cmake/rosidl_adapt_interfaces.cmake:60 (message):
[60.663s]   execute_process(/usr/bin/python3 -m rosidl_adapter --package-name dsrcmsg
[60.663s]   --arguments-file
[60.663s]   /home/babangida/ros_ws/build/dsrcmsg/rosidl_adapter__arguments__dsrcmsg.json
[60.663s]   --output-dir /home/babangida/ros_ws/build/dsrcmsg/rosidl_adapter/dsrcmsg
[60.663s]   --output-file
[60.664s]   /home/babangida/ros_ws/build/dsrcmsg/rosidl_adapter/dsrcmsg.idls) returned
[60.664s]   error code 1:
[60.664s] 
[60.664s]   Error processing 'float timestamp' of 'dsrcmsg/IntersectionBSM': ''float'
[60.664s]   is an invalid message name.  It should have the pattern
[60.665s]   '^[A-Z][A-Za-z0-9]*$''
[60.665s] 
[60.665s]   Traceback (most recent call last):
[60.665s] 
[60.665s]     File "/usr/lib/python3.8/runpy.py", line 194, in _run_module_as_main
[60.665s]       return _run_code(code, main_globals, None,
[60.666s]     File "/usr/lib/python3.8/runpy.py", line 87, in _run_code
[60.666s]       exec(code, run_globals)
[60.666s]     File "/opt/ros/foxy/lib/python3.8/site-packages/rosidl_adapter/__main__.py", line 19, in <module>
[60.666s]       sys.exit(main())
[60.666s]     File "/opt/ros/foxy/lib/python3.8/site-packages/rosidl_adapter/main.py", line 53, in main
[60.666s]       abs_idl_file = convert_to_idl(
[60.667s]     File "/opt/ros/foxy/lib/python3.8/site-packages/rosidl_adapter/__init__.py", line 19, in convert_to_idl
[60.667s]       return convert_msg_to_idl(
[60.667s]     File "/opt/ros/foxy/lib/python3.8/site-packages/rosidl_adapter/msg/__init__.py", line 28, in convert_msg_to_idl
[60.667s]       msg = parse_message_string(package_name, input_file.stem, content)
[60.667s]     File "/opt/ros/foxy/lib/python3.8/site-packages/rosidl_adapter/parser.py", line 516, in parse_message_string
[60.667s]       Type(type_string, context_package_name=pkg_name),
[60.668s]     File "/opt/ros/foxy/lib/python3.8/site-packages/rosidl_adapter/parser.py", line 276, in __init__
[60.668s]       super(Type, self).__init__(
[60.668s]     File "/opt/ros/foxy/lib/python3.8/site-packages/rosidl_adapter/parser.py", line 204, in __init__
[60.668s]       raise InvalidResourceName(
[60.668s] 
[60.668s]   rosidl_adapter.parser.InvalidResourceName: 'float' is an invalid message
[60.668s]   name.  It should have the pattern '^[A-Z][A-Za-z0-9]*$'
[60.669s] 
[60.669s] Call Stack (most recent call first):
[60.669s]   /opt/ros/foxy/share/rosidl_cmake/cmake/rosidl_generate_interfaces.cmake:130 (rosidl_adapt_interfaces)
[60.669s]   CMakeLists.txt:26 (rosidl_generate_interfaces)
[60.669s] 
[60.669s] 
[60.670s] -- Configuring incomplete, errors occurred!
[60.670s] See also "/home/babangida/ros_ws/build/dsrcmsg/CMakeFiles/CMakeOutput.log".
[60.883s] make: *** [Makefile:1708: cmake_check_build_system] Error 1
[60.891s] Invoked command in '/home/babangida/ros_ws/build/dsrcmsg' returned '2': CMAKE_PREFIX_PATH=${CMAKE_PREFIX_PATH}:/home/babangida/ros_ws/install/onecim:/home/babangida/ros_ws/install/cim:/home/babangida/ros_ws/install/reactivemethods:/opt/ros/foxy /usr/bin/cmake --build /home/babangida/ros_ws/build/dsrcmsg -- -j8 -l8
