running egg_info
writing ../../build/cim/cim.egg-info/PKG-INFO
writing dependency_links to ../../build/cim/cim.egg-info/dependency_links.txt
writing entry points to ../../build/cim/cim.egg-info/entry_points.txt
writing requirements to ../../build/cim/cim.egg-info/requires.txt
writing top-level names to ../../build/cim/cim.egg-info/top_level.txt
reading manifest file '../../build/cim/cim.egg-info/SOURCES.txt'
writing manifest file '../../build/cim/cim.egg-info/SOURCES.txt'
running build
running build_py
running install
running install_lib
running install_data
running install_egg_info
removing '/home/babangida/ros_ws/install/cim/lib/python3.8/site-packages/cim-0.0.0-py3.8.egg-info' (and everything under it)
Copying ../../build/cim/cim.egg-info to /home/babangida/ros_ws/install/cim/lib/python3.8/site-packages/cim-0.0.0-py3.8.egg-info
running install_scripts
Installing cimnode script to /home/babangida/ros_ws/install/cim/lib/cim
Installing debugdsrcmsg script to /home/babangida/ros_ws/install/cim/lib/cim
Installing debugewagent script to /home/babangida/ros_ws/install/cim/lib/cim
Installing dsrcsimplecim script to /home/babangida/ros_ws/install/cim/lib/cim
Installing ewagent script to /home/babangida/ros_ws/install/cim/lib/cim
Installing fhcim script to /home/babangida/ros_ws/install/cim/lib/cim
Installing fiscim script to /home/babangida/ros_ws/install/cim/lib/cim
Installing fisewagent script to /home/babangida/ros_ws/install/cim/lib/cim
Installing fissnagent script to /home/babangida/ros_ws/install/cim/lib/cim
Installing playde script to /home/babangida/ros_ws/install/cim/lib/cim
Installing playpp script to /home/babangida/ros_ws/install/cim/lib/cim
Installing plotpoint script to /home/babangida/ros_ws/install/cim/lib/cim
Installing recanalysis script to /home/babangida/ros_ws/install/cim/lib/cim
Installing recanalysisserver script to /home/babangida/ros_ws/install/cim/lib/cim
Installing snagent script to /home/babangida/ros_ws/install/cim/lib/cim
Installing statictls script to /home/babangida/ros_ws/install/cim/lib/cim
Installing stlsewagent script to /home/babangida/ros_ws/install/cim/lib/cim
Installing stlssnagent script to /home/babangida/ros_ws/install/cim/lib/cim
Installing test script to /home/babangida/ros_ws/install/cim/lib/cim
Installing tlsewagent script to /home/babangida/ros_ws/install/cim/lib/cim
Installing tlssnagent script to /home/babangida/ros_ws/install/cim/lib/cim
writing list of installed files to '/home/babangida/ros_ws/build/cim/install.log'
