[2.242s] Invoking command in '/home/babangida/ros_ws/src/cim': PYTHONPATH=/home/babangida/ros_ws/build/cim/prefix_override:/home/babangida/ros_ws/install/cim/lib/python3.8/site-packages:/home/babangida/ros_ws/install/trafficrecord/lib/python3.8/site-packages:/home/babangida/ros_ws/install/dsrcmsg/lib/python3.8/site-packages:/home/babangida/ros_ws/install/cim/lib/python3.8/site-packages:/home/babangida/ros_ws/install/reactivemethods/lib/python3.8/site-packages:/opt/ros/foxy/lib/python3.8/site-packages /usr/bin/python3 setup.py egg_info --egg-base ../../build/cim build --build-base /home/babangida/ros_ws/build/cim/build install --record /home/babangida/ros_ws/build/cim/install.log --install-scripts $base/lib/cim --single-version-externally-managed
[2.528s] running egg_info
[2.529s] writing ../../build/cim/cim.egg-info/PKG-INFO
[2.529s] writing dependency_links to ../../build/cim/cim.egg-info/dependency_links.txt
[2.530s] writing entry points to ../../build/cim/cim.egg-info/entry_points.txt
[2.530s] writing requirements to ../../build/cim/cim.egg-info/requires.txt
[2.530s] writing top-level names to ../../build/cim/cim.egg-info/top_level.txt
[2.579s] reading manifest file '../../build/cim/cim.egg-info/SOURCES.txt'
[2.581s] writing manifest file '../../build/cim/cim.egg-info/SOURCES.txt'
[2.581s] running build
[2.581s] running build_py
[2.583s] running install
[2.584s] running install_lib
[2.587s] running install_data
[2.587s] running install_egg_info
[2.589s] removing '/home/babangida/ros_ws/install/cim/lib/python3.8/site-packages/cim-0.0.0-py3.8.egg-info' (and everything under it)
[2.590s] Copying ../../build/cim/cim.egg-info to /home/babangida/ros_ws/install/cim/lib/python3.8/site-packages/cim-0.0.0-py3.8.egg-info
[2.591s] running install_scripts
[2.614s] Installing cimnode script to /home/babangida/ros_ws/install/cim/lib/cim
[2.615s] Installing debugdsrcmsg script to /home/babangida/ros_ws/install/cim/lib/cim
[2.615s] Installing debugewagent script to /home/babangida/ros_ws/install/cim/lib/cim
[2.615s] Installing dsrcsimplecim script to /home/babangida/ros_ws/install/cim/lib/cim
[2.615s] Installing ewagent script to /home/babangida/ros_ws/install/cim/lib/cim
[2.615s] Installing fhcim script to /home/babangida/ros_ws/install/cim/lib/cim
[2.615s] Installing fiscim script to /home/babangida/ros_ws/install/cim/lib/cim
[2.615s] Installing fisewagent script to /home/babangida/ros_ws/install/cim/lib/cim
[2.615s] Installing fissnagent script to /home/babangida/ros_ws/install/cim/lib/cim
[2.615s] Installing playde script to /home/babangida/ros_ws/install/cim/lib/cim
[2.615s] Installing playpp script to /home/babangida/ros_ws/install/cim/lib/cim
[2.615s] Installing plotpoint script to /home/babangida/ros_ws/install/cim/lib/cim
[2.616s] Installing recanalysis script to /home/babangida/ros_ws/install/cim/lib/cim
[2.616s] Installing recanalysisserver script to /home/babangida/ros_ws/install/cim/lib/cim
[2.616s] Installing snagent script to /home/babangida/ros_ws/install/cim/lib/cim
[2.616s] Installing statictls script to /home/babangida/ros_ws/install/cim/lib/cim
[2.616s] Installing stlsewagent script to /home/babangida/ros_ws/install/cim/lib/cim
[2.616s] Installing stlssnagent script to /home/babangida/ros_ws/install/cim/lib/cim
[2.616s] Installing test script to /home/babangida/ros_ws/install/cim/lib/cim
[2.616s] Installing tlsewagent script to /home/babangida/ros_ws/install/cim/lib/cim
[2.616s] Installing tlssnagent script to /home/babangida/ros_ws/install/cim/lib/cim
[2.617s] writing list of installed files to '/home/babangida/ros_ws/build/cim/install.log'
[2.641s] Invoked command in '/home/babangida/ros_ws/src/cim' returned '0': PYTHONPATH=/home/babangida/ros_ws/build/cim/prefix_override:/home/babangida/ros_ws/install/cim/lib/python3.8/site-packages:/home/babangida/ros_ws/install/trafficrecord/lib/python3.8/site-packages:/home/babangida/ros_ws/install/dsrcmsg/lib/python3.8/site-packages:/home/babangida/ros_ws/install/cim/lib/python3.8/site-packages:/home/babangida/ros_ws/install/reactivemethods/lib/python3.8/site-packages:/opt/ros/foxy/lib/python3.8/site-packages /usr/bin/python3 setup.py egg_info --egg-base ../../build/cim build --build-base /home/babangida/ros_ws/build/cim/build install --record /home/babangida/ros_ws/build/cim/install.log --install-scripts $base/lib/cim --single-version-externally-managed
