[1.416s] Invoking command in '/home/babangida/ros_ws/build/onecim': PYTHONPATH=/home/babangida/ros_ws/build/onecim/prefix_override:/home/babangida/ros_ws/install/onecim/lib/python3.8/site-packages:/home/babangida/ros_ws/install/trafficrecord/lib/python3.8/site-packages:/home/babangida/ros_ws/install/dsrcmsg/lib/python3.8/site-packages:/home/babangida/ros_ws/build/onecim:/home/babangida/ros_ws/install/onecim/lib/python3.8/site-packages:/home/babangida/ros_ws/install/cim/lib/python3.8/site-packages:/home/babangida/ros_ws/build/reactivemethods:/home/babangida/ros_ws/install/reactivemethods/lib/python3.8/site-packages:/opt/ros/foxy/lib/python3.8/site-packages /usr/bin/python3 setup.py develop --editable --build-directory /home/babangida/ros_ws/build/onecim/build --no-deps install_data
[1.610s] running develop
[1.730s] running egg_info
[1.730s] writing onecim.egg-info/PKG-INFO
[1.731s] writing dependency_links to onecim.egg-info/dependency_links.txt
[1.731s] writing entry points to onecim.egg-info/entry_points.txt
[1.731s] writing requirements to onecim.egg-info/requires.txt
[1.731s] writing top-level names to onecim.egg-info/top_level.txt
[1.761s] reading manifest file 'onecim.egg-info/SOURCES.txt'
[1.762s] writing manifest file 'onecim.egg-info/SOURCES.txt'
[1.787s] running build_ext
[1.788s] Creating /home/babangida/ros_ws/install/onecim/lib/python3.8/site-packages/onecim.egg-link (link to .)
[1.788s] Installing benchmark script to /home/babangida/ros_ws/install/onecim/lib/onecim
[1.789s] Installing ewfiscim script to /home/babangida/ros_ws/install/onecim/lib/onecim
[1.789s] Installing fisonecimlooptls script to /home/babangida/ros_ws/install/onecim/lib/onecim
[1.789s] Installing fisonecimtls script to /home/babangida/ros_ws/install/onecim/lib/onecim
[1.789s] Installing genveh script to /home/babangida/ros_ws/install/onecim/lib/onecim
[1.790s] Installing onecimew script to /home/babangida/ros_ws/install/onecim/lib/onecim
[1.790s] Installing onecimloopew script to /home/babangida/ros_ws/install/onecim/lib/onecim
[1.790s] Installing onecimloopsn script to /home/babangida/ros_ws/install/onecim/lib/onecim
[1.790s] Installing onecimloopstatictls script to /home/babangida/ros_ws/install/onecim/lib/onecim
[1.790s] Installing onecimlooptls script to /home/babangida/ros_ws/install/onecim/lib/onecim
[1.791s] Installing onecimsn script to /home/babangida/ros_ws/install/onecim/lib/onecim
[1.791s] Installing onecimtls script to /home/babangida/ros_ws/install/onecim/lib/onecim
[1.791s] Installing playde script to /home/babangida/ros_ws/install/onecim/lib/onecim
[1.791s] Installing playpp script to /home/babangida/ros_ws/install/onecim/lib/onecim
[1.792s] Installing rectraffic script to /home/babangida/ros_ws/install/onecim/lib/onecim
[1.792s] Installing rrfisonecimlooptls script to /home/babangida/ros_ws/install/onecim/lib/onecim
[1.792s] Installing simspeed script to /home/babangida/ros_ws/install/onecim/lib/onecim
[1.792s] Installing snfiscim script to /home/babangida/ros_ws/install/onecim/lib/onecim
[1.792s] Installing speed script to /home/babangida/ros_ws/install/onecim/lib/onecim
[1.792s] Installing timegenveh script to /home/babangida/ros_ws/install/onecim/lib/onecim
[1.792s] Installing veh script to /home/babangida/ros_ws/install/onecim/lib/onecim
[1.792s] Installing wypts script to /home/babangida/ros_ws/install/onecim/lib/onecim
[1.792s] 
[1.792s] Installed /home/babangida/ros_ws/build/onecim
[1.792s] running install_data
[1.812s] Invoked command in '/home/babangida/ros_ws/build/onecim' returned '0': PYTHONPATH=/home/babangida/ros_ws/build/onecim/prefix_override:/home/babangida/ros_ws/install/onecim/lib/python3.8/site-packages:/home/babangida/ros_ws/install/trafficrecord/lib/python3.8/site-packages:/home/babangida/ros_ws/install/dsrcmsg/lib/python3.8/site-packages:/home/babangida/ros_ws/build/onecim:/home/babangida/ros_ws/install/onecim/lib/python3.8/site-packages:/home/babangida/ros_ws/install/cim/lib/python3.8/site-packages:/home/babangida/ros_ws/build/reactivemethods:/home/babangida/ros_ws/install/reactivemethods/lib/python3.8/site-packages:/opt/ros/foxy/lib/python3.8/site-packages /usr/bin/python3 setup.py develop --editable --build-directory /home/babangida/ros_ws/build/onecim/build --no-deps install_data
