[2.503s] Invoking command in '/home/babangida/ros_ws/build/onecim': PYTHONPATH=/home/babangida/ros_ws/build/onecim/prefix_override:/home/babangida/ros_ws/install/onecim/lib/python3.8/site-packages:/home/babangida/ros_ws/install/trafficrecord/lib/python3.8/site-packages:/home/babangida/ros_ws/install/dsrcmsg/lib/python3.8/site-packages:/home/babangida/ros_ws/install/onecim/lib/python3.8/site-packages:/home/babangida/ros_ws/install/cim/lib/python3.8/site-packages:/home/babangida/ros_ws/install/reactivemethods/lib/python3.8/site-packages:/opt/ros/foxy/lib/python3.8/site-packages /usr/bin/python3 setup.py develop --editable --build-directory /home/babangida/ros_ws/build/onecim/build --no-deps install_data
[2.779s] running develop
[2.951s] running egg_info
[2.951s] writing onecim.egg-info/PKG-INFO
[2.951s] writing dependency_links to onecim.egg-info/dependency_links.txt
[2.951s] writing entry points to onecim.egg-info/entry_points.txt
[2.952s] writing requirements to onecim.egg-info/requires.txt
[2.952s] writing top-level names to onecim.egg-info/top_level.txt
[2.993s] reading manifest file 'onecim.egg-info/SOURCES.txt'
[2.994s] writing manifest file 'onecim.egg-info/SOURCES.txt'
[3.033s] running build_ext
[3.033s] Creating /home/babangida/ros_ws/install/onecim/lib/python3.8/site-packages/onecim.egg-link (link to .)
[3.034s] Installing onecimsn script to /home/babangida/ros_ws/install/onecim/lib/onecim
[3.035s] Installing onecimtls script to /home/babangida/ros_ws/install/onecim/lib/onecim
[3.035s] Installing playde script to /home/babangida/ros_ws/install/onecim/lib/onecim
[3.035s] Installing playpp script to /home/babangida/ros_ws/install/onecim/lib/onecim
[3.035s] 
[3.035s] Installed /home/babangida/ros_ws/build/onecim
[3.035s] running install_data
[3.068s] Invoked command in '/home/babangida/ros_ws/build/onecim' returned '0': PYTHONPATH=/home/babangida/ros_ws/build/onecim/prefix_override:/home/babangida/ros_ws/install/onecim/lib/python3.8/site-packages:/home/babangida/ros_ws/install/trafficrecord/lib/python3.8/site-packages:/home/babangida/ros_ws/install/dsrcmsg/lib/python3.8/site-packages:/home/babangida/ros_ws/install/onecim/lib/python3.8/site-packages:/home/babangida/ros_ws/install/cim/lib/python3.8/site-packages:/home/babangida/ros_ws/install/reactivemethods/lib/python3.8/site-packages:/opt/ros/foxy/lib/python3.8/site-packages /usr/bin/python3 setup.py develop --editable --build-directory /home/babangida/ros_ws/build/onecim/build --no-deps install_data
