[9.236s] Invoking command in '/home/babangida/ros_ws/build/cim': PYTHONPATH=/home/babangida/ros_ws/build/cim/prefix_override:/home/babangida/ros_ws/install/cim/lib/python3.8/site-packages:/home/babangida/ros_ws/install/trafficrecord/lib/python3.8/site-packages:/home/babangida/ros_ws/install/dsrcmsg/lib/python3.8/site-packages:/home/babangida/ros_ws/build/cim:/home/babangida/ros_ws/install/cim/lib/python3.8/site-packages:/home/babangida/ros_ws/install/reactivemethods/lib/python3.8/site-packages:/opt/ros/foxy/lib/python3.8/site-packages /usr/bin/python3 setup.py develop --editable --build-directory /home/babangida/ros_ws/build/cim/build --no-deps install_data
[9.625s] running develop
[10.011s] running egg_info
[10.011s] writing cim.egg-info/PKG-INFO
[10.012s] writing dependency_links to cim.egg-info/dependency_links.txt
[10.012s] writing entry points to cim.egg-info/entry_points.txt
[10.012s] writing requirements to cim.egg-info/requires.txt
[10.013s] writing top-level names to cim.egg-info/top_level.txt
[10.580s] reading manifest file 'cim.egg-info/SOURCES.txt'
[10.642s] writing manifest file 'cim.egg-info/SOURCES.txt'
[10.692s] running build_ext
[10.852s] Creating /home/babangida/ros_ws/install/cim/lib/python3.8/site-packages/cim.egg-link (link to .)
[10.853s] Installing cimnode script to /home/babangida/ros_ws/install/cim/lib/cim
[10.854s] Installing debugewagent script to /home/babangida/ros_ws/install/cim/lib/cim
[10.854s] Installing dsrcsimplecim script to /home/babangida/ros_ws/install/cim/lib/cim
[10.858s] Installing ewagent script to /home/babangida/ros_ws/install/cim/lib/cim
[10.858s] Installing fhcim script to /home/babangida/ros_ws/install/cim/lib/cim
[10.858s] Installing fiscim script to /home/babangida/ros_ws/install/cim/lib/cim
[10.859s] Installing fisewagent script to /home/babangida/ros_ws/install/cim/lib/cim
[10.859s] Installing fissnagent script to /home/babangida/ros_ws/install/cim/lib/cim
[10.859s] Installing playde script to /home/babangida/ros_ws/install/cim/lib/cim
[10.859s] Installing playpp script to /home/babangida/ros_ws/install/cim/lib/cim
[10.859s] Installing plotpoint script to /home/babangida/ros_ws/install/cim/lib/cim
[10.859s] Installing recanalysis script to /home/babangida/ros_ws/install/cim/lib/cim
[10.859s] Installing recanalysisserver script to /home/babangida/ros_ws/install/cim/lib/cim
[10.859s] Installing snagent script to /home/babangida/ros_ws/install/cim/lib/cim
[10.860s] Installing statictls script to /home/babangida/ros_ws/install/cim/lib/cim
[10.860s] Installing stlsewagent script to /home/babangida/ros_ws/install/cim/lib/cim
[10.860s] Installing stlssnagent script to /home/babangida/ros_ws/install/cim/lib/cim
[10.860s] Installing test script to /home/babangida/ros_ws/install/cim/lib/cim
[10.860s] Installing tlsewagent script to /home/babangida/ros_ws/install/cim/lib/cim
[10.860s] Installing tlssnagent script to /home/babangida/ros_ws/install/cim/lib/cim
[10.860s] 
[10.860s] Installed /home/babangida/ros_ws/build/cim
[10.861s] running install_data
[10.907s] Invoked command in '/home/babangida/ros_ws/build/cim' returned '0': PYTHONPATH=/home/babangida/ros_ws/build/cim/prefix_override:/home/babangida/ros_ws/install/cim/lib/python3.8/site-packages:/home/babangida/ros_ws/install/trafficrecord/lib/python3.8/site-packages:/home/babangida/ros_ws/install/dsrcmsg/lib/python3.8/site-packages:/home/babangida/ros_ws/build/cim:/home/babangida/ros_ws/install/cim/lib/python3.8/site-packages:/home/babangida/ros_ws/install/reactivemethods/lib/python3.8/site-packages:/opt/ros/foxy/lib/python3.8/site-packages /usr/bin/python3 setup.py develop --editable --build-directory /home/babangida/ros_ws/build/cim/build --no-deps install_data
