[5.269s] Invoking command in '/home/babangida/ros_ws/build/onecim': PYTHONPATH=/home/babangida/ros_ws/build/onecim/prefix_override:/home/babangida/ros_ws/install/onecim/lib/python3.8/site-packages:/home/babangida/ros_ws/install/trafficrecord/lib/python3.8/site-packages:/home/babangida/ros_ws/install/dsrcmsg/lib/python3.8/site-packages:/home/babangida/ros_ws/build/onecim:/home/babangida/ros_ws/install/onecim/lib/python3.8/site-packages:/home/babangida/ros_ws/install/cim/lib/python3.8/site-packages:/home/babangida/ros_ws/build/reactivemethods:/home/babangida/ros_ws/install/reactivemethods/lib/python3.8/site-packages:/opt/ros/foxy/lib/python3.8/site-packages /usr/bin/python3 setup.py develop --editable --build-directory /home/babangida/ros_ws/build/onecim/build --no-deps install_data
[5.997s] running develop
[6.381s] running egg_info
[6.381s] writing onecim.egg-info/PKG-INFO
[6.382s] writing dependency_links to onecim.egg-info/dependency_links.txt
[6.383s] writing entry points to onecim.egg-info/entry_points.txt
[6.383s] writing requirements to onecim.egg-info/requires.txt
[6.383s] writing top-level names to onecim.egg-info/top_level.txt
[6.466s] reading manifest file 'onecim.egg-info/SOURCES.txt'
[6.468s] writing manifest file 'onecim.egg-info/SOURCES.txt'
[6.578s] running build_ext
[6.578s] Creating /home/babangida/ros_ws/install/onecim/lib/python3.8/site-packages/onecim.egg-link (link to .)
[6.582s] Installing ewfiscim script to /home/babangida/ros_ws/install/onecim/lib/onecim
[6.582s] Installing fisonecimlooptls script to /home/babangida/ros_ws/install/onecim/lib/onecim
[6.582s] Installing fisonecimtls script to /home/babangida/ros_ws/install/onecim/lib/onecim
[6.583s] Installing onecimew script to /home/babangida/ros_ws/install/onecim/lib/onecim
[6.583s] Installing onecimloopew script to /home/babangida/ros_ws/install/onecim/lib/onecim
[6.583s] Installing onecimloopsn script to /home/babangida/ros_ws/install/onecim/lib/onecim
[6.583s] Installing onecimloopstatictls script to /home/babangida/ros_ws/install/onecim/lib/onecim
[6.584s] Installing onecimlooptls script to /home/babangida/ros_ws/install/onecim/lib/onecim
[6.584s] Installing onecimsn script to /home/babangida/ros_ws/install/onecim/lib/onecim
[6.584s] Installing onecimtls script to /home/babangida/ros_ws/install/onecim/lib/onecim
[6.584s] Installing playde script to /home/babangida/ros_ws/install/onecim/lib/onecim
[6.584s] Installing playpp script to /home/babangida/ros_ws/install/onecim/lib/onecim
[6.588s] Installing simspeed script to /home/babangida/ros_ws/install/onecim/lib/onecim
[6.588s] Installing snfiscim script to /home/babangida/ros_ws/install/onecim/lib/onecim
[6.588s] Installing veh script to /home/babangida/ros_ws/install/onecim/lib/onecim
[6.588s] Installing wypts script to /home/babangida/ros_ws/install/onecim/lib/onecim
[6.588s] 
[6.588s] Installed /home/babangida/ros_ws/build/onecim
[6.588s] running install_data
[6.660s] Invoked command in '/home/babangida/ros_ws/build/onecim' returned '0': PYTHONPATH=/home/babangida/ros_ws/build/onecim/prefix_override:/home/babangida/ros_ws/install/onecim/lib/python3.8/site-packages:/home/babangida/ros_ws/install/trafficrecord/lib/python3.8/site-packages:/home/babangida/ros_ws/install/dsrcmsg/lib/python3.8/site-packages:/home/babangida/ros_ws/build/onecim:/home/babangida/ros_ws/install/onecim/lib/python3.8/site-packages:/home/babangida/ros_ws/install/cim/lib/python3.8/site-packages:/home/babangida/ros_ws/build/reactivemethods:/home/babangida/ros_ws/install/reactivemethods/lib/python3.8/site-packages:/opt/ros/foxy/lib/python3.8/site-packages /usr/bin/python3 setup.py develop --editable --build-directory /home/babangida/ros_ws/build/onecim/build --no-deps install_data
