[1.967s] Invoking command in '/home/babangida/ros_ws/src/onecim': PYTHONPATH=/home/babangida/ros_ws/build/onecim/prefix_override:/home/babangida/ros_ws/install/onecim/lib/python3.8/site-packages:/home/babangida/ros_ws/install/trafficrecord/lib/python3.8/site-packages:/home/babangida/ros_ws/install/dsrcmsg/lib/python3.8/site-packages:/home/babangida/ros_ws/install/onecim/lib/python3.8/site-packages:/home/babangida/ros_ws/install/cim/lib/python3.8/site-packages:/home/babangida/ros_ws/install/reactivemethods/lib/python3.8/site-packages:/opt/ros/foxy/lib/python3.8/site-packages /usr/bin/python3 setup.py egg_info --egg-base ../../build/onecim build --build-base /home/babangida/ros_ws/build/onecim/build install --record /home/babangida/ros_ws/build/onecim/install.log --install-scripts $base/lib/onecim --single-version-externally-managed
[2.186s] running egg_info
[2.186s] writing ../../build/onecim/onecim.egg-info/PKG-INFO
[2.186s] writing dependency_links to ../../build/onecim/onecim.egg-info/dependency_links.txt
[2.187s] writing entry points to ../../build/onecim/onecim.egg-info/entry_points.txt
[2.187s] writing requirements to ../../build/onecim/onecim.egg-info/requires.txt
[2.187s] writing top-level names to ../../build/onecim/onecim.egg-info/top_level.txt
[2.219s] reading manifest file '../../build/onecim/onecim.egg-info/SOURCES.txt'
[2.220s] writing manifest file '../../build/onecim/onecim.egg-info/SOURCES.txt'
[2.220s] running build
[2.220s] running build_py
[2.221s] copying onecim/onecimtls.py -> /home/babangida/ros_ws/build/onecim/build/lib/onecim
[2.221s] running install
[2.221s] running install_lib
[2.222s] copying /home/babangida/ros_ws/build/onecim/build/lib/onecim/onecimtls.py -> /home/babangida/ros_ws/install/onecim/lib/python3.8/site-packages/onecim
[2.223s] byte-compiling /home/babangida/ros_ws/install/onecim/lib/python3.8/site-packages/onecim/onecimtls.py to onecimtls.cpython-38.pyc
[2.226s]   File "/home/babangida/ros_ws/install/onecim/lib/python3.8/site-packages/onecim/onecimtls.py", line 97
[2.226s]     OneCIMTlsMsg(tlsmsg.approachpoints=self.approachLegs)
[2.227s]                  ^
[2.227s] SyntaxError: expression cannot contain assignment, perhaps you meant "=="?
[2.227s] 
[2.227s] running install_data
[2.227s] running install_egg_info
[2.229s] removing '/home/babangida/ros_ws/install/onecim/lib/python3.8/site-packages/onecim-0.0.0-py3.8.egg-info' (and everything under it)
[2.230s] Copying ../../build/onecim/onecim.egg-info to /home/babangida/ros_ws/install/onecim/lib/python3.8/site-packages/onecim-0.0.0-py3.8.egg-info
[2.231s] running install_scripts
[2.246s] Installing onecimtls script to /home/babangida/ros_ws/install/onecim/lib/onecim
[2.246s] writing list of installed files to '/home/babangida/ros_ws/build/onecim/install.log'
[2.270s] Invoked command in '/home/babangida/ros_ws/src/onecim' returned '0': PYTHONPATH=/home/babangida/ros_ws/build/onecim/prefix_override:/home/babangida/ros_ws/install/onecim/lib/python3.8/site-packages:/home/babangida/ros_ws/install/trafficrecord/lib/python3.8/site-packages:/home/babangida/ros_ws/install/dsrcmsg/lib/python3.8/site-packages:/home/babangida/ros_ws/install/onecim/lib/python3.8/site-packages:/home/babangida/ros_ws/install/cim/lib/python3.8/site-packages:/home/babangida/ros_ws/install/reactivemethods/lib/python3.8/site-packages:/opt/ros/foxy/lib/python3.8/site-packages /usr/bin/python3 setup.py egg_info --egg-base ../../build/onecim build --build-base /home/babangida/ros_ws/build/onecim/build install --record /home/babangida/ros_ws/build/onecim/install.log --install-scripts $base/lib/onecim --single-version-externally-managed
