[2.210s] Invoking command in '/home/babangida/ros_ws/build/reactivemethods': CMAKE_PREFIX_PATH=/home/babangida/ros_ws/install/dsrcmsg:/home/babangida/ros_ws/install/trafficrecord LD_LIBRARY_PATH=/home/babangida/ros_ws/install/dsrcmsg/lib:/home/babangida/ros_ws/install/trafficrecord/lib:/opt/ros/foxy/opt/yaml_cpp_vendor/lib:/opt/ros/foxy/opt/rviz_ogre_vendor/lib:/opt/ros/foxy/lib/x86_64-linux-gnu:/opt/ros/foxy/lib PYTHONPATH=/home/babangida/ros_ws/build/reactivemethods/prefix_override:/home/babangida/ros_ws/install/reactivemethods/lib/python3.8/site-packages:/home/babangida/ros_ws/install/dsrcmsg/lib/python3.8/site-packages:/home/babangida/ros_ws/build/onecim:/home/babangida/ros_ws/install/onecim/lib/python3.8/site-packages:/home/babangida/ros_ws/install/cim/lib/python3.8/site-packages:/home/babangida/ros_ws/install/trafficrecord/lib/python3.8/site-packages:/home/babangida/ros_ws/install/reactivemethods/lib/python3.8/site-packages:/opt/ros/foxy/lib/python3.8/site-packages /usr/bin/python3 setup.py develop --editable --build-directory /home/babangida/ros_ws/build/reactivemethods/build --no-deps install_data
[2.547s] running develop
[2.754s] running egg_info
[2.754s] writing reactivemethods.egg-info/PKG-INFO
[2.754s] writing dependency_links to reactivemethods.egg-info/dependency_links.txt
[2.755s] writing entry points to reactivemethods.egg-info/entry_points.txt
[2.755s] writing requirements to reactivemethods.egg-info/requires.txt
[2.755s] writing top-level names to reactivemethods.egg-info/top_level.txt
[2.798s] reading manifest file 'reactivemethods.egg-info/SOURCES.txt'
[2.799s] writing manifest file 'reactivemethods.egg-info/SOURCES.txt'
[2.849s] running build_ext
[2.850s] Creating /home/babangida/ros_ws/install/reactivemethods/lib/python3.8/site-packages/reactivemethods.egg-link (link to .)
[2.852s] Installing agapfollowing script to /home/babangida/ros_ws/install/reactivemethods/lib/reactivemethods
[2.852s] Installing agent1purepursuit script to /home/babangida/ros_ws/install/reactivemethods/lib/reactivemethods
[2.852s] Installing degapfollowing script to /home/babangida/ros_ws/install/reactivemethods/lib/reactivemethods
[2.853s] Installing emergencybreaking script to /home/babangida/ros_ws/install/reactivemethods/lib/reactivemethods
[2.853s] Installing followgap script to /home/babangida/ros_ws/install/reactivemethods/lib/reactivemethods
[2.853s] Installing gapfollowing script to /home/babangida/ros_ws/install/reactivemethods/lib/reactivemethods
[2.853s] Installing leftwallfollowing script to /home/babangida/ros_ws/install/reactivemethods/lib/reactivemethods
[2.854s] Installing northsouthagent script to /home/babangida/ros_ws/install/reactivemethods/lib/reactivemethods
[2.854s] Installing play script to /home/babangida/ros_ws/install/reactivemethods/lib/reactivemethods
[2.854s] Installing publishwaypoints script to /home/babangida/ros_ws/install/reactivemethods/lib/reactivemethods
[2.854s] Installing purepursuit script to /home/babangida/ros_ws/install/reactivemethods/lib/reactivemethods
[2.855s] Installing waypointfollow script to /home/babangida/ros_ws/install/reactivemethods/lib/reactivemethods
[2.855s] Installing waypointsgenerator script to /home/babangida/ros_ws/install/reactivemethods/lib/reactivemethods
[2.855s] Installing westeastagent script to /home/babangida/ros_ws/install/reactivemethods/lib/reactivemethods
[2.855s] Installing wptflw script to /home/babangida/ros_ws/install/reactivemethods/lib/reactivemethods
[2.855s] 
[2.855s] Installed /home/babangida/ros_ws/build/reactivemethods
[2.856s] running install_data
[2.891s] Invoked command in '/home/babangida/ros_ws/build/reactivemethods' returned '0': CMAKE_PREFIX_PATH=/home/babangida/ros_ws/install/dsrcmsg:/home/babangida/ros_ws/install/trafficrecord LD_LIBRARY_PATH=/home/babangida/ros_ws/install/dsrcmsg/lib:/home/babangida/ros_ws/install/trafficrecord/lib:/opt/ros/foxy/opt/yaml_cpp_vendor/lib:/opt/ros/foxy/opt/rviz_ogre_vendor/lib:/opt/ros/foxy/lib/x86_64-linux-gnu:/opt/ros/foxy/lib PYTHONPATH=/home/babangida/ros_ws/build/reactivemethods/prefix_override:/home/babangida/ros_ws/install/reactivemethods/lib/python3.8/site-packages:/home/babangida/ros_ws/install/dsrcmsg/lib/python3.8/site-packages:/home/babangida/ros_ws/build/onecim:/home/babangida/ros_ws/install/onecim/lib/python3.8/site-packages:/home/babangida/ros_ws/install/cim/lib/python3.8/site-packages:/home/babangida/ros_ws/install/trafficrecord/lib/python3.8/site-packages:/home/babangida/ros_ws/install/reactivemethods/lib/python3.8/site-packages:/opt/ros/foxy/lib/python3.8/site-packages /usr/bin/python3 setup.py develop --editable --build-directory /home/babangida/ros_ws/build/reactivemethods/build --no-deps install_data
