[2.429s] Invoking command in '/home/babangida/ros_ws/build/onecim': PYTHONPATH=/home/babangida/ros_ws/build/onecim/prefix_override:/home/babangida/ros_ws/install/onecim/lib/python3.8/site-packages:/home/babangida/ros_ws/install/trafficrecord/lib/python3.8/site-packages:/home/babangida/ros_ws/install/dsrcmsg/lib/python3.8/site-packages:/home/babangida/ros_ws/build/onecim:/home/babangida/ros_ws/install/onecim/lib/python3.8/site-packages:/home/babangida/ros_ws/install/cim/lib/python3.8/site-packages:/home/babangida/ros_ws/build/reactivemethods:/home/babangida/ros_ws/install/reactivemethods/lib/python3.8/site-packages:/opt/ros/foxy/lib/python3.8/site-packages /usr/bin/python3 setup.py develop --editable --build-directory /home/babangida/ros_ws/build/onecim/build --no-deps install_data
[2.739s] running develop
[2.932s] running egg_info
[2.932s] writing onecim.egg-info/PKG-INFO
[2.933s] writing dependency_links to onecim.egg-info/dependency_links.txt
[2.933s] writing entry points to onecim.egg-info/entry_points.txt
[2.933s] writing requirements to onecim.egg-info/requires.txt
[2.934s] writing top-level names to onecim.egg-info/top_level.txt
[2.972s] reading manifest file 'onecim.egg-info/SOURCES.txt'
[2.974s] writing manifest file 'onecim.egg-info/SOURCES.txt'
[3.018s] running build_ext
[3.018s] Creating /home/babangida/ros_ws/install/onecim/lib/python3.8/site-packages/onecim.egg-link (link to .)
[3.020s] Installing ewfiscim script to /home/babangida/ros_ws/install/onecim/lib/onecim
[3.020s] Installing fisonecimlooptls script to /home/babangida/ros_ws/install/onecim/lib/onecim
[3.020s] Installing fisonecimtls script to /home/babangida/ros_ws/install/onecim/lib/onecim
[3.021s] Installing genveh script to /home/babangida/ros_ws/install/onecim/lib/onecim
[3.021s] Installing onecimew script to /home/babangida/ros_ws/install/onecim/lib/onecim
[3.022s] Installing onecimloopew script to /home/babangida/ros_ws/install/onecim/lib/onecim
[3.022s] Installing onecimloopsn script to /home/babangida/ros_ws/install/onecim/lib/onecim
[3.022s] Installing onecimloopstatictls script to /home/babangida/ros_ws/install/onecim/lib/onecim
[3.022s] Installing onecimlooptls script to /home/babangida/ros_ws/install/onecim/lib/onecim
[3.022s] Installing onecimsn script to /home/babangida/ros_ws/install/onecim/lib/onecim
[3.023s] Installing onecimtls script to /home/babangida/ros_ws/install/onecim/lib/onecim
[3.023s] Installing playde script to /home/babangida/ros_ws/install/onecim/lib/onecim
[3.023s] Installing playpp script to /home/babangida/ros_ws/install/onecim/lib/onecim
[3.023s] Installing rectraffic script to /home/babangida/ros_ws/install/onecim/lib/onecim
[3.023s] Installing simspeed script to /home/babangida/ros_ws/install/onecim/lib/onecim
[3.024s] Installing snfiscim script to /home/babangida/ros_ws/install/onecim/lib/onecim
[3.024s] Installing speed script to /home/babangida/ros_ws/install/onecim/lib/onecim
[3.024s] Installing veh script to /home/babangida/ros_ws/install/onecim/lib/onecim
[3.024s] Installing wypts script to /home/babangida/ros_ws/install/onecim/lib/onecim
[3.024s] 
[3.025s] Installed /home/babangida/ros_ws/build/onecim
[3.025s] running install_data
[3.057s] Invoked command in '/home/babangida/ros_ws/build/onecim' returned '0': PYTHONPATH=/home/babangida/ros_ws/build/onecim/prefix_override:/home/babangida/ros_ws/install/onecim/lib/python3.8/site-packages:/home/babangida/ros_ws/install/trafficrecord/lib/python3.8/site-packages:/home/babangida/ros_ws/install/dsrcmsg/lib/python3.8/site-packages:/home/babangida/ros_ws/build/onecim:/home/babangida/ros_ws/install/onecim/lib/python3.8/site-packages:/home/babangida/ros_ws/install/cim/lib/python3.8/site-packages:/home/babangida/ros_ws/build/reactivemethods:/home/babangida/ros_ws/install/reactivemethods/lib/python3.8/site-packages:/opt/ros/foxy/lib/python3.8/site-packages /usr/bin/python3 setup.py develop --editable --build-directory /home/babangida/ros_ws/build/onecim/build --no-deps install_data
