[0.408s] Invoking command in '/home/babangida/ros_ws/build/dsrcmsg': CMAKE_PREFIX_PATH=${CMAKE_PREFIX_PATH}:/home/babangida/ros_ws/install/cim:/home/babangida/ros_ws/install/reactivemethods:/opt/ros/foxy /usr/bin/cmake --build /home/babangida/ros_ws/build/dsrcmsg -- -j8 -l8
[0.556s] [ 10%] Built target dsrcmsg__rosidl_generator_c
[0.563s] [ 12%] Built target dsrcmsg__cpp
[0.596s] [ 23%] Built target dsrcmsg__rosidl_typesupport_c
[0.597s] [ 34%] Built target dsrcmsg__rosidl_typesupport_introspection_c
[0.602s] [ 44%] Built target dsrcmsg__rosidl_typesupport_cpp
[0.604s] [ 55%] Built target dsrcmsg__rosidl_typesupport_introspection_cpp
[0.607s] [ 65%] Built target dsrcmsg__rosidl_typesupport_fastrtps_cpp
[0.636s] [ 76%] Built target dsrcmsg__rosidl_typesupport_fastrtps_c
[0.660s] [ 76%] Built target dsrcmsg
[0.679s] [ 78%] Built target dsrcmsg__py
[0.707s] [ 87%] Built target dsrcmsg__python
[0.739s] [ 91%] Built target dsrcmsg__rosidl_typesupport_introspection_c__pyext
[0.739s] [ 95%] Built target dsrcmsg__rosidl_typesupport_c__pyext
[0.739s] [100%] Built target dsrcmsg__rosidl_typesupport_fastrtps_c__pyext
[0.751s] Invoked command in '/home/babangida/ros_ws/build/dsrcmsg' returned '0': CMAKE_PREFIX_PATH=${CMAKE_PREFIX_PATH}:/home/babangida/ros_ws/install/cim:/home/babangida/ros_ws/install/reactivemethods:/opt/ros/foxy /usr/bin/cmake --build /home/babangida/ros_ws/build/dsrcmsg -- -j8 -l8
[0.849s] Invoking command in '/home/babangida/ros_ws/build/dsrcmsg': CMAKE_PREFIX_PATH=${CMAKE_PREFIX_PATH}:/home/babangida/ros_ws/install/cim:/home/babangida/ros_ws/install/reactivemethods:/opt/ros/foxy /usr/bin/cmake --install /home/babangida/ros_ws/build/dsrcmsg
[0.855s] -- Install configuration: ""
[0.856s] -- Execute custom install script
[0.856s] -- Up-to-date symlink: /home/babangida/ros_ws/install/dsrcmsg/share/ament_index/resource_index/rosidl_interfaces/dsrcmsg
[0.857s] -- Up-to-date symlink: /home/babangida/ros_ws/install/dsrcmsg/include/dsrcmsg/msg/detail/dsrc_message__functions.h
[0.857s] -- Up-to-date symlink: /home/babangida/ros_ws/install/dsrcmsg/include/dsrcmsg/msg/detail/dsrc_message__struct.h
[0.858s] -- Up-to-date symlink: /home/babangida/ros_ws/install/dsrcmsg/include/dsrcmsg/msg/detail/dsrc_message__type_support.h
[0.858s] -- Up-to-date symlink: /home/babangida/ros_ws/install/dsrcmsg/include/dsrcmsg/msg/detail/intersection_bsm__functions.h
[0.858s] -- Up-to-date symlink: /home/babangida/ros_ws/install/dsrcmsg/include/dsrcmsg/msg/detail/intersection_bsm__struct.h
[0.859s] -- Up-to-date symlink: /home/babangida/ros_ws/install/dsrcmsg/include/dsrcmsg/msg/detail/intersection_bsm__type_support.h
[0.859s] -- Up-to-date symlink: /home/babangida/ros_ws/install/dsrcmsg/include/dsrcmsg/msg/detail/traffic_lights_message__functions.h
[0.859s] -- Up-to-date symlink: /home/babangida/ros_ws/install/dsrcmsg/include/dsrcmsg/msg/detail/traffic_lights_message__struct.h
[0.859s] -- Up-to-date symlink: /home/babangida/ros_ws/install/dsrcmsg/include/dsrcmsg/msg/detail/traffic_lights_message__type_support.h
[0.860s] -- Up-to-date symlink: /home/babangida/ros_ws/install/dsrcmsg/include/dsrcmsg/msg/dsrc_message.h
[0.860s] -- Up-to-date symlink: /home/babangida/ros_ws/install/dsrcmsg/include/dsrcmsg/msg/intersection_bsm.h
[0.860s] -- Up-to-date symlink: /home/babangida/ros_ws/install/dsrcmsg/include/dsrcmsg/msg/rosidl_generator_c__visibility_control.h
[0.861s] -- Up-to-date symlink: /home/babangida/ros_ws/install/dsrcmsg/include/dsrcmsg/msg/traffic_lights_message.h
[0.861s] -- Up-to-date symlink: /home/babangida/ros_ws/install/dsrcmsg/share/dsrcmsg/environment/library_path.sh
[0.861s] -- Up-to-date symlink: /home/babangida/ros_ws/install/dsrcmsg/share/dsrcmsg/environment/library_path.dsv
[0.862s] -- Up-to-date symlink: /home/babangida/ros_ws/install/dsrcmsg/include/dsrcmsg/msg/detail/dsrc_message__rosidl_typesupport_fastrtps_c.h
[0.863s] -- Up-to-date symlink: /home/babangida/ros_ws/install/dsrcmsg/include/dsrcmsg/msg/detail/intersection_bsm__rosidl_typesupport_fastrtps_c.h
[0.863s] -- Up-to-date symlink: /home/babangida/ros_ws/install/dsrcmsg/include/dsrcmsg/msg/detail/traffic_lights_message__rosidl_typesupport_fastrtps_c.h
[0.863s] -- Up-to-date symlink: /home/babangida/ros_ws/install/dsrcmsg/include/dsrcmsg/msg/rosidl_typesupport_fastrtps_c__visibility_control.h
[0.864s] -- Up-to-date symlink: /home/babangida/ros_ws/install/dsrcmsg/lib/libdsrcmsg__rosidl_typesupport_fastrtps_c.so
[0.865s] -- Up-to-date symlink: /home/babangida/ros_ws/install/dsrcmsg/include/dsrcmsg/msg/detail/dsrc_message__rosidl_typesupport_fastrtps_cpp.hpp
[0.865s] -- Up-to-date symlink: /home/babangida/ros_ws/install/dsrcmsg/include/dsrcmsg/msg/detail/intersection_bsm__rosidl_typesupport_fastrtps_cpp.hpp
[0.866s] -- Up-to-date symlink: /home/babangida/ros_ws/install/dsrcmsg/include/dsrcmsg/msg/detail/traffic_lights_message__rosidl_typesupport_fastrtps_cpp.hpp
[0.866s] -- Up-to-date symlink: /home/babangida/ros_ws/install/dsrcmsg/include/dsrcmsg/msg/rosidl_typesupport_fastrtps_cpp__visibility_control.h
[0.866s] -- Up-to-date symlink: /home/babangida/ros_ws/install/dsrcmsg/lib/libdsrcmsg__rosidl_typesupport_fastrtps_cpp.so
[0.867s] -- Up-to-date symlink: /home/babangida/ros_ws/install/dsrcmsg/include/dsrcmsg/msg/detail/dsrc_message__rosidl_typesupport_introspection_c.h
[0.867s] -- Up-to-date symlink: /home/babangida/ros_ws/install/dsrcmsg/include/dsrcmsg/msg/detail/intersection_bsm__rosidl_typesupport_introspection_c.h
[0.867s] -- Up-to-date symlink: /home/babangida/ros_ws/install/dsrcmsg/include/dsrcmsg/msg/detail/traffic_lights_message__rosidl_typesupport_introspection_c.h
[0.868s] -- Up-to-date symlink: /home/babangida/ros_ws/install/dsrcmsg/include/dsrcmsg/msg/rosidl_typesupport_introspection_c__visibility_control.h
[0.868s] -- Up-to-date symlink: /home/babangida/ros_ws/install/dsrcmsg/include/dsrcmsg/msg/detail/dsrc_message__builder.hpp
[0.868s] -- Up-to-date symlink: /home/babangida/ros_ws/install/dsrcmsg/include/dsrcmsg/msg/detail/dsrc_message__struct.hpp
[0.869s] -- Up-to-date symlink: /home/babangida/ros_ws/install/dsrcmsg/include/dsrcmsg/msg/detail/dsrc_message__traits.hpp
[0.869s] -- Up-to-date symlink: /home/babangida/ros_ws/install/dsrcmsg/include/dsrcmsg/msg/detail/dsrc_message__type_support.hpp
[0.869s] -- Up-to-date symlink: /home/babangida/ros_ws/install/dsrcmsg/include/dsrcmsg/msg/detail/intersection_bsm__builder.hpp
[0.869s] -- Up-to-date symlink: /home/babangida/ros_ws/install/dsrcmsg/include/dsrcmsg/msg/detail/intersection_bsm__struct.hpp
[0.870s] -- Up-to-date symlink: /home/babangida/ros_ws/install/dsrcmsg/include/dsrcmsg/msg/detail/intersection_bsm__traits.hpp
[0.870s] -- Up-to-date symlink: /home/babangida/ros_ws/install/dsrcmsg/include/dsrcmsg/msg/detail/intersection_bsm__type_support.hpp
[0.870s] -- Up-to-date symlink: /home/babangida/ros_ws/install/dsrcmsg/include/dsrcmsg/msg/detail/traffic_lights_message__builder.hpp
[0.870s] -- Up-to-date symlink: /home/babangida/ros_ws/install/dsrcmsg/include/dsrcmsg/msg/detail/traffic_lights_message__struct.hpp
[0.871s] -- Up-to-date symlink: /home/babangida/ros_ws/install/dsrcmsg/include/dsrcmsg/msg/detail/traffic_lights_message__traits.hpp
[0.871s] -- Up-to-date symlink: /home/babangida/ros_ws/install/dsrcmsg/include/dsrcmsg/msg/detail/traffic_lights_message__type_support.hpp
[0.871s] -- Up-to-date symlink: /home/babangida/ros_ws/install/dsrcmsg/include/dsrcmsg/msg/dsrc_message.hpp
[0.872s] -- Up-to-date symlink: /home/babangida/ros_ws/install/dsrcmsg/include/dsrcmsg/msg/intersection_bsm.hpp
[0.872s] -- Up-to-date symlink: /home/babangida/ros_ws/install/dsrcmsg/include/dsrcmsg/msg/rosidl_generator_cpp__visibility_control.hpp
[0.872s] -- Up-to-date symlink: /home/babangida/ros_ws/install/dsrcmsg/include/dsrcmsg/msg/traffic_lights_message.hpp
[0.872s] -- Up-to-date symlink: /home/babangida/ros_ws/install/dsrcmsg/include/dsrcmsg/msg/detail/dsrc_message__rosidl_typesupport_introspection_cpp.hpp
[0.873s] -- Up-to-date symlink: /home/babangida/ros_ws/install/dsrcmsg/include/dsrcmsg/msg/detail/intersection_bsm__rosidl_typesupport_introspection_cpp.hpp
[0.873s] -- Up-to-date symlink: /home/babangida/ros_ws/install/dsrcmsg/include/dsrcmsg/msg/detail/traffic_lights_message__rosidl_typesupport_introspection_cpp.hpp
[0.873s] -- Up-to-date symlink: /home/babangida/ros_ws/install/dsrcmsg/share/dsrcmsg/environment/pythonpath.sh
[0.873s] -- Up-to-date symlink: /home/babangida/ros_ws/install/dsrcmsg/share/dsrcmsg/environment/pythonpath.dsv
[0.873s] -- Up-to-date symlink: /home/babangida/ros_ws/install/dsrcmsg/lib/python3.8/site-packages/dsrcmsg/__init__.py
[0.874s] -- Up-to-date symlink: /home/babangida/ros_ws/install/dsrcmsg/lib/python3.8/site-packages/dsrcmsg/msg/__init__.py
[0.874s] -- Up-to-date symlink: /home/babangida/ros_ws/install/dsrcmsg/lib/python3.8/site-packages/dsrcmsg/msg/_dsrc_message.py
[0.874s] -- Up-to-date symlink: /home/babangida/ros_ws/install/dsrcmsg/lib/python3.8/site-packages/dsrcmsg/msg/_intersection_bsm.py
[0.874s] -- Up-to-date symlink: /home/babangida/ros_ws/install/dsrcmsg/lib/python3.8/site-packages/dsrcmsg/msg/_traffic_lights_message.py
[0.874s] -- Up-to-date symlink: /home/babangida/ros_ws/install/dsrcmsg/lib/python3.8/site-packages/dsrcmsg/dsrcmsg_s__rosidl_typesupport_fastrtps_c.cpython-38-x86_64-linux-gnu.so
[0.874s] -- Up-to-date symlink: /home/babangida/ros_ws/install/dsrcmsg/lib/python3.8/site-packages/dsrcmsg/dsrcmsg_s__rosidl_typesupport_introspection_c.cpython-38-x86_64-linux-gnu.so
[0.875s] -- Up-to-date symlink: /home/babangida/ros_ws/install/dsrcmsg/lib/python3.8/site-packages/dsrcmsg/dsrcmsg_s__rosidl_typesupport_c.cpython-38-x86_64-linux-gnu.so
[0.875s] -- Up-to-date symlink: /home/babangida/ros_ws/install/dsrcmsg/lib/libdsrcmsg__python.so
[0.875s] -- Up-to-date symlink: /home/babangida/ros_ws/install/dsrcmsg/share/dsrcmsg/msg/DSRCMessage.idl
[0.876s] -- Up-to-date symlink: /home/babangida/ros_ws/install/dsrcmsg/share/dsrcmsg/msg/IntersectionBSM.idl
[0.876s] -- Up-to-date symlink: /home/babangida/ros_ws/install/dsrcmsg/share/dsrcmsg/msg/TrafficLightsMessage.idl
[0.876s] -- Up-to-date symlink: /home/babangida/ros_ws/install/dsrcmsg/share/dsrcmsg/msg/DSRCMessage.msg
[0.876s] -- Up-to-date symlink: /home/babangida/ros_ws/install/dsrcmsg/share/dsrcmsg/msg/IntersectionBSM.msg
[0.877s] -- Up-to-date symlink: /home/babangida/ros_ws/install/dsrcmsg/share/dsrcmsg/msg/TrafficLightsMessage.msg
[0.877s] -- Up-to-date symlink: /home/babangida/ros_ws/install/dsrcmsg/share/ament_index/resource_index/package_run_dependencies/dsrcmsg
[0.877s] -- Up-to-date symlink: /home/babangida/ros_ws/install/dsrcmsg/share/ament_index/resource_index/parent_prefix_path/dsrcmsg
[0.878s] -- Up-to-date symlink: /home/babangida/ros_ws/install/dsrcmsg/share/dsrcmsg/environment/ament_prefix_path.sh
[0.878s] -- Up-to-date symlink: /home/babangida/ros_ws/install/dsrcmsg/share/dsrcmsg/environment/ament_prefix_path.dsv
[0.878s] -- Up-to-date symlink: /home/babangida/ros_ws/install/dsrcmsg/share/dsrcmsg/environment/path.sh
[0.878s] -- Up-to-date symlink: /home/babangida/ros_ws/install/dsrcmsg/share/dsrcmsg/environment/path.dsv
[0.879s] -- Up-to-date symlink: /home/babangida/ros_ws/install/dsrcmsg/share/dsrcmsg/local_setup.bash
[0.879s] -- Up-to-date symlink: /home/babangida/ros_ws/install/dsrcmsg/share/dsrcmsg/local_setup.sh
[0.879s] -- Up-to-date symlink: /home/babangida/ros_ws/install/dsrcmsg/share/dsrcmsg/local_setup.zsh
[0.879s] -- Up-to-date symlink: /home/babangida/ros_ws/install/dsrcmsg/share/dsrcmsg/local_setup.dsv
[0.880s] -- Symlinking: /home/babangida/ros_ws/install/dsrcmsg/share/dsrcmsg/package.dsv
[0.892s] -- Up-to-date symlink: /home/babangida/ros_ws/install/dsrcmsg/share/ament_index/resource_index/packages/dsrcmsg
[0.892s] -- Up-to-date symlink: /home/babangida/ros_ws/install/dsrcmsg/share/dsrcmsg/cmake/rosidl_cmake-extras.cmake
[0.892s] -- Up-to-date symlink: /home/babangida/ros_ws/install/dsrcmsg/share/dsrcmsg/cmake/ament_cmake_export_dependencies-extras.cmake
[0.893s] -- Up-to-date symlink: /home/babangida/ros_ws/install/dsrcmsg/share/dsrcmsg/cmake/ament_cmake_export_libraries-extras.cmake
[0.893s] -- Up-to-date symlink: /home/babangida/ros_ws/install/dsrcmsg/share/dsrcmsg/cmake/ament_cmake_export_targets-extras.cmake
[0.894s] -- Up-to-date symlink: /home/babangida/ros_ws/install/dsrcmsg/share/dsrcmsg/cmake/ament_cmake_export_include_directories-extras.cmake
[0.894s] -- Up-to-date symlink: /home/babangida/ros_ws/install/dsrcmsg/share/dsrcmsg/cmake/rosidl_cmake_export_typesupport_libraries-extras.cmake
[0.894s] -- Up-to-date symlink: /home/babangida/ros_ws/install/dsrcmsg/share/dsrcmsg/cmake/rosidl_cmake_export_typesupport_targets-extras.cmake
[0.895s] -- Up-to-date symlink: /home/babangida/ros_ws/install/dsrcmsg/share/dsrcmsg/cmake/dsrcmsgConfig.cmake
[0.895s] -- Up-to-date symlink: /home/babangida/ros_ws/install/dsrcmsg/share/dsrcmsg/cmake/dsrcmsgConfig-version.cmake
[0.896s] -- Up-to-date symlink: /home/babangida/ros_ws/install/dsrcmsg/share/dsrcmsg/package.xml
[0.896s] -- Up-to-date: /home/babangida/ros_ws/install/dsrcmsg/lib/libdsrcmsg__rosidl_generator_c.so
[0.896s] -- Up-to-date: /home/babangida/ros_ws/install/dsrcmsg/lib/libdsrcmsg__rosidl_typesupport_introspection_c.so
[0.897s] -- Up-to-date: /home/babangida/ros_ws/install/dsrcmsg/lib/libdsrcmsg__rosidl_typesupport_c.so
[0.897s] -- Up-to-date: /home/babangida/ros_ws/install/dsrcmsg/lib/libdsrcmsg__rosidl_typesupport_introspection_cpp.so
[0.897s] -- Up-to-date: /home/babangida/ros_ws/install/dsrcmsg/lib/libdsrcmsg__rosidl_typesupport_cpp.so
[0.936s] -- Up-to-date: /home/babangida/ros_ws/install/dsrcmsg/share/dsrcmsg/cmake/dsrcmsg__rosidl_generator_cExport.cmake
[0.937s] -- Up-to-date: /home/babangida/ros_ws/install/dsrcmsg/share/dsrcmsg/cmake/dsrcmsg__rosidl_generator_cExport-noconfig.cmake
[0.937s] -- Up-to-date: /home/babangida/ros_ws/install/dsrcmsg/share/dsrcmsg/cmake/dsrcmsg__rosidl_typesupport_introspection_cExport.cmake
[0.938s] -- Up-to-date: /home/babangida/ros_ws/install/dsrcmsg/share/dsrcmsg/cmake/dsrcmsg__rosidl_typesupport_introspection_cExport-noconfig.cmake
[0.938s] -- Up-to-date: /home/babangida/ros_ws/install/dsrcmsg/share/dsrcmsg/cmake/dsrcmsg__rosidl_typesupport_cExport.cmake
[0.938s] -- Up-to-date: /home/babangida/ros_ws/install/dsrcmsg/share/dsrcmsg/cmake/dsrcmsg__rosidl_typesupport_cExport-noconfig.cmake
[0.938s] -- Up-to-date: /home/babangida/ros_ws/install/dsrcmsg/share/dsrcmsg/cmake/dsrcmsg__rosidl_generator_cppExport.cmake
[0.939s] -- Up-to-date: /home/babangida/ros_ws/install/dsrcmsg/share/dsrcmsg/cmake/dsrcmsg__rosidl_typesupport_introspection_cppExport.cmake
[0.939s] -- Up-to-date: /home/babangida/ros_ws/install/dsrcmsg/share/dsrcmsg/cmake/dsrcmsg__rosidl_typesupport_introspection_cppExport-noconfig.cmake
[0.939s] -- Up-to-date: /home/babangida/ros_ws/install/dsrcmsg/share/dsrcmsg/cmake/dsrcmsg__rosidl_typesupport_cppExport.cmake
[0.940s] -- Up-to-date: /home/babangida/ros_ws/install/dsrcmsg/share/dsrcmsg/cmake/dsrcmsg__rosidl_typesupport_cppExport-noconfig.cmake
[1.170s] Invoked command in '/home/babangida/ros_ws/build/dsrcmsg' returned '0': CMAKE_PREFIX_PATH=${CMAKE_PREFIX_PATH}:/home/babangida/ros_ws/install/cim:/home/babangida/ros_ws/install/reactivemethods:/opt/ros/foxy /usr/bin/cmake --install /home/babangida/ros_ws/build/dsrcmsg
