[3.137s] Invoking command in '/home/babangida/ros_ws/build/onecim': PYTHONPATH=/home/babangida/ros_ws/build/onecim/prefix_override:/home/babangida/ros_ws/install/onecim/lib/python3.8/site-packages:/home/babangida/ros_ws/install/trafficrecord/lib/python3.8/site-packages:/home/babangida/ros_ws/install/dsrcmsg/lib/python3.8/site-packages:/home/babangida/ros_ws/install/onecim/lib/python3.8/site-packages:/home/babangida/ros_ws/install/cim/lib/python3.8/site-packages:/home/babangida/ros_ws/build/reactivemethods:/home/babangida/ros_ws/install/reactivemethods/lib/python3.8/site-packages:/opt/ros/foxy/lib/python3.8/site-packages /usr/bin/python3 setup.py develop --editable --build-directory /home/babangida/ros_ws/build/onecim/build --no-deps install_data
[3.535s] running develop
[3.775s] running egg_info
[3.775s] writing onecim.egg-info/PKG-INFO
[3.776s] writing dependency_links to onecim.egg-info/dependency_links.txt
[3.776s] writing entry points to onecim.egg-info/entry_points.txt
[3.777s] writing requirements to onecim.egg-info/requires.txt
[3.777s] writing top-level names to onecim.egg-info/top_level.txt
[3.837s] reading manifest file 'onecim.egg-info/SOURCES.txt'
[3.838s] writing manifest file 'onecim.egg-info/SOURCES.txt'
[3.898s] running build_ext
[3.898s] Creating /home/babangida/ros_ws/install/onecim/lib/python3.8/site-packages/onecim.egg-link (link to .)
[3.899s] Installing ewfiscim script to /home/babangida/ros_ws/install/onecim/lib/onecim
[3.900s] Installing fisonecimlooptls script to /home/babangida/ros_ws/install/onecim/lib/onecim
[3.901s] Installing fisonecimtls script to /home/babangida/ros_ws/install/onecim/lib/onecim
[3.901s] Installing genveh script to /home/babangida/ros_ws/install/onecim/lib/onecim
[3.901s] Installing onecimew script to /home/babangida/ros_ws/install/onecim/lib/onecim
[3.901s] Installing onecimloopew script to /home/babangida/ros_ws/install/onecim/lib/onecim
[3.902s] Installing onecimloopsn script to /home/babangida/ros_ws/install/onecim/lib/onecim
[3.902s] Installing onecimloopstatictls script to /home/babangida/ros_ws/install/onecim/lib/onecim
[3.902s] Installing onecimlooptls script to /home/babangida/ros_ws/install/onecim/lib/onecim
[3.903s] Installing onecimsn script to /home/babangida/ros_ws/install/onecim/lib/onecim
[3.903s] Installing onecimtls script to /home/babangida/ros_ws/install/onecim/lib/onecim
[3.903s] Installing playde script to /home/babangida/ros_ws/install/onecim/lib/onecim
[3.904s] Installing playpp script to /home/babangida/ros_ws/install/onecim/lib/onecim
[3.904s] Installing rectraffic script to /home/babangida/ros_ws/install/onecim/lib/onecim
[3.905s] Installing simspeed script to /home/babangida/ros_ws/install/onecim/lib/onecim
[3.905s] Installing snfiscim script to /home/babangida/ros_ws/install/onecim/lib/onecim
[3.905s] Installing veh script to /home/babangida/ros_ws/install/onecim/lib/onecim
[3.905s] Installing wypts script to /home/babangida/ros_ws/install/onecim/lib/onecim
[3.906s] 
[3.906s] Installed /home/babangida/ros_ws/build/onecim
[3.907s] running install_data
[3.950s] Invoked command in '/home/babangida/ros_ws/build/onecim' returned '0': PYTHONPATH=/home/babangida/ros_ws/build/onecim/prefix_override:/home/babangida/ros_ws/install/onecim/lib/python3.8/site-packages:/home/babangida/ros_ws/install/trafficrecord/lib/python3.8/site-packages:/home/babangida/ros_ws/install/dsrcmsg/lib/python3.8/site-packages:/home/babangida/ros_ws/install/onecim/lib/python3.8/site-packages:/home/babangida/ros_ws/install/cim/lib/python3.8/site-packages:/home/babangida/ros_ws/build/reactivemethods:/home/babangida/ros_ws/install/reactivemethods/lib/python3.8/site-packages:/opt/ros/foxy/lib/python3.8/site-packages /usr/bin/python3 setup.py develop --editable --build-directory /home/babangida/ros_ws/build/onecim/build --no-deps install_data
