[8.612s] Invoking command in '/home/babangida/ros_ws/build/onecim': PYTHONPATH=/home/babangida/ros_ws/build/onecim/prefix_override:/home/babangida/ros_ws/install/onecim/lib/python3.8/site-packages:/home/babangida/ros_ws/install/trafficrecord/lib/python3.8/site-packages:/home/babangida/ros_ws/install/dsrcmsg/lib/python3.8/site-packages:/home/babangida/ros_ws/build/onecim:/home/babangida/ros_ws/install/onecim/lib/python3.8/site-packages:/home/babangida/ros_ws/install/cim/lib/python3.8/site-packages:/home/babangida/ros_ws/build/reactivemethods:/home/babangida/ros_ws/install/reactivemethods/lib/python3.8/site-packages:/opt/ros/foxy/lib/python3.8/site-packages /usr/bin/python3 setup.py develop --editable --build-directory /home/babangida/ros_ws/build/onecim/build --no-deps install_data
[8.893s] running develop
[9.249s] running egg_info
[9.249s] writing onecim.egg-info/PKG-INFO
[9.249s] writing dependency_links to onecim.egg-info/dependency_links.txt
[9.249s] writing entry points to onecim.egg-info/entry_points.txt
[9.250s] writing requirements to onecim.egg-info/requires.txt
[9.250s] writing top-level names to onecim.egg-info/top_level.txt
[9.425s] reading manifest file 'onecim.egg-info/SOURCES.txt'
[9.431s] writing manifest file 'onecim.egg-info/SOURCES.txt'
[9.469s] running build_ext
[9.532s] Creating /home/babangida/ros_ws/install/onecim/lib/python3.8/site-packages/onecim.egg-link (link to .)
[9.533s] Installing ewfiscim script to /home/babangida/ros_ws/install/onecim/lib/onecim
[9.533s] Installing fisonecimlooptls script to /home/babangida/ros_ws/install/onecim/lib/onecim
[9.533s] Installing fisonecimtls script to /home/babangida/ros_ws/install/onecim/lib/onecim
[9.534s] Installing onecimew script to /home/babangida/ros_ws/install/onecim/lib/onecim
[9.534s] Installing onecimloopew script to /home/babangida/ros_ws/install/onecim/lib/onecim
[9.562s] Installing onecimloopsn script to /home/babangida/ros_ws/install/onecim/lib/onecim
[9.605s] Installing onecimloopstatictls script to /home/babangida/ros_ws/install/onecim/lib/onecim
[9.605s] Installing onecimlooptls script to /home/babangida/ros_ws/install/onecim/lib/onecim
[9.605s] Installing onecimsn script to /home/babangida/ros_ws/install/onecim/lib/onecim
[9.605s] Installing onecimtls script to /home/babangida/ros_ws/install/onecim/lib/onecim
[9.606s] Installing playde script to /home/babangida/ros_ws/install/onecim/lib/onecim
[9.606s] Installing playpp script to /home/babangida/ros_ws/install/onecim/lib/onecim
[9.606s] Installing simspeed script to /home/babangida/ros_ws/install/onecim/lib/onecim
[9.606s] Installing snfiscim script to /home/babangida/ros_ws/install/onecim/lib/onecim
[9.606s] Installing veh script to /home/babangida/ros_ws/install/onecim/lib/onecim
[9.607s] Installing wypts script to /home/babangida/ros_ws/install/onecim/lib/onecim
[9.607s] 
[9.607s] Installed /home/babangida/ros_ws/build/onecim
[9.607s] running install_data
[9.670s] Invoked command in '/home/babangida/ros_ws/build/onecim' returned '0': PYTHONPATH=/home/babangida/ros_ws/build/onecim/prefix_override:/home/babangida/ros_ws/install/onecim/lib/python3.8/site-packages:/home/babangida/ros_ws/install/trafficrecord/lib/python3.8/site-packages:/home/babangida/ros_ws/install/dsrcmsg/lib/python3.8/site-packages:/home/babangida/ros_ws/build/onecim:/home/babangida/ros_ws/install/onecim/lib/python3.8/site-packages:/home/babangida/ros_ws/install/cim/lib/python3.8/site-packages:/home/babangida/ros_ws/build/reactivemethods:/home/babangida/ros_ws/install/reactivemethods/lib/python3.8/site-packages:/opt/ros/foxy/lib/python3.8/site-packages /usr/bin/python3 setup.py develop --editable --build-directory /home/babangida/ros_ws/build/onecim/build --no-deps install_data
