[4.026s] Invoking command in '/home/babangida/ros_ws/build/onecim': PYTHONPATH=/home/babangida/ros_ws/build/onecim/prefix_override:/home/babangida/ros_ws/install/onecim/lib/python3.8/site-packages:/home/babangida/ros_ws/install/trafficrecord/lib/python3.8/site-packages:/home/babangida/ros_ws/install/dsrcmsg/lib/python3.8/site-packages:/home/babangida/ros_ws/build/onecim:/home/babangida/ros_ws/install/onecim/lib/python3.8/site-packages:/home/babangida/ros_ws/install/cim/lib/python3.8/site-packages:/home/babangida/ros_ws/build/reactivemethods:/home/babangida/ros_ws/install/reactivemethods/lib/python3.8/site-packages:/opt/ros/foxy/lib/python3.8/site-packages /usr/bin/python3 setup.py develop --editable --build-directory /home/babangida/ros_ws/build/onecim/build --no-deps install_data
[4.246s] running develop
[4.575s] running egg_info
[4.575s] writing onecim.egg-info/PKG-INFO
[4.575s] writing dependency_links to onecim.egg-info/dependency_links.txt
[4.576s] writing entry points to onecim.egg-info/entry_points.txt
[4.576s] writing requirements to onecim.egg-info/requires.txt
[4.576s] writing top-level names to onecim.egg-info/top_level.txt
[4.702s] reading manifest file 'onecim.egg-info/SOURCES.txt'
[4.704s] writing manifest file 'onecim.egg-info/SOURCES.txt'
[4.743s] running build_ext
[4.770s] Creating /home/babangida/ros_ws/install/onecim/lib/python3.8/site-packages/onecim.egg-link (link to .)
[4.771s] Installing ewfiscim script to /home/babangida/ros_ws/install/onecim/lib/onecim
[4.772s] Installing fisonecimlooptls script to /home/babangida/ros_ws/install/onecim/lib/onecim
[4.772s] Installing fisonecimtls script to /home/babangida/ros_ws/install/onecim/lib/onecim
[4.772s] Installing onecimew script to /home/babangida/ros_ws/install/onecim/lib/onecim
[4.772s] Installing onecimloopew script to /home/babangida/ros_ws/install/onecim/lib/onecim
[4.794s] Installing onecimloopsn script to /home/babangida/ros_ws/install/onecim/lib/onecim
[4.794s] Installing onecimloopstatictls script to /home/babangida/ros_ws/install/onecim/lib/onecim
[4.795s] Installing onecimlooptls script to /home/babangida/ros_ws/install/onecim/lib/onecim
[4.795s] Installing onecimsn script to /home/babangida/ros_ws/install/onecim/lib/onecim
[4.795s] Installing onecimtls script to /home/babangida/ros_ws/install/onecim/lib/onecim
[4.796s] Installing playde script to /home/babangida/ros_ws/install/onecim/lib/onecim
[4.796s] Installing playpp script to /home/babangida/ros_ws/install/onecim/lib/onecim
[4.796s] Installing simspeed script to /home/babangida/ros_ws/install/onecim/lib/onecim
[4.796s] Installing snfiscim script to /home/babangida/ros_ws/install/onecim/lib/onecim
[4.797s] Installing veh script to /home/babangida/ros_ws/install/onecim/lib/onecim
[4.797s] Installing wypts script to /home/babangida/ros_ws/install/onecim/lib/onecim
[4.797s] 
[4.797s] Installed /home/babangida/ros_ws/build/onecim
[4.797s] running install_data
[4.831s] Invoked command in '/home/babangida/ros_ws/build/onecim' returned '0': PYTHONPATH=/home/babangida/ros_ws/build/onecim/prefix_override:/home/babangida/ros_ws/install/onecim/lib/python3.8/site-packages:/home/babangida/ros_ws/install/trafficrecord/lib/python3.8/site-packages:/home/babangida/ros_ws/install/dsrcmsg/lib/python3.8/site-packages:/home/babangida/ros_ws/build/onecim:/home/babangida/ros_ws/install/onecim/lib/python3.8/site-packages:/home/babangida/ros_ws/install/cim/lib/python3.8/site-packages:/home/babangida/ros_ws/build/reactivemethods:/home/babangida/ros_ws/install/reactivemethods/lib/python3.8/site-packages:/opt/ros/foxy/lib/python3.8/site-packages /usr/bin/python3 setup.py develop --editable --build-directory /home/babangida/ros_ws/build/onecim/build --no-deps install_data
