[3.085s] Invoking command in '/home/babangida/ros_ws/build/onecim': PYTHONPATH=/home/babangida/ros_ws/build/onecim/prefix_override:/home/babangida/ros_ws/install/onecim/lib/python3.8/site-packages:/home/babangida/ros_ws/install/trafficrecord/lib/python3.8/site-packages:/home/babangida/ros_ws/install/dsrcmsg/lib/python3.8/site-packages:/home/babangida/ros_ws/install/onecim/lib/python3.8/site-packages:/home/babangida/ros_ws/install/cim/lib/python3.8/site-packages:/home/babangida/ros_ws/install/reactivemethods/lib/python3.8/site-packages:/opt/ros/foxy/lib/python3.8/site-packages /usr/bin/python3 setup.py develop --editable --build-directory /home/babangida/ros_ws/build/onecim/build --no-deps install_data
[3.458s] running develop
[3.705s] running egg_info
[3.705s] writing onecim.egg-info/PKG-INFO
[3.706s] writing dependency_links to onecim.egg-info/dependency_links.txt
[3.706s] writing entry points to onecim.egg-info/entry_points.txt
[3.706s] writing requirements to onecim.egg-info/requires.txt
[3.706s] writing top-level names to onecim.egg-info/top_level.txt
[3.753s] reading manifest file 'onecim.egg-info/SOURCES.txt'
[3.754s] writing manifest file 'onecim.egg-info/SOURCES.txt'
[3.808s] running build_ext
[3.833s] Creating /home/babangida/ros_ws/install/onecim/lib/python3.8/site-packages/site.py
[3.836s] Creating /home/babangida/ros_ws/install/onecim/lib/python3.8/site-packages/onecim.egg-link (link to .)
[3.837s] Installing onecimsn script to /home/babangida/ros_ws/install/onecim/lib/onecim
[3.837s] Installing onecimtls script to /home/babangida/ros_ws/install/onecim/lib/onecim
[3.837s] Installing playde script to /home/babangida/ros_ws/install/onecim/lib/onecim
[3.838s] Installing playpp script to /home/babangida/ros_ws/install/onecim/lib/onecim
[3.838s] 
[3.838s] Installed /home/babangida/ros_ws/build/onecim
[3.838s] running install_data
[3.877s] Invoked command in '/home/babangida/ros_ws/build/onecim' returned '0': PYTHONPATH=/home/babangida/ros_ws/build/onecim/prefix_override:/home/babangida/ros_ws/install/onecim/lib/python3.8/site-packages:/home/babangida/ros_ws/install/trafficrecord/lib/python3.8/site-packages:/home/babangida/ros_ws/install/dsrcmsg/lib/python3.8/site-packages:/home/babangida/ros_ws/install/onecim/lib/python3.8/site-packages:/home/babangida/ros_ws/install/cim/lib/python3.8/site-packages:/home/babangida/ros_ws/install/reactivemethods/lib/python3.8/site-packages:/opt/ros/foxy/lib/python3.8/site-packages /usr/bin/python3 setup.py develop --editable --build-directory /home/babangida/ros_ws/build/onecim/build --no-deps install_data
