[1.982s] Invoking command in '/home/babangida/ros_ws/src/onecim': PYTHONPATH=/home/babangida/ros_ws/build/onecim/prefix_override:/home/babangida/ros_ws/install/onecim/lib/python3.8/site-packages:/home/babangida/ros_ws/install/trafficrecord/lib/python3.8/site-packages:/home/babangida/ros_ws/install/dsrcmsg/lib/python3.8/site-packages:/home/babangida/ros_ws/install/cim/lib/python3.8/site-packages:/home/babangida/ros_ws/install/reactivemethods/lib/python3.8/site-packages:/opt/ros/foxy/lib/python3.8/site-packages /usr/bin/python3 setup.py egg_info --egg-base ../../build/onecim build --build-base /home/babangida/ros_ws/build/onecim/build install --record /home/babangida/ros_ws/build/onecim/install.log --install-scripts $base/lib/onecim --single-version-externally-managed
[2.199s] running egg_info
[2.200s] writing ../../build/onecim/onecim.egg-info/PKG-INFO
[2.200s] writing dependency_links to ../../build/onecim/onecim.egg-info/dependency_links.txt
[2.201s] writing entry points to ../../build/onecim/onecim.egg-info/entry_points.txt
[2.201s] writing requirements to ../../build/onecim/onecim.egg-info/requires.txt
[2.201s] writing top-level names to ../../build/onecim/onecim.egg-info/top_level.txt
[2.235s] reading manifest file '../../build/onecim/onecim.egg-info/SOURCES.txt'
[2.236s] writing manifest file '../../build/onecim/onecim.egg-info/SOURCES.txt'
[2.236s] running build
[2.236s] running build_py
[2.236s] copying onecim/onecimtls.py -> /home/babangida/ros_ws/build/onecim/build/lib/onecim
[2.236s] running install
[2.238s] running install_lib
[2.239s] copying /home/babangida/ros_ws/build/onecim/build/lib/onecim/onecimtls.py -> /home/babangida/ros_ws/install/onecim/lib/python3.8/site-packages/onecim
[2.239s] byte-compiling /home/babangida/ros_ws/install/onecim/lib/python3.8/site-packages/onecim/onecimtls.py to onecimtls.cpython-38.pyc
[2.242s] /home/babangida/ros_ws/install/onecim/lib/python3.8/site-packages/onecim/onecimtls.py:162: SyntaxWarning: "is" with a literal. Did you mean "=="?
[2.242s]   if appLeg is 'NS' or appLeg is 'SN':
[2.242s] /home/babangida/ros_ws/install/onecim/lib/python3.8/site-packages/onecim/onecimtls.py:162: SyntaxWarning: "is" with a literal. Did you mean "=="?
[2.242s]   if appLeg is 'NS' or appLeg is 'SN':
[2.242s] /home/babangida/ros_ws/install/onecim/lib/python3.8/site-packages/onecim/onecimtls.py:164: SyntaxWarning: "is" with a literal. Did you mean "=="?
[2.242s]   if appLeg is 'WE' or appLeg is 'EW':
[2.242s] /home/babangida/ros_ws/install/onecim/lib/python3.8/site-packages/onecim/onecimtls.py:164: SyntaxWarning: "is" with a literal. Did you mean "=="?
[2.242s]   if appLeg is 'WE' or appLeg is 'EW':
[2.242s] running install_data
[2.243s] running install_egg_info
[2.244s] removing '/home/babangida/ros_ws/install/onecim/lib/python3.8/site-packages/onecim-0.0.0-py3.8.egg-info' (and everything under it)
[2.244s] Copying ../../build/onecim/onecim.egg-info to /home/babangida/ros_ws/install/onecim/lib/python3.8/site-packages/onecim-0.0.0-py3.8.egg-info
[2.246s] running install_scripts
[2.264s] Installing onecimtls script to /home/babangida/ros_ws/install/onecim/lib/onecim
[2.265s] writing list of installed files to '/home/babangida/ros_ws/build/onecim/install.log'
[2.285s] Invoked command in '/home/babangida/ros_ws/src/onecim' returned '0': PYTHONPATH=/home/babangida/ros_ws/build/onecim/prefix_override:/home/babangida/ros_ws/install/onecim/lib/python3.8/site-packages:/home/babangida/ros_ws/install/trafficrecord/lib/python3.8/site-packages:/home/babangida/ros_ws/install/dsrcmsg/lib/python3.8/site-packages:/home/babangida/ros_ws/install/cim/lib/python3.8/site-packages:/home/babangida/ros_ws/install/reactivemethods/lib/python3.8/site-packages:/opt/ros/foxy/lib/python3.8/site-packages /usr/bin/python3 setup.py egg_info --egg-base ../../build/onecim build --build-base /home/babangida/ros_ws/build/onecim/build install --record /home/babangida/ros_ws/build/onecim/install.log --install-scripts $base/lib/onecim --single-version-externally-managed
