[4.166s] DEBUG:colcon:Command line arguments: ['/usr/bin/colcon', 'build']
[4.166s] DEBUG:colcon:Parsed command line arguments: Namespace(allow_overriding=[], ament_cmake_args=None, base_paths=['.'], build_base='build', catkin_cmake_args=None, catkin_skip_building_tests=False, cmake_args=None, cmake_clean_cache=False, cmake_clean_first=False, cmake_force_configure=False, cmake_target=None, cmake_target_skip_unavailable=False, continue_on_error=False, event_handlers=None, executor='parallel', ignore_user_meta=False, install_base='install', log_base=None, log_level=None, main=<bound method BuildVerb.main of <colcon_core.verb.build.BuildVerb object at 0x7f08c1be2160>>, merge_install=False, metas=['./colcon.meta'], packages_above=None, packages_above_and_dependencies=None, packages_above_depth=None, packages_end=None, packages_ignore=None, packages_ignore_regex=None, packages_select=None, packages_select_build_failed=False, packages_select_by_dep=None, packages_select_regex=None, packages_select_test_failures=False, packages_skip=None, packages_skip_build_finished=False, packages_skip_by_dep=None, packages_skip_regex=None, packages_skip_test_passed=False, packages_skip_up_to=None, packages_start=None, packages_up_to=None, packages_up_to_regex=None, parallel_workers=8, paths=None, symlink_install=False, test_result_base=None, verb_extension=<colcon_core.verb.build.BuildVerb object at 0x7f08c1be2160>, verb_name='build', verb_parser=<colcon_defaults.argument_parser.defaults.DefaultArgumentsDecorator object at 0x7f08c1aea850>)
[4.304s] Level 1:colcon.colcon_core.package_discovery:discover_packages(colcon_meta) check parameters
[4.304s] Level 1:colcon.colcon_core.package_discovery:discover_packages(recursive) check parameters
[4.304s] Level 1:colcon.colcon_core.package_discovery:discover_packages(ignore) check parameters
[4.304s] Level 1:colcon.colcon_core.package_discovery:discover_packages(path) check parameters
[4.304s] Level 1:colcon.colcon_core.package_discovery:discover_packages(colcon_meta) discover
[4.304s] Level 1:colcon.colcon_core.package_discovery:discover_packages(recursive) discover
[4.304s] INFO:colcon.colcon_core.package_discovery:Crawling recursively for packages in '/home/babangida/ros_ws'
[4.305s] Level 1:colcon.colcon_core.package_identification:_identify(.) by extensions ['ignore', 'ignore_ament_install']
[4.305s] Level 1:colcon.colcon_core.package_identification:_identify(.) by extension 'ignore'
[4.305s] Level 1:colcon.colcon_core.package_identification:_identify(.) by extension 'ignore_ament_install'
[4.305s] Level 1:colcon.colcon_core.package_identification:_identify(.) by extensions ['colcon_pkg']
[4.305s] Level 1:colcon.colcon_core.package_identification:_identify(.) by extension 'colcon_pkg'
[4.305s] Level 1:colcon.colcon_core.package_identification:_identify(.) by extensions ['colcon_meta']
[4.305s] Level 1:colcon.colcon_core.package_identification:_identify(.) by extension 'colcon_meta'
[4.305s] Level 1:colcon.colcon_core.package_identification:_identify(.) by extensions ['ros']
[4.305s] Level 1:colcon.colcon_core.package_identification:_identify(.) by extension 'ros'
[4.319s] Level 1:colcon.colcon_core.package_identification:_identify(.) by extensions ['cmake', 'python']
[4.319s] Level 1:colcon.colcon_core.package_identification:_identify(.) by extension 'cmake'
[4.319s] Level 1:colcon.colcon_core.package_identification:_identify(.) by extension 'python'
[4.319s] Level 1:colcon.colcon_core.package_identification:_identify(.) by extensions ['python_setup_py']
[4.319s] Level 1:colcon.colcon_core.package_identification:_identify(.) by extension 'python_setup_py'
[4.319s] Level 1:colcon.colcon_core.package_identification:_identify(build) by extensions ['ignore', 'ignore_ament_install']
[4.319s] Level 1:colcon.colcon_core.package_identification:_identify(build) by extension 'ignore'
[4.319s] Level 1:colcon.colcon_core.package_identification:_identify(build) ignored
[4.320s] Level 1:colcon.colcon_core.package_identification:_identify(install) by extensions ['ignore', 'ignore_ament_install']
[4.320s] Level 1:colcon.colcon_core.package_identification:_identify(install) by extension 'ignore'
[4.320s] Level 1:colcon.colcon_core.package_identification:_identify(install) ignored
[4.320s] Level 1:colcon.colcon_core.package_identification:_identify(log) by extensions ['ignore', 'ignore_ament_install']
[4.320s] Level 1:colcon.colcon_core.package_identification:_identify(log) by extension 'ignore'
[4.320s] Level 1:colcon.colcon_core.package_identification:_identify(log) ignored
[4.320s] Level 1:colcon.colcon_core.package_identification:_identify(src) by extensions ['ignore', 'ignore_ament_install']
[4.320s] Level 1:colcon.colcon_core.package_identification:_identify(src) by extension 'ignore'
[4.320s] Level 1:colcon.colcon_core.package_identification:_identify(src) by extension 'ignore_ament_install'
[4.320s] Level 1:colcon.colcon_core.package_identification:_identify(src) by extensions ['colcon_pkg']
[4.320s] Level 1:colcon.colcon_core.package_identification:_identify(src) by extension 'colcon_pkg'
[4.320s] Level 1:colcon.colcon_core.package_identification:_identify(src) by extensions ['colcon_meta']
[4.320s] Level 1:colcon.colcon_core.package_identification:_identify(src) by extension 'colcon_meta'
[4.320s] Level 1:colcon.colcon_core.package_identification:_identify(src) by extensions ['ros']
[4.320s] Level 1:colcon.colcon_core.package_identification:_identify(src) by extension 'ros'
[4.321s] Level 1:colcon.colcon_core.package_identification:_identify(src) by extensions ['cmake', 'python']
[4.321s] Level 1:colcon.colcon_core.package_identification:_identify(src) by extension 'cmake'
[4.321s] Level 1:colcon.colcon_core.package_identification:_identify(src) by extension 'python'
[4.321s] Level 1:colcon.colcon_core.package_identification:_identify(src) by extensions ['python_setup_py']
[4.321s] Level 1:colcon.colcon_core.package_identification:_identify(src) by extension 'python_setup_py'
[4.321s] Level 1:colcon.colcon_core.package_identification:_identify(src/cim) by extensions ['ignore', 'ignore_ament_install']
[4.321s] Level 1:colcon.colcon_core.package_identification:_identify(src/cim) by extension 'ignore'
[4.321s] Level 1:colcon.colcon_core.package_identification:_identify(src/cim) by extension 'ignore_ament_install'
[4.321s] Level 1:colcon.colcon_core.package_identification:_identify(src/cim) by extensions ['colcon_pkg']
[4.321s] Level 1:colcon.colcon_core.package_identification:_identify(src/cim) by extension 'colcon_pkg'
[4.321s] Level 1:colcon.colcon_core.package_identification:_identify(src/cim) by extensions ['colcon_meta']
[4.321s] Level 1:colcon.colcon_core.package_identification:_identify(src/cim) by extension 'colcon_meta'
[4.321s] Level 1:colcon.colcon_core.package_identification:_identify(src/cim) by extensions ['ros']
[4.321s] Level 1:colcon.colcon_core.package_identification:_identify(src/cim) by extension 'ros'
[4.324s] DEBUG:colcon.colcon_core.package_identification:Package 'src/cim' with type 'ros.ament_python' and name 'cim'
[4.324s] Level 1:colcon.colcon_core.package_identification:_identify(src/dsrcmsg) by extensions ['ignore', 'ignore_ament_install']
[4.324s] Level 1:colcon.colcon_core.package_identification:_identify(src/dsrcmsg) by extension 'ignore'
[4.324s] Level 1:colcon.colcon_core.package_identification:_identify(src/dsrcmsg) by extension 'ignore_ament_install'
[4.324s] Level 1:colcon.colcon_core.package_identification:_identify(src/dsrcmsg) by extensions ['colcon_pkg']
[4.324s] Level 1:colcon.colcon_core.package_identification:_identify(src/dsrcmsg) by extension 'colcon_pkg'
[4.324s] Level 1:colcon.colcon_core.package_identification:_identify(src/dsrcmsg) by extensions ['colcon_meta']
[4.325s] Level 1:colcon.colcon_core.package_identification:_identify(src/dsrcmsg) by extension 'colcon_meta'
[4.325s] Level 1:colcon.colcon_core.package_identification:_identify(src/dsrcmsg) by extensions ['ros']
[4.325s] Level 1:colcon.colcon_core.package_identification:_identify(src/dsrcmsg) by extension 'ros'
[4.325s] DEBUG:colcon.colcon_core.package_identification:Package 'src/dsrcmsg' with type 'ros.ament_cmake' and name 'dsrcmsg'
[4.325s] Level 1:colcon.colcon_core.package_identification:_identify(src/reactivemethods) by extensions ['ignore', 'ignore_ament_install']
[4.326s] Level 1:colcon.colcon_core.package_identification:_identify(src/reactivemethods) by extension 'ignore'
[4.326s] Level 1:colcon.colcon_core.package_identification:_identify(src/reactivemethods) by extension 'ignore_ament_install'
[4.326s] Level 1:colcon.colcon_core.package_identification:_identify(src/reactivemethods) by extensions ['colcon_pkg']
[4.326s] Level 1:colcon.colcon_core.package_identification:_identify(src/reactivemethods) by extension 'colcon_pkg'
[4.326s] Level 1:colcon.colcon_core.package_identification:_identify(src/reactivemethods) by extensions ['colcon_meta']
[4.326s] Level 1:colcon.colcon_core.package_identification:_identify(src/reactivemethods) by extension 'colcon_meta'
[4.326s] Level 1:colcon.colcon_core.package_identification:_identify(src/reactivemethods) by extensions ['ros']
[4.326s] Level 1:colcon.colcon_core.package_identification:_identify(src/reactivemethods) by extension 'ros'
[4.326s] DEBUG:colcon.colcon_core.package_identification:Package 'src/reactivemethods' with type 'ros.ament_python' and name 'reactivemethods'
[4.327s] Level 1:colcon.colcon_core.package_identification:_identify(src/trafficrecord) by extensions ['ignore', 'ignore_ament_install']
[4.327s] Level 1:colcon.colcon_core.package_identification:_identify(src/trafficrecord) by extension 'ignore'
[4.327s] Level 1:colcon.colcon_core.package_identification:_identify(src/trafficrecord) by extension 'ignore_ament_install'
[4.327s] Level 1:colcon.colcon_core.package_identification:_identify(src/trafficrecord) by extensions ['colcon_pkg']
[4.327s] Level 1:colcon.colcon_core.package_identification:_identify(src/trafficrecord) by extension 'colcon_pkg'
[4.327s] Level 1:colcon.colcon_core.package_identification:_identify(src/trafficrecord) by extensions ['colcon_meta']
[4.327s] Level 1:colcon.colcon_core.package_identification:_identify(src/trafficrecord) by extension 'colcon_meta'
[4.327s] Level 1:colcon.colcon_core.package_identification:_identify(src/trafficrecord) by extensions ['ros']
[4.327s] Level 1:colcon.colcon_core.package_identification:_identify(src/trafficrecord) by extension 'ros'
[4.328s] DEBUG:colcon.colcon_core.package_identification:Package 'src/trafficrecord' with type 'ros.ament_cmake' and name 'trafficrecord'
[4.328s] Level 1:colcon.colcon_core.package_discovery:discover_packages(recursive) using defaults
[4.328s] Level 1:colcon.colcon_core.package_discovery:discover_packages(ignore) discover
[4.328s] Level 1:colcon.colcon_core.package_discovery:discover_packages(ignore) using defaults
[4.328s] Level 1:colcon.colcon_core.package_discovery:discover_packages(path) discover
[4.328s] Level 1:colcon.colcon_core.package_discovery:discover_packages(path) using defaults
[4.641s] Level 1:colcon.colcon_core.package_discovery:discover_packages(prefix_path) check parameters
[4.641s] Level 1:colcon.colcon_core.package_discovery:discover_packages(prefix_path) discover
[4.796s] DEBUG:colcon.colcon_installed_package_information.package_discovery:Found 4 installed packages in /home/babangida/ros_ws/install
[4.870s] DEBUG:colcon.colcon_installed_package_information.package_discovery:Found 289 installed packages in /opt/ros/foxy
[4.871s] Level 1:colcon.colcon_core.package_discovery:discover_packages(prefix_path) using defaults
[5.523s] Level 5:colcon.colcon_core.verb:set package 'dsrcmsg' build argument 'cmake_args' from command line to 'None'
[5.523s] Level 5:colcon.colcon_core.verb:set package 'dsrcmsg' build argument 'cmake_target' from command line to 'None'
[5.523s] Level 5:colcon.colcon_core.verb:set package 'dsrcmsg' build argument 'cmake_target_skip_unavailable' from command line to 'False'
[5.523s] Level 5:colcon.colcon_core.verb:set package 'dsrcmsg' build argument 'cmake_clean_cache' from command line to 'False'
[5.523s] Level 5:colcon.colcon_core.verb:set package 'dsrcmsg' build argument 'cmake_clean_first' from command line to 'False'
[5.523s] Level 5:colcon.colcon_core.verb:set package 'dsrcmsg' build argument 'cmake_force_configure' from command line to 'False'
[5.523s] Level 5:colcon.colcon_core.verb:set package 'dsrcmsg' build argument 'ament_cmake_args' from command line to 'None'
[5.523s] Level 5:colcon.colcon_core.verb:set package 'dsrcmsg' build argument 'catkin_cmake_args' from command line to 'None'
[5.523s] Level 5:colcon.colcon_core.verb:set package 'dsrcmsg' build argument 'catkin_skip_building_tests' from command line to 'False'
[5.524s] DEBUG:colcon.colcon_core.verb:Building package 'dsrcmsg' with the following arguments: {'ament_cmake_args': None, 'build_base': '/home/babangida/ros_ws/build/dsrcmsg', 'catkin_cmake_args': None, 'catkin_skip_building_tests': False, 'cmake_args': None, 'cmake_clean_cache': False, 'cmake_clean_first': False, 'cmake_force_configure': False, 'cmake_target': None, 'cmake_target_skip_unavailable': False, 'install_base': '/home/babangida/ros_ws/install/dsrcmsg', 'merge_install': False, 'path': '/home/babangida/ros_ws/src/dsrcmsg', 'symlink_install': False, 'test_result_base': None}
[5.559s] Level 5:colcon.colcon_core.verb:set package 'trafficrecord' build argument 'cmake_args' from command line to 'None'
[5.559s] Level 5:colcon.colcon_core.verb:set package 'trafficrecord' build argument 'cmake_target' from command line to 'None'
[5.559s] Level 5:colcon.colcon_core.verb:set package 'trafficrecord' build argument 'cmake_target_skip_unavailable' from command line to 'False'
[5.559s] Level 5:colcon.colcon_core.verb:set package 'trafficrecord' build argument 'cmake_clean_cache' from command line to 'False'
[5.559s] Level 5:colcon.colcon_core.verb:set package 'trafficrecord' build argument 'cmake_clean_first' from command line to 'False'
[5.559s] Level 5:colcon.colcon_core.verb:set package 'trafficrecord' build argument 'cmake_force_configure' from command line to 'False'
[5.559s] Level 5:colcon.colcon_core.verb:set package 'trafficrecord' build argument 'ament_cmake_args' from command line to 'None'
[5.559s] Level 5:colcon.colcon_core.verb:set package 'trafficrecord' build argument 'catkin_cmake_args' from command line to 'None'
[5.559s] Level 5:colcon.colcon_core.verb:set package 'trafficrecord' build argument 'catkin_skip_building_tests' from command line to 'False'
[5.559s] DEBUG:colcon.colcon_core.verb:Building package 'trafficrecord' with the following arguments: {'ament_cmake_args': None, 'build_base': '/home/babangida/ros_ws/build/trafficrecord', 'catkin_cmake_args': None, 'catkin_skip_building_tests': False, 'cmake_args': None, 'cmake_clean_cache': False, 'cmake_clean_first': False, 'cmake_force_configure': False, 'cmake_target': None, 'cmake_target_skip_unavailable': False, 'install_base': '/home/babangida/ros_ws/install/trafficrecord', 'merge_install': False, 'path': '/home/babangida/ros_ws/src/trafficrecord', 'symlink_install': False, 'test_result_base': None}
[5.595s] Level 5:colcon.colcon_core.verb:set package 'cim' build argument 'cmake_args' from command line to 'None'
[5.595s] Level 5:colcon.colcon_core.verb:set package 'cim' build argument 'cmake_target' from command line to 'None'
[5.595s] Level 5:colcon.colcon_core.verb:set package 'cim' build argument 'cmake_target_skip_unavailable' from command line to 'False'
[5.595s] Level 5:colcon.colcon_core.verb:set package 'cim' build argument 'cmake_clean_cache' from command line to 'False'
[5.595s] Level 5:colcon.colcon_core.verb:set package 'cim' build argument 'cmake_clean_first' from command line to 'False'
[5.595s] Level 5:colcon.colcon_core.verb:set package 'cim' build argument 'cmake_force_configure' from command line to 'False'
[5.595s] Level 5:colcon.colcon_core.verb:set package 'cim' build argument 'ament_cmake_args' from command line to 'None'
[5.595s] Level 5:colcon.colcon_core.verb:set package 'cim' build argument 'catkin_cmake_args' from command line to 'None'
[5.595s] Level 5:colcon.colcon_core.verb:set package 'cim' build argument 'catkin_skip_building_tests' from command line to 'False'
[5.595s] DEBUG:colcon.colcon_core.verb:Building package 'cim' with the following arguments: {'ament_cmake_args': None, 'build_base': '/home/babangida/ros_ws/build/cim', 'catkin_cmake_args': None, 'catkin_skip_building_tests': False, 'cmake_args': None, 'cmake_clean_cache': False, 'cmake_clean_first': False, 'cmake_force_configure': False, 'cmake_target': None, 'cmake_target_skip_unavailable': False, 'install_base': '/home/babangida/ros_ws/install/cim', 'merge_install': False, 'path': '/home/babangida/ros_ws/src/cim', 'symlink_install': False, 'test_result_base': None}
[5.632s] Level 5:colcon.colcon_core.verb:set package 'reactivemethods' build argument 'cmake_args' from command line to 'None'
[5.632s] Level 5:colcon.colcon_core.verb:set package 'reactivemethods' build argument 'cmake_target' from command line to 'None'
[5.632s] Level 5:colcon.colcon_core.verb:set package 'reactivemethods' build argument 'cmake_target_skip_unavailable' from command line to 'False'
[5.632s] Level 5:colcon.colcon_core.verb:set package 'reactivemethods' build argument 'cmake_clean_cache' from command line to 'False'
[5.633s] Level 5:colcon.colcon_core.verb:set package 'reactivemethods' build argument 'cmake_clean_first' from command line to 'False'
[5.633s] Level 5:colcon.colcon_core.verb:set package 'reactivemethods' build argument 'cmake_force_configure' from command line to 'False'
[5.633s] Level 5:colcon.colcon_core.verb:set package 'reactivemethods' build argument 'ament_cmake_args' from command line to 'None'
[5.633s] Level 5:colcon.colcon_core.verb:set package 'reactivemethods' build argument 'catkin_cmake_args' from command line to 'None'
[5.633s] Level 5:colcon.colcon_core.verb:set package 'reactivemethods' build argument 'catkin_skip_building_tests' from command line to 'False'
[5.633s] DEBUG:colcon.colcon_core.verb:Building package 'reactivemethods' with the following arguments: {'ament_cmake_args': None, 'build_base': '/home/babangida/ros_ws/build/reactivemethods', 'catkin_cmake_args': None, 'catkin_skip_building_tests': False, 'cmake_args': None, 'cmake_clean_cache': False, 'cmake_clean_first': False, 'cmake_force_configure': False, 'cmake_target': None, 'cmake_target_skip_unavailable': False, 'install_base': '/home/babangida/ros_ws/install/reactivemethods', 'merge_install': False, 'path': '/home/babangida/ros_ws/src/reactivemethods', 'symlink_install': False, 'test_result_base': None}
[5.679s] INFO:colcon.colcon_core.executor:Executing jobs using 'parallel' executor
[5.719s] DEBUG:colcon.colcon_parallel_executor.executor.parallel:run_until_complete
[5.719s] INFO:colcon.colcon_ros.task.ament_cmake.build:Building ROS package in '/home/babangida/ros_ws/src/dsrcmsg' with build type 'ament_cmake'
[5.719s] INFO:colcon.colcon_cmake.task.cmake.build:Building CMake package in '/home/babangida/ros_ws/src/dsrcmsg'
[5.762s] INFO:colcon.colcon_core.plugin_system:Skipping extension 'colcon_core.shell.bat': Not used on non-Windows systems
[5.762s] INFO:colcon.colcon_core.shell:Skip shell extension 'powershell' for command environment: Not usable outside of PowerShell
[5.762s] DEBUG:colcon.colcon_core.shell:Skip shell extension 'dsv' for command environment
[5.890s] INFO:colcon.colcon_ros.task.ament_cmake.build:Building ROS package in '/home/babangida/ros_ws/src/trafficrecord' with build type 'ament_cmake'
[5.890s] INFO:colcon.colcon_cmake.task.cmake.build:Building CMake package in '/home/babangida/ros_ws/src/trafficrecord'
[5.944s] INFO:colcon.colcon_core.shell:Skip shell extension 'powershell' for command environment: Not usable outside of PowerShell
[5.944s] DEBUG:colcon.colcon_core.shell:Skip shell extension 'dsv' for command environment
[6.127s] DEBUG:colcon.colcon_core.event_handler.log_command:Invoking command in '/home/babangida/ros_ws/build/dsrcmsg': CMAKE_PREFIX_PATH=${CMAKE_PREFIX_PATH}:/home/babangida/ros_ws/install/cim:/home/babangida/ros_ws/install/reactivemethods:/opt/ros/foxy /usr/bin/cmake --build /home/babangida/ros_ws/build/dsrcmsg -- -j8 -l8
[6.135s] DEBUG:colcon.colcon_core.event_handler.log_command:Invoking command in '/home/babangida/ros_ws/build/trafficrecord': CMAKE_PREFIX_PATH=${CMAKE_PREFIX_PATH}:/home/babangida/ros_ws/install/cim:/home/babangida/ros_ws/install/reactivemethods:/opt/ros/foxy /usr/bin/cmake --build /home/babangida/ros_ws/build/trafficrecord -- -j8 -l8
[6.465s] DEBUG:colcon.colcon_core.event_handler.log_command:Invoked command in '/home/babangida/ros_ws/build/trafficrecord' returned '0': CMAKE_PREFIX_PATH=${CMAKE_PREFIX_PATH}:/home/babangida/ros_ws/install/cim:/home/babangida/ros_ws/install/reactivemethods:/opt/ros/foxy /usr/bin/cmake --build /home/babangida/ros_ws/build/trafficrecord -- -j8 -l8
[6.472s] DEBUG:colcon.colcon_core.event_handler.log_command:Invoked command in '/home/babangida/ros_ws/build/dsrcmsg' returned '0': CMAKE_PREFIX_PATH=${CMAKE_PREFIX_PATH}:/home/babangida/ros_ws/install/cim:/home/babangida/ros_ws/install/reactivemethods:/opt/ros/foxy /usr/bin/cmake --build /home/babangida/ros_ws/build/dsrcmsg -- -j8 -l8
[6.544s] DEBUG:colcon.colcon_core.event_handler.log_command:Invoking command in '/home/babangida/ros_ws/build/trafficrecord': CMAKE_PREFIX_PATH=${CMAKE_PREFIX_PATH}:/home/babangida/ros_ws/install/cim:/home/babangida/ros_ws/install/reactivemethods:/opt/ros/foxy /usr/bin/cmake --install /home/babangida/ros_ws/build/trafficrecord
[6.569s] DEBUG:colcon.colcon_core.event_handler.log_command:Invoking command in '/home/babangida/ros_ws/build/dsrcmsg': CMAKE_PREFIX_PATH=${CMAKE_PREFIX_PATH}:/home/babangida/ros_ws/install/cim:/home/babangida/ros_ws/install/reactivemethods:/opt/ros/foxy /usr/bin/cmake --install /home/babangida/ros_ws/build/dsrcmsg
[6.611s] Level 1:colcon.colcon_core.environment:create_environment_scripts_only(trafficrecord)
[6.611s] DEBUG:colcon.colcon_core.event_handler.log_command:Invoked command in '/home/babangida/ros_ws/build/trafficrecord' returned '0': CMAKE_PREFIX_PATH=${CMAKE_PREFIX_PATH}:/home/babangida/ros_ws/install/cim:/home/babangida/ros_ws/install/reactivemethods:/opt/ros/foxy /usr/bin/cmake --install /home/babangida/ros_ws/build/trafficrecord
[6.676s] Level 1:colcon.colcon_core.environment:checking '/home/babangida/ros_ws/install/trafficrecord' for CMake module files
[6.677s] Level 1:colcon.colcon_core.environment:checking '/home/babangida/ros_ws/install/trafficrecord' for CMake config files
[6.677s] Level 1:colcon.colcon_core.shell:create_environment_hook('trafficrecord', 'cmake_prefix_path')
[6.727s] INFO:colcon.colcon_core.shell:Creating environment hook '/home/babangida/ros_ws/install/trafficrecord/share/trafficrecord/hook/cmake_prefix_path.ps1'
[6.728s] INFO:colcon.colcon_core.shell:Creating environment descriptor '/home/babangida/ros_ws/install/trafficrecord/share/trafficrecord/hook/cmake_prefix_path.dsv'
[6.728s] INFO:colcon.colcon_core.shell:Creating environment hook '/home/babangida/ros_ws/install/trafficrecord/share/trafficrecord/hook/cmake_prefix_path.sh'
[6.729s] Level 1:colcon.colcon_core.environment:checking '/home/babangida/ros_ws/install/trafficrecord/lib'
[6.729s] Level 1:colcon.colcon_core.shell:create_environment_hook('trafficrecord', 'ld_library_path_lib')
[6.778s] INFO:colcon.colcon_core.shell:Creating environment hook '/home/babangida/ros_ws/install/trafficrecord/share/trafficrecord/hook/ld_library_path_lib.ps1'
[6.779s] INFO:colcon.colcon_core.shell:Creating environment descriptor '/home/babangida/ros_ws/install/trafficrecord/share/trafficrecord/hook/ld_library_path_lib.dsv'
[6.779s] INFO:colcon.colcon_core.shell:Creating environment hook '/home/babangida/ros_ws/install/trafficrecord/share/trafficrecord/hook/ld_library_path_lib.sh'
[6.779s] Level 1:colcon.colcon_core.environment:checking '/home/babangida/ros_ws/install/trafficrecord/bin'
[6.779s] Level 1:colcon.colcon_core.environment:checking '/home/babangida/ros_ws/install/trafficrecord/lib/pkgconfig/trafficrecord.pc'
[6.780s] Level 1:colcon.colcon_core.environment:checking '/home/babangida/ros_ws/install/trafficrecord/lib/python3.8/site-packages'
[6.780s] Level 1:colcon.colcon_core.shell:create_environment_hook('trafficrecord', 'pythonpath')
[6.833s] INFO:colcon.colcon_core.shell:Creating environment hook '/home/babangida/ros_ws/install/trafficrecord/share/trafficrecord/hook/pythonpath.ps1'
[6.834s] INFO:colcon.colcon_core.shell:Creating environment descriptor '/home/babangida/ros_ws/install/trafficrecord/share/trafficrecord/hook/pythonpath.dsv'
[6.834s] INFO:colcon.colcon_core.shell:Creating environment hook '/home/babangida/ros_ws/install/trafficrecord/share/trafficrecord/hook/pythonpath.sh'
[6.835s] Level 1:colcon.colcon_core.environment:checking '/home/babangida/ros_ws/install/trafficrecord/bin'
[6.882s] INFO:colcon.colcon_core.shell:Creating package script '/home/babangida/ros_ws/install/trafficrecord/share/trafficrecord/package.ps1'
[6.883s] INFO:colcon.colcon_core.shell:Creating package descriptor '/home/babangida/ros_ws/install/trafficrecord/share/trafficrecord/package.dsv'
[6.884s] INFO:colcon.colcon_core.shell:Creating package script '/home/babangida/ros_ws/install/trafficrecord/share/trafficrecord/package.sh'
[6.884s] INFO:colcon.colcon_core.shell:Creating package script '/home/babangida/ros_ws/install/trafficrecord/share/trafficrecord/package.bash'
[6.885s] INFO:colcon.colcon_core.shell:Creating package script '/home/babangida/ros_ws/install/trafficrecord/share/trafficrecord/package.zsh'
[6.885s] Level 1:colcon.colcon_core.environment:create_file_with_runtime_dependencies(/home/babangida/ros_ws/install/trafficrecord/share/colcon-core/packages/trafficrecord)
[6.889s] Level 1:colcon.colcon_core.environment:create_environment_scripts_only(dsrcmsg)
[6.890s] DEBUG:colcon.colcon_core.event_handler.log_command:Invoked command in '/home/babangida/ros_ws/build/dsrcmsg' returned '0': CMAKE_PREFIX_PATH=${CMAKE_PREFIX_PATH}:/home/babangida/ros_ws/install/cim:/home/babangida/ros_ws/install/reactivemethods:/opt/ros/foxy /usr/bin/cmake --install /home/babangida/ros_ws/build/dsrcmsg
[6.941s] Level 1:colcon.colcon_core.environment:checking '/home/babangida/ros_ws/install/dsrcmsg' for CMake module files
[6.941s] Level 1:colcon.colcon_core.environment:checking '/home/babangida/ros_ws/install/dsrcmsg' for CMake config files
[6.942s] Level 1:colcon.colcon_core.shell:create_environment_hook('dsrcmsg', 'cmake_prefix_path')
[6.989s] INFO:colcon.colcon_core.shell:Creating environment hook '/home/babangida/ros_ws/install/dsrcmsg/share/dsrcmsg/hook/cmake_prefix_path.ps1'
[6.990s] INFO:colcon.colcon_core.shell:Creating environment descriptor '/home/babangida/ros_ws/install/dsrcmsg/share/dsrcmsg/hook/cmake_prefix_path.dsv'
[6.990s] INFO:colcon.colcon_core.shell:Creating environment hook '/home/babangida/ros_ws/install/dsrcmsg/share/dsrcmsg/hook/cmake_prefix_path.sh'
[6.991s] Level 1:colcon.colcon_core.environment:checking '/home/babangida/ros_ws/install/dsrcmsg/lib'
[6.991s] Level 1:colcon.colcon_core.shell:create_environment_hook('dsrcmsg', 'ld_library_path_lib')
[7.037s] INFO:colcon.colcon_core.shell:Creating environment hook '/home/babangida/ros_ws/install/dsrcmsg/share/dsrcmsg/hook/ld_library_path_lib.ps1'
[7.038s] INFO:colcon.colcon_core.shell:Creating environment descriptor '/home/babangida/ros_ws/install/dsrcmsg/share/dsrcmsg/hook/ld_library_path_lib.dsv'
[7.038s] INFO:colcon.colcon_core.shell:Creating environment hook '/home/babangida/ros_ws/install/dsrcmsg/share/dsrcmsg/hook/ld_library_path_lib.sh'
[7.039s] Level 1:colcon.colcon_core.environment:checking '/home/babangida/ros_ws/install/dsrcmsg/bin'
[7.039s] Level 1:colcon.colcon_core.environment:checking '/home/babangida/ros_ws/install/dsrcmsg/lib/pkgconfig/dsrcmsg.pc'
[7.039s] Level 1:colcon.colcon_core.environment:checking '/home/babangida/ros_ws/install/dsrcmsg/lib/python3.8/site-packages'
[7.039s] Level 1:colcon.colcon_core.shell:create_environment_hook('dsrcmsg', 'pythonpath')
[7.087s] INFO:colcon.colcon_core.shell:Creating environment hook '/home/babangida/ros_ws/install/dsrcmsg/share/dsrcmsg/hook/pythonpath.ps1'
[7.087s] INFO:colcon.colcon_core.shell:Creating environment descriptor '/home/babangida/ros_ws/install/dsrcmsg/share/dsrcmsg/hook/pythonpath.dsv'
[7.088s] INFO:colcon.colcon_core.shell:Creating environment hook '/home/babangida/ros_ws/install/dsrcmsg/share/dsrcmsg/hook/pythonpath.sh'
[7.088s] Level 1:colcon.colcon_core.environment:checking '/home/babangida/ros_ws/install/dsrcmsg/bin'
[7.133s] INFO:colcon.colcon_core.shell:Creating package script '/home/babangida/ros_ws/install/dsrcmsg/share/dsrcmsg/package.ps1'
[7.134s] INFO:colcon.colcon_core.shell:Creating package descriptor '/home/babangida/ros_ws/install/dsrcmsg/share/dsrcmsg/package.dsv'
[7.134s] INFO:colcon.colcon_core.shell:Creating package script '/home/babangida/ros_ws/install/dsrcmsg/share/dsrcmsg/package.sh'
[7.134s] INFO:colcon.colcon_core.shell:Creating package script '/home/babangida/ros_ws/install/dsrcmsg/share/dsrcmsg/package.bash'
[7.135s] INFO:colcon.colcon_core.shell:Creating package script '/home/babangida/ros_ws/install/dsrcmsg/share/dsrcmsg/package.zsh'
[7.135s] Level 1:colcon.colcon_core.environment:create_file_with_runtime_dependencies(/home/babangida/ros_ws/install/dsrcmsg/share/colcon-core/packages/dsrcmsg)
[7.196s] Level 1:colcon.colcon_core.environment:create_environment_scripts_only(trafficrecord)
[7.241s] Level 1:colcon.colcon_core.environment:checking '/home/babangida/ros_ws/install/trafficrecord' for CMake module files
[7.241s] Level 1:colcon.colcon_core.environment:checking '/home/babangida/ros_ws/install/trafficrecord' for CMake config files
[7.242s] Level 1:colcon.colcon_core.shell:create_environment_hook('trafficrecord', 'cmake_prefix_path')
[7.286s] INFO:colcon.colcon_core.shell:Creating environment hook '/home/babangida/ros_ws/install/trafficrecord/share/trafficrecord/hook/cmake_prefix_path.ps1'
[7.286s] INFO:colcon.colcon_core.shell:Creating environment descriptor '/home/babangida/ros_ws/install/trafficrecord/share/trafficrecord/hook/cmake_prefix_path.dsv'
[7.286s] INFO:colcon.colcon_core.shell:Creating environment hook '/home/babangida/ros_ws/install/trafficrecord/share/trafficrecord/hook/cmake_prefix_path.sh'
[7.287s] Level 1:colcon.colcon_core.environment:checking '/home/babangida/ros_ws/install/trafficrecord/lib'
[7.287s] Level 1:colcon.colcon_core.shell:create_environment_hook('trafficrecord', 'ld_library_path_lib')
[7.330s] INFO:colcon.colcon_core.shell:Creating environment hook '/home/babangida/ros_ws/install/trafficrecord/share/trafficrecord/hook/ld_library_path_lib.ps1'
[7.331s] INFO:colcon.colcon_core.shell:Creating environment descriptor '/home/babangida/ros_ws/install/trafficrecord/share/trafficrecord/hook/ld_library_path_lib.dsv'
[7.331s] INFO:colcon.colcon_core.shell:Creating environment hook '/home/babangida/ros_ws/install/trafficrecord/share/trafficrecord/hook/ld_library_path_lib.sh'
[7.331s] Level 1:colcon.colcon_core.environment:checking '/home/babangida/ros_ws/install/trafficrecord/bin'
[7.331s] Level 1:colcon.colcon_core.environment:checking '/home/babangida/ros_ws/install/trafficrecord/lib/pkgconfig/trafficrecord.pc'
[7.331s] Level 1:colcon.colcon_core.environment:checking '/home/babangida/ros_ws/install/trafficrecord/lib/python3.8/site-packages'
[7.331s] Level 1:colcon.colcon_core.shell:create_environment_hook('trafficrecord', 'pythonpath')
[7.377s] INFO:colcon.colcon_core.shell:Creating environment hook '/home/babangida/ros_ws/install/trafficrecord/share/trafficrecord/hook/pythonpath.ps1'
[7.378s] INFO:colcon.colcon_core.shell:Creating environment descriptor '/home/babangida/ros_ws/install/trafficrecord/share/trafficrecord/hook/pythonpath.dsv'
[7.378s] INFO:colcon.colcon_core.shell:Creating environment hook '/home/babangida/ros_ws/install/trafficrecord/share/trafficrecord/hook/pythonpath.sh'
[7.378s] Level 1:colcon.colcon_core.environment:checking '/home/babangida/ros_ws/install/trafficrecord/bin'
[7.422s] INFO:colcon.colcon_core.shell:Creating package script '/home/babangida/ros_ws/install/trafficrecord/share/trafficrecord/package.ps1'
[7.422s] INFO:colcon.colcon_core.shell:Creating package descriptor '/home/babangida/ros_ws/install/trafficrecord/share/trafficrecord/package.dsv'
[7.423s] INFO:colcon.colcon_core.shell:Creating package script '/home/babangida/ros_ws/install/trafficrecord/share/trafficrecord/package.sh'
[7.423s] INFO:colcon.colcon_core.shell:Creating package script '/home/babangida/ros_ws/install/trafficrecord/share/trafficrecord/package.bash'
[7.424s] INFO:colcon.colcon_core.shell:Creating package script '/home/babangida/ros_ws/install/trafficrecord/share/trafficrecord/package.zsh'
[7.424s] Level 1:colcon.colcon_core.environment:create_file_with_runtime_dependencies(/home/babangida/ros_ws/install/trafficrecord/share/colcon-core/packages/trafficrecord)
[7.470s] Level 1:colcon.colcon_core.environment:create_environment_scripts_only(dsrcmsg)
[7.513s] Level 1:colcon.colcon_core.environment:checking '/home/babangida/ros_ws/install/dsrcmsg' for CMake module files
[7.513s] Level 1:colcon.colcon_core.environment:checking '/home/babangida/ros_ws/install/dsrcmsg' for CMake config files
[7.514s] Level 1:colcon.colcon_core.shell:create_environment_hook('dsrcmsg', 'cmake_prefix_path')
[7.557s] INFO:colcon.colcon_core.shell:Creating environment hook '/home/babangida/ros_ws/install/dsrcmsg/share/dsrcmsg/hook/cmake_prefix_path.ps1'
[7.558s] INFO:colcon.colcon_core.shell:Creating environment descriptor '/home/babangida/ros_ws/install/dsrcmsg/share/dsrcmsg/hook/cmake_prefix_path.dsv'
[7.558s] INFO:colcon.colcon_core.shell:Creating environment hook '/home/babangida/ros_ws/install/dsrcmsg/share/dsrcmsg/hook/cmake_prefix_path.sh'
[7.558s] Level 1:colcon.colcon_core.environment:checking '/home/babangida/ros_ws/install/dsrcmsg/lib'
[7.559s] Level 1:colcon.colcon_core.shell:create_environment_hook('dsrcmsg', 'ld_library_path_lib')
[7.601s] INFO:colcon.colcon_core.shell:Creating environment hook '/home/babangida/ros_ws/install/dsrcmsg/share/dsrcmsg/hook/ld_library_path_lib.ps1'
[7.602s] INFO:colcon.colcon_core.shell:Creating environment descriptor '/home/babangida/ros_ws/install/dsrcmsg/share/dsrcmsg/hook/ld_library_path_lib.dsv'
[7.602s] INFO:colcon.colcon_core.shell:Creating environment hook '/home/babangida/ros_ws/install/dsrcmsg/share/dsrcmsg/hook/ld_library_path_lib.sh'
[7.602s] Level 1:colcon.colcon_core.environment:checking '/home/babangida/ros_ws/install/dsrcmsg/bin'
[7.602s] Level 1:colcon.colcon_core.environment:checking '/home/babangida/ros_ws/install/dsrcmsg/lib/pkgconfig/dsrcmsg.pc'
[7.602s] Level 1:colcon.colcon_core.environment:checking '/home/babangida/ros_ws/install/dsrcmsg/lib/python3.8/site-packages'
[7.603s] Level 1:colcon.colcon_core.shell:create_environment_hook('dsrcmsg', 'pythonpath')
[7.645s] INFO:colcon.colcon_core.shell:Creating environment hook '/home/babangida/ros_ws/install/dsrcmsg/share/dsrcmsg/hook/pythonpath.ps1'
[7.646s] INFO:colcon.colcon_core.shell:Creating environment descriptor '/home/babangida/ros_ws/install/dsrcmsg/share/dsrcmsg/hook/pythonpath.dsv'
[7.646s] INFO:colcon.colcon_core.shell:Creating environment hook '/home/babangida/ros_ws/install/dsrcmsg/share/dsrcmsg/hook/pythonpath.sh'
[7.646s] Level 1:colcon.colcon_core.environment:checking '/home/babangida/ros_ws/install/dsrcmsg/bin'
[7.694s] INFO:colcon.colcon_core.shell:Creating package script '/home/babangida/ros_ws/install/dsrcmsg/share/dsrcmsg/package.ps1'
[7.694s] INFO:colcon.colcon_core.shell:Creating package descriptor '/home/babangida/ros_ws/install/dsrcmsg/share/dsrcmsg/package.dsv'
[7.695s] INFO:colcon.colcon_core.shell:Creating package script '/home/babangida/ros_ws/install/dsrcmsg/share/dsrcmsg/package.sh'
[7.695s] INFO:colcon.colcon_core.shell:Creating package script '/home/babangida/ros_ws/install/dsrcmsg/share/dsrcmsg/package.bash'
[7.695s] INFO:colcon.colcon_core.shell:Creating package script '/home/babangida/ros_ws/install/dsrcmsg/share/dsrcmsg/package.zsh'
[7.696s] Level 1:colcon.colcon_core.environment:create_file_with_runtime_dependencies(/home/babangida/ros_ws/install/dsrcmsg/share/colcon-core/packages/dsrcmsg)
[7.696s] INFO:colcon.colcon_ros.task.ament_python.build:Building ROS package in '/home/babangida/ros_ws/src/cim' with build type 'ament_python'
[7.696s] Level 1:colcon.colcon_core.shell:create_environment_hook('cim', 'ament_prefix_path')
[7.741s] INFO:colcon.colcon_core.shell:Creating environment hook '/home/babangida/ros_ws/install/cim/share/cim/hook/ament_prefix_path.ps1'
[7.741s] INFO:colcon.colcon_core.shell:Creating environment descriptor '/home/babangida/ros_ws/install/cim/share/cim/hook/ament_prefix_path.dsv'
[7.742s] INFO:colcon.colcon_core.shell:Creating environment hook '/home/babangida/ros_ws/install/cim/share/cim/hook/ament_prefix_path.sh'
[7.785s] INFO:colcon.colcon_core.shell:Skip shell extension 'powershell' for command environment: Not usable outside of PowerShell
[7.785s] DEBUG:colcon.colcon_core.shell:Skip shell extension 'dsv' for command environment
[7.917s] INFO:colcon.colcon_ros.task.ament_python.build:Building ROS package in '/home/babangida/ros_ws/src/reactivemethods' with build type 'ament_python'
[7.918s] Level 1:colcon.colcon_core.shell:create_environment_hook('reactivemethods', 'ament_prefix_path')
[7.964s] INFO:colcon.colcon_core.shell:Creating environment hook '/home/babangida/ros_ws/install/reactivemethods/share/reactivemethods/hook/ament_prefix_path.ps1'
[7.965s] INFO:colcon.colcon_core.shell:Creating environment descriptor '/home/babangida/ros_ws/install/reactivemethods/share/reactivemethods/hook/ament_prefix_path.dsv'
[7.966s] INFO:colcon.colcon_core.shell:Creating environment hook '/home/babangida/ros_ws/install/reactivemethods/share/reactivemethods/hook/ament_prefix_path.sh'
[8.013s] INFO:colcon.colcon_core.shell:Skip shell extension 'powershell' for command environment: Not usable outside of PowerShell
[8.013s] DEBUG:colcon.colcon_core.shell:Skip shell extension 'dsv' for command environment
[8.615s] INFO:colcon.colcon_core.task.python.build:Building Python package in '/home/babangida/ros_ws/src/cim'
[8.658s] INFO:colcon.colcon_core.shell:Skip shell extension 'powershell' for command environment: Not usable outside of PowerShell
[8.658s] DEBUG:colcon.colcon_core.shell:Skip shell extension 'dsv' for command environment
[9.195s] INFO:colcon.colcon_core.task.python.build:Building Python package in '/home/babangida/ros_ws/src/reactivemethods'
[9.332s] INFO:colcon.colcon_core.shell:Skip shell extension 'powershell' for command environment: Not usable outside of PowerShell
[9.333s] DEBUG:colcon.colcon_core.shell:Skip shell extension 'dsv' for command environment
[9.939s] DEBUG:colcon.colcon_core.event_handler.log_command:Invoking command in '/home/babangida/ros_ws/src/cim': PYTHONPATH=/home/babangida/ros_ws/build/cim/prefix_override:/home/babangida/ros_ws/install/cim/lib/python3.8/site-packages:/home/babangida/ros_ws/install/trafficrecord/lib/python3.8/site-packages:/home/babangida/ros_ws/install/dsrcmsg/lib/python3.8/site-packages:/home/babangida/ros_ws/install/cim/lib/python3.8/site-packages:/home/babangida/ros_ws/install/reactivemethods/lib/python3.8/site-packages:/opt/ros/foxy/lib/python3.8/site-packages /usr/bin/python3 setup.py egg_info --egg-base ../../build/cim build --build-base /home/babangida/ros_ws/build/cim/build install --record /home/babangida/ros_ws/build/cim/install.log --install-scripts $base/lib/cim --single-version-externally-managed
[10.311s] DEBUG:colcon.colcon_core.event_handler.log_command:Invoking command in '/home/babangida/ros_ws/src/reactivemethods': CMAKE_PREFIX_PATH=/home/babangida/ros_ws/install/dsrcmsg:/home/babangida/ros_ws/install/trafficrecord LD_LIBRARY_PATH=/home/babangida/ros_ws/install/dsrcmsg/lib:/home/babangida/ros_ws/install/trafficrecord/lib:/opt/ros/foxy/opt/yaml_cpp_vendor/lib:/opt/ros/foxy/opt/rviz_ogre_vendor/lib:/opt/ros/foxy/lib/x86_64-linux-gnu:/opt/ros/foxy/lib PYTHONPATH=/home/babangida/ros_ws/build/reactivemethods/prefix_override:/home/babangida/ros_ws/install/reactivemethods/lib/python3.8/site-packages:/home/babangida/ros_ws/install/dsrcmsg/lib/python3.8/site-packages:/home/babangida/ros_ws/install/cim/lib/python3.8/site-packages:/home/babangida/ros_ws/install/trafficrecord/lib/python3.8/site-packages:/home/babangida/ros_ws/install/reactivemethods/lib/python3.8/site-packages:/opt/ros/foxy/lib/python3.8/site-packages /usr/bin/python3 setup.py egg_info --egg-base ../../build/reactivemethods build --build-base /home/babangida/ros_ws/build/reactivemethods/build install --record /home/babangida/ros_ws/build/reactivemethods/install.log --install-scripts $base/lib/reactivemethods --single-version-externally-managed
[10.338s] DEBUG:colcon.colcon_core.event_handler.log_command:Invoked command in '/home/babangida/ros_ws/src/cim' returned '0': PYTHONPATH=/home/babangida/ros_ws/build/cim/prefix_override:/home/babangida/ros_ws/install/cim/lib/python3.8/site-packages:/home/babangida/ros_ws/install/trafficrecord/lib/python3.8/site-packages:/home/babangida/ros_ws/install/dsrcmsg/lib/python3.8/site-packages:/home/babangida/ros_ws/install/cim/lib/python3.8/site-packages:/home/babangida/ros_ws/install/reactivemethods/lib/python3.8/site-packages:/opt/ros/foxy/lib/python3.8/site-packages /usr/bin/python3 setup.py egg_info --egg-base ../../build/cim build --build-base /home/babangida/ros_ws/build/cim/build install --record /home/babangida/ros_ws/build/cim/install.log --install-scripts $base/lib/cim --single-version-externally-managed
[10.397s] Level 1:colcon.colcon_core.environment:checking '/home/babangida/ros_ws/install/cim' for CMake module files
[10.398s] Level 1:colcon.colcon_core.environment:checking '/home/babangida/ros_ws/install/cim' for CMake config files
[10.398s] Level 1:colcon.colcon_core.environment:checking '/home/babangida/ros_ws/install/cim/lib'
[10.398s] Level 1:colcon.colcon_core.environment:checking '/home/babangida/ros_ws/install/cim/bin'
[10.399s] Level 1:colcon.colcon_core.environment:checking '/home/babangida/ros_ws/install/cim/lib/pkgconfig/cim.pc'
[10.399s] Level 1:colcon.colcon_core.environment:checking '/home/babangida/ros_ws/install/cim/lib/python3.8/site-packages'
[10.399s] Level 1:colcon.colcon_core.shell:create_environment_hook('cim', 'pythonpath')
[10.466s] INFO:colcon.colcon_core.shell:Creating environment hook '/home/babangida/ros_ws/install/cim/share/cim/hook/pythonpath.ps1'
[10.466s] INFO:colcon.colcon_core.shell:Creating environment descriptor '/home/babangida/ros_ws/install/cim/share/cim/hook/pythonpath.dsv'
[10.466s] INFO:colcon.colcon_core.shell:Creating environment hook '/home/babangida/ros_ws/install/cim/share/cim/hook/pythonpath.sh'
[10.467s] Level 1:colcon.colcon_core.environment:checking '/home/babangida/ros_ws/install/cim/bin'
[10.467s] Level 1:colcon.colcon_core.environment:create_environment_scripts_only(cim)
[10.524s] INFO:colcon.colcon_core.shell:Creating package script '/home/babangida/ros_ws/install/cim/share/cim/package.ps1'
[10.525s] INFO:colcon.colcon_core.shell:Creating package descriptor '/home/babangida/ros_ws/install/cim/share/cim/package.dsv'
[10.526s] INFO:colcon.colcon_core.shell:Creating package script '/home/babangida/ros_ws/install/cim/share/cim/package.sh'
[10.527s] INFO:colcon.colcon_core.shell:Creating package script '/home/babangida/ros_ws/install/cim/share/cim/package.bash'
[10.527s] INFO:colcon.colcon_core.shell:Creating package script '/home/babangida/ros_ws/install/cim/share/cim/package.zsh'
[10.528s] Level 1:colcon.colcon_core.environment:create_file_with_runtime_dependencies(/home/babangida/ros_ws/install/cim/share/colcon-core/packages/cim)
[10.690s] DEBUG:colcon.colcon_core.event_handler.log_command:Invoked command in '/home/babangida/ros_ws/src/reactivemethods' returned '0': CMAKE_PREFIX_PATH=/home/babangida/ros_ws/install/dsrcmsg:/home/babangida/ros_ws/install/trafficrecord LD_LIBRARY_PATH=/home/babangida/ros_ws/install/dsrcmsg/lib:/home/babangida/ros_ws/install/trafficrecord/lib:/opt/ros/foxy/opt/yaml_cpp_vendor/lib:/opt/ros/foxy/opt/rviz_ogre_vendor/lib:/opt/ros/foxy/lib/x86_64-linux-gnu:/opt/ros/foxy/lib PYTHONPATH=/home/babangida/ros_ws/build/reactivemethods/prefix_override:/home/babangida/ros_ws/install/reactivemethods/lib/python3.8/site-packages:/home/babangida/ros_ws/install/dsrcmsg/lib/python3.8/site-packages:/home/babangida/ros_ws/install/cim/lib/python3.8/site-packages:/home/babangida/ros_ws/install/trafficrecord/lib/python3.8/site-packages:/home/babangida/ros_ws/install/reactivemethods/lib/python3.8/site-packages:/opt/ros/foxy/lib/python3.8/site-packages /usr/bin/python3 setup.py egg_info --egg-base ../../build/reactivemethods build --build-base /home/babangida/ros_ws/build/reactivemethods/build install --record /home/babangida/ros_ws/build/reactivemethods/install.log --install-scripts $base/lib/reactivemethods --single-version-externally-managed
[10.739s] Level 1:colcon.colcon_core.environment:checking '/home/babangida/ros_ws/install/reactivemethods' for CMake module files
[10.739s] Level 1:colcon.colcon_core.environment:checking '/home/babangida/ros_ws/install/reactivemethods' for CMake config files
[10.740s] Level 1:colcon.colcon_core.environment:checking '/home/babangida/ros_ws/install/reactivemethods/lib'
[10.740s] Level 1:colcon.colcon_core.environment:checking '/home/babangida/ros_ws/install/reactivemethods/bin'
[10.740s] Level 1:colcon.colcon_core.environment:checking '/home/babangida/ros_ws/install/reactivemethods/lib/pkgconfig/reactivemethods.pc'
[10.740s] Level 1:colcon.colcon_core.environment:checking '/home/babangida/ros_ws/install/reactivemethods/lib/python3.8/site-packages'
[10.740s] Level 1:colcon.colcon_core.shell:create_environment_hook('reactivemethods', 'pythonpath')
[10.789s] INFO:colcon.colcon_core.shell:Creating environment hook '/home/babangida/ros_ws/install/reactivemethods/share/reactivemethods/hook/pythonpath.ps1'
[10.789s] INFO:colcon.colcon_core.shell:Creating environment descriptor '/home/babangida/ros_ws/install/reactivemethods/share/reactivemethods/hook/pythonpath.dsv'
[10.789s] INFO:colcon.colcon_core.shell:Creating environment hook '/home/babangida/ros_ws/install/reactivemethods/share/reactivemethods/hook/pythonpath.sh'
[10.790s] Level 1:colcon.colcon_core.environment:checking '/home/babangida/ros_ws/install/reactivemethods/bin'
[10.790s] Level 1:colcon.colcon_core.environment:create_environment_scripts_only(reactivemethods)
[10.841s] INFO:colcon.colcon_core.shell:Creating package script '/home/babangida/ros_ws/install/reactivemethods/share/reactivemethods/package.ps1'
[10.841s] INFO:colcon.colcon_core.shell:Creating package descriptor '/home/babangida/ros_ws/install/reactivemethods/share/reactivemethods/package.dsv'
[10.842s] INFO:colcon.colcon_core.shell:Creating package script '/home/babangida/ros_ws/install/reactivemethods/share/reactivemethods/package.sh'
[10.842s] INFO:colcon.colcon_core.shell:Creating package script '/home/babangida/ros_ws/install/reactivemethods/share/reactivemethods/package.bash'
[10.843s] INFO:colcon.colcon_core.shell:Creating package script '/home/babangida/ros_ws/install/reactivemethods/share/reactivemethods/package.zsh'
[10.843s] Level 1:colcon.colcon_core.environment:create_file_with_runtime_dependencies(/home/babangida/ros_ws/install/reactivemethods/share/colcon-core/packages/reactivemethods)
[10.843s] DEBUG:colcon.colcon_parallel_executor.executor.parallel:closing loop
[10.844s] DEBUG:colcon.colcon_parallel_executor.executor.parallel:loop closed
[10.844s] DEBUG:colcon.colcon_parallel_executor.executor.parallel:run_until_complete finished with '0'
[10.844s] DEBUG:colcon.colcon_core.event_reactor:joining thread
[10.966s] INFO:colcon.colcon_core.plugin_system:Skipping extension 'colcon_notification.desktop_notification.notify_send': Could not find 'notify-send'
[10.966s] INFO:colcon.colcon_core.plugin_system:Skipping extension 'colcon_notification.desktop_notification.terminal_notifier': Not used on non-Darwin systems
[10.966s] INFO:colcon.colcon_core.plugin_system:Skipping extension 'colcon_notification.desktop_notification.win32': Not used on non-Windows systems
[10.966s] INFO:colcon.colcon_notification.desktop_notification:Sending desktop notification using 'notify2'
[10.966s] DEBUG:colcon.colcon_notification.desktop_notification.notify2:Failed to initialize notify2: org.freedesktop.DBus.Error.FileNotFound: Failed to connect to socket /run/user/1000/bus: No such file or directory
[10.967s] DEBUG:colcon.colcon_core.event_reactor:joined thread
[11.010s] INFO:colcon.colcon_core.shell:Creating prefix script '/home/babangida/ros_ws/install/local_setup.ps1'
[11.011s] INFO:colcon.colcon_core.shell:Creating prefix util module '/home/babangida/ros_ws/install/_local_setup_util_ps1.py'
[11.012s] INFO:colcon.colcon_core.shell:Creating prefix chain script '/home/babangida/ros_ws/install/setup.ps1'
[11.055s] INFO:colcon.colcon_core.shell:Creating prefix script '/home/babangida/ros_ws/install/local_setup.sh'
[11.056s] INFO:colcon.colcon_core.shell:Creating prefix util module '/home/babangida/ros_ws/install/_local_setup_util_sh.py'
[11.056s] INFO:colcon.colcon_core.shell:Creating prefix chain script '/home/babangida/ros_ws/install/setup.sh'
[11.102s] INFO:colcon.colcon_core.shell:Creating prefix script '/home/babangida/ros_ws/install/local_setup.bash'
[11.102s] INFO:colcon.colcon_core.shell:Creating prefix chain script '/home/babangida/ros_ws/install/setup.bash'
[11.146s] INFO:colcon.colcon_core.shell:Creating prefix script '/home/babangida/ros_ws/install/local_setup.zsh'
[11.146s] INFO:colcon.colcon_core.shell:Creating prefix chain script '/home/babangida/ros_ws/install/setup.zsh'
