[1.613s] Invoking command in '/home/babangida/ros_ws/build/onecim': PYTHONPATH=/home/babangida/ros_ws/build/onecim/prefix_override:/home/babangida/ros_ws/install/onecim/lib/python3.8/site-packages:/home/babangida/ros_ws/install/trafficrecord/lib/python3.8/site-packages:/home/babangida/ros_ws/install/dsrcmsg/lib/python3.8/site-packages:/home/babangida/ros_ws/install/onecim/lib/python3.8/site-packages:/home/babangida/ros_ws/install/cim/lib/python3.8/site-packages:/home/babangida/ros_ws/install/reactivemethods/lib/python3.8/site-packages:/opt/ros/foxy/lib/python3.8/site-packages /usr/bin/python3 setup.py develop --editable --build-directory /home/babangida/ros_ws/build/onecim/build --no-deps install_data
[1.802s] running develop
[1.919s] running egg_info
[1.919s] writing onecim.egg-info/PKG-INFO
[1.919s] writing dependency_links to onecim.egg-info/dependency_links.txt
[1.919s] writing entry points to onecim.egg-info/entry_points.txt
[1.919s] writing requirements to onecim.egg-info/requires.txt
[1.919s] writing top-level names to onecim.egg-info/top_level.txt
[1.945s] reading manifest file 'onecim.egg-info/SOURCES.txt'
[1.945s] writing manifest file 'onecim.egg-info/SOURCES.txt'
[1.970s] running build_ext
[1.971s] Creating /home/babangida/ros_ws/install/onecim/lib/python3.8/site-packages/onecim.egg-link (link to .)
[1.972s] Installing onecimew script to /home/babangida/ros_ws/install/onecim/lib/onecim
[1.972s] Installing onecimsn script to /home/babangida/ros_ws/install/onecim/lib/onecim
[1.972s] Installing onecimtls script to /home/babangida/ros_ws/install/onecim/lib/onecim
[1.973s] Installing playde script to /home/babangida/ros_ws/install/onecim/lib/onecim
[1.973s] Installing playpp script to /home/babangida/ros_ws/install/onecim/lib/onecim
[1.973s] 
[1.973s] Installed /home/babangida/ros_ws/build/onecim
[1.973s] running install_data
[1.992s] Invoked command in '/home/babangida/ros_ws/build/onecim' returned '0': PYTHONPATH=/home/babangida/ros_ws/build/onecim/prefix_override:/home/babangida/ros_ws/install/onecim/lib/python3.8/site-packages:/home/babangida/ros_ws/install/trafficrecord/lib/python3.8/site-packages:/home/babangida/ros_ws/install/dsrcmsg/lib/python3.8/site-packages:/home/babangida/ros_ws/install/onecim/lib/python3.8/site-packages:/home/babangida/ros_ws/install/cim/lib/python3.8/site-packages:/home/babangida/ros_ws/install/reactivemethods/lib/python3.8/site-packages:/opt/ros/foxy/lib/python3.8/site-packages /usr/bin/python3 setup.py develop --editable --build-directory /home/babangida/ros_ws/build/onecim/build --no-deps install_data
