[3.757s] Invoking command in '/home/babangida/ros_ws/build/onecim': PYTHONPATH=/home/babangida/ros_ws/build/onecim/prefix_override:/home/babangida/ros_ws/install/onecim/lib/python3.8/site-packages:/home/babangida/ros_ws/install/trafficrecord/lib/python3.8/site-packages:/home/babangida/ros_ws/install/dsrcmsg/lib/python3.8/site-packages:/home/babangida/ros_ws/build/onecim:/home/babangida/ros_ws/install/onecim/lib/python3.8/site-packages:/home/babangida/ros_ws/install/cim/lib/python3.8/site-packages:/home/babangida/ros_ws/build/reactivemethods:/home/babangida/ros_ws/install/reactivemethods/lib/python3.8/site-packages:/opt/ros/foxy/lib/python3.8/site-packages /usr/bin/python3 setup.py develop --editable --build-directory /home/babangida/ros_ws/build/onecim/build --no-deps install_data
[4.217s] running develop
[4.480s] running egg_info
[4.481s] writing onecim.egg-info/PKG-INFO
[4.481s] writing dependency_links to onecim.egg-info/dependency_links.txt
[4.481s] writing entry points to onecim.egg-info/entry_points.txt
[4.482s] writing requirements to onecim.egg-info/requires.txt
[4.482s] writing top-level names to onecim.egg-info/top_level.txt
[4.535s] reading manifest file 'onecim.egg-info/SOURCES.txt'
[4.538s] writing manifest file 'onecim.egg-info/SOURCES.txt'
[4.599s] running build_ext
[4.600s] Creating /home/babangida/ros_ws/install/onecim/lib/python3.8/site-packages/onecim.egg-link (link to .)
[4.602s] Installing benchmark script to /home/babangida/ros_ws/install/onecim/lib/onecim
[4.602s] Installing erectraffic script to /home/babangida/ros_ws/install/onecim/lib/onecim
[4.602s] Installing ewfiscim script to /home/babangida/ros_ws/install/onecim/lib/onecim
[4.602s] Installing fisonecimlooptls script to /home/babangida/ros_ws/install/onecim/lib/onecim
[4.603s] Installing fisonecimtls script to /home/babangida/ros_ws/install/onecim/lib/onecim
[4.603s] Installing genveh script to /home/babangida/ros_ws/install/onecim/lib/onecim
[4.603s] Installing nrectraffic script to /home/babangida/ros_ws/install/onecim/lib/onecim
[4.603s] Installing onecimew script to /home/babangida/ros_ws/install/onecim/lib/onecim
[4.603s] Installing onecimloopew script to /home/babangida/ros_ws/install/onecim/lib/onecim
[4.604s] Installing onecimloopsn script to /home/babangida/ros_ws/install/onecim/lib/onecim
[4.604s] Installing onecimloopstatictls script to /home/babangida/ros_ws/install/onecim/lib/onecim
[4.604s] Installing onecimlooptls script to /home/babangida/ros_ws/install/onecim/lib/onecim
[4.607s] Installing onecimsn script to /home/babangida/ros_ws/install/onecim/lib/onecim
[4.607s] Installing onecimtls script to /home/babangida/ros_ws/install/onecim/lib/onecim
[4.608s] Installing playde script to /home/babangida/ros_ws/install/onecim/lib/onecim
[4.608s] Installing playpp script to /home/babangida/ros_ws/install/onecim/lib/onecim
[4.608s] Installing rectraffic script to /home/babangida/ros_ws/install/onecim/lib/onecim
[4.608s] Installing rrfisonecimlooptls script to /home/babangida/ros_ws/install/onecim/lib/onecim
[4.609s] Installing rronecimlooptls script to /home/babangida/ros_ws/install/onecim/lib/onecim
[4.609s] Installing simspeed script to /home/babangida/ros_ws/install/onecim/lib/onecim
[4.609s] Installing snfiscim script to /home/babangida/ros_ws/install/onecim/lib/onecim
[4.609s] Installing speed script to /home/babangida/ros_ws/install/onecim/lib/onecim
[4.609s] Installing srectraffic script to /home/babangida/ros_ws/install/onecim/lib/onecim
[4.610s] Installing timegenveh script to /home/babangida/ros_ws/install/onecim/lib/onecim
[4.611s] Installing trafficrec script to /home/babangida/ros_ws/install/onecim/lib/onecim
[4.611s] Installing veh script to /home/babangida/ros_ws/install/onecim/lib/onecim
[4.611s] Installing wrectraffic script to /home/babangida/ros_ws/install/onecim/lib/onecim
[4.611s] Installing wypts script to /home/babangida/ros_ws/install/onecim/lib/onecim
[4.611s] 
[4.611s] Installed /home/babangida/ros_ws/build/onecim
[4.612s] running install_data
[4.658s] Invoked command in '/home/babangida/ros_ws/build/onecim' returned '0': PYTHONPATH=/home/babangida/ros_ws/build/onecim/prefix_override:/home/babangida/ros_ws/install/onecim/lib/python3.8/site-packages:/home/babangida/ros_ws/install/trafficrecord/lib/python3.8/site-packages:/home/babangida/ros_ws/install/dsrcmsg/lib/python3.8/site-packages:/home/babangida/ros_ws/build/onecim:/home/babangida/ros_ws/install/onecim/lib/python3.8/site-packages:/home/babangida/ros_ws/install/cim/lib/python3.8/site-packages:/home/babangida/ros_ws/build/reactivemethods:/home/babangida/ros_ws/install/reactivemethods/lib/python3.8/site-packages:/opt/ros/foxy/lib/python3.8/site-packages /usr/bin/python3 setup.py develop --editable --build-directory /home/babangida/ros_ws/build/onecim/build --no-deps install_data
