[2.703s] Invoking command in '/home/babangida/ros_ws/build/reactivemethods': CMAKE_PREFIX_PATH=/home/babangida/ros_ws/install/dsrcmsg:/home/babangida/ros_ws/install/trafficrecord LD_LIBRARY_PATH=/home/babangida/ros_ws/install/dsrcmsg/lib:/home/babangida/ros_ws/install/trafficrecord/lib:/opt/ros/foxy/opt/yaml_cpp_vendor/lib:/opt/ros/foxy/opt/rviz_ogre_vendor/lib:/opt/ros/foxy/lib/x86_64-linux-gnu:/opt/ros/foxy/lib PYTHONPATH=/home/babangida/ros_ws/build/reactivemethods/prefix_override:/home/babangida/ros_ws/install/reactivemethods/lib/python3.8/site-packages:/home/babangida/ros_ws/install/dsrcmsg/lib/python3.8/site-packages:/home/babangida/ros_ws/build/onecim:/home/babangida/ros_ws/install/onecim/lib/python3.8/site-packages:/home/babangida/ros_ws/install/cim/lib/python3.8/site-packages:/home/babangida/ros_ws/install/trafficrecord/lib/python3.8/site-packages:/home/babangida/ros_ws/install/reactivemethods/lib/python3.8/site-packages:/opt/ros/foxy/lib/python3.8/site-packages /usr/bin/python3 setup.py develop --editable --build-directory /home/babangida/ros_ws/build/reactivemethods/build --no-deps install_data
[3.078s] running develop
[3.296s] running egg_info
[3.296s] writing reactivemethods.egg-info/PKG-INFO
[3.297s] writing dependency_links to reactivemethods.egg-info/dependency_links.txt
[3.297s] writing entry points to reactivemethods.egg-info/entry_points.txt
[3.297s] writing requirements to reactivemethods.egg-info/requires.txt
[3.297s] writing top-level names to reactivemethods.egg-info/top_level.txt
[3.343s] reading manifest file 'reactivemethods.egg-info/SOURCES.txt'
[3.345s] writing manifest file 'reactivemethods.egg-info/SOURCES.txt'
[3.399s] running build_ext
[3.399s] Creating /home/babangida/ros_ws/install/reactivemethods/lib/python3.8/site-packages/reactivemethods.egg-link (link to .)
[3.401s] Installing agapfollowing script to /home/babangida/ros_ws/install/reactivemethods/lib/reactivemethods
[3.401s] Installing agent1purepursuit script to /home/babangida/ros_ws/install/reactivemethods/lib/reactivemethods
[3.401s] Installing degapfollowing script to /home/babangida/ros_ws/install/reactivemethods/lib/reactivemethods
[3.401s] Installing emergencybreaking script to /home/babangida/ros_ws/install/reactivemethods/lib/reactivemethods
[3.402s] Installing followgap script to /home/babangida/ros_ws/install/reactivemethods/lib/reactivemethods
[3.402s] Installing gapfollowing script to /home/babangida/ros_ws/install/reactivemethods/lib/reactivemethods
[3.402s] Installing leftwallfollowing script to /home/babangida/ros_ws/install/reactivemethods/lib/reactivemethods
[3.403s] Installing northsouthagent script to /home/babangida/ros_ws/install/reactivemethods/lib/reactivemethods
[3.403s] Installing play script to /home/babangida/ros_ws/install/reactivemethods/lib/reactivemethods
[3.403s] Installing publishwaypoints script to /home/babangida/ros_ws/install/reactivemethods/lib/reactivemethods
[3.404s] Installing purepursuit script to /home/babangida/ros_ws/install/reactivemethods/lib/reactivemethods
[3.404s] Installing waypointfollow script to /home/babangida/ros_ws/install/reactivemethods/lib/reactivemethods
[3.404s] Installing waypointsgenerator script to /home/babangida/ros_ws/install/reactivemethods/lib/reactivemethods
[3.404s] Installing westeastagent script to /home/babangida/ros_ws/install/reactivemethods/lib/reactivemethods
[3.404s] Installing wptflw script to /home/babangida/ros_ws/install/reactivemethods/lib/reactivemethods
[3.404s] 
[3.404s] Installed /home/babangida/ros_ws/build/reactivemethods
[3.405s] running install_data
[3.445s] Invoked command in '/home/babangida/ros_ws/build/reactivemethods' returned '0': CMAKE_PREFIX_PATH=/home/babangida/ros_ws/install/dsrcmsg:/home/babangida/ros_ws/install/trafficrecord LD_LIBRARY_PATH=/home/babangida/ros_ws/install/dsrcmsg/lib:/home/babangida/ros_ws/install/trafficrecord/lib:/opt/ros/foxy/opt/yaml_cpp_vendor/lib:/opt/ros/foxy/opt/rviz_ogre_vendor/lib:/opt/ros/foxy/lib/x86_64-linux-gnu:/opt/ros/foxy/lib PYTHONPATH=/home/babangida/ros_ws/build/reactivemethods/prefix_override:/home/babangida/ros_ws/install/reactivemethods/lib/python3.8/site-packages:/home/babangida/ros_ws/install/dsrcmsg/lib/python3.8/site-packages:/home/babangida/ros_ws/build/onecim:/home/babangida/ros_ws/install/onecim/lib/python3.8/site-packages:/home/babangida/ros_ws/install/cim/lib/python3.8/site-packages:/home/babangida/ros_ws/install/trafficrecord/lib/python3.8/site-packages:/home/babangida/ros_ws/install/reactivemethods/lib/python3.8/site-packages:/opt/ros/foxy/lib/python3.8/site-packages /usr/bin/python3 setup.py develop --editable --build-directory /home/babangida/ros_ws/build/reactivemethods/build --no-deps install_data
