[3.047s] Invoking command in '/home/babangida/ros_ws/build/onecim': PYTHONPATH=/home/babangida/ros_ws/build/onecim/prefix_override:/home/babangida/ros_ws/install/onecim/lib/python3.8/site-packages:/home/babangida/ros_ws/install/trafficrecord/lib/python3.8/site-packages:/home/babangida/ros_ws/install/dsrcmsg/lib/python3.8/site-packages:/home/babangida/ros_ws/build/onecim:/home/babangida/ros_ws/install/onecim/lib/python3.8/site-packages:/home/babangida/ros_ws/install/cim/lib/python3.8/site-packages:/home/babangida/ros_ws/install/reactivemethods/lib/python3.8/site-packages:/opt/ros/foxy/lib/python3.8/site-packages /usr/bin/python3 setup.py develop --editable --build-directory /home/babangida/ros_ws/build/onecim/build --no-deps install_data
[3.432s] running develop
[3.680s] running egg_info
[3.681s] writing onecim.egg-info/PKG-INFO
[3.681s] writing dependency_links to onecim.egg-info/dependency_links.txt
[3.682s] writing entry points to onecim.egg-info/entry_points.txt
[3.682s] writing requirements to onecim.egg-info/requires.txt
[3.682s] writing top-level names to onecim.egg-info/top_level.txt
[3.729s] reading manifest file 'onecim.egg-info/SOURCES.txt'
[3.731s] writing manifest file 'onecim.egg-info/SOURCES.txt'
[3.785s] running build_ext
[3.785s] Creating /home/babangida/ros_ws/install/onecim/lib/python3.8/site-packages/onecim.egg-link (link to .)
[3.787s] Installing onecimew script to /home/babangida/ros_ws/install/onecim/lib/onecim
[3.787s] Installing onecimsn script to /home/babangida/ros_ws/install/onecim/lib/onecim
[3.787s] Installing onecimtls script to /home/babangida/ros_ws/install/onecim/lib/onecim
[3.787s] Installing playde script to /home/babangida/ros_ws/install/onecim/lib/onecim
[3.788s] Installing playpp script to /home/babangida/ros_ws/install/onecim/lib/onecim
[3.788s] Installing simspeed script to /home/babangida/ros_ws/install/onecim/lib/onecim
[3.788s] 
[3.788s] Installed /home/babangida/ros_ws/build/onecim
[3.788s] running install_data
[3.788s] copying launch/onecim_launch.py -> /home/babangida/ros_ws/install/onecim/share/onecim
[3.830s] Invoked command in '/home/babangida/ros_ws/build/onecim' returned '0': PYTHONPATH=/home/babangida/ros_ws/build/onecim/prefix_override:/home/babangida/ros_ws/install/onecim/lib/python3.8/site-packages:/home/babangida/ros_ws/install/trafficrecord/lib/python3.8/site-packages:/home/babangida/ros_ws/install/dsrcmsg/lib/python3.8/site-packages:/home/babangida/ros_ws/build/onecim:/home/babangida/ros_ws/install/onecim/lib/python3.8/site-packages:/home/babangida/ros_ws/install/cim/lib/python3.8/site-packages:/home/babangida/ros_ws/install/reactivemethods/lib/python3.8/site-packages:/opt/ros/foxy/lib/python3.8/site-packages /usr/bin/python3 setup.py develop --editable --build-directory /home/babangida/ros_ws/build/onecim/build --no-deps install_data
