[13.198s] DEBUG:colcon:Command line arguments: ['/usr/bin/colcon', 'build', '--packages-select', 'onecim', '--symlink-install']
[13.198s] DEBUG:colcon:Parsed command line arguments: Namespace(allow_overriding=[], ament_cmake_args=None, base_paths=['.'], build_base='build', catkin_cmake_args=None, catkin_skip_building_tests=False, cmake_args=None, cmake_clean_cache=False, cmake_clean_first=False, cmake_force_configure=False, cmake_target=None, cmake_target_skip_unavailable=False, continue_on_error=False, event_handlers=None, executor='parallel', ignore_user_meta=False, install_base='install', log_base=None, log_level=None, main=<bound method BuildVerb.main of <colcon_core.verb.build.BuildVerb object at 0x7f53b3b52be0>>, merge_install=False, metas=['./colcon.meta'], packages_above=None, packages_above_and_dependencies=None, packages_above_depth=None, packages_end=None, packages_ignore=None, packages_ignore_regex=None, packages_select=['onecim'], packages_select_build_failed=False, packages_select_by_dep=None, packages_select_regex=None, packages_select_test_failures=False, packages_skip=None, packages_skip_build_finished=False, packages_skip_by_dep=None, packages_skip_regex=None, packages_skip_test_passed=False, packages_skip_up_to=None, packages_start=None, packages_up_to=None, packages_up_to_regex=None, parallel_workers=8, paths=None, symlink_install=True, test_result_base=None, verb_extension=<colcon_core.verb.build.BuildVerb object at 0x7f53b3b52be0>, verb_name='build', verb_parser=<colcon_defaults.argument_parser.defaults.DefaultArgumentsDecorator object at 0x7f53b3aac970>)
[13.529s] Level 1:colcon.colcon_core.package_discovery:discover_packages(colcon_meta) check parameters
[13.529s] Level 1:colcon.colcon_core.package_discovery:discover_packages(recursive) check parameters
[13.529s] Level 1:colcon.colcon_core.package_discovery:discover_packages(ignore) check parameters
[13.529s] Level 1:colcon.colcon_core.package_discovery:discover_packages(path) check parameters
[13.529s] Level 1:colcon.colcon_core.package_discovery:discover_packages(colcon_meta) discover
[13.529s] Level 1:colcon.colcon_core.package_discovery:discover_packages(recursive) discover
[13.529s] INFO:colcon.colcon_core.package_discovery:Crawling recursively for packages in '/home/babangida/ros_ws'
[13.529s] Level 1:colcon.colcon_core.package_identification:_identify(.) by extensions ['ignore', 'ignore_ament_install']
[13.530s] Level 1:colcon.colcon_core.package_identification:_identify(.) by extension 'ignore'
[13.530s] Level 1:colcon.colcon_core.package_identification:_identify(.) by extension 'ignore_ament_install'
[13.530s] Level 1:colcon.colcon_core.package_identification:_identify(.) by extensions ['colcon_pkg']
[13.530s] Level 1:colcon.colcon_core.package_identification:_identify(.) by extension 'colcon_pkg'
[13.530s] Level 1:colcon.colcon_core.package_identification:_identify(.) by extensions ['colcon_meta']
[13.530s] Level 1:colcon.colcon_core.package_identification:_identify(.) by extension 'colcon_meta'
[13.530s] Level 1:colcon.colcon_core.package_identification:_identify(.) by extensions ['ros']
[13.530s] Level 1:colcon.colcon_core.package_identification:_identify(.) by extension 'ros'
[13.621s] Level 1:colcon.colcon_core.package_identification:_identify(.) by extensions ['cmake', 'python']
[13.621s] Level 1:colcon.colcon_core.package_identification:_identify(.) by extension 'cmake'
[13.621s] Level 1:colcon.colcon_core.package_identification:_identify(.) by extension 'python'
[13.621s] Level 1:colcon.colcon_core.package_identification:_identify(.) by extensions ['python_setup_py']
[13.621s] Level 1:colcon.colcon_core.package_identification:_identify(.) by extension 'python_setup_py'
[13.646s] Level 1:colcon.colcon_core.package_identification:_identify(New folder) by extensions ['ignore', 'ignore_ament_install']
[13.646s] Level 1:colcon.colcon_core.package_identification:_identify(New folder) by extension 'ignore'
[13.646s] Level 1:colcon.colcon_core.package_identification:_identify(New folder) by extension 'ignore_ament_install'
[13.647s] Level 1:colcon.colcon_core.package_identification:_identify(New folder) by extensions ['colcon_pkg']
[13.647s] Level 1:colcon.colcon_core.package_identification:_identify(New folder) by extension 'colcon_pkg'
[13.647s] Level 1:colcon.colcon_core.package_identification:_identify(New folder) by extensions ['colcon_meta']
[13.647s] Level 1:colcon.colcon_core.package_identification:_identify(New folder) by extension 'colcon_meta'
[13.647s] Level 1:colcon.colcon_core.package_identification:_identify(New folder) by extensions ['ros']
[13.647s] Level 1:colcon.colcon_core.package_identification:_identify(New folder) by extension 'ros'
[13.647s] Level 1:colcon.colcon_core.package_identification:_identify(New folder) by extensions ['cmake', 'python']
[13.647s] Level 1:colcon.colcon_core.package_identification:_identify(New folder) by extension 'cmake'
[13.647s] Level 1:colcon.colcon_core.package_identification:_identify(New folder) by extension 'python'
[13.647s] Level 1:colcon.colcon_core.package_identification:_identify(New folder) by extensions ['python_setup_py']
[13.647s] Level 1:colcon.colcon_core.package_identification:_identify(New folder) by extension 'python_setup_py'
[13.665s] Level 1:colcon.colcon_core.package_identification:_identify(Results) by extensions ['ignore', 'ignore_ament_install']
[13.665s] Level 1:colcon.colcon_core.package_identification:_identify(Results) by extension 'ignore'
[13.666s] Level 1:colcon.colcon_core.package_identification:_identify(Results) by extension 'ignore_ament_install'
[13.666s] Level 1:colcon.colcon_core.package_identification:_identify(Results) by extensions ['colcon_pkg']
[13.666s] Level 1:colcon.colcon_core.package_identification:_identify(Results) by extension 'colcon_pkg'
[13.666s] Level 1:colcon.colcon_core.package_identification:_identify(Results) by extensions ['colcon_meta']
[13.666s] Level 1:colcon.colcon_core.package_identification:_identify(Results) by extension 'colcon_meta'
[13.666s] Level 1:colcon.colcon_core.package_identification:_identify(Results) by extensions ['ros']
[13.666s] Level 1:colcon.colcon_core.package_identification:_identify(Results) by extension 'ros'
[13.666s] Level 1:colcon.colcon_core.package_identification:_identify(Results) by extensions ['cmake', 'python']
[13.666s] Level 1:colcon.colcon_core.package_identification:_identify(Results) by extension 'cmake'
[13.666s] Level 1:colcon.colcon_core.package_identification:_identify(Results) by extension 'python'
[13.666s] Level 1:colcon.colcon_core.package_identification:_identify(Results) by extensions ['python_setup_py']
[13.666s] Level 1:colcon.colcon_core.package_identification:_identify(Results) by extension 'python_setup_py'
[13.666s] Level 1:colcon.colcon_core.package_identification:_identify(build) by extensions ['ignore', 'ignore_ament_install']
[13.666s] Level 1:colcon.colcon_core.package_identification:_identify(build) by extension 'ignore'
[13.667s] Level 1:colcon.colcon_core.package_identification:_identify(build) ignored
[13.689s] Level 1:colcon.colcon_core.package_identification:_identify(fifteenVehs) by extensions ['ignore', 'ignore_ament_install']
[13.690s] Level 1:colcon.colcon_core.package_identification:_identify(fifteenVehs) by extension 'ignore'
[13.690s] Level 1:colcon.colcon_core.package_identification:_identify(fifteenVehs) by extension 'ignore_ament_install'
[13.690s] Level 1:colcon.colcon_core.package_identification:_identify(fifteenVehs) by extensions ['colcon_pkg']
[13.690s] Level 1:colcon.colcon_core.package_identification:_identify(fifteenVehs) by extension 'colcon_pkg'
[13.690s] Level 1:colcon.colcon_core.package_identification:_identify(fifteenVehs) by extensions ['colcon_meta']
[13.690s] Level 1:colcon.colcon_core.package_identification:_identify(fifteenVehs) by extension 'colcon_meta'
[13.690s] Level 1:colcon.colcon_core.package_identification:_identify(fifteenVehs) by extensions ['ros']
[13.690s] Level 1:colcon.colcon_core.package_identification:_identify(fifteenVehs) by extension 'ros'
[13.690s] Level 1:colcon.colcon_core.package_identification:_identify(fifteenVehs) by extensions ['cmake', 'python']
[13.691s] Level 1:colcon.colcon_core.package_identification:_identify(fifteenVehs) by extension 'cmake'
[13.691s] Level 1:colcon.colcon_core.package_identification:_identify(fifteenVehs) by extension 'python'
[13.691s] Level 1:colcon.colcon_core.package_identification:_identify(fifteenVehs) by extensions ['python_setup_py']
[13.691s] Level 1:colcon.colcon_core.package_identification:_identify(fifteenVehs) by extension 'python_setup_py'
[13.691s] Level 1:colcon.colcon_core.package_identification:_identify(install) by extensions ['ignore', 'ignore_ament_install']
[13.691s] Level 1:colcon.colcon_core.package_identification:_identify(install) by extension 'ignore'
[13.691s] Level 1:colcon.colcon_core.package_identification:_identify(install) ignored
[13.691s] Level 1:colcon.colcon_core.package_identification:_identify(log) by extensions ['ignore', 'ignore_ament_install']
[13.691s] Level 1:colcon.colcon_core.package_identification:_identify(log) by extension 'ignore'
[13.691s] Level 1:colcon.colcon_core.package_identification:_identify(log) ignored
[13.692s] Level 1:colcon.colcon_core.package_identification:_identify(src) by extensions ['ignore', 'ignore_ament_install']
[13.692s] Level 1:colcon.colcon_core.package_identification:_identify(src) by extension 'ignore'
[13.692s] Level 1:colcon.colcon_core.package_identification:_identify(src) by extension 'ignore_ament_install'
[13.692s] Level 1:colcon.colcon_core.package_identification:_identify(src) by extensions ['colcon_pkg']
[13.692s] Level 1:colcon.colcon_core.package_identification:_identify(src) by extension 'colcon_pkg'
[13.692s] Level 1:colcon.colcon_core.package_identification:_identify(src) by extensions ['colcon_meta']
[13.692s] Level 1:colcon.colcon_core.package_identification:_identify(src) by extension 'colcon_meta'
[13.692s] Level 1:colcon.colcon_core.package_identification:_identify(src) by extensions ['ros']
[13.692s] Level 1:colcon.colcon_core.package_identification:_identify(src) by extension 'ros'
[13.692s] Level 1:colcon.colcon_core.package_identification:_identify(src) by extensions ['cmake', 'python']
[13.692s] Level 1:colcon.colcon_core.package_identification:_identify(src) by extension 'cmake'
[13.692s] Level 1:colcon.colcon_core.package_identification:_identify(src) by extension 'python'
[13.692s] Level 1:colcon.colcon_core.package_identification:_identify(src) by extensions ['python_setup_py']
[13.692s] Level 1:colcon.colcon_core.package_identification:_identify(src) by extension 'python_setup_py'
[13.723s] Level 1:colcon.colcon_core.package_identification:_identify(src/cim) by extensions ['ignore', 'ignore_ament_install']
[13.723s] Level 1:colcon.colcon_core.package_identification:_identify(src/cim) by extension 'ignore'
[13.723s] Level 1:colcon.colcon_core.package_identification:_identify(src/cim) by extension 'ignore_ament_install'
[13.724s] Level 1:colcon.colcon_core.package_identification:_identify(src/cim) by extensions ['colcon_pkg']
[13.724s] Level 1:colcon.colcon_core.package_identification:_identify(src/cim) by extension 'colcon_pkg'
[13.724s] Level 1:colcon.colcon_core.package_identification:_identify(src/cim) by extensions ['colcon_meta']
[13.724s] Level 1:colcon.colcon_core.package_identification:_identify(src/cim) by extension 'colcon_meta'
[13.724s] Level 1:colcon.colcon_core.package_identification:_identify(src/cim) by extensions ['ros']
[13.724s] Level 1:colcon.colcon_core.package_identification:_identify(src/cim) by extension 'ros'
[13.747s] DEBUG:colcon.colcon_core.package_identification:Package 'src/cim' with type 'ros.ament_python' and name 'cim'
[13.763s] Level 1:colcon.colcon_core.package_identification:_identify(src/dsrcmsg) by extensions ['ignore', 'ignore_ament_install']
[13.763s] Level 1:colcon.colcon_core.package_identification:_identify(src/dsrcmsg) by extension 'ignore'
[13.763s] Level 1:colcon.colcon_core.package_identification:_identify(src/dsrcmsg) by extension 'ignore_ament_install'
[13.763s] Level 1:colcon.colcon_core.package_identification:_identify(src/dsrcmsg) by extensions ['colcon_pkg']
[13.763s] Level 1:colcon.colcon_core.package_identification:_identify(src/dsrcmsg) by extension 'colcon_pkg'
[13.763s] Level 1:colcon.colcon_core.package_identification:_identify(src/dsrcmsg) by extensions ['colcon_meta']
[13.763s] Level 1:colcon.colcon_core.package_identification:_identify(src/dsrcmsg) by extension 'colcon_meta'
[13.763s] Level 1:colcon.colcon_core.package_identification:_identify(src/dsrcmsg) by extensions ['ros']
[13.763s] Level 1:colcon.colcon_core.package_identification:_identify(src/dsrcmsg) by extension 'ros'
[13.851s] DEBUG:colcon.colcon_core.package_identification:Package 'src/dsrcmsg' with type 'ros.ament_cmake' and name 'dsrcmsg'
[13.851s] Level 1:colcon.colcon_core.package_identification:_identify(src/onecim) by extensions ['ignore', 'ignore_ament_install']
[13.851s] Level 1:colcon.colcon_core.package_identification:_identify(src/onecim) by extension 'ignore'
[13.852s] Level 1:colcon.colcon_core.package_identification:_identify(src/onecim) by extension 'ignore_ament_install'
[13.852s] Level 1:colcon.colcon_core.package_identification:_identify(src/onecim) by extensions ['colcon_pkg']
[13.852s] Level 1:colcon.colcon_core.package_identification:_identify(src/onecim) by extension 'colcon_pkg'
[13.852s] Level 1:colcon.colcon_core.package_identification:_identify(src/onecim) by extensions ['colcon_meta']
[13.852s] Level 1:colcon.colcon_core.package_identification:_identify(src/onecim) by extension 'colcon_meta'
[13.852s] Level 1:colcon.colcon_core.package_identification:_identify(src/onecim) by extensions ['ros']
[13.852s] Level 1:colcon.colcon_core.package_identification:_identify(src/onecim) by extension 'ros'
[13.866s] DEBUG:colcon.colcon_core.package_identification:Package 'src/onecim' with type 'ros.ament_python' and name 'onecim'
[13.878s] Level 1:colcon.colcon_core.package_identification:_identify(src/reactivemethods) by extensions ['ignore', 'ignore_ament_install']
[13.878s] Level 1:colcon.colcon_core.package_identification:_identify(src/reactivemethods) by extension 'ignore'
[13.878s] Level 1:colcon.colcon_core.package_identification:_identify(src/reactivemethods) by extension 'ignore_ament_install'
[13.878s] Level 1:colcon.colcon_core.package_identification:_identify(src/reactivemethods) by extensions ['colcon_pkg']
[13.878s] Level 1:colcon.colcon_core.package_identification:_identify(src/reactivemethods) by extension 'colcon_pkg'
[13.878s] Level 1:colcon.colcon_core.package_identification:_identify(src/reactivemethods) by extensions ['colcon_meta']
[13.878s] Level 1:colcon.colcon_core.package_identification:_identify(src/reactivemethods) by extension 'colcon_meta'
[13.878s] Level 1:colcon.colcon_core.package_identification:_identify(src/reactivemethods) by extensions ['ros']
[13.878s] Level 1:colcon.colcon_core.package_identification:_identify(src/reactivemethods) by extension 'ros'
[13.894s] DEBUG:colcon.colcon_core.package_identification:Package 'src/reactivemethods' with type 'ros.ament_python' and name 'reactivemethods'
[13.908s] Level 1:colcon.colcon_core.package_identification:_identify(src/trafficrecord) by extensions ['ignore', 'ignore_ament_install']
[13.908s] Level 1:colcon.colcon_core.package_identification:_identify(src/trafficrecord) by extension 'ignore'
[13.909s] Level 1:colcon.colcon_core.package_identification:_identify(src/trafficrecord) by extension 'ignore_ament_install'
[13.909s] Level 1:colcon.colcon_core.package_identification:_identify(src/trafficrecord) by extensions ['colcon_pkg']
[13.909s] Level 1:colcon.colcon_core.package_identification:_identify(src/trafficrecord) by extension 'colcon_pkg'
[13.909s] Level 1:colcon.colcon_core.package_identification:_identify(src/trafficrecord) by extensions ['colcon_meta']
[13.909s] Level 1:colcon.colcon_core.package_identification:_identify(src/trafficrecord) by extension 'colcon_meta'
[13.909s] Level 1:colcon.colcon_core.package_identification:_identify(src/trafficrecord) by extensions ['ros']
[13.909s] Level 1:colcon.colcon_core.package_identification:_identify(src/trafficrecord) by extension 'ros'
[13.943s] DEBUG:colcon.colcon_core.package_identification:Package 'src/trafficrecord' with type 'ros.ament_cmake' and name 'trafficrecord'
[13.957s] Level 1:colcon.colcon_core.package_identification:_identify(tenVehs) by extensions ['ignore', 'ignore_ament_install']
[13.957s] Level 1:colcon.colcon_core.package_identification:_identify(tenVehs) by extension 'ignore'
[13.958s] Level 1:colcon.colcon_core.package_identification:_identify(tenVehs) by extension 'ignore_ament_install'
[13.958s] Level 1:colcon.colcon_core.package_identification:_identify(tenVehs) by extensions ['colcon_pkg']
[13.958s] Level 1:colcon.colcon_core.package_identification:_identify(tenVehs) by extension 'colcon_pkg'
[13.958s] Level 1:colcon.colcon_core.package_identification:_identify(tenVehs) by extensions ['colcon_meta']
[13.958s] Level 1:colcon.colcon_core.package_identification:_identify(tenVehs) by extension 'colcon_meta'
[13.958s] Level 1:colcon.colcon_core.package_identification:_identify(tenVehs) by extensions ['ros']
[13.958s] Level 1:colcon.colcon_core.package_identification:_identify(tenVehs) by extension 'ros'
[13.958s] Level 1:colcon.colcon_core.package_identification:_identify(tenVehs) by extensions ['cmake', 'python']
[13.958s] Level 1:colcon.colcon_core.package_identification:_identify(tenVehs) by extension 'cmake'
[13.958s] Level 1:colcon.colcon_core.package_identification:_identify(tenVehs) by extension 'python'
[13.958s] Level 1:colcon.colcon_core.package_identification:_identify(tenVehs) by extensions ['python_setup_py']
[13.958s] Level 1:colcon.colcon_core.package_identification:_identify(tenVehs) by extension 'python_setup_py'
[13.994s] Level 1:colcon.colcon_core.package_identification:_identify(thirtyVehs) by extensions ['ignore', 'ignore_ament_install']
[13.995s] Level 1:colcon.colcon_core.package_identification:_identify(thirtyVehs) by extension 'ignore'
[13.995s] Level 1:colcon.colcon_core.package_identification:_identify(thirtyVehs) by extension 'ignore_ament_install'
[13.995s] Level 1:colcon.colcon_core.package_identification:_identify(thirtyVehs) by extensions ['colcon_pkg']
[13.995s] Level 1:colcon.colcon_core.package_identification:_identify(thirtyVehs) by extension 'colcon_pkg'
[13.995s] Level 1:colcon.colcon_core.package_identification:_identify(thirtyVehs) by extensions ['colcon_meta']
[13.995s] Level 1:colcon.colcon_core.package_identification:_identify(thirtyVehs) by extension 'colcon_meta'
[13.995s] Level 1:colcon.colcon_core.package_identification:_identify(thirtyVehs) by extensions ['ros']
[13.995s] Level 1:colcon.colcon_core.package_identification:_identify(thirtyVehs) by extension 'ros'
[13.995s] Level 1:colcon.colcon_core.package_identification:_identify(thirtyVehs) by extensions ['cmake', 'python']
[13.995s] Level 1:colcon.colcon_core.package_identification:_identify(thirtyVehs) by extension 'cmake'
[13.995s] Level 1:colcon.colcon_core.package_identification:_identify(thirtyVehs) by extension 'python'
[13.995s] Level 1:colcon.colcon_core.package_identification:_identify(thirtyVehs) by extensions ['python_setup_py']
[13.995s] Level 1:colcon.colcon_core.package_identification:_identify(thirtyVehs) by extension 'python_setup_py'
[14.015s] Level 1:colcon.colcon_core.package_identification:_identify(twoVehs) by extensions ['ignore', 'ignore_ament_install']
[14.016s] Level 1:colcon.colcon_core.package_identification:_identify(twoVehs) by extension 'ignore'
[14.016s] Level 1:colcon.colcon_core.package_identification:_identify(twoVehs) by extension 'ignore_ament_install'
[14.016s] Level 1:colcon.colcon_core.package_identification:_identify(twoVehs) by extensions ['colcon_pkg']
[14.016s] Level 1:colcon.colcon_core.package_identification:_identify(twoVehs) by extension 'colcon_pkg'
[14.016s] Level 1:colcon.colcon_core.package_identification:_identify(twoVehs) by extensions ['colcon_meta']
[14.016s] Level 1:colcon.colcon_core.package_identification:_identify(twoVehs) by extension 'colcon_meta'
[14.016s] Level 1:colcon.colcon_core.package_identification:_identify(twoVehs) by extensions ['ros']
[14.016s] Level 1:colcon.colcon_core.package_identification:_identify(twoVehs) by extension 'ros'
[14.016s] Level 1:colcon.colcon_core.package_identification:_identify(twoVehs) by extensions ['cmake', 'python']
[14.016s] Level 1:colcon.colcon_core.package_identification:_identify(twoVehs) by extension 'cmake'
[14.016s] Level 1:colcon.colcon_core.package_identification:_identify(twoVehs) by extension 'python'
[14.016s] Level 1:colcon.colcon_core.package_identification:_identify(twoVehs) by extensions ['python_setup_py']
[14.016s] Level 1:colcon.colcon_core.package_identification:_identify(twoVehs) by extension 'python_setup_py'
[14.016s] Level 1:colcon.colcon_core.package_discovery:discover_packages(recursive) using defaults
[14.016s] Level 1:colcon.colcon_core.package_discovery:discover_packages(ignore) discover
[14.016s] Level 1:colcon.colcon_core.package_discovery:discover_packages(ignore) using defaults
[14.016s] Level 1:colcon.colcon_core.package_discovery:discover_packages(path) discover
[14.016s] Level 1:colcon.colcon_core.package_discovery:discover_packages(path) using defaults
[14.440s] INFO:colcon.colcon_core.package_selection:Skipping not selected package 'dsrcmsg' in 'src/dsrcmsg'
[14.440s] INFO:colcon.colcon_core.package_selection:Skipping not selected package 'trafficrecord' in 'src/trafficrecord'
[14.440s] INFO:colcon.colcon_core.package_selection:Skipping not selected package 'cim' in 'src/cim'
[14.440s] INFO:colcon.colcon_core.package_selection:Skipping not selected package 'reactivemethods' in 'src/reactivemethods'
[14.551s] Level 1:colcon.colcon_core.package_discovery:discover_packages(prefix_path) check parameters
[14.552s] Level 1:colcon.colcon_core.package_discovery:discover_packages(prefix_path) discover
[14.684s] DEBUG:colcon.colcon_installed_package_information.package_discovery:Found 5 installed packages in /home/babangida/ros_ws/install
[14.745s] DEBUG:colcon.colcon_installed_package_information.package_discovery:Found 289 installed packages in /opt/ros/foxy
[14.747s] Level 1:colcon.colcon_core.package_discovery:discover_packages(prefix_path) using defaults
[16.175s] Level 5:colcon.colcon_core.verb:set package 'onecim' build argument 'cmake_args' from command line to 'None'
[16.175s] Level 5:colcon.colcon_core.verb:set package 'onecim' build argument 'cmake_target' from command line to 'None'
[16.176s] Level 5:colcon.colcon_core.verb:set package 'onecim' build argument 'cmake_target_skip_unavailable' from command line to 'False'
[16.176s] Level 5:colcon.colcon_core.verb:set package 'onecim' build argument 'cmake_clean_cache' from command line to 'False'
[16.176s] Level 5:colcon.colcon_core.verb:set package 'onecim' build argument 'cmake_clean_first' from command line to 'False'
[16.176s] Level 5:colcon.colcon_core.verb:set package 'onecim' build argument 'cmake_force_configure' from command line to 'False'
[16.176s] Level 5:colcon.colcon_core.verb:set package 'onecim' build argument 'ament_cmake_args' from command line to 'None'
[16.176s] Level 5:colcon.colcon_core.verb:set package 'onecim' build argument 'catkin_cmake_args' from command line to 'None'
[16.176s] Level 5:colcon.colcon_core.verb:set package 'onecim' build argument 'catkin_skip_building_tests' from command line to 'False'
[16.176s] DEBUG:colcon.colcon_core.verb:Building package 'onecim' with the following arguments: {'ament_cmake_args': None, 'build_base': '/home/babangida/ros_ws/build/onecim', 'catkin_cmake_args': None, 'catkin_skip_building_tests': False, 'cmake_args': None, 'cmake_clean_cache': False, 'cmake_clean_first': False, 'cmake_force_configure': False, 'cmake_target': None, 'cmake_target_skip_unavailable': False, 'install_base': '/home/babangida/ros_ws/install/onecim', 'merge_install': False, 'path': '/home/babangida/ros_ws/src/onecim', 'symlink_install': True, 'test_result_base': None}
[16.229s] INFO:colcon.colcon_core.executor:Executing jobs using 'parallel' executor
[16.285s] DEBUG:colcon.colcon_parallel_executor.executor.parallel:run_until_complete
[16.285s] INFO:colcon.colcon_ros.task.ament_python.build:Building ROS package in '/home/babangida/ros_ws/src/onecim' with build type 'ament_python'
[16.285s] Level 1:colcon.colcon_core.shell:create_environment_hook('onecim', 'ament_prefix_path')
[16.455s] INFO:colcon.colcon_core.plugin_system:Skipping extension 'colcon_core.shell.bat': Not used on non-Windows systems
[16.456s] INFO:colcon.colcon_core.shell:Creating environment hook '/home/babangida/ros_ws/install/onecim/share/onecim/hook/ament_prefix_path.ps1'
[16.468s] INFO:colcon.colcon_core.shell:Creating environment descriptor '/home/babangida/ros_ws/install/onecim/share/onecim/hook/ament_prefix_path.dsv'
[16.482s] INFO:colcon.colcon_core.shell:Creating environment hook '/home/babangida/ros_ws/install/onecim/share/onecim/hook/ament_prefix_path.sh'
[16.554s] INFO:colcon.colcon_core.shell:Skip shell extension 'powershell' for command environment: Not usable outside of PowerShell
[16.554s] DEBUG:colcon.colcon_core.shell:Skip shell extension 'dsv' for command environment
[18.340s] INFO:colcon.colcon_core.task.python.build:Building Python package in '/home/babangida/ros_ws/src/onecim'
[18.399s] INFO:colcon.colcon_core.shell:Skip shell extension 'powershell' for command environment: Not usable outside of PowerShell
[18.399s] DEBUG:colcon.colcon_core.shell:Skip shell extension 'dsv' for command environment
[20.864s] DEBUG:colcon.colcon_core.event_handler.log_command:Invoking command in '/home/babangida/ros_ws/build/onecim': PYTHONPATH=/home/babangida/ros_ws/build/onecim/prefix_override:/home/babangida/ros_ws/install/onecim/lib/python3.8/site-packages:/home/babangida/ros_ws/install/trafficrecord/lib/python3.8/site-packages:/home/babangida/ros_ws/install/dsrcmsg/lib/python3.8/site-packages:/home/babangida/ros_ws/build/onecim:/home/babangida/ros_ws/install/onecim/lib/python3.8/site-packages:/home/babangida/ros_ws/install/cim/lib/python3.8/site-packages:/home/babangida/ros_ws/build/reactivemethods:/home/babangida/ros_ws/install/reactivemethods/lib/python3.8/site-packages:/opt/ros/foxy/lib/python3.8/site-packages /usr/bin/python3 setup.py develop --editable --build-directory /home/babangida/ros_ws/build/onecim/build --no-deps install_data
[21.636s] Level 1:colcon.colcon_core.shell:create_environment_hook('onecim', 'pythonpath_develop')
[21.636s] DEBUG:colcon.colcon_core.event_handler.log_command:Invoked command in '/home/babangida/ros_ws/build/onecim' returned '0': PYTHONPATH=/home/babangida/ros_ws/build/onecim/prefix_override:/home/babangida/ros_ws/install/onecim/lib/python3.8/site-packages:/home/babangida/ros_ws/install/trafficrecord/lib/python3.8/site-packages:/home/babangida/ros_ws/install/dsrcmsg/lib/python3.8/site-packages:/home/babangida/ros_ws/build/onecim:/home/babangida/ros_ws/install/onecim/lib/python3.8/site-packages:/home/babangida/ros_ws/install/cim/lib/python3.8/site-packages:/home/babangida/ros_ws/build/reactivemethods:/home/babangida/ros_ws/install/reactivemethods/lib/python3.8/site-packages:/opt/ros/foxy/lib/python3.8/site-packages /usr/bin/python3 setup.py develop --editable --build-directory /home/babangida/ros_ws/build/onecim/build --no-deps install_data
[21.694s] INFO:colcon.colcon_core.shell:Creating environment hook '/home/babangida/ros_ws/build/onecim/share/onecim/hook/pythonpath_develop.ps1'
[21.695s] INFO:colcon.colcon_core.shell:Creating environment descriptor '/home/babangida/ros_ws/build/onecim/share/onecim/hook/pythonpath_develop.dsv'
[21.695s] INFO:colcon.colcon_core.shell:Creating environment hook '/home/babangida/ros_ws/build/onecim/share/onecim/hook/pythonpath_develop.sh'
[21.921s] Level 1:colcon.colcon_core.environment:checking '/home/babangida/ros_ws/install/onecim' for CMake module files
[21.921s] Level 1:colcon.colcon_core.environment:checking '/home/babangida/ros_ws/install/onecim' for CMake config files
[21.963s] Level 1:colcon.colcon_core.environment:checking '/home/babangida/ros_ws/install/onecim/lib'
[21.964s] Level 1:colcon.colcon_core.environment:checking '/home/babangida/ros_ws/install/onecim/bin'
[21.964s] Level 1:colcon.colcon_core.environment:checking '/home/babangida/ros_ws/install/onecim/lib/pkgconfig/onecim.pc'
[21.964s] Level 1:colcon.colcon_core.environment:checking '/home/babangida/ros_ws/install/onecim/lib/python3.8/site-packages'
[21.964s] Level 1:colcon.colcon_core.shell:create_environment_hook('onecim', 'pythonpath')
[22.020s] INFO:colcon.colcon_core.shell:Creating environment hook '/home/babangida/ros_ws/install/onecim/share/onecim/hook/pythonpath.ps1'
[22.021s] INFO:colcon.colcon_core.shell:Creating environment descriptor '/home/babangida/ros_ws/install/onecim/share/onecim/hook/pythonpath.dsv'
[22.021s] INFO:colcon.colcon_core.shell:Creating environment hook '/home/babangida/ros_ws/install/onecim/share/onecim/hook/pythonpath.sh'
[22.022s] Level 1:colcon.colcon_core.environment:checking '/home/babangida/ros_ws/install/onecim/bin'
[22.022s] Level 1:colcon.colcon_core.environment:create_environment_scripts_only(onecim)
[22.078s] INFO:colcon.colcon_core.shell:Creating package script '/home/babangida/ros_ws/install/onecim/share/onecim/package.ps1'
[22.080s] INFO:colcon.colcon_core.shell:Creating package descriptor '/home/babangida/ros_ws/install/onecim/share/onecim/package.dsv'
[22.081s] INFO:colcon.colcon_core.shell:Creating package script '/home/babangida/ros_ws/install/onecim/share/onecim/package.sh'
[22.082s] INFO:colcon.colcon_core.shell:Creating package script '/home/babangida/ros_ws/install/onecim/share/onecim/package.bash'
[22.095s] INFO:colcon.colcon_core.shell:Creating package script '/home/babangida/ros_ws/install/onecim/share/onecim/package.zsh'
[22.126s] Level 1:colcon.colcon_core.environment:create_file_with_runtime_dependencies(/home/babangida/ros_ws/install/onecim/share/colcon-core/packages/onecim)
[22.127s] DEBUG:colcon.colcon_parallel_executor.executor.parallel:closing loop
[22.128s] DEBUG:colcon.colcon_parallel_executor.executor.parallel:loop closed
[22.129s] DEBUG:colcon.colcon_parallel_executor.executor.parallel:run_until_complete finished with '0'
[22.129s] DEBUG:colcon.colcon_core.event_reactor:joining thread
[22.334s] INFO:colcon.colcon_core.plugin_system:Skipping extension 'colcon_notification.desktop_notification.notify_send': Could not find 'notify-send'
[22.334s] INFO:colcon.colcon_core.plugin_system:Skipping extension 'colcon_notification.desktop_notification.terminal_notifier': Not used on non-Darwin systems
[22.334s] INFO:colcon.colcon_core.plugin_system:Skipping extension 'colcon_notification.desktop_notification.win32': Not used on non-Windows systems
[22.334s] INFO:colcon.colcon_notification.desktop_notification:Sending desktop notification using 'notify2'
[22.374s] DEBUG:colcon.colcon_notification.desktop_notification.notify2:Failed to initialize notify2: org.freedesktop.DBus.Error.ServiceUnknown: The name org.freedesktop.Notifications was not provided by any .service files
[22.374s] DEBUG:colcon.colcon_core.event_reactor:joined thread
[22.451s] INFO:colcon.colcon_core.shell:Creating prefix script '/home/babangida/ros_ws/install/local_setup.ps1'
[22.540s] INFO:colcon.colcon_core.shell:Creating prefix util module '/home/babangida/ros_ws/install/_local_setup_util_ps1.py'
[22.542s] INFO:colcon.colcon_core.shell:Creating prefix chain script '/home/babangida/ros_ws/install/setup.ps1'
[22.616s] INFO:colcon.colcon_core.shell:Creating prefix script '/home/babangida/ros_ws/install/local_setup.sh'
[22.617s] INFO:colcon.colcon_core.shell:Creating prefix util module '/home/babangida/ros_ws/install/_local_setup_util_sh.py'
[22.618s] INFO:colcon.colcon_core.shell:Creating prefix chain script '/home/babangida/ros_ws/install/setup.sh'
[22.688s] INFO:colcon.colcon_core.shell:Creating prefix script '/home/babangida/ros_ws/install/local_setup.bash'
[22.689s] INFO:colcon.colcon_core.shell:Creating prefix chain script '/home/babangida/ros_ws/install/setup.bash'
[22.754s] INFO:colcon.colcon_core.shell:Creating prefix script '/home/babangida/ros_ws/install/local_setup.zsh'
[22.755s] INFO:colcon.colcon_core.shell:Creating prefix chain script '/home/babangida/ros_ws/install/setup.zsh'
