[3.653s] Invoking command in '/home/babangida/ros_ws/build/onecim': AMENT_PREFIX_PATH=/home/babangida/ros_ws/install/trafficrecord:/home/babangida/ros_ws/install/dsrcmsg:${AMENT_PREFIX_PATH} CMAKE_PREFIX_PATH=/home/babangida/ros_ws/install/trafficrecord:/home/babangida/ros_ws/install/dsrcmsg LD_LIBRARY_PATH=/home/babangida/ros_ws/install/trafficrecord/lib:/home/babangida/ros_ws/install/dsrcmsg/lib:${LD_LIBRARY_PATH} PYTHONPATH=/home/babangida/ros_ws/build/onecim/prefix_override:/home/babangida/ros_ws/install/onecim/lib/python3.8/site-packages:/home/babangida/ros_ws/install/trafficrecord/lib/python3.8/site-packages:/home/babangida/ros_ws/install/dsrcmsg/lib/python3.8/site-packages:${PYTHONPATH} /usr/bin/python3 setup.py develop --editable --build-directory /home/babangida/ros_ws/build/onecim/build --no-deps install_data
[4.116s] running develop
[4.399s] running egg_info
[4.400s] writing onecim.egg-info/PKG-INFO
[4.401s] writing dependency_links to onecim.egg-info/dependency_links.txt
[4.401s] writing entry points to onecim.egg-info/entry_points.txt
[4.401s] writing requirements to onecim.egg-info/requires.txt
[4.402s] writing top-level names to onecim.egg-info/top_level.txt
[4.468s] reading manifest file 'onecim.egg-info/SOURCES.txt'
[4.470s] writing manifest file 'onecim.egg-info/SOURCES.txt'
[4.532s] running build_ext
[4.533s] Creating /home/babangida/ros_ws/install/onecim/lib/python3.8/site-packages/onecim.egg-link (link to .)
[4.534s] Installing ewfiscim script to /home/babangida/ros_ws/install/onecim/lib/onecim
[4.535s] Installing fisonecimlooptls script to /home/babangida/ros_ws/install/onecim/lib/onecim
[4.535s] Installing fisonecimtls script to /home/babangida/ros_ws/install/onecim/lib/onecim
[4.535s] Installing genveh script to /home/babangida/ros_ws/install/onecim/lib/onecim
[4.536s] Installing onecimew script to /home/babangida/ros_ws/install/onecim/lib/onecim
[4.536s] Installing onecimloopew script to /home/babangida/ros_ws/install/onecim/lib/onecim
[4.536s] Installing onecimloopsn script to /home/babangida/ros_ws/install/onecim/lib/onecim
[4.537s] Installing onecimloopstatictls script to /home/babangida/ros_ws/install/onecim/lib/onecim
[4.537s] Installing onecimlooptls script to /home/babangida/ros_ws/install/onecim/lib/onecim
[4.538s] Installing onecimsn script to /home/babangida/ros_ws/install/onecim/lib/onecim
[4.538s] Installing onecimtls script to /home/babangida/ros_ws/install/onecim/lib/onecim
[4.538s] Installing playde script to /home/babangida/ros_ws/install/onecim/lib/onecim
[4.539s] Installing playpp script to /home/babangida/ros_ws/install/onecim/lib/onecim
[4.539s] Installing simspeed script to /home/babangida/ros_ws/install/onecim/lib/onecim
[4.539s] Installing snfiscim script to /home/babangida/ros_ws/install/onecim/lib/onecim
[4.540s] Installing veh script to /home/babangida/ros_ws/install/onecim/lib/onecim
[4.540s] Installing wypts script to /home/babangida/ros_ws/install/onecim/lib/onecim
[4.540s] 
[4.540s] Installed /home/babangida/ros_ws/build/onecim
[4.540s] running install_data
[4.591s] Invoked command in '/home/babangida/ros_ws/build/onecim' returned '0': AMENT_PREFIX_PATH=/home/babangida/ros_ws/install/trafficrecord:/home/babangida/ros_ws/install/dsrcmsg:${AMENT_PREFIX_PATH} CMAKE_PREFIX_PATH=/home/babangida/ros_ws/install/trafficrecord:/home/babangida/ros_ws/install/dsrcmsg LD_LIBRARY_PATH=/home/babangida/ros_ws/install/trafficrecord/lib:/home/babangida/ros_ws/install/dsrcmsg/lib:${LD_LIBRARY_PATH} PYTHONPATH=/home/babangida/ros_ws/build/onecim/prefix_override:/home/babangida/ros_ws/install/onecim/lib/python3.8/site-packages:/home/babangida/ros_ws/install/trafficrecord/lib/python3.8/site-packages:/home/babangida/ros_ws/install/dsrcmsg/lib/python3.8/site-packages:${PYTHONPATH} /usr/bin/python3 setup.py develop --editable --build-directory /home/babangida/ros_ws/build/onecim/build --no-deps install_data
