[0.433s] Invoking command in '/home/babangida/ros_ws/build/dsrcmsg': CMAKE_PREFIX_PATH=${CMAKE_PREFIX_PATH}:/home/babangida/ros_ws/install/onecim:/home/babangida/ros_ws/install/cim:/home/babangida/ros_ws/install/reactivemethods:/opt/ros/foxy /usr/bin/cmake --build /home/babangida/ros_ws/build/dsrcmsg -- -j8 -l8
[0.473s] -- Found ament_cmake: 0.9.12 (/opt/ros/foxy/share/ament_cmake/cmake)
[0.527s] -- Found PythonInterp: /usr/bin/python3 (found suitable version "3.8.10", minimum required is "3") 
[0.527s] -- Using PYTHON_EXECUTABLE: /usr/bin/python3
[0.894s] -- Override CMake install command with custom implementation using symlinks instead of copying resources
[0.906s] -- Found builtin_interfaces: 1.0.0 (/opt/ros/foxy/share/builtin_interfaces/cmake)
[1.352s] -- Using all available rosidl_typesupport_c: rosidl_typesupport_fastrtps_c;rosidl_typesupport_introspection_c
[1.359s] -- Found rosidl_adapter: 1.3.1 (/opt/ros/foxy/share/rosidl_adapter/cmake)
[14.342s] -- Using all available rosidl_typesupport_cpp: rosidl_typesupport_fastrtps_cpp;rosidl_typesupport_introspection_cpp
[14.383s] -- Found rosidl_default_generators: 1.0.1 (/opt/ros/foxy/share/rosidl_default_generators/cmake)
[14.462s] -- Found PythonInterp: /usr/bin/python3 (found version "3.8.10") 
[15.145s] -- Found ament_cmake_ros: 0.9.2 (/opt/ros/foxy/share/ament_cmake_ros/cmake)
[28.466s] -- Using all available rosidl_typesupport_c: rosidl_typesupport_fastrtps_c;rosidl_typesupport_introspection_c
[28.666s] -- Using all available rosidl_typesupport_cpp: rosidl_typesupport_fastrtps_cpp;rosidl_typesupport_introspection_cpp
[28.749s] -- Found PythonInterp: /usr/bin/python3 (found suitable version "3.8.10", minimum required is "3.5") 
[28.769s] -- Found python_cmake_module: 0.8.1 (/opt/ros/foxy/share/python_cmake_module/cmake)
[28.913s] -- Using PYTHON_EXECUTABLE: /usr/bin/python3
[28.913s] -- Using PYTHON_INCLUDE_DIRS: /usr/include/python3.8
[28.916s] -- Using PYTHON_LIBRARIES: /usr/lib/x86_64-linux-gnu/libpython3.8.so
[29.067s] -- Found ament_lint_auto: 0.9.8 (/opt/ros/foxy/share/ament_lint_auto/cmake)
[29.262s] -- Added test 'copyright' to check source files copyright and LICENSE
[29.285s] -- Added test 'lint_cmake' to check CMake code style
[29.289s] -- Added test 'xmllint' to check XML markup files
[29.318s] -- Configuring done
[30.751s] -- Generating done
[30.828s] -- Build files have been written to: /home/babangida/ros_ws/build/dsrcmsg
[30.913s] [  1%] [34m[1mGenerating C code for ROS interfaces[0m
[30.985s] [  3%] [34m[1mGenerating C++ code for ROS interfaces[0m
[32.697s] [  3%] Built target dsrcmsg__cpp
[32.752s] [  4%] [34m[1mGenerating C++ type support for eProsima Fast-RTPS[0m
[32.772s] [  6%] [34m[1mGenerating C++ introspection for ROS interfaces[0m
[32.788s] [  7%] [34m[1mGenerating C++ type support dispatch for ROS interfaces[0m
[33.305s] [35m[1mScanning dependencies of target dsrcmsg__rosidl_generator_c[0m
[33.363s] [  9%] [32mBuilding C object CMakeFiles/dsrcmsg__rosidl_generator_c.dir/rosidl_generator_c/dsrcmsg/msg/detail/dsrc_message__functions.c.o[0m
[33.369s] [ 11%] [32mBuilding C object CMakeFiles/dsrcmsg__rosidl_generator_c.dir/rosidl_generator_c/dsrcmsg/msg/detail/intersection_bsm__functions.c.o[0m
[33.377s] [ 12%] [32mBuilding C object CMakeFiles/dsrcmsg__rosidl_generator_c.dir/rosidl_generator_c/dsrcmsg/msg/detail/traffic_lights_message__functions.c.o[0m
[34.458s] [35m[1mScanning dependencies of target dsrcmsg__rosidl_typesupport_cpp[0m
[34.482s] [ 14%] [32mBuilding CXX object CMakeFiles/dsrcmsg__rosidl_typesupport_cpp.dir/rosidl_typesupport_cpp/dsrcmsg/msg/dsrc_message__type_support.cpp.o[0m
[34.905s] [35m[1mScanning dependencies of target dsrcmsg__rosidl_typesupport_introspection_cpp[0m
[34.966s] [ 15%] [32mBuilding CXX object CMakeFiles/dsrcmsg__rosidl_typesupport_introspection_cpp.dir/rosidl_typesupport_introspection_cpp/dsrcmsg/msg/detail/dsrc_message__type_support.cpp.o[0m
[34.996s] [35m[1mScanning dependencies of target dsrcmsg__rosidl_typesupport_fastrtps_cpp[0m
[35.064s] [ 17%] [32mBuilding CXX object CMakeFiles/dsrcmsg__rosidl_typesupport_fastrtps_cpp.dir/rosidl_typesupport_fastrtps_cpp/dsrcmsg/msg/detail/dds_fastrtps/dsrc_message__type_support.cpp.o[0m
[36.643s] [ 19%] [32mBuilding CXX object CMakeFiles/dsrcmsg__rosidl_typesupport_introspection_cpp.dir/rosidl_typesupport_introspection_cpp/dsrcmsg/msg/detail/intersection_bsm__type_support.cpp.o[0m
[36.645s] [ 20%] [32mBuilding CXX object CMakeFiles/dsrcmsg__rosidl_typesupport_introspection_cpp.dir/rosidl_typesupport_introspection_cpp/dsrcmsg/msg/detail/traffic_lights_message__type_support.cpp.o[0m
[36.661s] [ 23%] [32mBuilding C object CMakeFiles/dsrcmsg__rosidl_generator_c.dir/rosidl_generator_c/dsrcmsg/msg/detail/one_cim_keypoints__functions.c.o[0m
[36.661s] [ 23%] [32mBuilding CXX object CMakeFiles/dsrcmsg__rosidl_typesupport_fastrtps_cpp.dir/rosidl_typesupport_fastrtps_cpp/dsrcmsg/msg/detail/dds_fastrtps/intersection_bsm__type_support.cpp.o[0m
[36.665s] [ 25%] [32mBuilding C object CMakeFiles/dsrcmsg__rosidl_generator_c.dir/rosidl_generator_c/dsrcmsg/msg/detail/one_cim_tls_msg__functions.c.o[0m
[36.824s] [ 26%] [32m[1mLinking C shared library libdsrcmsg__rosidl_generator_c.so[0m
[38.070s] [ 28%] [32mBuilding CXX object CMakeFiles/dsrcmsg__rosidl_typesupport_introspection_cpp.dir/rosidl_typesupport_introspection_cpp/dsrcmsg/msg/detail/one_cim_keypoints__type_support.cpp.o[0m
[39.191s] [ 28%] Built target dsrcmsg__rosidl_generator_c
[39.819s] [ 30%] [32mBuilding CXX object CMakeFiles/dsrcmsg__rosidl_typesupport_introspection_cpp.dir/rosidl_typesupport_introspection_cpp/dsrcmsg/msg/detail/one_cim_tls_msg__type_support.cpp.o[0m
[39.823s] [ 31%] [32mBuilding CXX object CMakeFiles/dsrcmsg__rosidl_typesupport_cpp.dir/rosidl_typesupport_cpp/dsrcmsg/msg/intersection_bsm__type_support.cpp.o[0m
[40.088s] [ 33%] [32mBuilding CXX object CMakeFiles/dsrcmsg__rosidl_typesupport_fastrtps_cpp.dir/rosidl_typesupport_fastrtps_cpp/dsrcmsg/msg/detail/dds_fastrtps/one_cim_keypoints__type_support.cpp.o[0m
[40.425s] [ 34%] [32mBuilding CXX object CMakeFiles/dsrcmsg__rosidl_typesupport_cpp.dir/rosidl_typesupport_cpp/dsrcmsg/msg/one_cim_keypoints__type_support.cpp.o[0m
[40.601s] [ 36%] [32m[1mLinking CXX shared library libdsrcmsg__rosidl_typesupport_introspection_cpp.so[0m
[40.948s] [ 38%] [32mBuilding CXX object CMakeFiles/dsrcmsg__rosidl_typesupport_fastrtps_cpp.dir/rosidl_typesupport_fastrtps_cpp/dsrcmsg/msg/detail/dds_fastrtps/one_cim_tls_msg__type_support.cpp.o[0m
[41.005s] [ 39%] [32mBuilding CXX object CMakeFiles/dsrcmsg__rosidl_typesupport_cpp.dir/rosidl_typesupport_cpp/dsrcmsg/msg/one_cim_tls_msg__type_support.cpp.o[0m
[41.050s] [ 39%] Built target dsrcmsg__rosidl_typesupport_introspection_cpp
[41.640s] [ 41%] [32mBuilding CXX object CMakeFiles/dsrcmsg__rosidl_typesupport_cpp.dir/rosidl_typesupport_cpp/dsrcmsg/msg/traffic_lights_message__type_support.cpp.o[0m
[42.110s] [ 42%] [32mBuilding CXX object CMakeFiles/dsrcmsg__rosidl_typesupport_fastrtps_cpp.dir/rosidl_typesupport_fastrtps_cpp/dsrcmsg/msg/detail/dds_fastrtps/traffic_lights_message__type_support.cpp.o[0m
[42.227s] [ 44%] [32m[1mLinking CXX shared library libdsrcmsg__rosidl_typesupport_cpp.so[0m
[42.561s] [ 44%] Built target dsrcmsg__rosidl_typesupport_cpp
[43.131s] [ 46%] [32m[1mLinking CXX shared library libdsrcmsg__rosidl_typesupport_fastrtps_cpp.so[0m
[43.790s] [ 46%] Built target dsrcmsg__rosidl_typesupport_fastrtps_cpp
[43.834s] [ 47%] [34m[1mGenerating C type support dispatch for ROS interfaces[0m
[45.187s] [35m[1mScanning dependencies of target dsrcmsg__rosidl_typesupport_c[0m
[45.405s] [ 49%] [32mBuilding CXX object CMakeFiles/dsrcmsg__rosidl_typesupport_c.dir/rosidl_typesupport_c/dsrcmsg/msg/dsrc_message__type_support.cpp.o[0m
[45.500s] [ 50%] [32mBuilding CXX object CMakeFiles/dsrcmsg__rosidl_typesupport_c.dir/rosidl_typesupport_c/dsrcmsg/msg/one_cim_tls_msg__type_support.cpp.o[0m
[45.569s] [ 52%] [32mBuilding CXX object CMakeFiles/dsrcmsg__rosidl_typesupport_c.dir/rosidl_typesupport_c/dsrcmsg/msg/one_cim_keypoints__type_support.cpp.o[0m
[45.620s] [ 53%] [32mBuilding CXX object CMakeFiles/dsrcmsg__rosidl_typesupport_c.dir/rosidl_typesupport_c/dsrcmsg/msg/traffic_lights_message__type_support.cpp.o[0m
[45.670s] [ 55%] [32mBuilding CXX object CMakeFiles/dsrcmsg__rosidl_typesupport_c.dir/rosidl_typesupport_c/dsrcmsg/msg/intersection_bsm__type_support.cpp.o[0m
[45.724s] [ 57%] [32m[1mLinking CXX shared library libdsrcmsg__rosidl_typesupport_c.so[0m
[46.023s] [ 57%] Built target dsrcmsg__rosidl_typesupport_c
[46.095s] [ 58%] [34m[1mGenerating C type support for eProsima Fast-RTPS[0m
[47.642s] [35m[1mScanning dependencies of target dsrcmsg__rosidl_typesupport_fastrtps_c[0m
[47.673s] [ 60%] [32mBuilding CXX object CMakeFiles/dsrcmsg__rosidl_typesupport_fastrtps_c.dir/rosidl_typesupport_fastrtps_c/dsrcmsg/msg/detail/dsrc_message__type_support_c.cpp.o[0m
[48.368s] [ 61%] [32mBuilding CXX object CMakeFiles/dsrcmsg__rosidl_typesupport_fastrtps_c.dir/rosidl_typesupport_fastrtps_c/dsrcmsg/msg/detail/one_cim_tls_msg__type_support_c.cpp.o[0m
[49.109s] [ 63%] [32mBuilding CXX object CMakeFiles/dsrcmsg__rosidl_typesupport_fastrtps_c.dir/rosidl_typesupport_fastrtps_c/dsrcmsg/msg/detail/one_cim_keypoints__type_support_c.cpp.o[0m
[49.110s] [ 65%] [32mBuilding CXX object CMakeFiles/dsrcmsg__rosidl_typesupport_fastrtps_c.dir/rosidl_typesupport_fastrtps_c/dsrcmsg/msg/detail/traffic_lights_message__type_support_c.cpp.o[0m
[49.830s] [ 66%] [32mBuilding CXX object CMakeFiles/dsrcmsg__rosidl_typesupport_fastrtps_c.dir/rosidl_typesupport_fastrtps_c/dsrcmsg/msg/detail/intersection_bsm__type_support_c.cpp.o[0m
[50.537s] [ 68%] [32m[1mLinking CXX shared library libdsrcmsg__rosidl_typesupport_fastrtps_c.so[0m
[50.915s] [ 68%] Built target dsrcmsg__rosidl_typesupport_fastrtps_c
[50.931s] [ 69%] [34m[1mGenerating C introspection for ROS interfaces[0m
[52.311s] [35m[1mScanning dependencies of target dsrcmsg__rosidl_typesupport_introspection_c[0m
[52.367s] [ 71%] [32mBuilding C object CMakeFiles/dsrcmsg__rosidl_typesupport_introspection_c.dir/rosidl_typesupport_introspection_c/dsrcmsg/msg/detail/intersection_bsm__type_support.c.o[0m
[52.369s] [ 73%] [32mBuilding C object CMakeFiles/dsrcmsg__rosidl_typesupport_introspection_c.dir/rosidl_typesupport_introspection_c/dsrcmsg/msg/detail/dsrc_message__type_support.c.o[0m
[52.425s] [ 74%] [32mBuilding C object CMakeFiles/dsrcmsg__rosidl_typesupport_introspection_c.dir/rosidl_typesupport_introspection_c/dsrcmsg/msg/detail/one_cim_tls_msg__type_support.c.o[0m
[52.426s] [ 76%] [32mBuilding C object CMakeFiles/dsrcmsg__rosidl_typesupport_introspection_c.dir/rosidl_typesupport_introspection_c/dsrcmsg/msg/detail/one_cim_keypoints__type_support.c.o[0m
[52.481s] [ 77%] [32mBuilding C object CMakeFiles/dsrcmsg__rosidl_typesupport_introspection_c.dir/rosidl_typesupport_introspection_c/dsrcmsg/msg/detail/traffic_lights_message__type_support.c.o[0m
[52.542s] [ 79%] [32m[1mLinking C shared library libdsrcmsg__rosidl_typesupport_introspection_c.so[0m
[52.825s] [ 79%] Built target dsrcmsg__rosidl_typesupport_introspection_c
[52.974s] [ 79%] Built target dsrcmsg
[53.273s] [ 80%] [34m[1mGenerating Python code for ROS interfaces[0m
[56.203s] [ 80%] Built target dsrcmsg__py
[56.441s] [35m[1mScanning dependencies of target dsrcmsg__python[0m
[56.507s] [ 84%] [32mBuilding C object CMakeFiles/dsrcmsg__python.dir/rosidl_generator_py/dsrcmsg/msg/_intersection_bsm_s.c.o[0m
[56.507s] [ 84%] [32mBuilding C object CMakeFiles/dsrcmsg__python.dir/rosidl_generator_py/dsrcmsg/msg/_dsrc_message_s.c.o[0m
[57.351s] [ 85%] [32mBuilding C object CMakeFiles/dsrcmsg__python.dir/rosidl_generator_py/dsrcmsg/msg/_one_cim_tls_msg_s.c.o[0m
[57.354s] [ 87%] [32mBuilding C object CMakeFiles/dsrcmsg__python.dir/rosidl_generator_py/dsrcmsg/msg/_one_cim_keypoints_s.c.o[0m
[57.533s] [ 88%] [32mBuilding C object CMakeFiles/dsrcmsg__python.dir/rosidl_generator_py/dsrcmsg/msg/_traffic_lights_message_s.c.o[0m
[57.715s] [ 90%] [32m[1mLinking C shared library rosidl_generator_py/dsrcmsg/libdsrcmsg__python.so[0m
[58.040s] [ 90%] Built target dsrcmsg__python
[58.256s] [35m[1mScanning dependencies of target dsrcmsg__rosidl_typesupport_introspection_c__pyext[0m
[58.266s] [35m[1mScanning dependencies of target dsrcmsg__rosidl_typesupport_fastrtps_c__pyext[0m
[58.278s] [35m[1mScanning dependencies of target dsrcmsg__rosidl_typesupport_c__pyext[0m
[58.313s] [ 92%] [32mBuilding C object CMakeFiles/dsrcmsg__rosidl_typesupport_fastrtps_c__pyext.dir/rosidl_generator_py/dsrcmsg/_dsrcmsg_s.ep.rosidl_typesupport_fastrtps_c.c.o[0m
[58.318s] [ 93%] [32mBuilding C object CMakeFiles/dsrcmsg__rosidl_typesupport_c__pyext.dir/rosidl_generator_py/dsrcmsg/_dsrcmsg_s.ep.rosidl_typesupport_c.c.o[0m
[58.334s] [ 95%] [32mBuilding C object CMakeFiles/dsrcmsg__rosidl_typesupport_introspection_c__pyext.dir/rosidl_generator_py/dsrcmsg/_dsrcmsg_s.ep.rosidl_typesupport_introspection_c.c.o[0m
[58.505s] [ 96%] [32m[1mLinking CXX shared library rosidl_generator_py/dsrcmsg/dsrcmsg_s__rosidl_typesupport_fastrtps_c.cpython-38-x86_64-linux-gnu.so[0m
[58.507s] [ 98%] [32m[1mLinking C shared library rosidl_generator_py/dsrcmsg/dsrcmsg_s__rosidl_typesupport_c.cpython-38-x86_64-linux-gnu.so[0m
[58.516s] [100%] [32m[1mLinking C shared library rosidl_generator_py/dsrcmsg/dsrcmsg_s__rosidl_typesupport_introspection_c.cpython-38-x86_64-linux-gnu.so[0m
[58.866s] [100%] Built target dsrcmsg__rosidl_typesupport_c__pyext
[58.905s] [100%] Built target dsrcmsg__rosidl_typesupport_fastrtps_c__pyext
[58.935s] [100%] Built target dsrcmsg__rosidl_typesupport_introspection_c__pyext
[58.956s] Invoked command in '/home/babangida/ros_ws/build/dsrcmsg' returned '0': CMAKE_PREFIX_PATH=${CMAKE_PREFIX_PATH}:/home/babangida/ros_ws/install/onecim:/home/babangida/ros_ws/install/cim:/home/babangida/ros_ws/install/reactivemethods:/opt/ros/foxy /usr/bin/cmake --build /home/babangida/ros_ws/build/dsrcmsg -- -j8 -l8
[59.167s] Invoking command in '/home/babangida/ros_ws/build/dsrcmsg': CMAKE_PREFIX_PATH=${CMAKE_PREFIX_PATH}:/home/babangida/ros_ws/install/onecim:/home/babangida/ros_ws/install/cim:/home/babangida/ros_ws/install/reactivemethods:/opt/ros/foxy /usr/bin/cmake --install /home/babangida/ros_ws/build/dsrcmsg
[59.181s] -- Install configuration: ""
[59.183s] -- Execute custom install script
[59.202s] -- Up-to-date symlink: /home/babangida/ros_ws/install/dsrcmsg/share/ament_index/resource_index/rosidl_interfaces/dsrcmsg
[59.203s] -- Up-to-date symlink: /home/babangida/ros_ws/install/dsrcmsg/include/dsrcmsg/msg/detail/dsrc_message__functions.h
[59.204s] -- Up-to-date symlink: /home/babangida/ros_ws/install/dsrcmsg/include/dsrcmsg/msg/detail/dsrc_message__struct.h
[59.204s] -- Up-to-date symlink: /home/babangida/ros_ws/install/dsrcmsg/include/dsrcmsg/msg/detail/dsrc_message__type_support.h
[59.204s] -- Up-to-date symlink: /home/babangida/ros_ws/install/dsrcmsg/include/dsrcmsg/msg/detail/intersection_bsm__functions.h
[59.205s] -- Up-to-date symlink: /home/babangida/ros_ws/install/dsrcmsg/include/dsrcmsg/msg/detail/intersection_bsm__struct.h
[59.205s] -- Up-to-date symlink: /home/babangida/ros_ws/install/dsrcmsg/include/dsrcmsg/msg/detail/intersection_bsm__type_support.h
[59.205s] -- Up-to-date symlink: /home/babangida/ros_ws/install/dsrcmsg/include/dsrcmsg/msg/detail/one_cim_keypoints__functions.h
[59.205s] -- Up-to-date symlink: /home/babangida/ros_ws/install/dsrcmsg/include/dsrcmsg/msg/detail/one_cim_keypoints__struct.h
[59.206s] -- Up-to-date symlink: /home/babangida/ros_ws/install/dsrcmsg/include/dsrcmsg/msg/detail/one_cim_keypoints__type_support.h
[59.206s] -- Up-to-date symlink: /home/babangida/ros_ws/install/dsrcmsg/include/dsrcmsg/msg/detail/one_cim_tls_msg__functions.h
[59.206s] -- Up-to-date symlink: /home/babangida/ros_ws/install/dsrcmsg/include/dsrcmsg/msg/detail/one_cim_tls_msg__struct.h
[59.206s] -- Up-to-date symlink: /home/babangida/ros_ws/install/dsrcmsg/include/dsrcmsg/msg/detail/one_cim_tls_msg__type_support.h
[59.206s] -- Up-to-date symlink: /home/babangida/ros_ws/install/dsrcmsg/include/dsrcmsg/msg/detail/traffic_lights_message__functions.h
[59.207s] -- Up-to-date symlink: /home/babangida/ros_ws/install/dsrcmsg/include/dsrcmsg/msg/detail/traffic_lights_message__struct.h
[59.207s] -- Up-to-date symlink: /home/babangida/ros_ws/install/dsrcmsg/include/dsrcmsg/msg/detail/traffic_lights_message__type_support.h
[59.207s] -- Up-to-date symlink: /home/babangida/ros_ws/install/dsrcmsg/include/dsrcmsg/msg/dsrc_message.h
[59.207s] -- Up-to-date symlink: /home/babangida/ros_ws/install/dsrcmsg/include/dsrcmsg/msg/intersection_bsm.h
[59.207s] -- Up-to-date symlink: /home/babangida/ros_ws/install/dsrcmsg/include/dsrcmsg/msg/one_cim_keypoints.h
[59.207s] -- Up-to-date symlink: /home/babangida/ros_ws/install/dsrcmsg/include/dsrcmsg/msg/one_cim_tls_msg.h
[59.208s] -- Up-to-date symlink: /home/babangida/ros_ws/install/dsrcmsg/include/dsrcmsg/msg/rosidl_generator_c__visibility_control.h
[59.208s] -- Up-to-date symlink: /home/babangida/ros_ws/install/dsrcmsg/include/dsrcmsg/msg/traffic_lights_message.h
[59.208s] -- Up-to-date symlink: /home/babangida/ros_ws/install/dsrcmsg/share/dsrcmsg/environment/library_path.sh
[59.208s] -- Up-to-date symlink: /home/babangida/ros_ws/install/dsrcmsg/share/dsrcmsg/environment/library_path.dsv
[59.210s] -- Up-to-date symlink: /home/babangida/ros_ws/install/dsrcmsg/include/dsrcmsg/msg/detail/dsrc_message__rosidl_typesupport_fastrtps_c.h
[59.210s] -- Up-to-date symlink: /home/babangida/ros_ws/install/dsrcmsg/include/dsrcmsg/msg/detail/intersection_bsm__rosidl_typesupport_fastrtps_c.h
[59.211s] -- Up-to-date symlink: /home/babangida/ros_ws/install/dsrcmsg/include/dsrcmsg/msg/detail/one_cim_keypoints__rosidl_typesupport_fastrtps_c.h
[59.211s] -- Up-to-date symlink: /home/babangida/ros_ws/install/dsrcmsg/include/dsrcmsg/msg/detail/one_cim_tls_msg__rosidl_typesupport_fastrtps_c.h
[59.211s] -- Up-to-date symlink: /home/babangida/ros_ws/install/dsrcmsg/include/dsrcmsg/msg/detail/traffic_lights_message__rosidl_typesupport_fastrtps_c.h
[59.211s] -- Up-to-date symlink: /home/babangida/ros_ws/install/dsrcmsg/include/dsrcmsg/msg/rosidl_typesupport_fastrtps_c__visibility_control.h
[59.212s] -- Up-to-date symlink: /home/babangida/ros_ws/install/dsrcmsg/lib/libdsrcmsg__rosidl_typesupport_fastrtps_c.so
[59.213s] -- Up-to-date symlink: /home/babangida/ros_ws/install/dsrcmsg/include/dsrcmsg/msg/detail/dsrc_message__rosidl_typesupport_fastrtps_cpp.hpp
[59.213s] -- Up-to-date symlink: /home/babangida/ros_ws/install/dsrcmsg/include/dsrcmsg/msg/detail/intersection_bsm__rosidl_typesupport_fastrtps_cpp.hpp
[59.214s] -- Up-to-date symlink: /home/babangida/ros_ws/install/dsrcmsg/include/dsrcmsg/msg/detail/one_cim_keypoints__rosidl_typesupport_fastrtps_cpp.hpp
[59.214s] -- Up-to-date symlink: /home/babangida/ros_ws/install/dsrcmsg/include/dsrcmsg/msg/detail/one_cim_tls_msg__rosidl_typesupport_fastrtps_cpp.hpp
[59.215s] -- Up-to-date symlink: /home/babangida/ros_ws/install/dsrcmsg/include/dsrcmsg/msg/detail/traffic_lights_message__rosidl_typesupport_fastrtps_cpp.hpp
[59.215s] -- Up-to-date symlink: /home/babangida/ros_ws/install/dsrcmsg/include/dsrcmsg/msg/rosidl_typesupport_fastrtps_cpp__visibility_control.h
[59.263s] -- Up-to-date symlink: /home/babangida/ros_ws/install/dsrcmsg/lib/libdsrcmsg__rosidl_typesupport_fastrtps_cpp.so
[59.264s] -- Up-to-date symlink: /home/babangida/ros_ws/install/dsrcmsg/include/dsrcmsg/msg/detail/dsrc_message__rosidl_typesupport_introspection_c.h
[59.265s] -- Up-to-date symlink: /home/babangida/ros_ws/install/dsrcmsg/include/dsrcmsg/msg/detail/intersection_bsm__rosidl_typesupport_introspection_c.h
[59.265s] -- Up-to-date symlink: /home/babangida/ros_ws/install/dsrcmsg/include/dsrcmsg/msg/detail/one_cim_keypoints__rosidl_typesupport_introspection_c.h
[59.265s] -- Up-to-date symlink: /home/babangida/ros_ws/install/dsrcmsg/include/dsrcmsg/msg/detail/one_cim_tls_msg__rosidl_typesupport_introspection_c.h
[59.266s] -- Up-to-date symlink: /home/babangida/ros_ws/install/dsrcmsg/include/dsrcmsg/msg/detail/traffic_lights_message__rosidl_typesupport_introspection_c.h
[59.266s] -- Up-to-date symlink: /home/babangida/ros_ws/install/dsrcmsg/include/dsrcmsg/msg/rosidl_typesupport_introspection_c__visibility_control.h
[59.267s] -- Up-to-date symlink: /home/babangida/ros_ws/install/dsrcmsg/include/dsrcmsg/msg/detail/dsrc_message__builder.hpp
[59.267s] -- Up-to-date symlink: /home/babangida/ros_ws/install/dsrcmsg/include/dsrcmsg/msg/detail/dsrc_message__struct.hpp
[59.268s] -- Up-to-date symlink: /home/babangida/ros_ws/install/dsrcmsg/include/dsrcmsg/msg/detail/dsrc_message__traits.hpp
[59.268s] -- Up-to-date symlink: /home/babangida/ros_ws/install/dsrcmsg/include/dsrcmsg/msg/detail/dsrc_message__type_support.hpp
[59.268s] -- Up-to-date symlink: /home/babangida/ros_ws/install/dsrcmsg/include/dsrcmsg/msg/detail/intersection_bsm__builder.hpp
[59.269s] -- Up-to-date symlink: /home/babangida/ros_ws/install/dsrcmsg/include/dsrcmsg/msg/detail/intersection_bsm__struct.hpp
[59.269s] -- Up-to-date symlink: /home/babangida/ros_ws/install/dsrcmsg/include/dsrcmsg/msg/detail/intersection_bsm__traits.hpp
[59.269s] -- Up-to-date symlink: /home/babangida/ros_ws/install/dsrcmsg/include/dsrcmsg/msg/detail/intersection_bsm__type_support.hpp
[59.270s] -- Up-to-date symlink: /home/babangida/ros_ws/install/dsrcmsg/include/dsrcmsg/msg/detail/one_cim_keypoints__builder.hpp
[59.270s] -- Up-to-date symlink: /home/babangida/ros_ws/install/dsrcmsg/include/dsrcmsg/msg/detail/one_cim_keypoints__struct.hpp
[59.270s] -- Up-to-date symlink: /home/babangida/ros_ws/install/dsrcmsg/include/dsrcmsg/msg/detail/one_cim_keypoints__traits.hpp
[59.271s] -- Up-to-date symlink: /home/babangida/ros_ws/install/dsrcmsg/include/dsrcmsg/msg/detail/one_cim_keypoints__type_support.hpp
[59.271s] -- Up-to-date symlink: /home/babangida/ros_ws/install/dsrcmsg/include/dsrcmsg/msg/detail/one_cim_tls_msg__builder.hpp
[59.271s] -- Up-to-date symlink: /home/babangida/ros_ws/install/dsrcmsg/include/dsrcmsg/msg/detail/one_cim_tls_msg__struct.hpp
[59.272s] -- Up-to-date symlink: /home/babangida/ros_ws/install/dsrcmsg/include/dsrcmsg/msg/detail/one_cim_tls_msg__traits.hpp
[59.272s] -- Up-to-date symlink: /home/babangida/ros_ws/install/dsrcmsg/include/dsrcmsg/msg/detail/one_cim_tls_msg__type_support.hpp
[59.272s] -- Up-to-date symlink: /home/babangida/ros_ws/install/dsrcmsg/include/dsrcmsg/msg/detail/traffic_lights_message__builder.hpp
[59.273s] -- Up-to-date symlink: /home/babangida/ros_ws/install/dsrcmsg/include/dsrcmsg/msg/detail/traffic_lights_message__struct.hpp
[59.273s] -- Up-to-date symlink: /home/babangida/ros_ws/install/dsrcmsg/include/dsrcmsg/msg/detail/traffic_lights_message__traits.hpp
[59.273s] -- Up-to-date symlink: /home/babangida/ros_ws/install/dsrcmsg/include/dsrcmsg/msg/detail/traffic_lights_message__type_support.hpp
[59.274s] -- Up-to-date symlink: /home/babangida/ros_ws/install/dsrcmsg/include/dsrcmsg/msg/dsrc_message.hpp
[59.274s] -- Up-to-date symlink: /home/babangida/ros_ws/install/dsrcmsg/include/dsrcmsg/msg/intersection_bsm.hpp
[59.274s] -- Up-to-date symlink: /home/babangida/ros_ws/install/dsrcmsg/include/dsrcmsg/msg/one_cim_keypoints.hpp
[59.275s] -- Up-to-date symlink: /home/babangida/ros_ws/install/dsrcmsg/include/dsrcmsg/msg/one_cim_tls_msg.hpp
[59.275s] -- Up-to-date symlink: /home/babangida/ros_ws/install/dsrcmsg/include/dsrcmsg/msg/rosidl_generator_cpp__visibility_control.hpp
[59.275s] -- Up-to-date symlink: /home/babangida/ros_ws/install/dsrcmsg/include/dsrcmsg/msg/traffic_lights_message.hpp
[59.278s] -- Up-to-date symlink: /home/babangida/ros_ws/install/dsrcmsg/include/dsrcmsg/msg/detail/dsrc_message__rosidl_typesupport_introspection_cpp.hpp
[59.278s] -- Up-to-date symlink: /home/babangida/ros_ws/install/dsrcmsg/include/dsrcmsg/msg/detail/intersection_bsm__rosidl_typesupport_introspection_cpp.hpp
[59.278s] -- Up-to-date symlink: /home/babangida/ros_ws/install/dsrcmsg/include/dsrcmsg/msg/detail/one_cim_keypoints__rosidl_typesupport_introspection_cpp.hpp
[59.278s] -- Up-to-date symlink: /home/babangida/ros_ws/install/dsrcmsg/include/dsrcmsg/msg/detail/one_cim_tls_msg__rosidl_typesupport_introspection_cpp.hpp
[59.278s] -- Up-to-date symlink: /home/babangida/ros_ws/install/dsrcmsg/include/dsrcmsg/msg/detail/traffic_lights_message__rosidl_typesupport_introspection_cpp.hpp
[59.279s] -- Up-to-date symlink: /home/babangida/ros_ws/install/dsrcmsg/share/dsrcmsg/environment/pythonpath.sh
[59.279s] -- Up-to-date symlink: /home/babangida/ros_ws/install/dsrcmsg/share/dsrcmsg/environment/pythonpath.dsv
[59.280s] -- Up-to-date symlink: /home/babangida/ros_ws/install/dsrcmsg/lib/python3.8/site-packages/dsrcmsg/__init__.py
[59.281s] -- Up-to-date symlink: /home/babangida/ros_ws/install/dsrcmsg/lib/python3.8/site-packages/dsrcmsg/msg/__init__.py
[59.281s] -- Up-to-date symlink: /home/babangida/ros_ws/install/dsrcmsg/lib/python3.8/site-packages/dsrcmsg/msg/_dsrc_message.py
[59.281s] -- Up-to-date symlink: /home/babangida/ros_ws/install/dsrcmsg/lib/python3.8/site-packages/dsrcmsg/msg/_intersection_bsm.py
[59.282s] -- Up-to-date symlink: /home/babangida/ros_ws/install/dsrcmsg/lib/python3.8/site-packages/dsrcmsg/msg/_one_cim_keypoints.py
[59.282s] -- Up-to-date symlink: /home/babangida/ros_ws/install/dsrcmsg/lib/python3.8/site-packages/dsrcmsg/msg/_one_cim_tls_msg.py
[59.282s] -- Up-to-date symlink: /home/babangida/ros_ws/install/dsrcmsg/lib/python3.8/site-packages/dsrcmsg/msg/_traffic_lights_message.py
[59.427s] -- Up-to-date symlink: /home/babangida/ros_ws/install/dsrcmsg/lib/python3.8/site-packages/dsrcmsg/dsrcmsg_s__rosidl_typesupport_fastrtps_c.cpython-38-x86_64-linux-gnu.so
[59.452s] -- Up-to-date symlink: /home/babangida/ros_ws/install/dsrcmsg/lib/python3.8/site-packages/dsrcmsg/dsrcmsg_s__rosidl_typesupport_introspection_c.cpython-38-x86_64-linux-gnu.so
[59.452s] -- Up-to-date symlink: /home/babangida/ros_ws/install/dsrcmsg/lib/python3.8/site-packages/dsrcmsg/dsrcmsg_s__rosidl_typesupport_c.cpython-38-x86_64-linux-gnu.so
[59.452s] -- Up-to-date symlink: /home/babangida/ros_ws/install/dsrcmsg/lib/libdsrcmsg__python.so
[59.630s] -- Up-to-date symlink: /home/babangida/ros_ws/install/dsrcmsg/share/dsrcmsg/msg/DSRCMessage.idl
[59.630s] -- Up-to-date symlink: /home/babangida/ros_ws/install/dsrcmsg/share/dsrcmsg/msg/IntersectionBSM.idl
[59.646s] -- Up-to-date symlink: /home/babangida/ros_ws/install/dsrcmsg/share/dsrcmsg/msg/TrafficLightsMessage.idl
[59.660s] -- Up-to-date symlink: /home/babangida/ros_ws/install/dsrcmsg/share/dsrcmsg/msg/OneCIMKeypoints.idl
[59.671s] -- Up-to-date symlink: /home/babangida/ros_ws/install/dsrcmsg/share/dsrcmsg/msg/OneCIMTlsMsg.idl
[59.671s] -- Up-to-date symlink: /home/babangida/ros_ws/install/dsrcmsg/share/dsrcmsg/msg/DSRCMessage.msg
[59.671s] -- Up-to-date symlink: /home/babangida/ros_ws/install/dsrcmsg/share/dsrcmsg/msg/IntersectionBSM.msg
[59.680s] -- Up-to-date symlink: /home/babangida/ros_ws/install/dsrcmsg/share/dsrcmsg/msg/TrafficLightsMessage.msg
[59.680s] -- Up-to-date symlink: /home/babangida/ros_ws/install/dsrcmsg/share/dsrcmsg/msg/OneCIMKeypoints.msg
[59.681s] -- Up-to-date symlink: /home/babangida/ros_ws/install/dsrcmsg/share/dsrcmsg/msg/OneCIMTlsMsg.msg
[59.681s] -- Up-to-date symlink: /home/babangida/ros_ws/install/dsrcmsg/share/ament_index/resource_index/package_run_dependencies/dsrcmsg
[59.707s] -- Up-to-date symlink: /home/babangida/ros_ws/install/dsrcmsg/share/ament_index/resource_index/parent_prefix_path/dsrcmsg
[59.711s] -- Up-to-date symlink: /home/babangida/ros_ws/install/dsrcmsg/share/dsrcmsg/environment/ament_prefix_path.sh
[59.711s] -- Up-to-date symlink: /home/babangida/ros_ws/install/dsrcmsg/share/dsrcmsg/environment/ament_prefix_path.dsv
[59.711s] -- Up-to-date symlink: /home/babangida/ros_ws/install/dsrcmsg/share/dsrcmsg/environment/path.sh
[59.711s] -- Up-to-date symlink: /home/babangida/ros_ws/install/dsrcmsg/share/dsrcmsg/environment/path.dsv
[59.711s] -- Up-to-date symlink: /home/babangida/ros_ws/install/dsrcmsg/share/dsrcmsg/local_setup.bash
[59.711s] -- Up-to-date symlink: /home/babangida/ros_ws/install/dsrcmsg/share/dsrcmsg/local_setup.sh
[59.711s] -- Up-to-date symlink: /home/babangida/ros_ws/install/dsrcmsg/share/dsrcmsg/local_setup.zsh
[59.712s] -- Up-to-date symlink: /home/babangida/ros_ws/install/dsrcmsg/share/dsrcmsg/local_setup.dsv
[59.712s] -- Symlinking: /home/babangida/ros_ws/install/dsrcmsg/share/dsrcmsg/package.dsv
[59.741s] -- Up-to-date symlink: /home/babangida/ros_ws/install/dsrcmsg/share/ament_index/resource_index/packages/dsrcmsg
[59.742s] -- Up-to-date symlink: /home/babangida/ros_ws/install/dsrcmsg/share/dsrcmsg/cmake/rosidl_cmake-extras.cmake
[59.742s] -- Up-to-date symlink: /home/babangida/ros_ws/install/dsrcmsg/share/dsrcmsg/cmake/ament_cmake_export_dependencies-extras.cmake
[59.743s] -- Up-to-date symlink: /home/babangida/ros_ws/install/dsrcmsg/share/dsrcmsg/cmake/ament_cmake_export_libraries-extras.cmake
[59.743s] -- Up-to-date symlink: /home/babangida/ros_ws/install/dsrcmsg/share/dsrcmsg/cmake/ament_cmake_export_targets-extras.cmake
[59.744s] -- Up-to-date symlink: /home/babangida/ros_ws/install/dsrcmsg/share/dsrcmsg/cmake/ament_cmake_export_include_directories-extras.cmake
[59.744s] -- Up-to-date symlink: /home/babangida/ros_ws/install/dsrcmsg/share/dsrcmsg/cmake/rosidl_cmake_export_typesupport_libraries-extras.cmake
[59.744s] -- Up-to-date symlink: /home/babangida/ros_ws/install/dsrcmsg/share/dsrcmsg/cmake/rosidl_cmake_export_typesupport_targets-extras.cmake
[59.745s] -- Up-to-date symlink: /home/babangida/ros_ws/install/dsrcmsg/share/dsrcmsg/cmake/dsrcmsgConfig.cmake
[59.745s] -- Up-to-date symlink: /home/babangida/ros_ws/install/dsrcmsg/share/dsrcmsg/cmake/dsrcmsgConfig-version.cmake
[59.745s] -- Up-to-date symlink: /home/babangida/ros_ws/install/dsrcmsg/share/dsrcmsg/package.xml
[59.746s] -- Installing: /home/babangida/ros_ws/install/dsrcmsg/lib/libdsrcmsg__rosidl_generator_c.so
[59.746s] -- Set runtime path of "/home/babangida/ros_ws/install/dsrcmsg/lib/libdsrcmsg__rosidl_generator_c.so" to ""
[59.767s] -- Installing: /home/babangida/ros_ws/install/dsrcmsg/lib/libdsrcmsg__rosidl_typesupport_introspection_c.so
[59.768s] -- Set runtime path of "/home/babangida/ros_ws/install/dsrcmsg/lib/libdsrcmsg__rosidl_typesupport_introspection_c.so" to ""
[59.780s] -- Installing: /home/babangida/ros_ws/install/dsrcmsg/lib/libdsrcmsg__rosidl_typesupport_c.so
[59.780s] -- Set runtime path of "/home/babangida/ros_ws/install/dsrcmsg/lib/libdsrcmsg__rosidl_typesupport_c.so" to ""
[59.797s] -- Installing: /home/babangida/ros_ws/install/dsrcmsg/lib/libdsrcmsg__rosidl_typesupport_introspection_cpp.so
[59.797s] -- Set runtime path of "/home/babangida/ros_ws/install/dsrcmsg/lib/libdsrcmsg__rosidl_typesupport_introspection_cpp.so" to ""
[59.799s] -- Installing: /home/babangida/ros_ws/install/dsrcmsg/lib/libdsrcmsg__rosidl_typesupport_cpp.so
[59.800s] -- Set runtime path of "/home/babangida/ros_ws/install/dsrcmsg/lib/libdsrcmsg__rosidl_typesupport_cpp.so" to ""
[59.871s] Compiling '/home/babangida/ros_ws/install/dsrcmsg/lib/python3.8/site-packages/dsrcmsg/__init__.py'...
[59.882s] -- Up-to-date: /home/babangida/ros_ws/install/dsrcmsg/share/dsrcmsg/cmake/dsrcmsg__rosidl_generator_cExport.cmake
[59.882s] -- Installing: /home/babangida/ros_ws/install/dsrcmsg/share/dsrcmsg/cmake/dsrcmsg__rosidl_generator_cExport-noconfig.cmake
[59.884s] -- Up-to-date: /home/babangida/ros_ws/install/dsrcmsg/share/dsrcmsg/cmake/dsrcmsg__rosidl_typesupport_introspection_cExport.cmake
[59.884s] -- Installing: /home/babangida/ros_ws/install/dsrcmsg/share/dsrcmsg/cmake/dsrcmsg__rosidl_typesupport_introspection_cExport-noconfig.cmake
[59.885s] -- Up-to-date: /home/babangida/ros_ws/install/dsrcmsg/share/dsrcmsg/cmake/dsrcmsg__rosidl_typesupport_cExport.cmake
[59.886s] -- Installing: /home/babangida/ros_ws/install/dsrcmsg/share/dsrcmsg/cmake/dsrcmsg__rosidl_typesupport_cExport-noconfig.cmake
[59.886s] -- Up-to-date: /home/babangida/ros_ws/install/dsrcmsg/share/dsrcmsg/cmake/dsrcmsg__rosidl_generator_cppExport.cmake
[59.887s] -- Up-to-date: /home/babangida/ros_ws/install/dsrcmsg/share/dsrcmsg/cmake/dsrcmsg__rosidl_typesupport_introspection_cppExport.cmake
[59.887s] -- Installing: /home/babangida/ros_ws/install/dsrcmsg/share/dsrcmsg/cmake/dsrcmsg__rosidl_typesupport_introspection_cppExport-noconfig.cmake
[59.888s] -- Up-to-date: /home/babangida/ros_ws/install/dsrcmsg/share/dsrcmsg/cmake/dsrcmsg__rosidl_typesupport_cppExport.cmake
[59.888s] -- Installing: /home/babangida/ros_ws/install/dsrcmsg/share/dsrcmsg/cmake/dsrcmsg__rosidl_typesupport_cppExport-noconfig.cmake
[59.896s] Invoked command in '/home/babangida/ros_ws/build/dsrcmsg' returned '0': CMAKE_PREFIX_PATH=${CMAKE_PREFIX_PATH}:/home/babangida/ros_ws/install/onecim:/home/babangida/ros_ws/install/cim:/home/babangida/ros_ws/install/reactivemethods:/opt/ros/foxy /usr/bin/cmake --install /home/babangida/ros_ws/build/dsrcmsg
