[6.537s] DEBUG:colcon:Command line arguments: ['/usr/bin/colcon', 'build', '--packages-select', 'cim', '--symlink-install']
[6.537s] DEBUG:colcon:Parsed command line arguments: Namespace(allow_overriding=[], ament_cmake_args=None, base_paths=['.'], build_base='build', catkin_cmake_args=None, catkin_skip_building_tests=False, cmake_args=None, cmake_clean_cache=False, cmake_clean_first=False, cmake_force_configure=False, cmake_target=None, cmake_target_skip_unavailable=False, continue_on_error=False, event_handlers=None, executor='parallel', ignore_user_meta=False, install_base='install', log_base=None, log_level=None, main=<bound method BuildVerb.main of <colcon_core.verb.build.BuildVerb object at 0x7f65e894d130>>, merge_install=False, metas=['./colcon.meta'], packages_above=None, packages_above_and_dependencies=None, packages_above_depth=None, packages_end=None, packages_ignore=None, packages_ignore_regex=None, packages_select=['cim'], packages_select_build_failed=False, packages_select_by_dep=None, packages_select_regex=None, packages_select_test_failures=False, packages_skip=None, packages_skip_build_finished=False, packages_skip_by_dep=None, packages_skip_regex=None, packages_skip_test_passed=False, packages_skip_up_to=None, packages_start=None, packages_up_to=None, packages_up_to_regex=None, parallel_workers=8, paths=None, symlink_install=True, test_result_base=None, verb_extension=<colcon_core.verb.build.BuildVerb object at 0x7f65e894d130>, verb_name='build', verb_parser=<colcon_defaults.argument_parser.defaults.DefaultArgumentsDecorator object at 0x7f65e8840910>)
[7.881s] Level 1:colcon.colcon_core.package_discovery:discover_packages(colcon_meta) check parameters
[7.881s] Level 1:colcon.colcon_core.package_discovery:discover_packages(recursive) check parameters
[7.881s] Level 1:colcon.colcon_core.package_discovery:discover_packages(ignore) check parameters
[7.881s] Level 1:colcon.colcon_core.package_discovery:discover_packages(path) check parameters
[7.881s] Level 1:colcon.colcon_core.package_discovery:discover_packages(colcon_meta) discover
[7.881s] Level 1:colcon.colcon_core.package_discovery:discover_packages(recursive) discover
[7.881s] INFO:colcon.colcon_core.package_discovery:Crawling recursively for packages in '/home/babangida/ros_ws'
[7.882s] Level 1:colcon.colcon_core.package_identification:_identify(.) by extensions ['ignore', 'ignore_ament_install']
[7.882s] Level 1:colcon.colcon_core.package_identification:_identify(.) by extension 'ignore'
[7.882s] Level 1:colcon.colcon_core.package_identification:_identify(.) by extension 'ignore_ament_install'
[7.882s] Level 1:colcon.colcon_core.package_identification:_identify(.) by extensions ['colcon_pkg']
[7.882s] Level 1:colcon.colcon_core.package_identification:_identify(.) by extension 'colcon_pkg'
[7.883s] Level 1:colcon.colcon_core.package_identification:_identify(.) by extensions ['colcon_meta']
[7.883s] Level 1:colcon.colcon_core.package_identification:_identify(.) by extension 'colcon_meta'
[7.883s] Level 1:colcon.colcon_core.package_identification:_identify(.) by extensions ['ros']
[7.883s] Level 1:colcon.colcon_core.package_identification:_identify(.) by extension 'ros'
[7.982s] Level 1:colcon.colcon_core.package_identification:_identify(.) by extensions ['cmake', 'python']
[7.982s] Level 1:colcon.colcon_core.package_identification:_identify(.) by extension 'cmake'
[7.982s] Level 1:colcon.colcon_core.package_identification:_identify(.) by extension 'python'
[7.982s] Level 1:colcon.colcon_core.package_identification:_identify(.) by extensions ['python_setup_py']
[7.982s] Level 1:colcon.colcon_core.package_identification:_identify(.) by extension 'python_setup_py'
[7.983s] Level 1:colcon.colcon_core.package_identification:_identify(build) by extensions ['ignore', 'ignore_ament_install']
[7.983s] Level 1:colcon.colcon_core.package_identification:_identify(build) by extension 'ignore'
[7.983s] Level 1:colcon.colcon_core.package_identification:_identify(build) ignored
[7.983s] Level 1:colcon.colcon_core.package_identification:_identify(install) by extensions ['ignore', 'ignore_ament_install']
[7.983s] Level 1:colcon.colcon_core.package_identification:_identify(install) by extension 'ignore'
[7.983s] Level 1:colcon.colcon_core.package_identification:_identify(install) ignored
[7.984s] Level 1:colcon.colcon_core.package_identification:_identify(log) by extensions ['ignore', 'ignore_ament_install']
[7.984s] Level 1:colcon.colcon_core.package_identification:_identify(log) by extension 'ignore'
[7.984s] Level 1:colcon.colcon_core.package_identification:_identify(log) ignored
[7.984s] Level 1:colcon.colcon_core.package_identification:_identify(src) by extensions ['ignore', 'ignore_ament_install']
[7.984s] Level 1:colcon.colcon_core.package_identification:_identify(src) by extension 'ignore'
[7.984s] Level 1:colcon.colcon_core.package_identification:_identify(src) by extension 'ignore_ament_install'
[7.984s] Level 1:colcon.colcon_core.package_identification:_identify(src) by extensions ['colcon_pkg']
[7.985s] Level 1:colcon.colcon_core.package_identification:_identify(src) by extension 'colcon_pkg'
[7.985s] Level 1:colcon.colcon_core.package_identification:_identify(src) by extensions ['colcon_meta']
[7.985s] Level 1:colcon.colcon_core.package_identification:_identify(src) by extension 'colcon_meta'
[7.985s] Level 1:colcon.colcon_core.package_identification:_identify(src) by extensions ['ros']
[7.985s] Level 1:colcon.colcon_core.package_identification:_identify(src) by extension 'ros'
[7.985s] Level 1:colcon.colcon_core.package_identification:_identify(src) by extensions ['cmake', 'python']
[7.985s] Level 1:colcon.colcon_core.package_identification:_identify(src) by extension 'cmake'
[7.985s] Level 1:colcon.colcon_core.package_identification:_identify(src) by extension 'python'
[7.985s] Level 1:colcon.colcon_core.package_identification:_identify(src) by extensions ['python_setup_py']
[7.985s] Level 1:colcon.colcon_core.package_identification:_identify(src) by extension 'python_setup_py'
[7.986s] Level 1:colcon.colcon_core.package_identification:_identify(src/cim) by extensions ['ignore', 'ignore_ament_install']
[7.986s] Level 1:colcon.colcon_core.package_identification:_identify(src/cim) by extension 'ignore'
[7.986s] Level 1:colcon.colcon_core.package_identification:_identify(src/cim) by extension 'ignore_ament_install'
[7.986s] Level 1:colcon.colcon_core.package_identification:_identify(src/cim) by extensions ['colcon_pkg']
[7.986s] Level 1:colcon.colcon_core.package_identification:_identify(src/cim) by extension 'colcon_pkg'
[7.986s] Level 1:colcon.colcon_core.package_identification:_identify(src/cim) by extensions ['colcon_meta']
[7.986s] Level 1:colcon.colcon_core.package_identification:_identify(src/cim) by extension 'colcon_meta'
[7.986s] Level 1:colcon.colcon_core.package_identification:_identify(src/cim) by extensions ['ros']
[7.986s] Level 1:colcon.colcon_core.package_identification:_identify(src/cim) by extension 'ros'
[8.059s] DEBUG:colcon.colcon_core.package_identification:Package 'src/cim' with type 'ros.ament_python' and name 'cim'
[8.079s] Level 1:colcon.colcon_core.package_identification:_identify(src/dsrcmsg) by extensions ['ignore', 'ignore_ament_install']
[8.079s] Level 1:colcon.colcon_core.package_identification:_identify(src/dsrcmsg) by extension 'ignore'
[8.080s] Level 1:colcon.colcon_core.package_identification:_identify(src/dsrcmsg) by extension 'ignore_ament_install'
[8.080s] Level 1:colcon.colcon_core.package_identification:_identify(src/dsrcmsg) by extensions ['colcon_pkg']
[8.080s] Level 1:colcon.colcon_core.package_identification:_identify(src/dsrcmsg) by extension 'colcon_pkg'
[8.080s] Level 1:colcon.colcon_core.package_identification:_identify(src/dsrcmsg) by extensions ['colcon_meta']
[8.080s] Level 1:colcon.colcon_core.package_identification:_identify(src/dsrcmsg) by extension 'colcon_meta'
[8.080s] Level 1:colcon.colcon_core.package_identification:_identify(src/dsrcmsg) by extensions ['ros']
[8.080s] Level 1:colcon.colcon_core.package_identification:_identify(src/dsrcmsg) by extension 'ros'
[8.152s] DEBUG:colcon.colcon_core.package_identification:Package 'src/dsrcmsg' with type 'ros.ament_cmake' and name 'dsrcmsg'
[8.153s] Level 1:colcon.colcon_core.package_identification:_identify(src/reactivemethods) by extensions ['ignore', 'ignore_ament_install']
[8.153s] Level 1:colcon.colcon_core.package_identification:_identify(src/reactivemethods) by extension 'ignore'
[8.153s] Level 1:colcon.colcon_core.package_identification:_identify(src/reactivemethods) by extension 'ignore_ament_install'
[8.153s] Level 1:colcon.colcon_core.package_identification:_identify(src/reactivemethods) by extensions ['colcon_pkg']
[8.154s] Level 1:colcon.colcon_core.package_identification:_identify(src/reactivemethods) by extension 'colcon_pkg'
[8.154s] Level 1:colcon.colcon_core.package_identification:_identify(src/reactivemethods) by extensions ['colcon_meta']
[8.154s] Level 1:colcon.colcon_core.package_identification:_identify(src/reactivemethods) by extension 'colcon_meta'
[8.154s] Level 1:colcon.colcon_core.package_identification:_identify(src/reactivemethods) by extensions ['ros']
[8.154s] Level 1:colcon.colcon_core.package_identification:_identify(src/reactivemethods) by extension 'ros'
[8.208s] DEBUG:colcon.colcon_core.package_identification:Package 'src/reactivemethods' with type 'ros.ament_python' and name 'reactivemethods'
[8.242s] Level 1:colcon.colcon_core.package_identification:_identify(src/trafficrecord) by extensions ['ignore', 'ignore_ament_install']
[8.242s] Level 1:colcon.colcon_core.package_identification:_identify(src/trafficrecord) by extension 'ignore'
[8.243s] Level 1:colcon.colcon_core.package_identification:_identify(src/trafficrecord) by extension 'ignore_ament_install'
[8.243s] Level 1:colcon.colcon_core.package_identification:_identify(src/trafficrecord) by extensions ['colcon_pkg']
[8.243s] Level 1:colcon.colcon_core.package_identification:_identify(src/trafficrecord) by extension 'colcon_pkg'
[8.243s] Level 1:colcon.colcon_core.package_identification:_identify(src/trafficrecord) by extensions ['colcon_meta']
[8.243s] Level 1:colcon.colcon_core.package_identification:_identify(src/trafficrecord) by extension 'colcon_meta'
[8.243s] Level 1:colcon.colcon_core.package_identification:_identify(src/trafficrecord) by extensions ['ros']
[8.244s] Level 1:colcon.colcon_core.package_identification:_identify(src/trafficrecord) by extension 'ros'
[8.260s] DEBUG:colcon.colcon_core.package_identification:Package 'src/trafficrecord' with type 'ros.ament_cmake' and name 'trafficrecord'
[8.260s] Level 1:colcon.colcon_core.package_discovery:discover_packages(recursive) using defaults
[8.260s] Level 1:colcon.colcon_core.package_discovery:discover_packages(ignore) discover
[8.260s] Level 1:colcon.colcon_core.package_discovery:discover_packages(ignore) using defaults
[8.260s] Level 1:colcon.colcon_core.package_discovery:discover_packages(path) discover
[8.260s] Level 1:colcon.colcon_core.package_discovery:discover_packages(path) using defaults
[9.293s] INFO:colcon.colcon_core.package_selection:Skipping not selected package 'dsrcmsg' in 'src/dsrcmsg'
[9.293s] INFO:colcon.colcon_core.package_selection:Skipping not selected package 'trafficrecord' in 'src/trafficrecord'
[9.293s] INFO:colcon.colcon_core.package_selection:Skipping not selected package 'reactivemethods' in 'src/reactivemethods'
[9.616s] Level 1:colcon.colcon_core.package_discovery:discover_packages(prefix_path) check parameters
[9.616s] Level 1:colcon.colcon_core.package_discovery:discover_packages(prefix_path) discover
[9.981s] DEBUG:colcon.colcon_installed_package_information.package_discovery:Found 4 installed packages in /home/babangida/ros_ws/install
[10.111s] DEBUG:colcon.colcon_installed_package_information.package_discovery:Found 289 installed packages in /opt/ros/foxy
[10.115s] Level 1:colcon.colcon_core.package_discovery:discover_packages(prefix_path) using defaults
[12.808s] Level 5:colcon.colcon_core.verb:set package 'cim' build argument 'cmake_args' from command line to 'None'
[12.808s] Level 5:colcon.colcon_core.verb:set package 'cim' build argument 'cmake_target' from command line to 'None'
[12.808s] Level 5:colcon.colcon_core.verb:set package 'cim' build argument 'cmake_target_skip_unavailable' from command line to 'False'
[12.808s] Level 5:colcon.colcon_core.verb:set package 'cim' build argument 'cmake_clean_cache' from command line to 'False'
[12.808s] Level 5:colcon.colcon_core.verb:set package 'cim' build argument 'cmake_clean_first' from command line to 'False'
[12.808s] Level 5:colcon.colcon_core.verb:set package 'cim' build argument 'cmake_force_configure' from command line to 'False'
[12.808s] Level 5:colcon.colcon_core.verb:set package 'cim' build argument 'ament_cmake_args' from command line to 'None'
[12.808s] Level 5:colcon.colcon_core.verb:set package 'cim' build argument 'catkin_cmake_args' from command line to 'None'
[12.808s] Level 5:colcon.colcon_core.verb:set package 'cim' build argument 'catkin_skip_building_tests' from command line to 'False'
[12.809s] DEBUG:colcon.colcon_core.verb:Building package 'cim' with the following arguments: {'ament_cmake_args': None, 'build_base': '/home/babangida/ros_ws/build/cim', 'catkin_cmake_args': None, 'catkin_skip_building_tests': False, 'cmake_args': None, 'cmake_clean_cache': False, 'cmake_clean_first': False, 'cmake_force_configure': False, 'cmake_target': None, 'cmake_target_skip_unavailable': False, 'install_base': '/home/babangida/ros_ws/install/cim', 'merge_install': False, 'path': '/home/babangida/ros_ws/src/cim', 'symlink_install': True, 'test_result_base': None}
[12.920s] INFO:colcon.colcon_core.executor:Executing jobs using 'parallel' executor
[13.054s] DEBUG:colcon.colcon_parallel_executor.executor.parallel:run_until_complete
[13.054s] INFO:colcon.colcon_ros.task.ament_python.build:Building ROS package in '/home/babangida/ros_ws/src/cim' with build type 'ament_python'
[13.055s] Level 1:colcon.colcon_core.shell:create_environment_hook('cim', 'ament_prefix_path')
[13.495s] INFO:colcon.colcon_core.plugin_system:Skipping extension 'colcon_core.shell.bat': Not used on non-Windows systems
[13.496s] INFO:colcon.colcon_core.shell:Creating environment hook '/home/babangida/ros_ws/install/cim/share/cim/hook/ament_prefix_path.ps1'
[13.580s] INFO:colcon.colcon_core.shell:Creating environment descriptor '/home/babangida/ros_ws/install/cim/share/cim/hook/ament_prefix_path.dsv'
[13.592s] INFO:colcon.colcon_core.shell:Creating environment hook '/home/babangida/ros_ws/install/cim/share/cim/hook/ament_prefix_path.sh'
[13.750s] INFO:colcon.colcon_core.shell:Skip shell extension 'powershell' for command environment: Not usable outside of PowerShell
[13.751s] DEBUG:colcon.colcon_core.shell:Skip shell extension 'dsv' for command environment
[16.888s] INFO:colcon.colcon_core.task.python.build:Building Python package in '/home/babangida/ros_ws/src/cim'
[16.950s] INFO:colcon.colcon_core.shell:Skip shell extension 'powershell' for command environment: Not usable outside of PowerShell
[16.950s] DEBUG:colcon.colcon_core.shell:Skip shell extension 'dsv' for command environment
[22.601s] DEBUG:colcon.colcon_core.event_handler.log_command:Invoking command in '/home/babangida/ros_ws/build/cim': PYTHONPATH=/home/babangida/ros_ws/build/cim/prefix_override:/home/babangida/ros_ws/install/cim/lib/python3.8/site-packages:/home/babangida/ros_ws/install/trafficrecord/lib/python3.8/site-packages:/home/babangida/ros_ws/install/dsrcmsg/lib/python3.8/site-packages:/home/babangida/ros_ws/build/cim:/home/babangida/ros_ws/install/cim/lib/python3.8/site-packages:/home/babangida/ros_ws/install/reactivemethods/lib/python3.8/site-packages:/opt/ros/foxy/lib/python3.8/site-packages /usr/bin/python3 setup.py develop --editable --build-directory /home/babangida/ros_ws/build/cim/build --no-deps install_data
[24.225s] Level 1:colcon.colcon_core.shell:create_environment_hook('cim', 'pythonpath_develop')
[24.226s] DEBUG:colcon.colcon_core.event_handler.log_command:Invoked command in '/home/babangida/ros_ws/build/cim' returned '0': PYTHONPATH=/home/babangida/ros_ws/build/cim/prefix_override:/home/babangida/ros_ws/install/cim/lib/python3.8/site-packages:/home/babangida/ros_ws/install/trafficrecord/lib/python3.8/site-packages:/home/babangida/ros_ws/install/dsrcmsg/lib/python3.8/site-packages:/home/babangida/ros_ws/build/cim:/home/babangida/ros_ws/install/cim/lib/python3.8/site-packages:/home/babangida/ros_ws/install/reactivemethods/lib/python3.8/site-packages:/opt/ros/foxy/lib/python3.8/site-packages /usr/bin/python3 setup.py develop --editable --build-directory /home/babangida/ros_ws/build/cim/build --no-deps install_data
[24.364s] INFO:colcon.colcon_core.shell:Creating environment hook '/home/babangida/ros_ws/build/cim/share/cim/hook/pythonpath_develop.ps1'
[24.365s] INFO:colcon.colcon_core.shell:Creating environment descriptor '/home/babangida/ros_ws/build/cim/share/cim/hook/pythonpath_develop.dsv'
[24.366s] INFO:colcon.colcon_core.shell:Creating environment hook '/home/babangida/ros_ws/build/cim/share/cim/hook/pythonpath_develop.sh'
[25.176s] Level 1:colcon.colcon_core.environment:checking '/home/babangida/ros_ws/install/cim' for CMake module files
[25.178s] Level 1:colcon.colcon_core.environment:checking '/home/babangida/ros_ws/install/cim' for CMake config files
[25.179s] Level 1:colcon.colcon_core.environment:checking '/home/babangida/ros_ws/install/cim/lib'
[25.180s] Level 1:colcon.colcon_core.environment:checking '/home/babangida/ros_ws/install/cim/bin'
[25.180s] Level 1:colcon.colcon_core.environment:checking '/home/babangida/ros_ws/install/cim/lib/pkgconfig/cim.pc'
[25.180s] Level 1:colcon.colcon_core.environment:checking '/home/babangida/ros_ws/install/cim/lib/python3.8/site-packages'
[25.180s] Level 1:colcon.colcon_core.shell:create_environment_hook('cim', 'pythonpath')
[25.314s] INFO:colcon.colcon_core.shell:Creating environment hook '/home/babangida/ros_ws/install/cim/share/cim/hook/pythonpath.ps1'
[25.315s] INFO:colcon.colcon_core.shell:Creating environment descriptor '/home/babangida/ros_ws/install/cim/share/cim/hook/pythonpath.dsv'
[25.315s] INFO:colcon.colcon_core.shell:Creating environment hook '/home/babangida/ros_ws/install/cim/share/cim/hook/pythonpath.sh'
[25.316s] Level 1:colcon.colcon_core.environment:checking '/home/babangida/ros_ws/install/cim/bin'
[25.316s] Level 1:colcon.colcon_core.environment:create_environment_scripts_only(cim)
[25.453s] INFO:colcon.colcon_core.shell:Creating package script '/home/babangida/ros_ws/install/cim/share/cim/package.ps1'
[25.547s] INFO:colcon.colcon_core.shell:Creating package descriptor '/home/babangida/ros_ws/install/cim/share/cim/package.dsv'
[25.581s] INFO:colcon.colcon_core.shell:Creating package script '/home/babangida/ros_ws/install/cim/share/cim/package.sh'
[25.594s] INFO:colcon.colcon_core.shell:Creating package script '/home/babangida/ros_ws/install/cim/share/cim/package.bash'
[25.619s] INFO:colcon.colcon_core.shell:Creating package script '/home/babangida/ros_ws/install/cim/share/cim/package.zsh'
[25.674s] Level 1:colcon.colcon_core.environment:create_file_with_runtime_dependencies(/home/babangida/ros_ws/install/cim/share/colcon-core/packages/cim)
[25.675s] DEBUG:colcon.colcon_parallel_executor.executor.parallel:closing loop
[25.676s] DEBUG:colcon.colcon_parallel_executor.executor.parallel:loop closed
[25.676s] DEBUG:colcon.colcon_parallel_executor.executor.parallel:run_until_complete finished with '0'
[25.677s] DEBUG:colcon.colcon_core.event_reactor:joining thread
[26.067s] INFO:colcon.colcon_core.plugin_system:Skipping extension 'colcon_notification.desktop_notification.notify_send': Could not find 'notify-send'
[26.068s] INFO:colcon.colcon_core.plugin_system:Skipping extension 'colcon_notification.desktop_notification.terminal_notifier': Not used on non-Darwin systems
[26.068s] INFO:colcon.colcon_core.plugin_system:Skipping extension 'colcon_notification.desktop_notification.win32': Not used on non-Windows systems
[26.068s] INFO:colcon.colcon_notification.desktop_notification:Sending desktop notification using 'notify2'
[26.078s] DEBUG:colcon.colcon_notification.desktop_notification.notify2:Failed to initialize notify2: org.freedesktop.DBus.Error.ServiceUnknown: The name org.freedesktop.Notifications was not provided by any .service files
[26.096s] DEBUG:colcon.colcon_core.event_reactor:joined thread
[26.234s] INFO:colcon.colcon_core.shell:Creating prefix script '/home/babangida/ros_ws/install/local_setup.ps1'
[26.241s] INFO:colcon.colcon_core.shell:Creating prefix util module '/home/babangida/ros_ws/install/_local_setup_util_ps1.py'
[26.381s] INFO:colcon.colcon_core.shell:Creating prefix chain script '/home/babangida/ros_ws/install/setup.ps1'
[26.531s] INFO:colcon.colcon_core.shell:Creating prefix script '/home/babangida/ros_ws/install/local_setup.sh'
[26.534s] INFO:colcon.colcon_core.shell:Creating prefix util module '/home/babangida/ros_ws/install/_local_setup_util_sh.py'
[26.535s] INFO:colcon.colcon_core.shell:Creating prefix chain script '/home/babangida/ros_ws/install/setup.sh'
[26.678s] INFO:colcon.colcon_core.shell:Creating prefix script '/home/babangida/ros_ws/install/local_setup.bash'
[26.695s] INFO:colcon.colcon_core.shell:Creating prefix chain script '/home/babangida/ros_ws/install/setup.bash'
[26.817s] INFO:colcon.colcon_core.shell:Creating prefix script '/home/babangida/ros_ws/install/local_setup.zsh'
[26.828s] INFO:colcon.colcon_core.shell:Creating prefix chain script '/home/babangida/ros_ws/install/setup.zsh'
