[2.897s] Invoking command in '/home/babangida/ros_ws/src/reactivemethods': AMENT_PREFIX_PATH=/home/babangida/ros_ws/install/dsrcmsg CMAKE_PREFIX_PATH=/home/babangida/ros_ws/install/dsrcmsg LD_LIBRARY_PATH=/home/babangida/ros_ws/install/dsrcmsg/lib PYTHONPATH=/home/babangida/ros_ws/build/reactivemethods/prefix_override:/home/babangida/ros_ws/install/reactivemethods/lib/python3.8/site-packages:/home/babangida/ros_ws/install/dsrcmsg/lib/python3.8/site-packages /usr/bin/python3 setup.py egg_info --egg-base ../../build/reactivemethods build --build-base /home/babangida/ros_ws/build/reactivemethods/build install --record /home/babangida/ros_ws/build/reactivemethods/install.log --install-scripts $base/lib/reactivemethods --single-version-externally-managed
[3.159s] running egg_info
[3.159s] writing ../../build/reactivemethods/reactivemethods.egg-info/PKG-INFO
[3.160s] writing dependency_links to ../../build/reactivemethods/reactivemethods.egg-info/dependency_links.txt
[3.160s] writing entry points to ../../build/reactivemethods/reactivemethods.egg-info/entry_points.txt
[3.160s] writing requirements to ../../build/reactivemethods/reactivemethods.egg-info/requires.txt
[3.160s] writing top-level names to ../../build/reactivemethods/reactivemethods.egg-info/top_level.txt
[3.376s] reading manifest file '../../build/reactivemethods/reactivemethods.egg-info/SOURCES.txt'
[3.399s] writing manifest file '../../build/reactivemethods/reactivemethods.egg-info/SOURCES.txt'
[3.399s] running build
[3.399s] running build_py
[3.429s] running install
[3.431s] running install_lib
[3.436s] running install_data
[3.462s] running install_egg_info
[3.467s] removing '/home/babangida/ros_ws/install/reactivemethods/lib/python3.8/site-packages/reactivemethods-0.0.0-py3.8.egg-info' (and everything under it)
[3.467s] Copying ../../build/reactivemethods/reactivemethods.egg-info to /home/babangida/ros_ws/install/reactivemethods/lib/python3.8/site-packages/reactivemethods-0.0.0-py3.8.egg-info
[3.470s] running install_scripts
[3.512s] Installing agapfollowing script to /home/babangida/ros_ws/install/reactivemethods/lib/reactivemethods
[3.524s] Installing agent1purepursuit script to /home/babangida/ros_ws/install/reactivemethods/lib/reactivemethods
[3.524s] Installing degapfollowing script to /home/babangida/ros_ws/install/reactivemethods/lib/reactivemethods
[3.525s] Installing emergencybreaking script to /home/babangida/ros_ws/install/reactivemethods/lib/reactivemethods
[3.525s] Installing followgap script to /home/babangida/ros_ws/install/reactivemethods/lib/reactivemethods
[3.526s] Installing gapfollowing script to /home/babangida/ros_ws/install/reactivemethods/lib/reactivemethods
[3.526s] Installing leftwallfollowing script to /home/babangida/ros_ws/install/reactivemethods/lib/reactivemethods
[3.527s] Installing northsouthagent script to /home/babangida/ros_ws/install/reactivemethods/lib/reactivemethods
[3.527s] Installing play script to /home/babangida/ros_ws/install/reactivemethods/lib/reactivemethods
[3.527s] Installing publishwaypoints script to /home/babangida/ros_ws/install/reactivemethods/lib/reactivemethods
[3.528s] Installing purepursuit script to /home/babangida/ros_ws/install/reactivemethods/lib/reactivemethods
[3.529s] Installing waypointfollow script to /home/babangida/ros_ws/install/reactivemethods/lib/reactivemethods
[3.529s] Installing waypointsgenerator script to /home/babangida/ros_ws/install/reactivemethods/lib/reactivemethods
[3.529s] Installing westeastagent script to /home/babangida/ros_ws/install/reactivemethods/lib/reactivemethods
[3.529s] Installing wptflw script to /home/babangida/ros_ws/install/reactivemethods/lib/reactivemethods
[3.530s] writing list of installed files to '/home/babangida/ros_ws/build/reactivemethods/install.log'
[3.563s] Invoked command in '/home/babangida/ros_ws/src/reactivemethods' returned '0': AMENT_PREFIX_PATH=/home/babangida/ros_ws/install/dsrcmsg CMAKE_PREFIX_PATH=/home/babangida/ros_ws/install/dsrcmsg LD_LIBRARY_PATH=/home/babangida/ros_ws/install/dsrcmsg/lib PYTHONPATH=/home/babangida/ros_ws/build/reactivemethods/prefix_override:/home/babangida/ros_ws/install/reactivemethods/lib/python3.8/site-packages:/home/babangida/ros_ws/install/dsrcmsg/lib/python3.8/site-packages /usr/bin/python3 setup.py egg_info --egg-base ../../build/reactivemethods build --build-base /home/babangida/ros_ws/build/reactivemethods/build install --record /home/babangida/ros_ws/build/reactivemethods/install.log --install-scripts $base/lib/reactivemethods --single-version-externally-managed
