[3.230s] Invoking command in '/home/babangida/ros_ws/build/onecim': PYTHONPATH=/home/babangida/ros_ws/build/onecim/prefix_override:/home/babangida/ros_ws/install/onecim/lib/python3.8/site-packages:/home/babangida/ros_ws/install/trafficrecord/lib/python3.8/site-packages:/home/babangida/ros_ws/install/dsrcmsg/lib/python3.8/site-packages:/home/babangida/ros_ws/build/onecim:/home/babangida/ros_ws/install/onecim/lib/python3.8/site-packages:/home/babangida/ros_ws/install/cim/lib/python3.8/site-packages:/home/babangida/ros_ws/build/reactivemethods:/home/babangida/ros_ws/install/reactivemethods/lib/python3.8/site-packages:/opt/ros/foxy/lib/python3.8/site-packages /usr/bin/python3 setup.py develop --editable --build-directory /home/babangida/ros_ws/build/onecim/build --no-deps install_data
[3.588s] running develop
[3.810s] running egg_info
[3.810s] writing onecim.egg-info/PKG-INFO
[3.810s] writing dependency_links to onecim.egg-info/dependency_links.txt
[3.811s] writing entry points to onecim.egg-info/entry_points.txt
[3.811s] writing requirements to onecim.egg-info/requires.txt
[3.811s] writing top-level names to onecim.egg-info/top_level.txt
[3.858s] reading manifest file 'onecim.egg-info/SOURCES.txt'
[3.860s] writing manifest file 'onecim.egg-info/SOURCES.txt'
[3.914s] running build_ext
[3.914s] Creating /home/babangida/ros_ws/install/onecim/lib/python3.8/site-packages/onecim.egg-link (link to .)
[3.916s] Installing ewfiscim script to /home/babangida/ros_ws/install/onecim/lib/onecim
[3.916s] Installing fisonecimlooptls script to /home/babangida/ros_ws/install/onecim/lib/onecim
[3.916s] Installing fisonecimtls script to /home/babangida/ros_ws/install/onecim/lib/onecim
[3.917s] Installing onecimew script to /home/babangida/ros_ws/install/onecim/lib/onecim
[3.917s] Installing onecimloopew script to /home/babangida/ros_ws/install/onecim/lib/onecim
[3.918s] Installing onecimloopsn script to /home/babangida/ros_ws/install/onecim/lib/onecim
[3.918s] Installing onecimloopstatictls script to /home/babangida/ros_ws/install/onecim/lib/onecim
[3.918s] Installing onecimlooptls script to /home/babangida/ros_ws/install/onecim/lib/onecim
[3.918s] Installing onecimsn script to /home/babangida/ros_ws/install/onecim/lib/onecim
[3.918s] Installing onecimtls script to /home/babangida/ros_ws/install/onecim/lib/onecim
[3.918s] Installing playde script to /home/babangida/ros_ws/install/onecim/lib/onecim
[3.918s] Installing playpp script to /home/babangida/ros_ws/install/onecim/lib/onecim
[3.919s] Installing simspeed script to /home/babangida/ros_ws/install/onecim/lib/onecim
[3.919s] Installing snfiscim script to /home/babangida/ros_ws/install/onecim/lib/onecim
[3.919s] Installing veh script to /home/babangida/ros_ws/install/onecim/lib/onecim
[3.919s] Installing wypts script to /home/babangida/ros_ws/install/onecim/lib/onecim
[3.919s] 
[3.919s] Installed /home/babangida/ros_ws/build/onecim
[3.920s] running install_data
[3.956s] Invoked command in '/home/babangida/ros_ws/build/onecim' returned '0': PYTHONPATH=/home/babangida/ros_ws/build/onecim/prefix_override:/home/babangida/ros_ws/install/onecim/lib/python3.8/site-packages:/home/babangida/ros_ws/install/trafficrecord/lib/python3.8/site-packages:/home/babangida/ros_ws/install/dsrcmsg/lib/python3.8/site-packages:/home/babangida/ros_ws/build/onecim:/home/babangida/ros_ws/install/onecim/lib/python3.8/site-packages:/home/babangida/ros_ws/install/cim/lib/python3.8/site-packages:/home/babangida/ros_ws/build/reactivemethods:/home/babangida/ros_ws/install/reactivemethods/lib/python3.8/site-packages:/opt/ros/foxy/lib/python3.8/site-packages /usr/bin/python3 setup.py develop --editable --build-directory /home/babangida/ros_ws/build/onecim/build --no-deps install_data
