[5.260s] Invoking command in '/home/babangida/ros_ws/build/onecim': PYTHONPATH=/home/babangida/ros_ws/build/onecim/prefix_override:/home/babangida/ros_ws/install/onecim/lib/python3.8/site-packages:/home/babangida/ros_ws/install/trafficrecord/lib/python3.8/site-packages:/home/babangida/ros_ws/install/dsrcmsg/lib/python3.8/site-packages:/home/babangida/ros_ws/build/onecim:/home/babangida/ros_ws/install/onecim/lib/python3.8/site-packages:/home/babangida/ros_ws/install/cim/lib/python3.8/site-packages:/home/babangida/ros_ws/build/reactivemethods:/home/babangida/ros_ws/install/reactivemethods/lib/python3.8/site-packages:/opt/ros/foxy/lib/python3.8/site-packages /usr/bin/python3 setup.py develop --editable --build-directory /home/babangida/ros_ws/build/onecim/build --no-deps install_data
[5.619s] running develop
[5.851s] running egg_info
[5.852s] writing onecim.egg-info/PKG-INFO
[5.871s] writing dependency_links to onecim.egg-info/dependency_links.txt
[5.872s] writing entry points to onecim.egg-info/entry_points.txt
[5.872s] writing requirements to onecim.egg-info/requires.txt
[5.873s] writing top-level names to onecim.egg-info/top_level.txt
[5.958s] reading manifest file 'onecim.egg-info/SOURCES.txt'
[5.959s] writing manifest file 'onecim.egg-info/SOURCES.txt'
[6.015s] running build_ext
[6.015s] Creating /home/babangida/ros_ws/install/onecim/lib/python3.8/site-packages/onecim.egg-link (link to .)
[6.017s] Installing fisonecimtls script to /home/babangida/ros_ws/install/onecim/lib/onecim
[6.017s] Installing onecimew script to /home/babangida/ros_ws/install/onecim/lib/onecim
[6.018s] Installing onecimloopew script to /home/babangida/ros_ws/install/onecim/lib/onecim
[6.018s] Installing onecimloopsn script to /home/babangida/ros_ws/install/onecim/lib/onecim
[6.019s] Installing onecimlooptls script to /home/babangida/ros_ws/install/onecim/lib/onecim
[6.019s] Installing onecimsn script to /home/babangida/ros_ws/install/onecim/lib/onecim
[6.019s] Installing onecimtls script to /home/babangida/ros_ws/install/onecim/lib/onecim
[6.020s] Installing playde script to /home/babangida/ros_ws/install/onecim/lib/onecim
[6.020s] Installing playpp script to /home/babangida/ros_ws/install/onecim/lib/onecim
[6.020s] Installing simspeed script to /home/babangida/ros_ws/install/onecim/lib/onecim
[6.021s] Installing wypts script to /home/babangida/ros_ws/install/onecim/lib/onecim
[6.022s] 
[6.022s] Installed /home/babangida/ros_ws/build/onecim
[6.022s] running install_data
[6.071s] Invoked command in '/home/babangida/ros_ws/build/onecim' returned '0': PYTHONPATH=/home/babangida/ros_ws/build/onecim/prefix_override:/home/babangida/ros_ws/install/onecim/lib/python3.8/site-packages:/home/babangida/ros_ws/install/trafficrecord/lib/python3.8/site-packages:/home/babangida/ros_ws/install/dsrcmsg/lib/python3.8/site-packages:/home/babangida/ros_ws/build/onecim:/home/babangida/ros_ws/install/onecim/lib/python3.8/site-packages:/home/babangida/ros_ws/install/cim/lib/python3.8/site-packages:/home/babangida/ros_ws/build/reactivemethods:/home/babangida/ros_ws/install/reactivemethods/lib/python3.8/site-packages:/opt/ros/foxy/lib/python3.8/site-packages /usr/bin/python3 setup.py develop --editable --build-directory /home/babangida/ros_ws/build/onecim/build --no-deps install_data
