[1.442s] Invoking command in '/home/babangida/ros_ws/build/onecim': PYTHONPATH=/home/babangida/ros_ws/build/onecim/prefix_override:/home/babangida/ros_ws/install/onecim/lib/python3.8/site-packages:/home/babangida/ros_ws/install/trafficrecord/lib/python3.8/site-packages:/home/babangida/ros_ws/install/dsrcmsg/lib/python3.8/site-packages:/home/babangida/ros_ws/build/onecim:/home/babangida/ros_ws/install/onecim/lib/python3.8/site-packages:/home/babangida/ros_ws/install/cim/lib/python3.8/site-packages:/home/babangida/ros_ws/build/reactivemethods:/home/babangida/ros_ws/install/reactivemethods/lib/python3.8/site-packages:/opt/ros/foxy/lib/python3.8/site-packages /usr/bin/python3 setup.py develop --editable --build-directory /home/babangida/ros_ws/build/onecim/build --no-deps install_data
[1.645s] running develop
[1.759s] running egg_info
[1.760s] writing onecim.egg-info/PKG-INFO
[1.760s] writing dependency_links to onecim.egg-info/dependency_links.txt
[1.760s] writing entry points to onecim.egg-info/entry_points.txt
[1.760s] writing requirements to onecim.egg-info/requires.txt
[1.760s] writing top-level names to onecim.egg-info/top_level.txt
[1.785s] reading manifest file 'onecim.egg-info/SOURCES.txt'
[1.786s] writing manifest file 'onecim.egg-info/SOURCES.txt'
[1.812s] running build_ext
[1.812s] Creating /home/babangida/ros_ws/install/onecim/lib/python3.8/site-packages/onecim.egg-link (link to .)
[1.813s] Installing benchmark script to /home/babangida/ros_ws/install/onecim/lib/onecim
[1.814s] Installing ewfiscim script to /home/babangida/ros_ws/install/onecim/lib/onecim
[1.814s] Installing fisonecimlooptls script to /home/babangida/ros_ws/install/onecim/lib/onecim
[1.814s] Installing fisonecimtls script to /home/babangida/ros_ws/install/onecim/lib/onecim
[1.814s] Installing genveh script to /home/babangida/ros_ws/install/onecim/lib/onecim
[1.814s] Installing onecimew script to /home/babangida/ros_ws/install/onecim/lib/onecim
[1.814s] Installing onecimloopew script to /home/babangida/ros_ws/install/onecim/lib/onecim
[1.814s] Installing onecimloopsn script to /home/babangida/ros_ws/install/onecim/lib/onecim
[1.814s] Installing onecimloopstatictls script to /home/babangida/ros_ws/install/onecim/lib/onecim
[1.814s] Installing onecimlooptls script to /home/babangida/ros_ws/install/onecim/lib/onecim
[1.815s] Installing onecimsn script to /home/babangida/ros_ws/install/onecim/lib/onecim
[1.815s] Installing onecimtls script to /home/babangida/ros_ws/install/onecim/lib/onecim
[1.815s] Installing playde script to /home/babangida/ros_ws/install/onecim/lib/onecim
[1.815s] Installing playpp script to /home/babangida/ros_ws/install/onecim/lib/onecim
[1.815s] Installing rectraffic script to /home/babangida/ros_ws/install/onecim/lib/onecim
[1.815s] Installing rrfisonecimlooptls script to /home/babangida/ros_ws/install/onecim/lib/onecim
[1.815s] Installing simspeed script to /home/babangida/ros_ws/install/onecim/lib/onecim
[1.816s] Installing snfiscim script to /home/babangida/ros_ws/install/onecim/lib/onecim
[1.816s] Installing speed script to /home/babangida/ros_ws/install/onecim/lib/onecim
[1.816s] Installing timegenveh script to /home/babangida/ros_ws/install/onecim/lib/onecim
[1.816s] Installing veh script to /home/babangida/ros_ws/install/onecim/lib/onecim
[1.816s] Installing wypts script to /home/babangida/ros_ws/install/onecim/lib/onecim
[1.816s] 
[1.816s] Installed /home/babangida/ros_ws/build/onecim
[1.816s] running install_data
[1.838s] Invoked command in '/home/babangida/ros_ws/build/onecim' returned '0': PYTHONPATH=/home/babangida/ros_ws/build/onecim/prefix_override:/home/babangida/ros_ws/install/onecim/lib/python3.8/site-packages:/home/babangida/ros_ws/install/trafficrecord/lib/python3.8/site-packages:/home/babangida/ros_ws/install/dsrcmsg/lib/python3.8/site-packages:/home/babangida/ros_ws/build/onecim:/home/babangida/ros_ws/install/onecim/lib/python3.8/site-packages:/home/babangida/ros_ws/install/cim/lib/python3.8/site-packages:/home/babangida/ros_ws/build/reactivemethods:/home/babangida/ros_ws/install/reactivemethods/lib/python3.8/site-packages:/opt/ros/foxy/lib/python3.8/site-packages /usr/bin/python3 setup.py develop --editable --build-directory /home/babangida/ros_ws/build/onecim/build --no-deps install_data
