[1.976s] Invoking command in '/home/babangida/ros_ws/build/cim': PYTHONPATH=/home/babangida/ros_ws/build/cim/prefix_override:/home/babangida/ros_ws/install/cim/lib/python3.8/site-packages:/home/babangida/ros_ws/install/trafficrecord/lib/python3.8/site-packages:/home/babangida/ros_ws/install/dsrcmsg/lib/python3.8/site-packages:/home/babangida/ros_ws/build/cim:/home/babangida/ros_ws/install/cim/lib/python3.8/site-packages:/home/babangida/ros_ws/install/reactivemethods/lib/python3.8/site-packages:/opt/ros/foxy/lib/python3.8/site-packages /usr/bin/python3 setup.py develop --editable --build-directory /home/babangida/ros_ws/build/cim/build --no-deps install_data
[2.419s] running develop
[2.751s] running egg_info
[2.751s] writing cim.egg-info/PKG-INFO
[2.751s] writing dependency_links to cim.egg-info/dependency_links.txt
[2.752s] writing entry points to cim.egg-info/entry_points.txt
[2.753s] writing requirements to cim.egg-info/requires.txt
[2.753s] writing top-level names to cim.egg-info/top_level.txt
[2.815s] reading manifest file 'cim.egg-info/SOURCES.txt'
[2.817s] writing manifest file 'cim.egg-info/SOURCES.txt'
[2.887s] running build_ext
[2.887s] Creating /home/babangida/ros_ws/install/cim/lib/python3.8/site-packages/cim.egg-link (link to .)
[2.889s] Installing cimnode script to /home/babangida/ros_ws/install/cim/lib/cim
[2.889s] Installing debugewagent script to /home/babangida/ros_ws/install/cim/lib/cim
[2.890s] Installing dsrcsimplecim script to /home/babangida/ros_ws/install/cim/lib/cim
[2.890s] Installing ewagent script to /home/babangida/ros_ws/install/cim/lib/cim
[2.891s] Installing fhcim script to /home/babangida/ros_ws/install/cim/lib/cim
[2.891s] Installing fiscim script to /home/babangida/ros_ws/install/cim/lib/cim
[2.891s] Installing fisewagent script to /home/babangida/ros_ws/install/cim/lib/cim
[2.891s] Installing fissnagent script to /home/babangida/ros_ws/install/cim/lib/cim
[2.892s] Installing playde script to /home/babangida/ros_ws/install/cim/lib/cim
[2.892s] Installing playpp script to /home/babangida/ros_ws/install/cim/lib/cim
[2.892s] Installing plotpoint script to /home/babangida/ros_ws/install/cim/lib/cim
[2.893s] Installing recanalysis script to /home/babangida/ros_ws/install/cim/lib/cim
[2.893s] Installing recanalysisserver script to /home/babangida/ros_ws/install/cim/lib/cim
[2.893s] Installing snagent script to /home/babangida/ros_ws/install/cim/lib/cim
[2.893s] Installing statictls script to /home/babangida/ros_ws/install/cim/lib/cim
[2.894s] Installing stlsewagent script to /home/babangida/ros_ws/install/cim/lib/cim
[2.894s] Installing stlssnagent script to /home/babangida/ros_ws/install/cim/lib/cim
[2.894s] Installing test script to /home/babangida/ros_ws/install/cim/lib/cim
[2.894s] Installing tlsewagent script to /home/babangida/ros_ws/install/cim/lib/cim
[2.895s] Installing tlssnagent script to /home/babangida/ros_ws/install/cim/lib/cim
[2.895s] 
[2.895s] Installed /home/babangida/ros_ws/build/cim
[2.895s] running install_data
[2.934s] Invoked command in '/home/babangida/ros_ws/build/cim' returned '0': PYTHONPATH=/home/babangida/ros_ws/build/cim/prefix_override:/home/babangida/ros_ws/install/cim/lib/python3.8/site-packages:/home/babangida/ros_ws/install/trafficrecord/lib/python3.8/site-packages:/home/babangida/ros_ws/install/dsrcmsg/lib/python3.8/site-packages:/home/babangida/ros_ws/build/cim:/home/babangida/ros_ws/install/cim/lib/python3.8/site-packages:/home/babangida/ros_ws/install/reactivemethods/lib/python3.8/site-packages:/opt/ros/foxy/lib/python3.8/site-packages /usr/bin/python3 setup.py develop --editable --build-directory /home/babangida/ros_ws/build/cim/build --no-deps install_data
