[3.103s] Invoking command in '/home/babangida/ros_ws/build/onecim': PYTHONPATH=/home/babangida/ros_ws/build/onecim/prefix_override:/home/babangida/ros_ws/install/onecim/lib/python3.8/site-packages:/home/babangida/ros_ws/install/trafficrecord/lib/python3.8/site-packages:/home/babangida/ros_ws/install/dsrcmsg/lib/python3.8/site-packages:/home/babangida/ros_ws/build/onecim:/home/babangida/ros_ws/install/onecim/lib/python3.8/site-packages:/home/babangida/ros_ws/install/cim/lib/python3.8/site-packages:/home/babangida/ros_ws/build/reactivemethods:/home/babangida/ros_ws/install/reactivemethods/lib/python3.8/site-packages:/opt/ros/foxy/lib/python3.8/site-packages /usr/bin/python3 setup.py develop --editable --build-directory /home/babangida/ros_ws/build/onecim/build --no-deps install_data
[3.483s] running develop
[3.779s] running egg_info
[3.779s] writing onecim.egg-info/PKG-INFO
[3.780s] writing dependency_links to onecim.egg-info/dependency_links.txt
[3.780s] writing entry points to onecim.egg-info/entry_points.txt
[3.780s] writing requirements to onecim.egg-info/requires.txt
[3.781s] writing top-level names to onecim.egg-info/top_level.txt
[3.843s] reading manifest file 'onecim.egg-info/SOURCES.txt'
[3.845s] writing manifest file 'onecim.egg-info/SOURCES.txt'
[3.905s] running build_ext
[3.906s] Creating /home/babangida/ros_ws/install/onecim/lib/python3.8/site-packages/onecim.egg-link (link to .)
[3.907s] Installing fisonecimtls script to /home/babangida/ros_ws/install/onecim/lib/onecim
[3.908s] Installing onecimew script to /home/babangida/ros_ws/install/onecim/lib/onecim
[3.908s] Installing onecimloopew script to /home/babangida/ros_ws/install/onecim/lib/onecim
[3.908s] Installing onecimloopsn script to /home/babangida/ros_ws/install/onecim/lib/onecim
[3.909s] Installing onecimlooptls script to /home/babangida/ros_ws/install/onecim/lib/onecim
[3.910s] Installing onecimsn script to /home/babangida/ros_ws/install/onecim/lib/onecim
[3.910s] Installing onecimtls script to /home/babangida/ros_ws/install/onecim/lib/onecim
[3.911s] Installing playde script to /home/babangida/ros_ws/install/onecim/lib/onecim
[3.911s] Installing playpp script to /home/babangida/ros_ws/install/onecim/lib/onecim
[3.912s] Installing simspeed script to /home/babangida/ros_ws/install/onecim/lib/onecim
[3.912s] Installing wypts script to /home/babangida/ros_ws/install/onecim/lib/onecim
[3.913s] 
[3.913s] Installed /home/babangida/ros_ws/build/onecim
[3.913s] running install_data
[3.969s] Invoked command in '/home/babangida/ros_ws/build/onecim' returned '0': PYTHONPATH=/home/babangida/ros_ws/build/onecim/prefix_override:/home/babangida/ros_ws/install/onecim/lib/python3.8/site-packages:/home/babangida/ros_ws/install/trafficrecord/lib/python3.8/site-packages:/home/babangida/ros_ws/install/dsrcmsg/lib/python3.8/site-packages:/home/babangida/ros_ws/build/onecim:/home/babangida/ros_ws/install/onecim/lib/python3.8/site-packages:/home/babangida/ros_ws/install/cim/lib/python3.8/site-packages:/home/babangida/ros_ws/build/reactivemethods:/home/babangida/ros_ws/install/reactivemethods/lib/python3.8/site-packages:/opt/ros/foxy/lib/python3.8/site-packages /usr/bin/python3 setup.py develop --editable --build-directory /home/babangida/ros_ws/build/onecim/build --no-deps install_data
