[3.253s] Invoking command in '/home/babangida/ros_ws/build/onecim': PYTHONPATH=/home/babangida/ros_ws/build/onecim/prefix_override:/home/babangida/ros_ws/install/onecim/lib/python3.8/site-packages:/home/babangida/ros_ws/install/trafficrecord/lib/python3.8/site-packages:/home/babangida/ros_ws/install/dsrcmsg/lib/python3.8/site-packages:/home/babangida/ros_ws/build/onecim:/home/babangida/ros_ws/install/onecim/lib/python3.8/site-packages:/home/babangida/ros_ws/install/cim/lib/python3.8/site-packages:/home/babangida/ros_ws/build/reactivemethods:/home/babangida/ros_ws/install/reactivemethods/lib/python3.8/site-packages:/opt/ros/foxy/lib/python3.8/site-packages /usr/bin/python3 setup.py develop --editable --build-directory /home/babangida/ros_ws/build/onecim/build --no-deps install_data
[3.634s] running develop
[3.868s] running egg_info
[3.868s] writing onecim.egg-info/PKG-INFO
[3.869s] writing dependency_links to onecim.egg-info/dependency_links.txt
[3.870s] writing entry points to onecim.egg-info/entry_points.txt
[3.870s] writing requirements to onecim.egg-info/requires.txt
[3.871s] writing top-level names to onecim.egg-info/top_level.txt
[3.922s] reading manifest file 'onecim.egg-info/SOURCES.txt'
[3.923s] writing manifest file 'onecim.egg-info/SOURCES.txt'
[3.975s] running build_ext
[3.976s] Creating /home/babangida/ros_ws/install/onecim/lib/python3.8/site-packages/onecim.egg-link (link to .)
[3.977s] Installing ewfiscim script to /home/babangida/ros_ws/install/onecim/lib/onecim
[3.977s] Installing fisonecimlooptls script to /home/babangida/ros_ws/install/onecim/lib/onecim
[3.978s] Installing fisonecimtls script to /home/babangida/ros_ws/install/onecim/lib/onecim
[3.978s] Installing onecimew script to /home/babangida/ros_ws/install/onecim/lib/onecim
[3.979s] Installing onecimloopew script to /home/babangida/ros_ws/install/onecim/lib/onecim
[3.979s] Installing onecimloopsn script to /home/babangida/ros_ws/install/onecim/lib/onecim
[3.979s] Installing onecimloopstatictls script to /home/babangida/ros_ws/install/onecim/lib/onecim
[3.980s] Installing onecimlooptls script to /home/babangida/ros_ws/install/onecim/lib/onecim
[3.980s] Installing onecimsn script to /home/babangida/ros_ws/install/onecim/lib/onecim
[3.980s] Installing onecimtls script to /home/babangida/ros_ws/install/onecim/lib/onecim
[3.980s] Installing playde script to /home/babangida/ros_ws/install/onecim/lib/onecim
[3.980s] Installing playpp script to /home/babangida/ros_ws/install/onecim/lib/onecim
[3.981s] Installing simspeed script to /home/babangida/ros_ws/install/onecim/lib/onecim
[3.981s] Installing snfiscim script to /home/babangida/ros_ws/install/onecim/lib/onecim
[3.981s] Installing veh script to /home/babangida/ros_ws/install/onecim/lib/onecim
[3.981s] Installing wypts script to /home/babangida/ros_ws/install/onecim/lib/onecim
[3.981s] 
[3.981s] Installed /home/babangida/ros_ws/build/onecim
[3.981s] running install_data
[3.982s] copying launch/timeanalysis_launch.py -> /home/babangida/ros_ws/install/onecim/share/onecim
[4.023s] Invoked command in '/home/babangida/ros_ws/build/onecim' returned '0': PYTHONPATH=/home/babangida/ros_ws/build/onecim/prefix_override:/home/babangida/ros_ws/install/onecim/lib/python3.8/site-packages:/home/babangida/ros_ws/install/trafficrecord/lib/python3.8/site-packages:/home/babangida/ros_ws/install/dsrcmsg/lib/python3.8/site-packages:/home/babangida/ros_ws/build/onecim:/home/babangida/ros_ws/install/onecim/lib/python3.8/site-packages:/home/babangida/ros_ws/install/cim/lib/python3.8/site-packages:/home/babangida/ros_ws/build/reactivemethods:/home/babangida/ros_ws/install/reactivemethods/lib/python3.8/site-packages:/opt/ros/foxy/lib/python3.8/site-packages /usr/bin/python3 setup.py develop --editable --build-directory /home/babangida/ros_ws/build/onecim/build --no-deps install_data
