[2.921s] Invoking command in '/home/babangida/ros_ws/build/onecim': PYTHONPATH=/home/babangida/ros_ws/build/onecim/prefix_override:/home/babangida/ros_ws/install/onecim/lib/python3.8/site-packages:/home/babangida/ros_ws/install/trafficrecord/lib/python3.8/site-packages:/home/babangida/ros_ws/install/dsrcmsg/lib/python3.8/site-packages:/home/babangida/ros_ws/install/onecim/lib/python3.8/site-packages:/home/babangida/ros_ws/install/cim/lib/python3.8/site-packages:/home/babangida/ros_ws/build/reactivemethods:/home/babangida/ros_ws/install/reactivemethods/lib/python3.8/site-packages:/opt/ros/foxy/lib/python3.8/site-packages /usr/bin/python3 setup.py develop --editable --build-directory /home/babangida/ros_ws/build/onecim/build --no-deps install_data
[3.338s] running develop
[3.602s] running egg_info
[3.602s] writing onecim.egg-info/PKG-INFO
[3.603s] writing dependency_links to onecim.egg-info/dependency_links.txt
[3.603s] writing entry points to onecim.egg-info/entry_points.txt
[3.604s] writing requirements to onecim.egg-info/requires.txt
[3.604s] writing top-level names to onecim.egg-info/top_level.txt
[3.654s] reading manifest file 'onecim.egg-info/SOURCES.txt'
[3.655s] writing manifest file 'onecim.egg-info/SOURCES.txt'
[3.708s] running build_ext
[3.709s] Creating /home/babangida/ros_ws/install/onecim/lib/python3.8/site-packages/onecim.egg-link (link to .)
[3.711s] Installing ewfiscim script to /home/babangida/ros_ws/install/onecim/lib/onecim
[3.711s] Installing fisonecimlooptls script to /home/babangida/ros_ws/install/onecim/lib/onecim
[3.711s] Installing fisonecimtls script to /home/babangida/ros_ws/install/onecim/lib/onecim
[3.712s] Installing genveh script to /home/babangida/ros_ws/install/onecim/lib/onecim
[3.712s] Installing onecimew script to /home/babangida/ros_ws/install/onecim/lib/onecim
[3.713s] Installing onecimloopew script to /home/babangida/ros_ws/install/onecim/lib/onecim
[3.713s] Installing onecimloopsn script to /home/babangida/ros_ws/install/onecim/lib/onecim
[3.713s] Installing onecimloopstatictls script to /home/babangida/ros_ws/install/onecim/lib/onecim
[3.713s] Installing onecimlooptls script to /home/babangida/ros_ws/install/onecim/lib/onecim
[3.714s] Installing onecimsn script to /home/babangida/ros_ws/install/onecim/lib/onecim
[3.714s] Installing onecimtls script to /home/babangida/ros_ws/install/onecim/lib/onecim
[3.715s] Installing playde script to /home/babangida/ros_ws/install/onecim/lib/onecim
[3.715s] Installing playpp script to /home/babangida/ros_ws/install/onecim/lib/onecim
[3.715s] Installing rectraffic script to /home/babangida/ros_ws/install/onecim/lib/onecim
[3.715s] Installing simspeed script to /home/babangida/ros_ws/install/onecim/lib/onecim
[3.716s] Installing snfiscim script to /home/babangida/ros_ws/install/onecim/lib/onecim
[3.716s] Installing veh script to /home/babangida/ros_ws/install/onecim/lib/onecim
[3.716s] Installing wypts script to /home/babangida/ros_ws/install/onecim/lib/onecim
[3.716s] 
[3.716s] Installed /home/babangida/ros_ws/build/onecim
[3.716s] running install_data
[3.753s] Invoked command in '/home/babangida/ros_ws/build/onecim' returned '0': PYTHONPATH=/home/babangida/ros_ws/build/onecim/prefix_override:/home/babangida/ros_ws/install/onecim/lib/python3.8/site-packages:/home/babangida/ros_ws/install/trafficrecord/lib/python3.8/site-packages:/home/babangida/ros_ws/install/dsrcmsg/lib/python3.8/site-packages:/home/babangida/ros_ws/install/onecim/lib/python3.8/site-packages:/home/babangida/ros_ws/install/cim/lib/python3.8/site-packages:/home/babangida/ros_ws/build/reactivemethods:/home/babangida/ros_ws/install/reactivemethods/lib/python3.8/site-packages:/opt/ros/foxy/lib/python3.8/site-packages /usr/bin/python3 setup.py develop --editable --build-directory /home/babangida/ros_ws/build/onecim/build --no-deps install_data
