[5.526s] Invoking command in '/home/babangida/ros_ws/build/onecim': PYTHONPATH=/home/babangida/ros_ws/build/onecim/prefix_override:/home/babangida/ros_ws/install/onecim/lib/python3.8/site-packages:/home/babangida/ros_ws/install/trafficrecord/lib/python3.8/site-packages:/home/babangida/ros_ws/install/dsrcmsg/lib/python3.8/site-packages:/home/babangida/ros_ws/install/onecim/lib/python3.8/site-packages:/home/babangida/ros_ws/install/cim/lib/python3.8/site-packages:/home/babangida/ros_ws/build/reactivemethods:/home/babangida/ros_ws/install/reactivemethods/lib/python3.8/site-packages:/opt/ros/foxy/lib/python3.8/site-packages /usr/bin/python3 setup.py develop --editable --build-directory /home/babangida/ros_ws/build/onecim/build --no-deps install_data
[5.860s] running develop
[6.217s] running egg_info
[6.217s] writing onecim.egg-info/PKG-INFO
[6.279s] writing dependency_links to onecim.egg-info/dependency_links.txt
[6.280s] writing entry points to onecim.egg-info/entry_points.txt
[6.280s] writing requirements to onecim.egg-info/requires.txt
[6.281s] writing top-level names to onecim.egg-info/top_level.txt
[6.340s] reading manifest file 'onecim.egg-info/SOURCES.txt'
[6.341s] writing manifest file 'onecim.egg-info/SOURCES.txt'
[6.469s] running build_ext
[6.470s] Creating /home/babangida/ros_ws/install/onecim/lib/python3.8/site-packages/onecim.egg-link (link to .)
[6.471s] Installing ewfiscim script to /home/babangida/ros_ws/install/onecim/lib/onecim
[6.472s] Installing fisonecimlooptls script to /home/babangida/ros_ws/install/onecim/lib/onecim
[6.472s] Installing fisonecimtls script to /home/babangida/ros_ws/install/onecim/lib/onecim
[6.473s] Installing genveh script to /home/babangida/ros_ws/install/onecim/lib/onecim
[6.473s] Installing onecimew script to /home/babangida/ros_ws/install/onecim/lib/onecim
[6.473s] Installing onecimloopew script to /home/babangida/ros_ws/install/onecim/lib/onecim
[6.474s] Installing onecimloopsn script to /home/babangida/ros_ws/install/onecim/lib/onecim
[6.474s] Installing onecimloopstatictls script to /home/babangida/ros_ws/install/onecim/lib/onecim
[6.475s] Installing onecimlooptls script to /home/babangida/ros_ws/install/onecim/lib/onecim
[6.475s] Installing onecimsn script to /home/babangida/ros_ws/install/onecim/lib/onecim
[6.476s] Installing onecimtls script to /home/babangida/ros_ws/install/onecim/lib/onecim
[6.476s] Installing playde script to /home/babangida/ros_ws/install/onecim/lib/onecim
[6.476s] Installing playpp script to /home/babangida/ros_ws/install/onecim/lib/onecim
[6.477s] Installing rectraffic script to /home/babangida/ros_ws/install/onecim/lib/onecim
[6.477s] Installing simspeed script to /home/babangida/ros_ws/install/onecim/lib/onecim
[6.478s] Installing snfiscim script to /home/babangida/ros_ws/install/onecim/lib/onecim
[6.478s] Installing veh script to /home/babangida/ros_ws/install/onecim/lib/onecim
[6.479s] Installing wypts script to /home/babangida/ros_ws/install/onecim/lib/onecim
[6.480s] 
[6.480s] Installed /home/babangida/ros_ws/build/onecim
[6.480s] running install_data
[6.523s] Invoked command in '/home/babangida/ros_ws/build/onecim' returned '0': PYTHONPATH=/home/babangida/ros_ws/build/onecim/prefix_override:/home/babangida/ros_ws/install/onecim/lib/python3.8/site-packages:/home/babangida/ros_ws/install/trafficrecord/lib/python3.8/site-packages:/home/babangida/ros_ws/install/dsrcmsg/lib/python3.8/site-packages:/home/babangida/ros_ws/install/onecim/lib/python3.8/site-packages:/home/babangida/ros_ws/install/cim/lib/python3.8/site-packages:/home/babangida/ros_ws/build/reactivemethods:/home/babangida/ros_ws/install/reactivemethods/lib/python3.8/site-packages:/opt/ros/foxy/lib/python3.8/site-packages /usr/bin/python3 setup.py develop --editable --build-directory /home/babangida/ros_ws/build/onecim/build --no-deps install_data
