[2.460s] Invoking command in '/home/babangida/ros_ws/src/onecim': PYTHONPATH=/home/babangida/ros_ws/build/onecim/prefix_override:/home/babangida/ros_ws/install/onecim/lib/python3.8/site-packages:/home/babangida/ros_ws/install/trafficrecord/lib/python3.8/site-packages:/home/babangida/ros_ws/install/dsrcmsg/lib/python3.8/site-packages:/home/babangida/ros_ws/install/onecim/lib/python3.8/site-packages:/home/babangida/ros_ws/install/cim/lib/python3.8/site-packages:/home/babangida/ros_ws/build/reactivemethods:/home/babangida/ros_ws/install/reactivemethods/lib/python3.8/site-packages:/opt/ros/foxy/lib/python3.8/site-packages /usr/bin/python3 setup.py egg_info --egg-base ../../build/onecim build --build-base /home/babangida/ros_ws/build/onecim/build install --record /home/babangida/ros_ws/build/onecim/install.log --install-scripts $base/lib/onecim --single-version-externally-managed
[2.765s] running egg_info
[2.766s] writing ../../build/onecim/onecim.egg-info/PKG-INFO
[2.766s] writing dependency_links to ../../build/onecim/onecim.egg-info/dependency_links.txt
[2.767s] writing entry points to ../../build/onecim/onecim.egg-info/entry_points.txt
[2.767s] writing requirements to ../../build/onecim/onecim.egg-info/requires.txt
[2.767s] writing top-level names to ../../build/onecim/onecim.egg-info/top_level.txt
[2.812s] reading manifest file '../../build/onecim/onecim.egg-info/SOURCES.txt'
[2.815s] writing manifest file '../../build/onecim/onecim.egg-info/SOURCES.txt'
[2.815s] running build
[2.816s] running build_py
[2.816s] copying onecim/generateVehicles.py -> /home/babangida/ros_ws/build/onecim/build/lib/onecim
[2.817s] running install
[2.818s] running install_lib
[2.820s] copying /home/babangida/ros_ws/build/onecim/build/lib/onecim/generateVehicles.py -> /home/babangida/ros_ws/install/onecim/lib/python3.8/site-packages/onecim
[2.821s] byte-compiling /home/babangida/ros_ws/install/onecim/lib/python3.8/site-packages/onecim/generateVehicles.py to generateVehicles.cpython-38.pyc
[2.825s] Sorry: IndentationError: unindent does not match any outer indentation level (generateVehicles.py, line 780)
[2.825s] running install_data
[2.826s] running install_egg_info
[2.827s] removing '/home/babangida/ros_ws/install/onecim/lib/python3.8/site-packages/onecim-0.0.0-py3.8.egg-info' (and everything under it)
[2.828s] Copying ../../build/onecim/onecim.egg-info to /home/babangida/ros_ws/install/onecim/lib/python3.8/site-packages/onecim-0.0.0-py3.8.egg-info
[2.829s] running install_scripts
[2.853s] Installing ewfiscim script to /home/babangida/ros_ws/install/onecim/lib/onecim
[2.854s] Installing fisonecimlooptls script to /home/babangida/ros_ws/install/onecim/lib/onecim
[2.854s] Installing fisonecimtls script to /home/babangida/ros_ws/install/onecim/lib/onecim
[2.854s] Installing genveh script to /home/babangida/ros_ws/install/onecim/lib/onecim
[2.855s] Installing onecimew script to /home/babangida/ros_ws/install/onecim/lib/onecim
[2.855s] Installing onecimloopew script to /home/babangida/ros_ws/install/onecim/lib/onecim
[2.855s] Installing onecimloopsn script to /home/babangida/ros_ws/install/onecim/lib/onecim
[2.856s] Installing onecimloopstatictls script to /home/babangida/ros_ws/install/onecim/lib/onecim
[2.856s] Installing onecimlooptls script to /home/babangida/ros_ws/install/onecim/lib/onecim
[2.856s] Installing onecimsn script to /home/babangida/ros_ws/install/onecim/lib/onecim
[2.857s] Installing onecimtls script to /home/babangida/ros_ws/install/onecim/lib/onecim
[2.857s] Installing playde script to /home/babangida/ros_ws/install/onecim/lib/onecim
[2.857s] Installing playpp script to /home/babangida/ros_ws/install/onecim/lib/onecim
[2.857s] Installing rectraffic script to /home/babangida/ros_ws/install/onecim/lib/onecim
[2.857s] Installing simspeed script to /home/babangida/ros_ws/install/onecim/lib/onecim
[2.857s] Installing snfiscim script to /home/babangida/ros_ws/install/onecim/lib/onecim
[2.857s] Installing veh script to /home/babangida/ros_ws/install/onecim/lib/onecim
[2.857s] Installing wypts script to /home/babangida/ros_ws/install/onecim/lib/onecim
[2.857s] writing list of installed files to '/home/babangida/ros_ws/build/onecim/install.log'
[2.888s] Invoked command in '/home/babangida/ros_ws/src/onecim' returned '0': PYTHONPATH=/home/babangida/ros_ws/build/onecim/prefix_override:/home/babangida/ros_ws/install/onecim/lib/python3.8/site-packages:/home/babangida/ros_ws/install/trafficrecord/lib/python3.8/site-packages:/home/babangida/ros_ws/install/dsrcmsg/lib/python3.8/site-packages:/home/babangida/ros_ws/install/onecim/lib/python3.8/site-packages:/home/babangida/ros_ws/install/cim/lib/python3.8/site-packages:/home/babangida/ros_ws/build/reactivemethods:/home/babangida/ros_ws/install/reactivemethods/lib/python3.8/site-packages:/opt/ros/foxy/lib/python3.8/site-packages /usr/bin/python3 setup.py egg_info --egg-base ../../build/onecim build --build-base /home/babangida/ros_ws/build/onecim/build install --record /home/babangida/ros_ws/build/onecim/install.log --install-scripts $base/lib/onecim --single-version-externally-managed
